12-26 11:46:13.761 24808 25555 E innerRecognize: recognizeByFilter8
12-26 11:46:13.761 24808 25555 E recognize: 912ms   /storage/emulated/0/shifang/ai_dish/image/20231226/6de318fb-6d2e-40b1-a176-d078603c645a.jpg  
12-26 11:46:13.886 24808 24808 E resultDishCount: 8 个菜品
12-26 11:46:15.554 24808 25556 E innerRecognize: recognizeByFilter8
12-26 11:46:15.554 24808 25556 E recognize: 1027ms   /storage/emulated/0/shifang/ai_dish/image/20231226/5a896af5-db48-4a23-a2db-23e1b1c6de52.jpg  
12-26 11:46:15.663 24808 24808 E resultDishCount: 8 个菜品
12-26 11:46:17.254 24808 25577 E innerRecognize: recognizeByFilter8
12-26 11:46:17.254 24808 25577 E recognize: 954ms   /storage/emulated/0/shifang/ai_dish/image/20231226/a75b0160-4614-44a1-abf1-89279aaf483d.jpg  
12-26 11:46:17.405 24808 24808 E resultDishCount: 8 个菜品
12-26 11:46:19.013 24808 25588 E innerRecognize: recognizeByFilter8
12-26 11:46:19.013 24808 25588 E recognize: 950ms   /storage/emulated/0/shifang/ai_dish/image/20231226/e64eba76-a1cc-4736-b256-0c5a72d19e02.jpg  
12-26 11:46:19.128 24808 24808 E resultDishCount: 8 个菜品
12-26 11:46:20.730 24808 25598 E innerRecognize: recognizeByFilter8
12-26 11:46:20.730 24808 25598 E recognize: 953ms   /storage/emulated/0/shifang/ai_dish/image/20231226/67e7b26d-2c4e-4ac9-b11b-941134817e11.jpg  
12-26 11:46:20.837 24808 24808 E resultDishCount: 8 个菜品
12-26 11:46:22.428 24808 25609 E innerRecognize: recognizeByFilter8
12-26 11:46:22.428 24808 25609 E recognize: 941ms   /storage/emulated/0/shifang/ai_dish/image/20231226/64ceafe4-b19f-4c94-87f7-1d11f4050c4a.jpg  
12-26 11:46:22.557 24808 24808 E resultDishCount: 8 个菜品
12-26 11:46:24.188 24808 25620 E innerRecognize: recognizeByFilter8
12-26 11:46:24.188 24808 25620 E recognize: 978ms   /storage/emulated/0/shifang/ai_dish/image/20231226/139a9173-4429-4566-88d6-0a015ab231ce.jpg  
12-26 11:46:24.318 24808 24808 E resultDishCount: 8 个菜品
12-26 11:46:25.960 24808 25631 E innerRecognize: recognizeByFilter8
12-26 11:46:25.960 24808 25631 E recognize: 983ms   /storage/emulated/0/shifang/ai_dish/image/20231226/438e3674-33da-4118-aa59-fb2f79a3e43a.jpg  
12-26 11:46:26.080 24808 24808 E resultDishCount: 8 个菜品
12-26 11:46:27.721 24808 25642 E innerRecognize: recognizeByFilter8
12-26 11:46:27.721 24808 25642 E recognize: 983ms   /storage/emulated/0/shifang/ai_dish/image/20231226/37f67ec5-0d29-4c86-b33e-b8b2a5c14272.jpg  
12-26 11:46:27.835 24808 24808 E resultDishCount: 8 个菜品
12-26 11:46:29.426 24808 25653 E innerRecognize: recognizeByFilter8
12-26 11:46:29.426 24808 25653 E recognize: 940ms   /storage/emulated/0/shifang/ai_dish/image/20231226/0906a298-2d26-41c2-98a0-5a3c9369abe2.jpg  
12-26 11:46:29.559 24808 24808 E resultDishCount: 8 个菜品
12-26 11:46:31.187 24808 25664 E innerRecognize: recognizeByFilter8
12-26 11:46:31.187 24808 25664 E recognize: 955ms   /storage/emulated/0/shifang/ai_dish/image/20231226/d4f3ba24-c588-4e59-b8de-866389aa109f.jpg  
12-26 11:46:31.282 24808 24808 E resultDishCount: 8 个菜品
12-26 11:46:32.851 24808 25674 E innerRecognize: recognizeByFilter8
12-26 11:46:32.851 24808 25674 E recognize: 925ms   /storage/emulated/0/shifang/ai_dish/image/20231226/cde6899f-55da-4a04-a6cd-4df5a5d0f1c5.jpg  
12-26 11:46:32.988 24808 24808 E resultDishCount: 8 个菜品
12-26 11:46:34.615 24808 25685 E innerRecognize: recognizeByFilter8
12-26 11:46:34.615 24808 25685 E recognize: 989ms   /storage/emulated/0/shifang/ai_dish/image/20231226/79051474-adbb-4c86-89d4-44611396712e.jpg  
12-26 11:46:34.747 24808 24808 E resultDishCount: 8 个菜品
12-26 11:46:36.381 24808 25696 E innerRecognize: recognizeByFilter8
12-26 11:46:36.381 24808 25696 E recognize: 992ms   /storage/emulated/0/shifang/ai_dish/image/20231226/8366d140-674b-43c0-a6fc-606856fabe82.jpg  
12-26 11:46:36.489 24808 24808 E resultDishCount: 8 个菜品
12-26 11:46:38.102 24808 25708 E innerRecognize: recognizeByFilter8
12-26 11:46:38.102 24808 25708 E recognize: 982ms   /storage/emulated/0/shifang/ai_dish/image/20231226/8cb8cc89-eb35-4035-9b51-bde991f608b7.jpg  
12-26 11:46:38.194 24808 24808 E resultDishCount: 8 个菜品
12-26 11:46:39.778 24808 25720 E innerRecognize: recognizeByFilter8
12-26 11:46:39.778 24808 25720 E recognize: 947ms   /storage/emulated/0/shifang/ai_dish/image/20231226/13d398e7-c527-46d9-bc31-6ee43bcaf361.jpg  
12-26 11:46:39.882 24808 24808 E resultDishCount: 8 个菜品
12-26 11:46:41.510 24808 25359 E innerRecognize: recognizeByFilter8
12-26 11:46:41.510 24808 25359 E recognize: 984ms   /storage/emulated/0/shifang/ai_dish/image/20231226/51e017fb-fd04-49f9-b5ca-91c41c091b1c.jpg  
12-26 11:46:41.623 24808 24808 E resultDishCount: 8 个菜品
12-26 11:46:43.239 24808 25555 E innerRecognize: recognizeByFilter8
12-26 11:46:43.239 24808 25555 E recognize: 958ms   /storage/emulated/0/shifang/ai_dish/image/20231226/6d505649-1c69-4a8f-9242-8adf6e416572.jpg  
12-26 11:46:43.347 24808 24808 E resultDishCount: 8 个菜品
12-26 11:46:44.429 24808 25300 E registerBgr24: 1 
12-26 11:46:44.429 24808 25300 E FaceServer__: registerBgr24:  ErrorInfo.MOK
12-26 11:46:44.429 24808 25300 E SyncFacePresenter__addFaceLocal_register  fail: 吴彦祖  1
12-26 11:46:44.471 24808 25300 E registerBgr24: 2 
12-26 11:46:44.471 24808 25300 E FaceServer__: registerBgr24:  ErrorInfo.MOK
12-26 11:46:44.471 24808 25300 E SyncFacePresenter__addFaceLocal_register  fail: 郭富城  2
12-26 11:46:44.486 24808 25300 E registerBgr24: 3 
12-26 11:46:44.486 24808 25300 E FaceServer__: registerBgr24:  ErrorInfo.MOK
12-26 11:46:44.486 24808 25300 E SyncFacePresenter__addFaceLocal_register  fail: 谢霆锋  3
12-26 11:46:44.501 24808 25300 E registerBgr24: 4 
12-26 11:46:44.501 24808 25300 E FaceServer__: registerBgr24:  ErrorInfo.MOK
12-26 11:46:44.501 24808 25300 E SyncFacePresenter__addFaceLocal_register  fail: 摩卡  4
12-26 11:46:44.525 24808 25300 E registerBgr24: 5 
12-26 11:46:44.528 24808 25300 E FaceServer__: registerBgr24:  ErrorInfo.MOK
12-26 11:46:44.528 24808 25300 E SyncFacePresenter__addFaceLocal_register  fail: 李连杰  5
12-26 11:46:45.045 24808 25556 E innerRecognize: recognizeByFilter8
12-26 11:46:45.045 24808 25556 E recognize: 1048ms   /storage/emulated/0/shifang/ai_dish/image/20231226/224e55eb-3e21-4112-b1ae-75bd84f09f85.jpg  
12-26 11:46:45.142 24808 24808 E resultDishCount: 8 个菜品
12-26 11:46:46.732 24808 25577 E innerRecognize: recognizeByFilter8
12-26 11:46:46.732 24808 25577 E recognize: 951ms   /storage/emulated/0/shifang/ai_dish/image/20231226/0505413e-6b3b-4348-a5fb-e2f0a2261fce.jpg  
12-26 11:46:46.866 24808 24808 E resultDishCount: 8 个菜品
12-26 11:46:48.426 24808 25588 E innerRecognize: recognizeByFilter8
12-26 11:46:48.426 24808 25588 E recognize: 927ms   /storage/emulated/0/shifang/ai_dish/image/20231226/f49cdddb-c980-45a1-bc1c-41adada20c9d.jpg  
12-26 11:46:48.571 24808 24808 E resultDishCount: 8 个菜品
12-26 11:46:50.231 24808 25598 E innerRecognize: recognizeByFilter8
12-26 11:46:50.231 24808 25598 E recognize: 1003ms   /storage/emulated/0/shifang/ai_dish/image/20231226/7557a4f4-c532-473f-8c94-e9b3a904d844.jpg  
12-26 11:46:50.348 24808 24808 E resultDishCount: 8 个菜品
12-26 11:46:51.910 24808 25609 E innerRecognize: recognizeByFilter8
12-26 11:46:51.910 24808 25609 E recognize: 925ms   /storage/emulated/0/shifang/ai_dish/image/20231226/ee97cb0c-8103-46ea-96b5-98cc34e17b1c.jpg  
12-26 11:46:52.019 24808 24808 E resultDishCount: 8 个菜品
12-26 11:46:53.566 24808 25620 E innerRecognize: recognizeByFilter8
12-26 11:46:53.566 24808 25620 E recognize: 887ms   /storage/emulated/0/shifang/ai_dish/image/20231226/61b3f530-1f62-4278-baee-a83337b04abc.jpg  
12-26 11:46:53.692 24808 24808 E resultDishCount: 8 个菜品
12-26 11:46:55.325 24808 25631 E innerRecognize: recognizeByFilter8
12-26 11:46:55.325 24808 25631 E recognize: 935ms   /storage/emulated/0/shifang/ai_dish/image/20231226/bad8d38b-70ee-4dfb-8c93-36fd54fc3b16.jpg  
12-26 11:46:55.412 24808 24808 E resultDishCount: 8 个菜品
12-26 11:46:57.090 24808 25642 E innerRecognize: recognizeByFilter8
12-26 11:46:57.090 24808 25642 E recognize: 1006ms   /storage/emulated/0/shifang/ai_dish/image/20231226/0676753f-15b4-4f39-93cf-ff6732ad31ec.jpg  
12-26 11:46:57.224 24808 24808 E resultDishCount: 8 个菜品
12-26 11:46:59.784 24808 25653 E innerRecognize: recognizeByFilter8
12-26 11:46:59.784 24808 25653 E recognize: 1931ms   /storage/emulated/0/shifang/ai_dish/image/20231226/61a37d77-3a35-4f2b-b971-e02e6b14bc17.jpg  
12-26 11:47:02.777 24808 24808 E resultDishCount: 8 个菜品
12-26 11:47:03.837 24808 25664 E innerRecognize: recognizeByFilter8
12-26 11:47:03.837 24808 25664 E recognize: 1062ms   /storage/emulated/0/shifang/ai_dish/image/20231226/6cc7c635-014c-4f08-916a-927acb039c5f.jpg  
12-26 11:47:04.092 24808 24808 E resultDishCount: 8 个菜品
12-26 11:47:04.993 24808 25674 E innerRecognize: recognizeByFilter8
12-26 11:47:04.993 24808 25674 E recognize: 906ms   /storage/emulated/0/shifang/ai_dish/image/20231226/14be68bd-ef63-4c49-adc0-1d6677ebbd29.jpg  
12-26 11:47:05.142 24808 24808 E resultDishCount: 8 个菜品
12-26 11:47:06.119 24808 25685 E innerRecognize: recognizeByFilter8
12-26 11:47:06.119 24808 25685 E recognize: 987ms   /storage/emulated/0/shifang/ai_dish/image/20231226/d88c0f49-53ed-4aea-a269-5b662690057b.jpg  
12-26 11:47:06.219 24808 24808 E resultDishCount: 8 个菜品
12-26 11:47:07.174 24808 25696 E innerRecognize: recognizeByFilter8
12-26 11:47:07.174 24808 25696 E recognize: 963ms   /storage/emulated/0/shifang/ai_dish/image/20231226/63094f56-f3dd-4ca3-8396-9c7af94bf07d.jpg  
12-26 11:47:07.296 24808 24808 E resultDishCount: 8 个菜品
12-26 11:47:08.214 24808 25708 E innerRecognize: recognizeByFilter8
12-26 11:47:08.214 24808 25708 E recognize: 920ms   /storage/emulated/0/shifang/ai_dish/image/20231226/f5eaf139-da44-4d5a-b42d-986b5a9e4e6c.jpg  
12-26 11:47:08.323 24808 24808 E resultDishCount: 8 个菜品
12-26 11:47:09.993 24808 25720 E innerRecognize: recognizeByFilter8
12-26 11:47:09.993 24808 25720 E recognize: 1001ms   /storage/emulated/0/shifang/ai_dish/image/20231226/f73c43a3-7889-4186-9e2f-dda7e33e08f6.jpg  
12-26 11:47:10.097 24808 24808 E resultDishCount: 8 个菜品
12-26 11:47:11.729 24808 25359 E innerRecognize: recognizeByFilter8
12-26 11:47:11.729 24808 25359 E recognize: 990ms   /storage/emulated/0/shifang/ai_dish/image/20231226/1fcfe327-f6ad-4571-83b5-f848447e1ea2.jpg  
12-26 11:47:11.820 24808 24808 E resultDishCount: 8 个菜品
12-26 11:47:13.476 24808 25555 E innerRecognize: recognizeByFilter8
12-26 11:47:13.476 24808 25555 E recognize: 989ms   /storage/emulated/0/shifang/ai_dish/image/20231226/587b740f-d372-4df3-9109-874615f6d417.jpg  
12-26 11:47:13.598 24808 24808 E resultDishCount: 8 个菜品
12-26 11:47:15.186 24808 25556 E innerRecognize: recognizeByFilter8
12-26 11:47:15.186 24808 25556 E recognize: 942ms   /storage/emulated/0/shifang/ai_dish/image/20231226/3398a40e-69fa-4094-8541-16071c8c0c12.jpg  
12-26 11:47:15.286 24808 24808 E resultDishCount: 8 个菜品
12-26 11:47:16.894 24808 25577 E innerRecognize: recognizeByFilter8
12-26 11:47:16.894 24808 25577 E recognize: 967ms   /storage/emulated/0/shifang/ai_dish/image/20231226/9af435fe-b43f-49a2-acfc-fd3ab66fe3d8.jpg  
12-26 11:47:17.009 24808 24808 E resultDishCount: 8 个菜品
12-26 11:47:18.635 24808 25588 E innerRecognize: recognizeByFilter8
12-26 11:47:18.635 24808 25588 E recognize: 970ms   /storage/emulated/0/shifang/ai_dish/image/20231226/76ba46e5-7a8d-4741-ab8e-2ba890d3a94f.jpg  
12-26 11:47:18.733 24808 24808 E resultDishCount: 8 个菜品
12-26 11:47:20.353 24808 25598 E innerRecognize: recognizeByFilter8
12-26 11:47:20.353 24808 25598 E recognize: 956ms   /storage/emulated/0/shifang/ai_dish/image/20231226/2f71f5a2-67b3-4619-b473-c1cbc9254d7c.jpg  
12-26 11:47:20.420 24808 24808 E resultDishCount: 8 个菜品
12-26 11:47:22.006 24808 25609 E innerRecognize: recognizeByFilter8
12-26 11:47:22.006 24808 25609 E recognize: 946ms   /storage/emulated/0/shifang/ai_dish/image/20231226/62cad737-84ff-41bf-9dbd-df2f6ffcdc91.jpg  
12-26 11:47:22.125 24808 24808 E resultDishCount: 8 个菜品
12-26 11:47:23.776 24808 25620 E innerRecognize: recognizeByFilter8
12-26 11:47:23.776 24808 25620 E recognize: 994ms   /storage/emulated/0/shifang/ai_dish/image/20231226/36bde855-938a-4888-b9b6-399002be5b16.jpg  
12-26 11:47:23.903 24808 24808 E resultDishCount: 8 个菜品
12-26 11:47:25.481 24808 25631 E innerRecognize: recognizeByFilter8
12-26 11:47:25.481 24808 25631 E recognize: 929ms   /storage/emulated/0/shifang/ai_dish/image/20231226/fe3716ad-0541-4746-a6be-5b998402c0d4.jpg  
12-26 11:47:25.573 24808 24808 E resultDishCount: 8 个菜品
12-26 11:47:27.201 24808 25642 E innerRecognize: recognizeByFilter8
12-26 11:47:27.201 24808 25642 E recognize: 993ms   /storage/emulated/0/shifang/ai_dish/image/20231226/070e6553-ade7-4ece-9196-e4e6928b639d.jpg  
12-26 11:47:27.296 24808 24808 E resultDishCount: 8 个菜品
12-26 11:47:28.889 24808 25653 E innerRecognize: recognizeByFilter8
12-26 11:47:28.889 24808 25653 E recognize: 943ms   /storage/emulated/0/shifang/ai_dish/image/20231226/4c6c5633-f281-4ff9-8a52-28bfe573cd46.jpg  
12-26 11:47:28.984 24808 24808 E resultDishCount: 8 个菜品
12-26 11:47:30.616 24808 25664 E innerRecognize: recognizeByFilter8
12-26 11:47:30.616 24808 25664 E recognize: 995ms   /storage/emulated/0/shifang/ai_dish/image/20231226/c66a93d6-73dd-4d5c-9ba1-078efbe0db36.jpg  
12-26 11:47:30.707 24808 24808 E resultDishCount: 8 个菜品
12-26 11:47:32.361 24808 25674 E innerRecognize: recognizeByFilter8
12-26 11:47:32.361 24808 25674 E recognize: 1000ms   /storage/emulated/0/shifang/ai_dish/image/20231226/e82c0c75-1b1c-4528-b620-e4a8cd4b3710.jpg  
12-26 11:47:32.467 24808 24808 E resultDishCount: 8 个菜品
12-26 11:47:34.079 24808 25685 E innerRecognize: recognizeByFilter8
12-26 11:47:34.079 24808 25685 E recognize: 962ms   /storage/emulated/0/shifang/ai_dish/image/20231226/3090acd5-167b-4306-a185-072de4e9e2db.jpg  
12-26 11:47:34.208 24808 24808 E resultDishCount: 8 个菜品
12-26 11:47:35.847 24808 25696 E innerRecognize: recognizeByFilter8
12-26 11:47:35.848 24808 25696 E recognize: 1000ms   /storage/emulated/0/shifang/ai_dish/image/20231226/05924af7-04a4-4ec5-99db-0ac413227bd1.jpg  
12-26 11:47:35.968 24808 24808 E resultDishCount: 8 个菜品
12-26 11:47:37.550 24808 25708 E innerRecognize: recognizeByFilter8
12-26 11:47:37.550 24808 25708 E recognize: 934ms   /storage/emulated/0/shifang/ai_dish/image/20231226/036b181d-b9ae-4ec9-adba-7b6632fa28ac.jpg  
12-26 11:47:37.673 24808 24808 E resultDishCount: 8 个菜品
12-26 11:47:39.274 24808 25720 E innerRecognize: recognizeByFilter8
12-26 11:47:39.274 24808 25720 E recognize: 948ms   /storage/emulated/0/shifang/ai_dish/image/20231226/e8de88dd-c47c-44ef-b53c-8ebe61642ab8.jpg  
12-26 11:47:39.398 24808 24808 E resultDishCount: 8 个菜品
12-26 11:47:40.946 24808 25359 E innerRecognize: recognizeByFilter8
12-26 11:47:40.946 24808 25359 E recognize: 887ms   /storage/emulated/0/shifang/ai_dish/image/20231226/f01b4fc2-e7b6-4079-8429-65f6e9a555de.jpg  
12-26 11:47:41.067 24808 24808 E resultDishCount: 8 个菜品
12-26 11:47:42.726 24808 25555 E innerRecognize: recognizeByFilter8
12-26 11:47:42.726 24808 25555 E recognize: 999ms   /storage/emulated/0/shifang/ai_dish/image/20231226/4e62088a-e682-4faf-82f8-c528f7f447c8.jpg  
12-26 11:47:42.831 24808 24808 E resultDishCount: 8 个菜品
12-26 11:47:44.520 24808 25556 E innerRecognize: recognizeByFilter8
12-26 11:47:44.520 24808 25556 E recognize: 1037ms   /storage/emulated/0/shifang/ai_dish/image/20231226/18fcc53d-4983-424e-8320-0a1053c1e34d.jpg  
12-26 11:47:44.557 24808 25300 E registerBgr24: 1 
12-26 11:47:44.557 24808 25300 E FaceServer__: registerBgr24:  ErrorInfo.MOK
12-26 11:47:44.557 24808 25300 E SyncFacePresenter__addFaceLocal_register  fail: 吴彦祖  1
12-26 11:47:44.592 24808 25300 E registerBgr24: 2 
12-26 11:47:44.592 24808 25300 E FaceServer__: registerBgr24:  ErrorInfo.MOK
12-26 11:47:44.592 24808 25300 E SyncFacePresenter__addFaceLocal_register  fail: 郭富城  2
12-26 11:47:44.606 24808 25300 E registerBgr24: 3 
12-26 11:47:44.606 24808 25300 E FaceServer__: registerBgr24:  ErrorInfo.MOK
12-26 11:47:44.606 24808 25300 E SyncFacePresenter__addFaceLocal_register  fail: 谢霆锋  3
12-26 11:47:44.621 24808 25300 E registerBgr24: 4 
12-26 11:47:44.621 24808 25300 E FaceServer__: registerBgr24:  ErrorInfo.MOK
12-26 11:47:44.621 24808 25300 E SyncFacePresenter__addFaceLocal_register  fail: 摩卡  4
12-26 11:47:44.639 24808 24808 E resultDishCount: 8 个菜品
12-26 11:47:44.648 24808 25300 E registerBgr24: 5 
12-26 11:47:44.648 24808 25300 E FaceServer__: registerBgr24:  ErrorInfo.MOK
12-26 11:47:44.648 24808 25300 E SyncFacePresenter__addFaceLocal_register  fail: 李连杰  5
12-26 11:47:46.279 24808 25577 E innerRecognize: recognizeByFilter8
12-26 11:47:46.279 24808 25577 E recognize: 1005ms   /storage/emulated/0/shifang/ai_dish/image/20231226/8fec3d03-b1aa-4586-a975-571db13fc2e9.jpg  
12-26 11:47:46.380 24808 24808 E resultDishCount: 8 个菜品
12-26 11:47:48.028 24808 25588 E innerRecognize: recognizeByFilter8
12-26 11:47:48.028 24808 25588 E recognize: 995ms   /storage/emulated/0/shifang/ai_dish/image/20231226/bd6ba7e5-d397-4a65-b91c-26952fbad793.jpg  
12-26 11:47:48.125 24808 24808 E resultDishCount: 8 个菜品
12-26 11:47:49.773 24808 25598 E innerRecognize: recognizeByFilter8
12-26 11:47:49.773 24808 25598 E recognize: 987ms   /storage/emulated/0/shifang/ai_dish/image/20231226/5d03262b-1aa4-4824-bea6-8a8f2a735f4c.jpg  
12-26 11:47:49.899 24808 24808 E resultDishCount: 8 个菜品
12-26 11:47:51.534 24808 25609 E innerRecognize: recognizeByFilter8
12-26 11:47:51.534 24808 25609 E recognize: 981ms   /storage/emulated/0/shifang/ai_dish/image/20231226/c0c87936-6244-41c5-be67-26092e31bb69.jpg  
12-26 11:47:51.641 24808 24808 E resultDishCount: 8 个菜品
12-26 11:47:53.285 24808 25620 E innerRecognize: recognizeByFilter8
12-26 11:47:53.285 24808 25620 E recognize: 1012ms   /storage/emulated/0/shifang/ai_dish/image/20231226/476da034-fb73-4bf0-8bef-5edf5088906f.jpg  
12-26 11:47:53.400 24808 24808 E resultDishCount: 8 个菜品
12-26 11:47:55.023 24808 25631 E innerRecognize: recognizeByFilter8
12-26 11:47:55.023 24808 25631 E recognize: 970ms   /storage/emulated/0/shifang/ai_dish/image/20231226/2669afde-38ef-4e49-8542-744dd4fbff13.jpg  
12-26 11:47:55.107 24808 24808 E resultDishCount: 8 个菜品
12-26 11:47:56.694 24808 25642 E innerRecognize: recognizeByFilter8
12-26 11:47:56.694 24808 25642 E recognize: 923ms   /storage/emulated/0/shifang/ai_dish/image/20231226/39c122ab-2946-48d5-a98c-4dca105c50b1.jpg  
12-26 11:47:56.812 24808 24808 E resultDishCount: 8 个菜品
12-26 11:47:58.352 24808 25653 E innerRecognize: recognizeByFilter8
12-26 11:47:58.352 24808 25653 E recognize: 892ms   /storage/emulated/0/shifang/ai_dish/image/20231226/893cb5b7-8186-42df-ba50-9871414dbd34.jpg  
12-26 11:47:58.463 24808 24808 E resultDishCount: 8 个菜品
12-26 11:48:00.072 24808 25664 E innerRecognize: recognizeByFilter8
12-26 11:48:00.072 24808 25664 E recognize: 896ms   /storage/emulated/0/shifang/ai_dish/image/20231226/db1bd8ce-8127-4e8b-8688-bba9f7a40dd4.jpg  
12-26 11:48:00.186 24808 24808 E resultDishCount: 8 个菜品
12-26 11:48:01.845 24808 25674 E innerRecognize: recognizeByFilter8
12-26 11:48:01.845 24808 25674 E recognize: 980ms   /storage/emulated/0/shifang/ai_dish/image/20231226/d481f3ad-bd0b-4ccc-89f2-0552216a002a.jpg  
12-26 11:48:01.945 24808 24808 E resultDishCount: 8 个菜品
12-26 11:48:03.581 24808 25685 E innerRecognize: recognizeByFilter8
12-26 11:48:03.581 24808 25685 E recognize: 975ms   /storage/emulated/0/shifang/ai_dish/image/20231226/9ab49c77-3c20-4df7-b09f-ac11f90bd286.jpg  
12-26 11:48:03.687 24808 24808 E resultDishCount: 8 个菜品
12-26 11:48:06.330 24808 25696 E innerRecognize: recognizeByFilter8
12-26 11:48:06.330 24808 25696 E recognize: 2010ms   /storage/emulated/0/shifang/ai_dish/image/20231226/afde14fc-53d6-40a1-ad6c-7672d23a55dd.jpg  
12-26 11:48:10.172 24808 24808 E resultDishCount: 8 个菜品
12-26 11:48:11.200 24808 25708 E innerRecognize: recognizeByFilter8
12-26 11:48:11.200 24808 25708 E recognize: 1033ms   /storage/emulated/0/shifang/ai_dish/image/20231226/05dad5ce-7549-4070-8a34-0545f07926f0.jpg  
12-26 11:48:11.303 24808 24808 E resultDishCount: 8 个菜品
12-26 11:48:12.315 24808 25720 E innerRecognize: recognizeByFilter8
12-26 11:48:12.315 24808 25720 E recognize: 1008ms   /storage/emulated/0/shifang/ai_dish/image/20231226/45148011-bd89-4483-b7c7-b68058e91270.jpg  
12-26 11:48:12.412 24808 24808 E resultDishCount: 8 个菜品
12-26 11:48:13.418 24808 25359 E innerRecognize: recognizeByFilter8
12-26 11:48:13.418 24808 25359 E recognize: 996ms   /storage/emulated/0/shifang/ai_dish/image/20231226/9980cc11-01e0-42af-8212-7f4535be1764.jpg  
12-26 11:48:13.565 24808 24808 E resultDishCount: 8 个菜品
12-26 11:48:14.537 24808 25555 E innerRecognize: recognizeByFilter8
12-26 11:48:14.537 24808 25555 E recognize: 964ms   /storage/emulated/0/shifang/ai_dish/image/20231226/65902a8b-da3a-4296-b8d8-c7de05173c31.jpg  
12-26 11:48:14.660 24808 24808 E resultDishCount: 8 个菜品
12-26 11:48:15.637 24808 25556 E innerRecognize: recognizeByFilter8
12-26 11:48:15.637 24808 25556 E recognize: 968ms   /storage/emulated/0/shifang/ai_dish/image/20231226/f090762a-a20f-4c82-8a8d-2a9d127bbcc1.jpg  
12-26 11:48:15.752 24808 24808 E resultDishCount: 8 个菜品
12-26 11:48:16.723 24808 25577 E innerRecognize: recognizeByFilter8
12-26 11:48:16.723 24808 25577 E recognize: 977ms   /storage/emulated/0/shifang/ai_dish/image/20231226/f2aff9f5-bc94-4910-a88b-96958ee63279.jpg  
12-26 11:48:16.847 24808 24808 E resultDishCount: 8 个菜品
12-26 11:48:18.416 24808 25588 E innerRecognize: recognizeByFilter8
12-26 11:48:18.416 24808 25588 E recognize: 927ms   /storage/emulated/0/shifang/ai_dish/image/20231226/53acf93f-89b4-44fc-bd68-ea036e1fac82.jpg  
12-26 11:48:18.570 24808 24808 E resultDishCount: 8 个菜品
12-26 11:48:20.099 24808 25598 E innerRecognize: recognizeByFilter8
12-26 11:48:20.099 24808 25598 E recognize: 861ms   /storage/emulated/0/shifang/ai_dish/image/20231226/4d248e59-3103-440e-8a14-c89f58bf781e.jpg  
12-26 11:48:20.210 24808 24808 E resultDishCount: 8 个菜品
12-26 11:48:21.827 24808 25609 E innerRecognize: recognizeByFilter8
12-26 11:48:21.827 24808 25609 E recognize: 948ms   /storage/emulated/0/shifang/ai_dish/image/20231226/57860784-6b85-42f7-8bff-d3fcc488d376.jpg  
12-26 11:48:21.946 24808 24808 E resultDishCount: 8 个菜品
12-26 11:48:23.623 24808 25620 E innerRecognize: recognizeByFilter8
12-26 11:48:23.624 24808 25620 E recognize: 1024ms   /storage/emulated/0/shifang/ai_dish/image/20231226/660200fe-3cda-4afc-ae5d-64288d010d20.jpg  
12-26 11:48:23.745 24808 24808 E resultDishCount: 8 个菜品
12-26 11:48:25.337 24808 25631 E innerRecognize: recognizeByFilter8
12-26 11:48:25.337 24808 25631 E recognize: 939ms   /storage/emulated/0/shifang/ai_dish/image/20231226/742cd6a9-65dd-4627-a194-0f1c062a959f.jpg  
12-26 11:48:25.429 24808 24808 E resultDishCount: 8 个菜品
12-26 11:48:27.088 24808 25642 E innerRecognize: recognizeByFilter8
12-26 11:48:27.088 24808 25642 E recognize: 1020ms   /storage/emulated/0/shifang/ai_dish/image/20231226/86dd42d9-064d-4df1-aaba-8c9c5d591414.jpg  
12-26 11:48:27.224 24808 24808 E resultDishCount: 8 个菜品
12-26 11:48:28.892 24808 25653 E innerRecognize: recognizeByFilter8
12-26 11:48:28.892 24808 25653 E recognize: 1019ms   /storage/emulated/0/shifang/ai_dish/image/20231226/fd45d8ba-1b5d-48e7-aa52-c8890e4d5426.jpg  
12-26 11:48:29.019 24808 24808 E resultDishCount: 8 个菜品
12-26 11:48:30.648 24808 25664 E innerRecognize: recognizeByFilter8
12-26 11:48:30.648 24808 25664 E recognize: 971ms   /storage/emulated/0/shifang/ai_dish/image/20231226/3ffb2d17-82c7-4f72-b242-4f4ebe1b8c8d.jpg  
12-26 11:48:30.763 24808 24808 E resultDishCount: 8 个菜品
12-26 11:48:32.371 24808 25674 E innerRecognize: recognizeByFilter8
12-26 11:48:32.371 24808 25674 E recognize: 945ms   /storage/emulated/0/shifang/ai_dish/image/20231226/18fc3359-aa08-4533-93b7-0e9d3137a9ca.jpg  
12-26 11:48:32.484 24808 24808 E resultDishCount: 8 个菜品
12-26 11:48:34.090 24808 25685 E innerRecognize: recognizeByFilter8
12-26 11:48:34.090 24808 25685 E recognize: 950ms   /storage/emulated/0/shifang/ai_dish/image/20231226/dd32aa9e-bdd1-4749-84c4-587f40831f68.jpg  
12-26 11:48:34.207 24808 24808 E resultDishCount: 8 个菜品
12-26 11:48:35.809 24808 25696 E innerRecognize: recognizeByFilter8
12-26 11:48:35.809 24808 25696 E recognize: 960ms   /storage/emulated/0/shifang/ai_dish/image/20231226/1c04809a-7d4f-46bb-ab6b-2dd37427e934.jpg  
12-26 11:48:35.917 24808 24808 E resultDishCount: 8 个菜品
12-26 11:48:37.499 24808 25708 E innerRecognize: recognizeByFilter8
12-26 11:48:37.499 24808 25708 E recognize: 925ms   /storage/emulated/0/shifang/ai_dish/image/20231226/4393de4e-de08-43a4-a4b0-b45383eeb0b3.jpg  
12-26 11:48:37.601 24808 24808 E resultDishCount: 8 个菜品
12-26 11:48:39.202 24808 25720 E innerRecognize: recognizeByFilter8
12-26 11:48:39.202 24808 25720 E recognize: 927ms   /storage/emulated/0/shifang/ai_dish/image/20231226/7855d387-fea9-4dc8-8738-a4085e9c301b.jpg  
12-26 11:48:39.324 24808 24808 E resultDishCount: 8 个菜品
12-26 11:48:40.911 24808 25359 E innerRecognize: recognizeByFilter8
12-26 11:48:40.911 24808 25359 E recognize: 936ms   /storage/emulated/0/shifang/ai_dish/image/20231226/c295fa39-e852-415c-a65c-fd3cc7ef2287.jpg  
12-26 11:48:41.048 24808 24808 E resultDishCount: 8 个菜品
12-26 11:48:42.688 24808 25555 E innerRecognize: recognizeByFilter8
12-26 11:48:42.688 24808 25555 E recognize: 999ms   /storage/emulated/0/shifang/ai_dish/image/20231226/113f6691-dc95-4b9d-a9ec-88b0bc4d58a6.jpg  
12-26 11:48:42.792 24808 24808 E resultDishCount: 8 个菜品
12-26 11:48:44.402 24808 25556 E innerRecognize: recognizeByFilter8
12-26 11:48:44.402 24808 25556 E recognize: 964ms   /storage/emulated/0/shifang/ai_dish/image/20231226/c2a77e28-170e-4d50-8efb-6fb6573a78c5.jpg  
12-26 11:48:44.495 24808 24808 E resultDishCount: 8 个菜品
12-26 11:48:44.676 24808 25300 E registerBgr24: 1 
12-26 11:48:44.676 24808 25300 E FaceServer__: registerBgr24:  ErrorInfo.MOK
12-26 11:48:44.676 24808 25300 E SyncFacePresenter__addFaceLocal_register  fail: 吴彦祖  1
12-26 11:48:44.709 24808 25300 E registerBgr24: 2 
12-26 11:48:44.709 24808 25300 E FaceServer__: registerBgr24:  ErrorInfo.MOK
12-26 11:48:44.709 24808 25300 E SyncFacePresenter__addFaceLocal_register  fail: 郭富城  2
12-26 11:48:44.725 24808 25300 E registerBgr24: 3 
12-26 11:48:44.725 24808 25300 E FaceServer__: registerBgr24:  ErrorInfo.MOK
12-26 11:48:44.725 24808 25300 E SyncFacePresenter__addFaceLocal_register  fail: 谢霆锋  3
12-26 11:48:44.739 24808 25300 E registerBgr24: 4 
12-26 11:48:44.739 24808 25300 E FaceServer__: registerBgr24:  ErrorInfo.MOK
12-26 11:48:44.739 24808 25300 E SyncFacePresenter__addFaceLocal_register  fail: 摩卡  4
12-26 11:48:44.764 24808 25300 E registerBgr24: 5 
12-26 11:48:44.764 24808 25300 E FaceServer__: registerBgr24:  ErrorInfo.MOK
12-26 11:48:44.764 24808 25300 E SyncFacePresenter__addFaceLocal_register  fail: 李连杰  5
12-26 11:48:46.140 24808 25577 E innerRecognize: recognizeByFilter8
12-26 11:48:46.140 24808 25577 E recognize: 971ms   /storage/emulated/0/shifang/ai_dish/image/20231226/db172824-9caa-42a1-b7a8-d6e375ac8d7b.jpg  
12-26 11:48:46.290 24808 24808 E resultDishCount: 8 个菜品
12-26 11:48:47.815 24808 25588 E innerRecognize: recognizeByFilter8
12-26 11:48:47.815 24808 25588 E recognize: 886ms   /storage/emulated/0/shifang/ai_dish/image/20231226/98b77f56-7462-46c2-947e-2c2974d60ab9.jpg  
12-26 11:48:47.960 24808 24808 E resultDishCount: 8 个菜品
12-26 11:48:49.546 24808 25598 E innerRecognize: recognizeByFilter8
12-26 11:48:49.546 24808 25598 E recognize: 949ms   /storage/emulated/0/shifang/ai_dish/image/20231226/6338d7a5-aeff-4de5-94f1-0be9bad0bfba.jpg  
12-26 11:48:49.701 24808 24808 E resultDishCount: 8 个菜品
12-26 11:48:51.294 24808 25609 E innerRecognize: recognizeByFilter8
12-26 11:48:51.294 24808 25609 E recognize: 931ms   /storage/emulated/0/shifang/ai_dish/image/20231226/8e307eb4-532f-4f94-84b7-df084d024eea.jpg  
12-26 11:48:51.445 24808 24808 E resultDishCount: 8 个菜品
12-26 11:48:53.049 24808 25620 E innerRecognize: recognizeByFilter8
12-26 11:48:53.049 24808 25620 E recognize: 931ms   /storage/emulated/0/shifang/ai_dish/image/20231226/fd91d90b-29de-4111-8588-cb775261ebd1.jpg  
12-26 11:48:53.168 24808 24808 E resultDishCount: 8 个菜品
12-26 11:48:54.709 24808 25631 E innerRecognize: recognizeByFilter8
12-26 11:48:54.709 24808 25631 E recognize: 882ms   /storage/emulated/0/shifang/ai_dish/image/20231226/6d0f8686-823e-423e-a4fe-ac1007586648.jpg  
12-26 11:48:54.818 24808 24808 E resultDishCount: 8 个菜品
12-26 11:48:56.533 24808 25642 E innerRecognize: recognizeByFilter8
12-26 11:48:56.533 24808 25642 E recognize: 998ms   /storage/emulated/0/shifang/ai_dish/image/20231226/6b1e3029-ef77-4f1a-80e4-a464dc06a9dd.jpg  
12-26 11:48:56.649 24808 24808 E resultDishCount: 8 个菜品
12-26 11:48:58.235 24808 25653 E innerRecognize: recognizeByFilter8
12-26 11:48:58.235 24808 25653 E recognize: 946ms   /storage/emulated/0/shifang/ai_dish/image/20231226/c0bee033-8cb0-4455-8ab1-9d647cbbd793.jpg  
12-26 11:48:58.337 24808 24808 E resultDishCount: 8 个菜品
12-26 11:49:00.015 24808 25664 E innerRecognize: recognizeByFilter8
12-26 11:49:00.015 24808 25664 E recognize: 1000ms   /storage/emulated/0/shifang/ai_dish/image/20231226/737cc4e8-c630-4839-b79f-21436b5bd6f1.jpg  
12-26 11:49:00.132 24808 24808 E resultDishCount: 8 个菜品
12-26 11:49:01.780 24808 25674 E innerRecognize: recognizeByFilter8
12-26 11:49:01.780 24808 25674 E recognize: 990ms   /storage/emulated/0/shifang/ai_dish/image/20231226/532df28d-3b3f-4e74-8139-56cfd6f610c6.jpg  
12-26 11:49:01.891 24808 24808 E resultDishCount: 8 个菜品
12-26 11:49:03.525 24808 25685 E innerRecognize: recognizeByFilter8
12-26 11:49:03.525 24808 25685 E recognize: 992ms   /storage/emulated/0/shifang/ai_dish/image/20231226/cba191e0-4ef4-44aa-94d2-899601a0f5b3.jpg  
12-26 11:49:03.633 24808 24808 E resultDishCount: 8 个菜品
12-26 11:49:05.227 24808 25696 E innerRecognize: recognizeByFilter8
12-26 11:49:05.227 24808 25696 E recognize: 953ms   /storage/emulated/0/shifang/ai_dish/image/20231226/4bb4ef08-9a96-4eb0-9e10-7a98db5facbc.jpg  
12-26 11:49:05.359 24808 24808 E resultDishCount: 8 个菜品
12-26 11:49:06.998 24808 25708 E innerRecognize: recognizeByFilter8
12-26 11:49:06.998 24808 25708 E recognize: 963ms   /storage/emulated/0/shifang/ai_dish/image/20231226/9a149f74-f175-4ef4-bd3d-1851f554aecd.jpg  
12-26 11:49:07.099 24808 24808 E resultDishCount: 8 个菜品
12-26 11:49:08.676 24808 25720 E innerRecognize: recognizeByFilter8
12-26 11:49:08.676 24808 25720 E recognize: 903ms   /storage/emulated/0/shifang/ai_dish/image/20231226/a27c3fff-71f5-4135-9807-0b0f81c1bdaa.jpg  
12-26 11:49:08.821 24808 24808 E resultDishCount: 8 个菜品
12-26 11:49:10.366 24808 25359 E innerRecognize: recognizeByFilter8
12-26 11:49:10.366 24808 25359 E recognize: 897ms   /storage/emulated/0/shifang/ai_dish/image/20231226/7c01bfd1-fc4f-488a-99cb-272dc8595d35.jpg  
12-26 11:49:10.455 24808 24808 E resultDishCount: 8 个菜品
12-26 11:49:13.135 24808 25555 E innerRecognize: recognizeByFilter8
12-26 11:49:13.135 24808 25555 E recognize: 2029ms   /storage/emulated/0/shifang/ai_dish/image/20231226/d591a6db-c345-48f7-a7ff-2fcab991f8cf.jpg  
12-26 11:49:17.723 24808 24808 E resultDishCount: 8 个菜品
12-26 11:49:18.682 24808 25556 E innerRecognize: recognizeByFilter8
12-26 11:49:18.682 24808 25556 E recognize: 962ms   /storage/emulated/0/shifang/ai_dish/image/20231226/f6edfc24-9318-464f-9731-b1ffc116c2a9.jpg  
12-26 11:49:18.803 24808 24808 E resultDishCount: 8 个菜品
12-26 11:49:19.766 24808 25577 E innerRecognize: recognizeByFilter8
12-26 11:49:19.766 24808 25577 E recognize: 965ms   /storage/emulated/0/shifang/ai_dish/image/20231226/d9bfd313-9c91-4ea3-a9ce-a21949d1da4d.jpg  
12-26 11:49:19.881 24808 24808 E resultDishCount: 8 个菜品
12-26 11:49:20.837 24808 25588 E innerRecognize: recognizeByFilter8
12-26 11:49:20.837 24808 25588 E recognize: 960ms   /storage/emulated/0/shifang/ai_dish/image/20231226/cdb1ee6d-86ab-4083-b9e9-97edec8cf233.jpg  
12-26 11:49:20.922 24808 24808 E resultDishCount: 8 个菜品
12-26 11:49:21.886 24808 25598 E innerRecognize: recognizeByFilter8
12-26 11:49:21.886 24808 25598 E recognize: 967ms   /storage/emulated/0/shifang/ai_dish/image/20231226/739e5563-ee67-45a6-878f-058db2d4916f.jpg  
12-26 11:49:21.967 24808 24808 E resultDishCount: 8 个菜品
12-26 11:49:22.939 24808 25609 E innerRecognize: recognizeByFilter8
12-26 11:49:22.939 24808 25609 E recognize: 968ms   /storage/emulated/0/shifang/ai_dish/image/20231226/d7e3097e-1269-47ba-85e6-3341856ba4d0.jpg  
12-26 11:49:23.048 24808 24808 E resultDishCount: 8 个菜品
12-26 11:49:23.959 24808 25620 E innerRecognize: recognizeByFilter8
12-26 11:49:23.959 24808 25620 E recognize: 912ms   /storage/emulated/0/shifang/ai_dish/image/20231226/c2d29ce1-8489-4dcb-aee7-b852cdf36746.jpg  
12-26 11:49:24.082 24808 24808 E resultDishCount: 8 个菜品
12-26 11:49:25.702 24808 25631 E innerRecognize: recognizeByFilter8
12-26 11:49:25.702 24808 25631 E recognize: 965ms   /storage/emulated/0/shifang/ai_dish/image/20231226/6dadb8fa-eadb-4e14-bccd-1d7c312f0a0f.jpg  
12-26 11:49:25.808 24808 24808 E resultDishCount: 8 个菜品
12-26 11:49:27.446 24808 25642 E innerRecognize: recognizeByFilter8
12-26 11:49:27.446 24808 25642 E recognize: 978ms   /storage/emulated/0/shifang/ai_dish/image/20231226/5a7db112-b29e-40f5-9b95-de0f92c4d440.jpg  
12-26 11:49:27.583 24808 24808 E resultDishCount: 8 个菜品
12-26 11:49:29.209 24808 25653 E innerRecognize: recognizeByFilter8
12-26 11:49:29.209 24808 25653 E recognize: 974ms   /storage/emulated/0/shifang/ai_dish/image/20231226/0e16e312-7e83-4c81-a148-a8384572b930.jpg  
12-26 11:49:29.324 24808 24808 E resultDishCount: 8 个菜品
12-26 11:49:30.926 24808 25664 E innerRecognize: recognizeByFilter8
12-26 11:49:30.926 24808 25664 E recognize: 945ms   /storage/emulated/0/shifang/ai_dish/image/20231226/71e999ba-e28b-4e0d-98ae-7c97c97f0696.jpg  
12-26 11:49:31.047 24808 24808 E resultDishCount: 8 个菜品
12-26 11:49:32.699 24808 25674 E innerRecognize: recognizeByFilter8
12-26 11:49:32.699 24808 25674 E recognize: 993ms   /storage/emulated/0/shifang/ai_dish/image/20231226/d03f931d-0b2a-4f63-b2d6-3f6beee8492b.jpg  
12-26 11:49:32.825 24808 24808 E resultDishCount: 8 个菜品
12-26 11:49:34.457 24808 25685 E innerRecognize: recognizeByFilter8
12-26 11:49:34.457 24808 25685 E recognize: 985ms   /storage/emulated/0/shifang/ai_dish/image/20231226/0bd28847-18aa-4f02-b67b-b0874c2e7f2c.jpg  
12-26 11:49:34.566 24808 24808 E resultDishCount: 8 个菜品
12-26 11:49:36.204 24808 25696 E innerRecognize: recognizeByFilter8
12-26 11:49:36.204 24808 25696 E recognize: 980ms   /storage/emulated/0/shifang/ai_dish/image/20231226/fa95ed77-525c-41e5-876c-0648ba1e35db.jpg  
12-26 11:49:36.325 24808 24808 E resultDishCount: 8 个菜品
12-26 11:49:37.978 24808 25708 E innerRecognize: recognizeByFilter8
12-26 11:49:37.978 24808 25708 E recognize: 1010ms   /storage/emulated/0/shifang/ai_dish/image/20231226/b7f5ea2e-d29a-4612-824a-2ce41cf69426.jpg  
12-26 11:49:38.103 24808 24808 E resultDishCount: 8 个菜品
12-26 11:49:39.696 24808 25720 E innerRecognize: recognizeByFilter8
12-26 11:49:39.696 24808 25720 E recognize: 951ms   /storage/emulated/0/shifang/ai_dish/image/20231226/ac62c955-2848-4812-a894-fa7556e28dc7.jpg  
12-26 11:49:39.790 24808 24808 E resultDishCount: 8 个菜品
12-26 11:49:41.422 24808 25359 E innerRecognize: recognizeByFilter8
12-26 11:49:41.422 24808 25359 E recognize: 983ms   /storage/emulated/0/shifang/ai_dish/image/20231226/3b7b04ae-b6c1-4617-90b4-06b9e6f9344f.jpg  
12-26 11:49:41.534 24808 24808 E resultDishCount: 8 个菜品
12-26 11:49:43.060 24808 25555 E innerRecognize: recognizeByFilter8
12-26 11:49:43.060 24808 25555 E recognize: 893ms   /storage/emulated/0/shifang/ai_dish/image/20231226/1493bc21-26ac-4db5-9ff3-7fa327d83093.jpg  
12-26 11:49:43.166 24808 24808 E resultDishCount: 8 个菜品
12-26 11:49:44.790 24808 25300 E registerBgr24: 1 
12-26 11:49:44.790 24808 25300 E FaceServer__: registerBgr24:  ErrorInfo.MOK
12-26 11:49:44.790 24808 25300 E SyncFacePresenter__addFaceLocal_register  fail: 吴彦祖  1
12-26 11:49:44.817 24808 25556 E innerRecognize: recognizeByFilter8
12-26 11:49:44.817 24808 25556 E recognize: 931ms   /storage/emulated/0/shifang/ai_dish/image/20231226/452c2517-9522-4c2a-b687-f75564333a29.jpg  
12-26 11:49:44.834 24808 25300 E registerBgr24: 2 
12-26 11:49:44.834 24808 25300 E FaceServer__: registerBgr24:  ErrorInfo.MOK
12-26 11:49:44.834 24808 25300 E SyncFacePresenter__addFaceLocal_register  fail: 郭富城  2
12-26 11:49:44.849 24808 25300 E registerBgr24: 3 
12-26 11:49:44.849 24808 25300 E FaceServer__: registerBgr24:  ErrorInfo.MOK
12-26 11:49:44.849 24808 25300 E SyncFacePresenter__addFaceLocal_register  fail: 谢霆锋  3
12-26 11:49:44.866 24808 25300 E registerBgr24: 4 
12-26 11:49:44.866 24808 25300 E FaceServer__: registerBgr24:  ErrorInfo.MOK
12-26 11:49:44.866 24808 25300 E SyncFacePresenter__addFaceLocal_register  fail: 摩卡  4
12-26 11:49:44.901 24808 25300 E registerBgr24: 5 
12-26 11:49:44.901 24808 25300 E FaceServer__: registerBgr24:  ErrorInfo.MOK
12-26 11:49:44.901 24808 25300 E SyncFacePresenter__addFaceLocal_register  fail: 李连杰  5
12-26 11:49:44.943 24808 24808 E resultDishCount: 8 个菜品
12-26 11:49:46.601 24808 25577 E innerRecognize: recognizeByFilter8
12-26 11:49:46.601 24808 25577 E recognize: 1019ms   /storage/emulated/0/shifang/ai_dish/image/20231226/66381fd8-be21-4da9-956c-5b2dcd53ced0.jpg  
12-26 11:49:46.720 24808 24808 E resultDishCount: 8 个菜品
12-26 11:49:48.316 24808 25588 E innerRecognize: recognizeByFilter8
12-26 11:49:48.316 24808 25588 E recognize: 950ms   /storage/emulated/0/shifang/ai_dish/image/20231226/f715570d-aadd-4808-84e3-564ae053330c.jpg  
12-26 11:49:48.408 24808 24808 E resultDishCount: 8 个菜品
12-26 11:49:50.078 24808 25598 E innerRecognize: recognizeByFilter8
12-26 11:49:50.078 24808 25598 E recognize: 988ms   /storage/emulated/0/shifang/ai_dish/image/20231226/d75b762f-dc16-490f-83e1-397235003028.jpg  
12-26 11:49:50.185 24808 24808 E resultDishCount: 8 个菜品
12-26 11:49:51.848 24808 25609 E innerRecognize: recognizeByFilter8
12-26 11:49:51.848 24808 25609 E recognize: 979ms   /storage/emulated/0/shifang/ai_dish/image/20231226/ac4d5c88-1558-4b3b-aeb2-e593565ed808.jpg  
12-26 11:49:51.945 24808 24808 E resultDishCount: 8 个菜品
12-26 11:49:53.636 24808 25620 E innerRecognize: recognizeByFilter8
12-26 11:49:53.636 24808 25620 E recognize: 1018ms   /storage/emulated/0/shifang/ai_dish/image/20231226/8b8c6faa-993b-4517-8a77-ff4904ec2e69.jpg  
12-26 11:49:53.740 24808 24808 E resultDishCount: 8 个菜品
12-26 11:49:55.359 24808 25631 E innerRecognize: recognizeByFilter8
12-26 11:49:55.359 24808 25631 E recognize: 964ms   /storage/emulated/0/shifang/ai_dish/image/20231226/f170df2c-e1fb-4c2a-9b18-01c3e4c40028.jpg  
12-26 11:49:55.464 24808 24808 E resultDishCount: 8 个菜品
12-26 11:49:57.084 24808 25642 E innerRecognize: recognizeByFilter8
12-26 11:49:57.084 24808 25642 E recognize: 984ms   /storage/emulated/0/shifang/ai_dish/image/20231226/aa5b801b-ac87-4f9b-86eb-d9fee4cfccf7.jpg  
12-26 11:49:57.207 24808 24808 E resultDishCount: 8 个菜品
12-26 11:49:58.890 24808 25653 E innerRecognize: recognizeByFilter8
12-26 11:49:58.890 24808 25653 E recognize: 1015ms   /storage/emulated/0/shifang/ai_dish/image/20231226/8d83158c-8fe2-423a-8207-ac31ef046e76.jpg  
12-26 11:49:59.000 24808 24808 E resultDishCount: 8 个菜品
12-26 11:50:00.665 24808 25664 E innerRecognize: recognizeByFilter8
12-26 11:50:00.665 24808 25664 E recognize: 995ms   /storage/emulated/0/shifang/ai_dish/image/20231226/4d0a82c4-9aa7-4022-b42b-b84b5a0265a7.jpg  
12-26 11:50:00.760 24808 24808 E resultDishCount: 8 个菜品
12-26 11:50:02.716 24808 25674 E innerRecognize: recognizeByFilter8
12-26 11:50:02.716 24808 25674 E recognize: 1002ms   /storage/emulated/0/shifang/ai_dish/image/20231226/89457ac8-c64a-4fbe-ab29-30a3e105d047.jpg  
12-26 11:50:02.825 24808 24808 E resultDishCount: 8 个菜品
12-26 11:50:04.432 24808 25685 E innerRecognize: recognizeByFilter8
12-26 11:50:04.432 24808 25685 E recognize: 971ms   /storage/emulated/0/shifang/ai_dish/image/20231226/e35ce647-d4fa-4cbc-b97b-9ee375c2c9b4.jpg  
12-26 11:50:04.530 24808 24808 E resultDishCount: 8 个菜品
12-26 11:50:06.156 24808 25696 E innerRecognize: recognizeByFilter8
12-26 11:50:06.156 24808 25696 E recognize: 977ms   /storage/emulated/0/shifang/ai_dish/image/20231226/77080ef0-4968-4d5a-8c53-10a5b0d47add.jpg  
12-26 11:50:06.271 24808 24808 E resultDishCount: 8 个菜品
12-26 11:50:07.859 24808 25708 E innerRecognize: recognizeByFilter8
12-26 11:50:07.859 24808 25708 E recognize: 952ms   /storage/emulated/0/shifang/ai_dish/image/20231226/9fd10bca-a992-4b48-80b6-c0c6d31e7f32.jpg  
12-26 11:50:07.959 24808 24808 E resultDishCount: 8 个菜品
12-26 11:50:09.544 24808 25720 E innerRecognize: recognizeByFilter8
12-26 11:50:09.544 24808 25720 E recognize: 954ms   /storage/emulated/0/shifang/ai_dish/image/20231226/79f6af50-f510-4360-9428-d20f669e0269.jpg  
12-26 11:50:09.664 24808 24808 E resultDishCount: 8 个菜品
12-26 11:50:11.318 24808 25359 E innerRecognize: recognizeByFilter8
12-26 11:50:11.318 24808 25359 E recognize: 1006ms   /storage/emulated/0/shifang/ai_dish/image/20231226/6a8775ae-1787-407b-a49e-0b4fdf8deec0.jpg  
12-26 11:50:11.424 24808 24808 E resultDishCount: 8 个菜品
12-26 11:50:12.992 24808 25555 E innerRecognize: recognizeByFilter8
12-26 11:50:12.992 24808 25555 E recognize: 932ms   /storage/emulated/0/shifang/ai_dish/image/20231226/374d6fc2-7be9-4617-a6a4-4c81c9f66f47.jpg  
12-26 11:50:13.112 24808 24808 E resultDishCount: 8 个菜品
12-26 11:50:14.860 24808 25556 E innerRecognize: recognizeByFilter8
12-26 11:50:14.860 24808 25556 E recognize: 986ms   /storage/emulated/0/shifang/ai_dish/image/20231226/2eaae5f5-81a3-4e1e-a19b-41d10a6ec96f.jpg  
12-26 11:50:14.997 24808 24808 E resultDishCount: 8 个菜品
12-26 11:50:16.645 24808 25577 E innerRecognize: recognizeByFilter8
12-26 11:50:16.645 24808 25577 E recognize: 999ms   /storage/emulated/0/shifang/ai_dish/image/20231226/d20c7384-842d-4270-814a-a0a69ca7b391.jpg  
12-26 11:50:16.774 24808 24808 E resultDishCount: 8 个菜品
12-26 11:50:19.114 24808 25588 E innerRecognize: recognizeByFilter8
12-26 11:50:19.114 24808 25588 E recognize: 1670ms   /storage/emulated/0/shifang/ai_dish/image/20231226/7fc0f142-aee2-44f8-a01c-77596f1f28bc.jpg  
12-26 11:50:23.686 24808 24808 E resultDishCount: 8 个菜品
12-26 11:50:24.710 24808 25598 E innerRecognize: recognizeByFilter8
12-26 11:50:24.710 24808 25598 E recognize: 1035ms   /storage/emulated/0/shifang/ai_dish/image/20231226/11df9c4f-905a-4a1a-b12a-361e557dd95d.jpg  
12-26 11:50:24.979 24808 24808 E resultDishCount: 8 个菜品
12-26 11:50:26.022 24808 25609 E innerRecognize: recognizeByFilter8
12-26 11:50:26.022 24808 25609 E recognize: 1046ms   /storage/emulated/0/shifang/ai_dish/image/20231226/e47549ec-3e08-4f3b-bdca-60e4b9fe448a.jpg  
12-26 11:50:26.128 24808 24808 E resultDishCount: 8 个菜品
12-26 11:50:27.065 24808 25620 E innerRecognize: recognizeByFilter8
12-26 11:50:27.065 24808 25620 E recognize: 940ms   /storage/emulated/0/shifang/ai_dish/image/20231226/f0a8082f-8cb6-444a-b28c-76e1a5f06b99.jpg  
12-26 11:50:27.187 24808 24808 E resultDishCount: 8 个菜品
12-26 11:50:28.153 24808 25631 E innerRecognize: recognizeByFilter8
12-26 11:50:28.153 24808 25631 E recognize: 979ms   /storage/emulated/0/shifang/ai_dish/image/20231226/6f4425ce-8c16-4c64-b8eb-51ca25c09a5c.jpg  
12-26 11:50:28.264 24808 24808 E resultDishCount: 8 个菜品
12-26 11:50:29.269 24808 25642 E innerRecognize: recognizeByFilter8
12-26 11:50:29.269 24808 25642 E recognize: 1009ms   /storage/emulated/0/shifang/ai_dish/image/20231226/314d0970-3d99-4301-a5b8-708b31e9603c.jpg  
12-26 11:50:29.378 24808 24808 E resultDishCount: 8 个菜品
12-26 11:50:30.342 24808 25653 E innerRecognize: recognizeByFilter8
12-26 11:50:30.342 24808 25653 E recognize: 967ms   /storage/emulated/0/shifang/ai_dish/image/20231226/869f041d-ac87-437f-9c8b-aaad2f327e57.jpg  
12-26 11:50:30.455 24808 24808 E resultDishCount: 8 个菜品
12-26 11:50:31.382 24808 25664 E innerRecognize: recognizeByFilter8
12-26 11:50:31.382 24808 25664 E recognize: 931ms   /storage/emulated/0/shifang/ai_dish/image/20231226/7f25e1d3-d2b2-43b3-94ba-f32f8220a6a3.jpg  
12-26 11:50:31.480 24808 24808 E resultDishCount: 8 个菜品
12-26 11:50:33.179 24808 25674 E innerRecognize: recognizeByFilter8
12-26 11:50:33.179 24808 25674 E recognize: 1029ms   /storage/emulated/0/shifang/ai_dish/image/20231226/b17a28ac-d0c9-4b80-8d3c-2f3b72e47c5b.jpg  
12-26 11:50:33.309 24808 24808 E resultDishCount: 8 个菜品
12-26 11:50:34.912 24808 25685 E innerRecognize: recognizeByFilter8
12-26 11:50:34.912 24808 25685 E recognize: 951ms   /storage/emulated/0/shifang/ai_dish/image/20231226/55bada75-eac6-4e16-9f07-f972fb9cc286.jpg  
12-26 11:50:35.014 24808 24808 E resultDishCount: 8 个菜品
12-26 11:50:36.663 24808 25696 E innerRecognize: recognizeByFilter8
12-26 11:50:36.663 24808 25696 E recognize: 1015ms   /storage/emulated/0/shifang/ai_dish/image/20231226/f28acfa2-1627-4fc3-94e1-cf9ea138be5b.jpg  
12-26 11:50:36.777 24808 24808 E resultDishCount: 8 个菜品
12-26 11:50:38.417 24808 25708 E innerRecognize: recognizeByFilter8
12-26 11:50:38.417 24808 25708 E recognize: 980ms   /storage/emulated/0/shifang/ai_dish/image/20231226/4fe1f61c-6d00-47fa-92d9-aa8957fa413b.jpg  
12-26 11:50:38.533 24808 24808 E resultDishCount: 8 个菜品
12-26 11:50:40.108 24808 25720 E innerRecognize: recognizeByFilter8
12-26 11:50:40.108 24808 25720 E recognize: 929ms   /storage/emulated/0/shifang/ai_dish/image/20231226/2b7bdd2a-ad0c-4661-9adf-1ae10eeb1ffe.jpg  
12-26 11:50:40.221 24808 24808 E resultDishCount: 8 个菜品
12-26 11:50:41.852 24808 25359 E innerRecognize: recognizeByFilter8
12-26 11:50:41.852 24808 25359 E recognize: 980ms   /storage/emulated/0/shifang/ai_dish/image/20231226/6e0b9779-f2f0-401c-ad31-3f3a56f551a2.jpg  
12-26 11:50:41.998 24808 24808 E resultDishCount: 8 个菜品
12-26 11:50:43.575 24808 25555 E innerRecognize: recognizeByFilter8
12-26 11:50:43.575 24808 25555 E recognize: 934ms   /storage/emulated/0/shifang/ai_dish/image/20231226/ca3b3152-a4c5-43c2-86ed-ca61b55ceeb1.jpg  
12-26 11:50:43.704 24808 24808 E resultDishCount: 8 个菜品
12-26 11:50:44.934 24808 25300 E registerBgr24: 1 
12-26 11:50:44.934 24808 25300 E FaceServer__: registerBgr24:  ErrorInfo.MOK
12-26 11:50:44.934 24808 25300 E SyncFacePresenter__addFaceLocal_register  fail: 吴彦祖  1
12-26 11:50:44.985 24808 25300 E registerBgr24: 2 
12-26 11:50:44.985 24808 25300 E FaceServer__: registerBgr24:  ErrorInfo.MOK
12-26 11:50:44.985 24808 25300 E SyncFacePresenter__addFaceLocal_register  fail: 郭富城  2
12-26 11:50:45.008 24808 25300 E registerBgr24: 3 
12-26 11:50:45.008 24808 25300 E FaceServer__: registerBgr24:  ErrorInfo.MOK
12-26 11:50:45.008 24808 25300 E SyncFacePresenter__addFaceLocal_register  fail: 谢霆锋  3
12-26 11:50:45.044 24808 25300 E registerBgr24: 4 
12-26 11:50:45.045 24808 25300 E FaceServer__: registerBgr24:  ErrorInfo.MOK
12-26 11:50:45.045 24808 25300 E SyncFacePresenter__addFaceLocal_register  fail: 摩卡  4
12-26 11:50:45.077 24808 25300 E registerBgr24: 5 
12-26 11:50:45.077 24808 25300 E FaceServer__: registerBgr24:  ErrorInfo.MOK
12-26 11:50:45.077 24808 25300 E SyncFacePresenter__addFaceLocal_register  fail: 李连杰  5
12-26 11:50:45.335 24808 25556 E innerRecognize: recognizeByFilter8
12-26 11:50:45.335 24808 25556 E recognize: 998ms   /storage/emulated/0/shifang/ai_dish/image/20231226/83dd297d-030e-4121-a4f8-bb1c2c9fc5e0.jpg  
12-26 11:50:45.450 24808 24808 E resultDishCount: 8 个菜品
12-26 11:50:47.083 24808 25577 E innerRecognize: recognizeByFilter8
12-26 11:50:47.083 24808 25577 E recognize: 994ms   /storage/emulated/0/shifang/ai_dish/image/20231226/45cf0009-9d20-4940-8e01-9a27a13adee8.jpg  
12-26 11:50:47.169 24808 24808 E resultDishCount: 8 个菜品
12-26 11:50:48.852 24808 25588 E innerRecognize: recognizeByFilter8
12-26 11:50:48.852 24808 25588 E recognize: 1040ms   /storage/emulated/0/shifang/ai_dish/image/20231226/e77cd881-24ea-42a1-92e6-590c782e54a6.jpg  
12-26 11:50:48.982 24808 24808 E resultDishCount: 8 个菜品
12-26 11:50:50.587 24808 25598 E innerRecognize: recognizeByFilter8
12-26 11:50:50.587 24808 25598 E recognize: 951ms   /storage/emulated/0/shifang/ai_dish/image/20231226/d4df3101-96f4-4695-994e-9783e611f0a5.jpg  
12-26 11:50:50.673 24808 24808 E resultDishCount: 8 个菜品
12-26 11:50:52.275 24808 25609 E innerRecognize: recognizeByFilter8
12-26 11:50:52.275 24808 25609 E recognize: 954ms   /storage/emulated/0/shifang/ai_dish/image/20231226/1e84ee02-c2b5-4e1f-87ac-034296414162.jpg  
12-26 11:50:52.380 24808 24808 E resultDishCount: 8 个菜品
12-26 11:50:54.040 24808 25620 E innerRecognize: recognizeByFilter8
12-26 11:50:54.040 24808 25620 E recognize: 972ms   /storage/emulated/0/shifang/ai_dish/image/20231226/8d815bae-4958-4ee7-a07a-3fcb8908d1b4.jpg  
12-26 11:50:54.189 24808 24808 E resultDishCount: 8 个菜品
12-26 11:50:55.807 24808 25631 E innerRecognize: recognizeByFilter8
12-26 11:50:55.807 24808 25631 E recognize: 958ms   /storage/emulated/0/shifang/ai_dish/image/20231226/20ddb909-215d-4465-bbfc-93506c4ce6be.jpg  
12-26 11:50:55.930 24808 24808 E resultDishCount: 8 个菜品
12-26 11:50:57.563 24808 25642 E innerRecognize: recognizeByFilter8
12-26 11:50:57.563 24808 25642 E recognize: 990ms   /storage/emulated/0/shifang/ai_dish/image/20231226/c9dbdb4d-4e30-4e31-9685-a89c368e1dbc.jpg  
12-26 11:50:57.689 24808 24808 E resultDishCount: 8 个菜品
12-26 11:50:59.255 24808 25653 E innerRecognize: recognizeByFilter8
12-26 11:50:59.255 24808 25653 E recognize: 920ms   /storage/emulated/0/shifang/ai_dish/image/20231226/5a98d050-219d-45ae-b287-da750c950ded.jpg  
12-26 11:50:59.377 24808 24808 E resultDishCount: 8 个菜品
12-26 11:51:01.029 24808 25664 E innerRecognize: recognizeByFilter8
12-26 11:51:01.029 24808 25664 E recognize: 990ms   /storage/emulated/0/shifang/ai_dish/image/20231226/e3c576ef-5deb-4901-a1de-ec84f0938ace.jpg  
12-26 11:51:01.136 24808 24808 E resultDishCount: 8 个菜品
12-26 11:51:02.785 24808 25674 E innerRecognize: recognizeByFilter8
12-26 11:51:02.785 24808 25674 E recognize: 1018ms   /storage/emulated/0/shifang/ai_dish/image/20231226/19a5e7bd-06ee-49d4-b6fd-83eeaaecba83.jpg  
12-26 11:51:02.896 24808 24808 E resultDishCount: 8 个菜品
