12-28 11:03:23.677  1428  1428 E resultDishCount: 2 个菜品
12-28 11:03:25.415  1428  1428 E USBTransferUtil: 当前可用 usb 设备数量: 0
12-28 11:03:25.806  1428  4296 E AI_SDK__innerRecognize: recognizeByFilter2
12-28 11:03:25.806  1428  4296 E recognize: 353ms   /storage/emulated/0/shifang/ai_dish/image/20231228/ac105aab-c705-440f-b4f7-043e83f37e3f.jpg  
12-28 11:03:25.882  1428  1428 E resultDishCount: 2 个菜品
12-28 11:03:27.535  1428  1428 E USBTransferUtil: 当前可用 usb 设备数量: 0
12-28 11:03:27.985  1428  5421 E AI_SDK__innerRecognize: recognizeByFilter2
12-28 11:03:27.985  1428  5421 E recognize: 405ms   /storage/emulated/0/shifang/ai_dish/image/20231228/c023f528-e9c1-41f7-a324-0ce7c934ed08.jpg  
12-28 11:03:28.071  1428  1428 E resultDishCount: 2 个菜品
12-28 11:03:29.725  1428  1428 E USBTransferUtil: 当前可用 usb 设备数量: 0
12-28 11:03:30.141  1428  5425 E AI_SDK__innerRecognize: recognizeByFilter2
12-28 11:03:30.141  1428  5425 E recognize: 381ms   /storage/emulated/0/shifang/ai_dish/image/20231228/5fbabef2-11ae-40ee-a35e-c66aac193607.jpg  
12-28 11:03:30.190  1428  1428 E resultDishCount: 2 个菜品
12-28 11:03:31.846  1428  1428 E USBTransferUtil: 当前可用 usb 设备数量: 0
12-28 11:03:32.316  1428  5719 E AI_SDK__innerRecognize: recognizeByFilter2
12-28 11:03:32.316  1428  5719 E recognize: 416ms   /storage/emulated/0/shifang/ai_dish/image/20231228/673f90bb-d7e9-4a39-ac4b-8a98c1d1a988.jpg  
12-28 11:03:32.379  1428  1428 E resultDishCount: 2 个菜品
12-28 11:03:34.037  1428  1428 E USBTransferUtil: 当前可用 usb 设备数量: 0
12-28 11:03:34.581  1428  5785 E AI_SDK__innerRecognize: recognizeByFilter2
12-28 11:03:34.581  1428  5785 E recognize: 506ms   /storage/emulated/0/shifang/ai_dish/image/20231228/c8613565-0e65-429b-8c93-fb7eba753844.jpg  
12-28 11:03:34.685  1428  1428 E resultDishCount: 2 个菜品
12-28 11:03:35.738  1428  1428 E USBTransferUtil: 当前可用 usb 设备数量: 0
12-28 11:03:36.182  1428  5789 E AI_SDK__innerRecognize: recognizeByFilter2
12-28 11:03:36.182  1428  5789 E recognize: 412ms   /storage/emulated/0/shifang/ai_dish/image/20231228/1aea0c7f-d222-472e-a97c-f79c7c250781.jpg  
12-28 11:03:36.239  1428  1428 E resultDishCount: 2 个菜品
12-28 11:03:37.896  1428  1428 E USBTransferUtil: 当前可用 usb 设备数量: 0
12-28 11:03:38.352  1428  5794 E AI_SDK__innerRecognize: recognizeByFilter2
12-28 11:03:38.352  1428  5794 E recognize: 402ms   /storage/emulated/0/shifang/ai_dish/image/20231228/77e2aae5-9300-4299-8cea-5aec9a658aeb.jpg  
12-28 11:03:38.439  1428  1428 E resultDishCount: 2 个菜品
12-28 11:03:40.083  1428  1428 E USBTransferUtil: 当前可用 usb 设备数量: 0
12-28 11:03:40.560  1428  5800 E AI_SDK__innerRecognize: recognizeByFilter2
12-28 11:03:40.560  1428  5800 E recognize: 441ms   /storage/emulated/0/shifang/ai_dish/image/20231228/540e90c0-cee9-438a-9ee8-ffa896cfaaf7.jpg  
12-28 11:03:40.620  1428  1428 E resultDishCount: 2 个菜品
12-28 11:03:42.256  1428  1428 E USBTransferUtil: 当前可用 usb 设备数量: 0
12-28 11:03:42.686  1428  5807 E AI_SDK__innerRecognize: recognizeByFilter2
12-28 11:03:42.686  1428  5807 E recognize: 392ms   /storage/emulated/0/shifang/ai_dish/image/20231228/c003c162-3a83-4473-aca5-98265326d3a4.jpg  
12-28 11:03:42.738  1428  1428 E resultDishCount: 2 个菜品
12-28 11:03:44.396  1428  1428 E USBTransferUtil: 当前可用 usb 设备数量: 0
12-28 11:03:44.870  1428  3261 E AI_SDK__innerRecognize: recognizeByFilter2
12-28 11:03:44.870  1428  3261 E recognize: 425ms   /storage/emulated/0/shifang/ai_dish/image/20231228/b7862d00-c0e4-437b-b482-791912989bb5.jpg  
12-28 11:03:44.928  1428  1428 E resultDishCount: 2 个菜品
12-28 11:03:46.586  1428  1428 E USBTransferUtil: 当前可用 usb 设备数量: 0
12-28 11:03:47.001  1428  3853 E AI_SDK__innerRecognize: recognizeByFilter2
12-28 11:03:47.001  1428  3853 E recognize: 381ms   /storage/emulated/0/shifang/ai_dish/image/20231228/25f9e4c4-5fef-4827-9070-f18867c3fc60.jpg  
12-28 11:03:47.067  1428  1428 E resultDishCount: 2 个菜品
12-28 11:03:48.724  1428  1428 E USBTransferUtil: 当前可用 usb 设备数量: 0
12-28 11:03:49.202  1428  4158 E AI_SDK__innerRecognize: recognizeByFilter2
12-28 11:03:49.202  1428  4158 E recognize: 432ms   /storage/emulated/0/shifang/ai_dish/image/20231228/f163b5a1-123f-4d3e-b2ac-9fb2b0bd1949.jpg  
12-28 11:03:49.278  1428  1428 E resultDishCount: 2 个菜品
12-28 11:03:50.938  1428  1428 E USBTransferUtil: 当前可用 usb 设备数量: 0
12-28 11:03:51.400  1428  4169 E AI_SDK__innerRecognize: recognizeByFilter2
12-28 11:03:51.400  1428  4169 E recognize: 406ms   /storage/emulated/0/shifang/ai_dish/image/20231228/93d1b7d5-a81f-4aaf-b851-22ec9458a92d.jpg  
12-28 11:03:51.463  1428  1428 E resultDishCount: 2 个菜品
12-28 11:03:53.105  1428  1428 E USBTransferUtil: 当前可用 usb 设备数量: 0
12-28 11:03:53.511  1428  4211 E AI_SDK__innerRecognize: recognizeByFilter2
12-28 11:03:53.511  1428  4211 E recognize: 353ms   /storage/emulated/0/shifang/ai_dish/image/20231228/b5e8d9ab-1814-4bed-b182-46452fcc0480.jpg  
12-28 11:03:53.600  1428  1428 E resultDishCount: 2 个菜品
12-28 11:03:55.276  1428  1428 E USBTransferUtil: 当前可用 usb 设备数量: 0
12-28 11:03:55.679  1428  4221 E AI_SDK__innerRecognize: recognizeByFilter2
12-28 11:03:55.679  1428  4221 E recognize: 363ms   /storage/emulated/0/shifang/ai_dish/image/20231228/57fc3709-576c-4223-a832-264cca00f137.jpg  
12-28 11:03:55.760  1428  1428 E resultDishCount: 2 个菜品
12-28 11:03:56.367  1428  1428 E USBTransferUtil: 当前可用 usb 设备数量: 0
12-28 11:03:56.813  1428  4252 E AI_SDK__innerRecognize: recognizeByFilter2
12-28 11:03:56.813  1428  4252 E recognize: 415ms   /storage/emulated/0/shifang/ai_dish/image/20231228/83526e34-f22c-4ced-ae3a-560f621e003b.jpg  
12-28 11:03:56.867  1428  1428 E resultDishCount: 2 个菜品
12-28 11:03:58.522  1428  1428 E USBTransferUtil: 当前可用 usb 设备数量: 0
12-28 11:03:59.003  1428  4289 E AI_SDK__innerRecognize: recognizeByFilter2
12-28 11:03:59.003  1428  4289 E recognize: 444ms   /storage/emulated/0/shifang/ai_dish/image/20231228/3b7f5b69-ce19-4b0c-8c46-fb8bd58cd374.jpg  
12-28 11:03:59.057  1428  1428 E resultDishCount: 2 个菜品
12-28 11:04:00.736  1428  1428 E USBTransferUtil: 当前可用 usb 设备数量: 0
12-28 11:04:01.190  1428  4296 E AI_SDK__innerRecognize: recognizeByFilter2
12-28 11:04:01.190  1428  4296 E recognize: 397ms   /storage/emulated/0/shifang/ai_dish/image/20231228/335ec814-7895-47c7-9363-385b5266020a.jpg  
12-28 11:04:01.235  1428  1428 E resultDishCount: 2 个菜品
12-28 11:04:02.887  1428  1428 E USBTransferUtil: 当前可用 usb 设备数量: 0
12-28 11:04:03.347  1428  5421 E AI_SDK__innerRecognize: recognizeByFilter2
12-28 11:04:03.347  1428  5421 E recognize: 412ms   /storage/emulated/0/shifang/ai_dish/image/20231228/e904f79b-33aa-43f2-a1c5-9e18dee4804f.jpg  
12-28 11:04:03.420  1428  1428 E resultDishCount: 2 个菜品
12-28 11:04:05.055  1428  1428 E USBTransferUtil: 当前可用 usb 设备数量: 0
12-28 11:04:05.530  1428  5425 E AI_SDK__innerRecognize: recognizeByFilter2
12-28 11:04:05.530  1428  5425 E recognize: 431ms   /storage/emulated/0/shifang/ai_dish/image/20231228/7b7f0932-77f3-498a-b70b-e0ec8e921c72.jpg  
12-28 11:04:05.611  1428  1428 E resultDishCount: 2 个菜品
12-28 11:04:07.362  1428  1428 E USBTransferUtil: 当前可用 usb 设备数量: 0
12-28 11:04:07.795  1428  5719 E AI_SDK__innerRecognize: recognizeByFilter2
12-28 11:04:07.795  1428  5719 E recognize: 385ms   /storage/emulated/0/shifang/ai_dish/image/20231228/0239050b-20ff-4f96-a231-2d29ff2adf91.jpg  
12-28 11:04:07.857  1428  1428 E resultDishCount: 2 个菜品
12-28 11:04:09.534  1428  1428 E connect_Exception: Too many receivers, total of 1000, registered for pid: 1428, callerPackage: com.shifang.aidish.offline
12-28 11:04:09.962  1428  5785 E AI_SDK__innerRecognize: recognizeByFilter2
12-28 11:04:09.962  1428  5785 E recognize: 388ms   /storage/emulated/0/shifang/ai_dish/image/20231228/96a377c9-cd46-4d03-98f0-03617c589d89.jpg  
12-28 11:04:10.028  1428  1428 E resultDishCount: 2 个菜品
12-28 11:04:10.640  1428  1428 E connect_Exception: Too many receivers, total of 1000, registered for pid: 1428, callerPackage: com.shifang.aidish.offline
12-28 11:04:11.053  1428  5789 E AI_SDK__innerRecognize: recognizeByFilter2
12-28 11:04:11.053  1428  5789 E recognize: 372ms   /storage/emulated/0/shifang/ai_dish/image/20231228/d4b11d41-b578-4f79-a0c0-ba423af729e2.jpg  
12-28 11:04:11.112  1428  1428 E resultDishCount: 2 个菜品
12-28 11:04:12.763  1428  1428 E connect_Exception: Too many receivers, total of 1000, registered for pid: 1428, callerPackage: com.shifang.aidish.offline
12-28 11:04:13.237  1428  5794 E AI_SDK__innerRecognize: recognizeByFilter2
12-28 11:04:13.237  1428  5794 E recognize: 435ms   /storage/emulated/0/shifang/ai_dish/image/20231228/65132e3e-502d-442f-b914-fabc31d6b679.jpg  
12-28 11:04:13.312  1428  1428 E resultDishCount: 2 个菜品
12-28 11:04:14.950  1428  1428 E connect_Exception: Too many receivers, total of 1000, registered for pid: 1428, callerPackage: com.shifang.aidish.offline
12-28 11:04:15.396  1428  5800 E AI_SDK__innerRecognize: recognizeByFilter2
12-28 11:04:15.396  1428  5800 E recognize: 393ms   /storage/emulated/0/shifang/ai_dish/image/20231228/178da3c8-4836-4504-985e-eaf9ebe2a45b.jpg  
12-28 11:04:15.467  1428  1428 E resultDishCount: 2 个菜品
12-28 11:04:17.106  1428  1428 E connect_Exception: Too many receivers, total of 1000, registered for pid: 1428, callerPackage: com.shifang.aidish.offline
12-28 11:04:17.542  1428  5807 E AI_SDK__innerRecognize: recognizeByFilter2
12-28 11:04:17.542  1428  5807 E recognize: 390ms   /storage/emulated/0/shifang/ai_dish/image/20231228/69242002-ba15-490d-8857-4cfbb9fd6197.jpg  
12-28 11:04:17.612  1428  1428 E resultDishCount: 2 个菜品
12-28 11:04:19.277  1428  1428 E connect_Exception: Too many receivers, total of 1000, registered for pid: 1428, callerPackage: com.shifang.aidish.offline
12-28 11:04:19.713  1428  3261 E AI_SDK__innerRecognize: recognizeByFilter2
12-28 11:04:19.713  1428  3261 E recognize: 398ms   /storage/emulated/0/shifang/ai_dish/image/20231228/5809e019-f38f-40b4-9fdf-a36e79a33f8c.jpg  
12-28 11:04:19.793  1428  1428 E resultDishCount: 2 个菜品
12-28 11:04:21.431  1428  1428 E connect_Exception: Too many receivers, total of 1000, registered for pid: 1428, callerPackage: com.shifang.aidish.offline
12-28 11:04:21.880  1428  3853 E AI_SDK__innerRecognize: recognizeByFilter2
12-28 11:04:21.880  1428  3853 E recognize: 406ms   /storage/emulated/0/shifang/ai_dish/image/20231228/875a9db9-d722-454a-8a42-c2e1598f964f.jpg  
12-28 11:04:21.930  1428  1428 E resultDishCount: 2 个菜品
12-28 11:04:23.583  1428  1428 E connect_Exception: Too many receivers, total of 1000, registered for pid: 1428, callerPackage: com.shifang.aidish.offline
12-28 11:04:24.012  1428  4158 E AI_SDK__innerRecognize: recognizeByFilter2
12-28 11:04:24.012  1428  4158 E recognize: 390ms   /storage/emulated/0/shifang/ai_dish/image/20231228/21a5f7c9-fbc6-4f64-8f94-4f38b59fe55b.jpg  
12-28 11:04:24.073  1428  1428 E resultDishCount: 2 个菜品
12-28 11:04:25.719  1428  1428 E connect_Exception: Too many receivers, total of 1000, registered for pid: 1428, callerPackage: com.shifang.aidish.offline
12-28 11:04:26.180  1428  4169 E AI_SDK__innerRecognize: recognizeByFilter2
12-28 11:04:26.180  1428  4169 E recognize: 423ms   /storage/emulated/0/shifang/ai_dish/image/20231228/f3373cc1-b0a1-43dd-b2ba-ddc6703ca818.jpg  
12-28 11:04:26.223  1428  1428 E resultDishCount: 2 个菜品
12-28 11:04:27.911  1428  1428 E connect_Exception: Too many receivers, total of 1000, registered for pid: 1428, callerPackage: com.shifang.aidish.offline
12-28 11:04:28.395  1428  4211 E AI_SDK__innerRecognize: recognizeByFilter2
12-28 11:04:28.395  1428  4211 E recognize: 428ms   /storage/emulated/0/shifang/ai_dish/image/20231228/fbcb6e2e-9e23-498a-a5c4-a5aae83aab02.jpg  
12-28 11:04:28.489  1428  1428 E resultDishCount: 2 个菜品
12-28 11:04:30.137  1428  1428 E connect_Exception: Too many receivers, total of 1000, registered for pid: 1428, callerPackage: com.shifang.aidish.offline
12-28 11:04:30.547  1428  4221 E AI_SDK__innerRecognize: recognizeByFilter2
12-28 11:04:30.547  1428  4221 E recognize: 376ms   /storage/emulated/0/shifang/ai_dish/image/20231228/2ce4e1a1-9642-4b95-9ab1-ce6b30638478.jpg  
12-28 11:04:30.605  1428  1428 E resultDishCount: 2 个菜品
12-28 11:04:32.255  1428  1428 E connect_Exception: Too many receivers, total of 1000, registered for pid: 1428, callerPackage: com.shifang.aidish.offline
12-28 11:04:32.723  1428  4252 E AI_SDK__innerRecognize: recognizeByFilter3
12-28 11:04:32.723  1428  4252 E recognize: 429ms   /storage/emulated/0/shifang/ai_dish/image/20231228/00fc9970-dbbe-4e63-989c-c0bae1c0b048.jpg  
12-28 11:04:32.759  1428  1428 E resultDishCount: 3 个菜品
12-28 11:04:34.429  1428  1428 E connect_Exception: Too many receivers, total of 1000, registered for pid: 1428, callerPackage: com.shifang.aidish.offline
12-28 11:04:34.970  1428  4289 E AI_SDK__innerRecognize: recognizeByFilter3
12-28 11:04:34.970  1428  4289 E recognize: 508ms   /storage/emulated/0/shifang/ai_dish/image/20231228/651de7c0-4c3f-426d-b616-f8aaa40c3de0.jpg  
12-28 11:04:35.058  1428  1428 E resultDishCount: 3 个菜品
12-28 11:04:36.708  1428  1428 E connect_Exception: Too many receivers, total of 1000, registered for pid: 1428, callerPackage: com.shifang.aidish.offline
12-28 11:04:37.243  1428  4296 E AI_SDK__innerRecognize: recognizeByFilter3
12-28 11:04:37.243  1428  4296 E recognize: 496ms   /storage/emulated/0/shifang/ai_dish/image/20231228/e161be03-9527-404a-a4f8-0951da37bd30.jpg  
12-28 11:04:37.299  1428  1428 E resultDishCount: 3 个菜品
12-28 11:04:40.745  1428  1428 E connect_Exception: Too many receivers, total of 1000, registered for pid: 1428, callerPackage: com.shifang.aidish.offline
12-28 11:04:41.225  1428  5421 E AI_SDK__innerRecognize: recognizeByFilter3
12-28 11:04:41.226  1428  5421 E recognize: 454ms   /storage/emulated/0/shifang/ai_dish/image/20231228/e8722518-4462-412b-9e04-f1892bb85004.jpg  
12-28 11:04:41.301  1428  1428 E resultDishCount: 3 个菜品
12-28 11:04:42.973  1428  1428 E connect_Exception: Too many receivers, total of 1000, registered for pid: 1428, callerPackage: com.shifang.aidish.offline
12-28 11:04:43.463  1428  5425 E AI_SDK__innerRecognize: recognizeByFilter3
12-28 11:04:43.463  1428  5425 E recognize: 431ms   /storage/emulated/0/shifang/ai_dish/image/20231228/69234b68-045f-4d8e-ad7c-51e9984124d7.jpg  
12-28 11:04:43.509  1428  1428 E resultDishCount: 3 个菜品
12-28 11:04:45.169  1428  1428 E connect_Exception: Too many receivers, total of 1000, registered for pid: 1428, callerPackage: com.shifang.aidish.offline
12-28 11:04:45.693  1428  5719 E AI_SDK__innerRecognize: recognizeByFilter3
12-28 11:04:45.694  1428  5719 E recognize: 481ms   /storage/emulated/0/shifang/ai_dish/image/20231228/6220698d-296e-4dc9-938e-9ae9c5ea2514.jpg  
12-28 11:04:45.754  1428  1428 E resultDishCount: 3 个菜品
12-28 11:04:47.408  1428  1428 E connect_Exception: Too many receivers, total of 1000, registered for pid: 1428, callerPackage: com.shifang.aidish.offline
12-28 11:04:47.813  1428  5785 E AI_SDK__innerRecognize: recognizeByFilter2
12-28 11:04:47.813  1428  5785 E recognize: 371ms   /storage/emulated/0/shifang/ai_dish/image/20231228/b9ea5fcc-36db-4e17-a118-0f286fe6552f.jpg  
12-28 11:04:47.868  1428  1428 E resultDishCount: 2 个菜品
12-28 11:04:49.512  1428  1428 E connect_Exception: Too many receivers, total of 1000, registered for pid: 1428, callerPackage: com.shifang.aidish.offline
12-28 11:04:50.108  1428  5789 E AI_SDK__innerRecognize: recognizeByFilter4
12-28 11:04:50.108  1428  5789 E recognize: 551ms   /storage/emulated/0/shifang/ai_dish/image/20231228/09e29ce3-c862-43b6-a8fd-c8c291ccbb95.jpg  
12-28 11:04:50.188  1428  1428 E resultDishCount: 4 个菜品
12-28 11:04:51.216  1428  1428 E connect_Exception: Too many receivers, total of 1000, registered for pid: 1428, callerPackage: com.shifang.aidish.offline
12-28 11:04:51.831  1428  5794 E AI_SDK__innerRecognize: recognizeByFilter5
12-28 11:04:51.831  1428  5794 E recognize: 578ms   /storage/emulated/0/shifang/ai_dish/image/20231228/7117f352-060a-4a90-80fd-4816cff6eb7a.jpg  
12-28 11:04:51.912  1428  1428 E resultDishCount: 5 个菜品
12-28 11:04:52.900  1428  1428 E connect_Exception: Too many receivers, total of 1000, registered for pid: 1428, callerPackage: com.shifang.aidish.offline
12-28 11:04:53.535  1428  5800 E AI_SDK__innerRecognize: recognizeByFilter5
12-28 11:04:53.535  1428  5800 E recognize: 602ms   /storage/emulated/0/shifang/ai_dish/image/20231228/dc47522a-1e27-4dcc-9e9f-d3465ffdaeba.jpg  
12-28 11:04:53.581  1428  1428 E resultDishCount: 5 个菜品
12-28 11:04:54.581  1428  1428 E connect_Exception: Too many receivers, total of 1000, registered for pid: 1428, callerPackage: com.shifang.aidish.offline
12-28 11:04:55.157  1428  5807 E AI_SDK__innerRecognize: recognizeByFilter4
12-28 11:04:55.157  1428  5807 E recognize: 523ms   /storage/emulated/0/shifang/ai_dish/image/20231228/b3a4f787-f848-49ee-8f1d-070792cd8f3e.jpg  
12-28 11:04:55.222  1428  1428 E resultDishCount: 4 个菜品
12-28 11:04:56.871  1428  1428 E connect_Exception: Too many receivers, total of 1000, registered for pid: 1428, callerPackage: com.shifang.aidish.offline
12-28 11:04:57.382  1428  3261 E AI_SDK__innerRecognize: recognizeByFilter4
12-28 11:04:57.382  1428  3261 E recognize: 482ms   /storage/emulated/0/shifang/ai_dish/image/20231228/ca15b90c-f232-4e39-99ea-82d7cbe5af05.jpg  
12-28 11:04:57.445  1428  1428 E resultDishCount: 4 个菜品
12-28 11:04:59.117  1428  1428 E connect_Exception: Too many receivers, total of 1000, registered for pid: 1428, callerPackage: com.shifang.aidish.offline
12-28 11:04:59.681  1428  3853 E AI_SDK__innerRecognize: recognizeByFilter4
12-28 11:04:59.681  1428  3853 E recognize: 516ms   /storage/emulated/0/shifang/ai_dish/image/20231228/4d2da408-7309-435e-a1fb-e8284d669f99.jpg  
12-28 11:04:59.727  1428  1428 E resultDishCount: 4 个菜品
12-28 11:05:01.720  1428  1428 E connect_Exception: Too many receivers, total of 1000, registered for pid: 1428, callerPackage: com.shifang.aidish.offline
12-28 11:05:02.298  1428  4158 E AI_SDK__innerRecognize: recognizeByFilter4
12-28 11:05:02.298  1428  4158 E recognize: 521ms   /storage/emulated/0/shifang/ai_dish/image/20231228/7c810380-f869-4ad7-8feb-1da22090c999.jpg  
12-28 11:05:02.361  1428  1428 E resultDishCount: 4 个菜品
12-28 11:05:03.996  1428  1428 E connect_Exception: Too many receivers, total of 1000, registered for pid: 1428, callerPackage: com.shifang.aidish.offline
12-28 11:05:04.504  1428  4169 E AI_SDK__innerRecognize: recognizeByFilter4
12-28 11:05:04.504  1428  4169 E recognize: 480ms   /storage/emulated/0/shifang/ai_dish/image/20231228/b80903e5-a167-404f-8726-3ec84789bb4b.jpg  
12-28 11:05:04.587  1428  1428 E resultDishCount: 4 个菜品
12-28 11:05:06.313  1428  1428 E connect_Exception: Too many receivers, total of 1000, registered for pid: 1428, callerPackage: com.shifang.aidish.offline
12-28 11:05:06.788  1428  4211 E AI_SDK__innerRecognize: recognizeByFilter3
12-28 11:05:06.788  1428  4211 E recognize: 438ms   /storage/emulated/0/shifang/ai_dish/image/20231228/34e63b63-c027-4fcf-bfc2-17a0e625af23.jpg  
12-28 11:05:06.837  1428  1428 E resultDishCount: 3 个菜品
12-28 11:05:08.509  1428  1428 E connect_Exception: Too many receivers, total of 1000, registered for pid: 1428, callerPackage: com.shifang.aidish.offline
12-28 11:05:09.087  1428  4221 E AI_SDK__innerRecognize: recognizeByFilter4
12-28 11:05:09.087  1428  4221 E recognize: 536ms   /storage/emulated/0/shifang/ai_dish/image/20231228/8b143b7e-005c-4d3f-9934-c52379980b4a.jpg  
12-28 11:05:09.147  1428  1428 E resultDishCount: 4 个菜品
12-28 11:05:10.818  1428  1428 E connect_Exception: Too many receivers, total of 1000, registered for pid: 1428, callerPackage: com.shifang.aidish.offline
12-28 11:05:11.381  1428  4252 E AI_SDK__innerRecognize: recognizeByFilter6
12-28 11:05:11.381  1428  4252 E recognize: 516ms   /storage/emulated/0/shifang/ai_dish/image/20231228/888c4e15-7f56-4c66-bee6-232cd877caf5.jpg  
12-28 11:05:11.481  1428  1428 E resultDishCount: 6 个菜品
12-28 11:05:12.561  1428  1428 E connect_Exception: Too many receivers, total of 1000, registered for pid: 1428, callerPackage: com.shifang.aidish.offline
12-28 11:05:12.947  1428  4289 E AI_SDK__innerRecognize: recognizeByFilter3
12-28 11:05:12.947  1428  4289 E recognize: 336ms   /storage/emulated/0/shifang/ai_dish/image/20231228/24d018a6-a39a-42bd-aaff-96a8ef0394eb.jpg  
12-28 11:05:12.978  1428  1428 E resultDishCount: 3 个菜品
12-28 11:05:14.628  1428  1428 E connect_Exception: Too many receivers, total of 1000, registered for pid: 1428, callerPackage: com.shifang.aidish.offline
12-28 11:05:15.064  1428  4296 E AI_SDK__innerRecognize: recognizeByFilter3
12-28 11:05:15.064  1428  4296 E recognize: 389ms   /storage/emulated/0/shifang/ai_dish/image/20231228/211da9c8-23a4-4a0e-bd24-7fdbe9dfc339.jpg  
12-28 11:05:15.108  1428  1428 E resultDishCount: 3 个菜品
12-28 11:05:16.769  1428  1428 E connect_Exception: Too many receivers, total of 1000, registered for pid: 1428, callerPackage: com.shifang.aidish.offline
12-28 11:05:17.197  1428  5421 E AI_SDK__innerRecognize: recognizeByFilter3
12-28 11:05:17.198  1428  5421 E recognize: 398ms   /storage/emulated/0/shifang/ai_dish/image/20231228/c1beb871-79b0-4e7d-af91-b7a52d290b5c.jpg  
12-28 11:05:17.226  1428  1428 E resultDishCount: 3 个菜品
12-28 11:05:28.024  1428  1428 E connect_Exception: Too many receivers, total of 1000, registered for pid: 1428, callerPackage: com.shifang.aidish.offline
12-28 11:05:28.523  1428  5425 E AI_SDK__innerRecognize: recognizeByFilter5
12-28 11:05:28.523  1428  5425 E recognize: 467ms   /storage/emulated/0/shifang/ai_dish/image/20231228/c643fa44-6d76-4573-acd4-d1ac847a04ef.jpg  
12-28 11:05:28.555  1428  1428 E resultDishCount: 5 个菜品
12-28 11:05:35.030  1428  1428 E connect_Exception: Too many receivers, total of 1000, registered for pid: 1428, callerPackage: com.shifang.aidish.offline
12-28 11:05:35.676  1428  5719 E AI_SDK__innerRecognize: recognizeByFilter6
12-28 11:05:35.676  1428  5719 E recognize: 594ms   /storage/emulated/0/shifang/ai_dish/image/20231228/93013ee3-2190-4e86-bd2b-7728d59b5907.jpg  
12-28 11:05:35.717  1428  1428 E resultDishCount: 6 个菜品
12-28 11:05:43.452  1428  1428 E connect_Exception: Too many receivers, total of 1000, registered for pid: 1428, callerPackage: com.shifang.aidish.offline
12-28 11:05:44.085  1428  5785 E AI_SDK__innerRecognize: recognizeByFilter6
12-28 11:05:44.085  1428  5785 E recognize: 561ms   /storage/emulated/0/shifang/ai_dish/image/20231228/72afa296-7f43-4d56-aa17-c18171c51f7b.jpg  
12-28 11:05:44.120  1428  1428 E resultDishCount: 6 个菜品
12-28 11:05:53.093  1428  1428 E connect_Exception: Too many receivers, total of 1000, registered for pid: 1428, callerPackage: com.shifang.aidish.offline
12-28 11:05:53.814  1428  5789 E AI_SDK__innerRecognize: recognizeByFilter7
12-28 11:05:53.815  1428  5789 E recognize: 682ms   /storage/emulated/0/shifang/ai_dish/image/20231228/59727818-6ec2-48f5-8dcc-0ceae9ac531a.jpg  
12-28 11:05:53.836  1428  1428 E resultDishCount: 7 个菜品
12-28 11:06:12.929  1428  1428 E surfaceDestroyed: ------
12-28 11:06:12.930  1428  1428 E surfaceDestroyed: ------
12-28 11:06:12.933  1428  5771 E BufferQueueProducer: [SurfaceView[]#65(BLAST Consumer)65](id:59400000052,api:0,p:-1,c:1428) dequeueBuffer: BufferQueue has no connected producer
12-28 11:06:12.933  1428  5771 E mali_so : encounter the first mali_error : 0x0002 : failed to allocate CPU memory (gles_fb_first_operation_cb at hardware/arm/maliT760/driver/product/gles/src/fb/mali_gles_fb_module_api.c:987)
12-28 11:06:12.933  1428  5771 E BufferQueueProducer: [SurfaceView[]#65(BLAST Consumer)65](id:59400000052,api:0,p:-1,c:1428) dequeueBuffer: BufferQueue has no connected producer
12-28 11:06:12.935  1428  5771 E BufferQueueProducer: [SurfaceView[]#65(BLAST Consumer)65](id:59400000052,api:0,p:-1,c:1428) disconnect: not connected (req=1)
12-28 11:06:12.947  1428  5769 E BufferQueueProducer: [SurfaceView[com.shifang.aidish.offline/com.shifang.aidish.mvp.ui.DetectCalcActivity]#64(BLAST Consumer)64](id:59400000050,api:0,p:-1,c:1428) dequeueBuffer: BufferQueue has no connected producer
12-28 11:06:12.947  1428  5769 E mali_so : encounter the first mali_error : 0x0002 : failed to allocate CPU memory (gles_fb_first_operation_cb at hardware/arm/maliT760/driver/product/gles/src/fb/mali_gles_fb_module_api.c:987)
12-28 11:06:12.948  1428  5769 E BufferQueueProducer: [SurfaceView[com.shifang.aidish.offline/com.shifang.aidish.mvp.ui.DetectCalcActivity]#64(BLAST Consumer)64](id:59400000050,api:0,p:-1,c:1428) dequeueBuffer: BufferQueue has no connected producer
12-28 11:06:12.948  1428  5769 E BufferQueueProducer: [SurfaceView[com.shifang.aidish.offline/com.shifang.aidish.mvp.ui.DetectCalcActivity]#64(BLAST Consumer)64](id:59400000050,api:0,p:-1,c:1428) disconnect: not connected (req=1)
12-28 11:06:12.984  1428  1428 E TradeOrderPresenter__doSearchTradeOrder  srcUserName:  
12-28 11:06:12.984  1428  1428 E getTradeOrders:       2023-12-28 00:00:00 2023-12-28 11:09:59
12-28 11:06:12.987  1428  1428 E findTraderOrders: 2   3
12-28 11:06:12.991  1428  1428 E doSearchTradeOrder: 2  3  
12-28 11:06:12.992  1428  1428 E connect_Exception: Too many receivers, total of 1000, registered for pid: 1428, callerPackage: com.shifang.aidish.offline
12-28 11:06:13.021  1428 10832 E ywl5320 : fbo success
12-28 11:06:13.021  1428 10832 E mali_so : encounter the first gles_error : 0x0001; gles_state_error_info : <param> is not an accepted value (gles_texturep_tex_parameteri_input_param_validation at hardware/arm/maliT760/driver/product/gles/src/texture/mali_gles_texture_helpers.c:1095)
12-28 11:06:13.781  1428  1428 E connect_Exception: Too many receivers, total of 1000, registered for pid: 1428, callerPackage: com.shifang.aidish.offline
12-28 11:06:14.463  1428  1428 E connect_Exception: Too many receivers, total of 1000, registered for pid: 1428, callerPackage: com.shifang.aidish.offline
12-28 11:06:14.687  1428  5794 E AI_SDK__innerRecognize: recognizeByFilter7
12-28 11:06:14.687  1428  5794 E recognize: 656ms   /storage/emulated/0/shifang/ai_dish/image/20231228/7083a882-75de-40e1-a328-46a777713e27.jpg  
12-28 11:06:14.741  1428  1428 E resultDishCount: 7 个菜品
12-28 11:06:15.398  1428  5800 E AI_SDK__innerRecognize: recognizeByFilter7
12-28 11:06:15.398  1428  5800 E recognize: 650ms   /storage/emulated/0/shifang/ai_dish/image/20231228/78350699-2956-4f1c-a4a5-e46985c70338.jpg  
12-28 11:06:15.447  1428  1428 E resultDishCount: 7 个菜品
12-28 11:06:16.406  1428  1428 E connect_Exception: Too many receivers, total of 1000, registered for pid: 1428, callerPackage: com.shifang.aidish.offline
12-28 11:06:17.075  1428  5807 E AI_SDK__innerRecognize: recognizeByFilter7
12-28 11:06:17.075  1428  5807 E recognize: 613ms   /storage/emulated/0/shifang/ai_dish/image/20231228/bbf9065e-91e0-474b-a358-60fdb0b84c02.jpg  
12-28 11:06:17.135  1428  1428 E resultDishCount: 7 个菜品
12-28 11:06:18.090  1428  1428 E connect_Exception: Too many receivers, total of 1000, registered for pid: 1428, callerPackage: com.shifang.aidish.offline
12-28 11:06:18.832  1428  3261 E AI_SDK__innerRecognize: recognizeByFilter7
12-28 11:06:18.832  1428  3261 E recognize: 694ms   /storage/emulated/0/shifang/ai_dish/image/20231228/f32a3176-1242-4584-9b87-1987d7c80371.jpg  
12-28 11:06:18.877  1428  1428 E resultDishCount: 7 个菜品
12-28 11:06:19.776  1428  1428 E connect_Exception: Too many receivers, total of 1000, registered for pid: 1428, callerPackage: com.shifang.aidish.offline
12-28 11:06:20.463  1428  3853 E AI_SDK__innerRecognize: recognizeByFilter7
12-28 11:06:20.463  1428  3853 E recognize: 652ms   /storage/emulated/0/shifang/ai_dish/image/20231228/0b6e6905-c7d3-4911-91b5-1eb38da22ec5.jpg  
12-28 11:06:20.498  1428  1428 E resultDishCount: 7 个菜品
12-28 11:06:21.448  1428  1428 E connect_Exception: Too many receivers, total of 1000, registered for pid: 1428, callerPackage: com.shifang.aidish.offline
12-28 11:06:22.103  1428  4158 E AI_SDK__innerRecognize: recognizeByFilter7
12-28 11:06:22.103  1428  4158 E recognize: 619ms   /storage/emulated/0/shifang/ai_dish/image/20231228/e3e1966e-b40a-4d47-a653-5799f5797d51.jpg  
12-28 11:06:22.144  1428  1428 E resultDishCount: 7 个菜品
12-28 11:06:23.138  1428  1428 E connect_Exception: Too many receivers, total of 1000, registered for pid: 1428, callerPackage: com.shifang.aidish.offline
12-28 11:06:23.897  1428  4169 E AI_SDK__innerRecognize: recognizeByFilter7
12-28 11:06:23.897  1428  4169 E recognize: 708ms   /storage/emulated/0/shifang/ai_dish/image/20231228/2eaa6140-8598-4856-90d8-9fc18c125497.jpg  
12-28 11:06:23.957  1428  1428 E resultDishCount: 7 个菜品
12-28 11:06:24.845  1428  1428 E connect_Exception: Too many receivers, total of 1000, registered for pid: 1428, callerPackage: com.shifang.aidish.offline
12-28 11:06:25.542  1428  4211 E AI_SDK__innerRecognize: recognizeByFilter7
12-28 11:06:25.542  1428  4211 E recognize: 656ms   /storage/emulated/0/shifang/ai_dish/image/20231228/11009820-7cf0-4ffb-a019-b02638b9f789.jpg  
12-28 11:06:25.595  1428  1428 E resultDishCount: 7 个菜品
12-28 11:06:26.550  1428  1428 E connect_Exception: Too many receivers, total of 1000, registered for pid: 1428, callerPackage: com.shifang.aidish.offline
12-28 11:06:27.244  1428  4221 E AI_SDK__innerRecognize: recognizeByFilter7
12-28 11:06:27.244  1428  4221 E recognize: 643ms   /storage/emulated/0/shifang/ai_dish/image/20231228/86bd128c-bc6d-416c-a5ea-c805f2ff00eb.jpg  
12-28 11:06:27.278  1428  1428 E resultDishCount: 7 个菜品
12-28 11:06:28.219  1428  1428 E connect_Exception: Too many receivers, total of 1000, registered for pid: 1428, callerPackage: com.shifang.aidish.offline
12-28 11:06:28.990  1428  4252 E AI_SDK__innerRecognize: recognizeByFilter7
12-28 11:06:28.990  1428  4252 E recognize: 727ms   /storage/emulated/0/shifang/ai_dish/image/20231228/f47126fd-6963-49f7-84c8-c41f7e20a461.jpg  
12-28 11:06:29.056  1428  1428 E resultDishCount: 7 个菜品
12-28 11:06:29.885  1428  1428 E connect_Exception: Too many receivers, total of 1000, registered for pid: 1428, callerPackage: com.shifang.aidish.offline
12-28 11:06:30.564  1428  4289 E AI_SDK__innerRecognize: recognizeByFilter7
12-28 11:06:30.564  1428  4289 E recognize: 638ms   /storage/emulated/0/shifang/ai_dish/image/20231228/9e2a2ba4-d1ec-4add-84d7-421440392bc3.jpg  
12-28 11:06:30.600  1428  1428 E resultDishCount: 7 个菜品
12-28 11:06:31.556  1428  1428 E connect_Exception: Too many receivers, total of 1000, registered for pid: 1428, callerPackage: com.shifang.aidish.offline
12-28 11:06:32.310  1428  4296 E AI_SDK__innerRecognize: recognizeByFilter7
12-28 11:06:32.310  1428  4296 E recognize: 709ms   /storage/emulated/0/shifang/ai_dish/image/20231228/5347b1af-d006-48bb-a822-5074fc54d8b9.jpg  
12-28 11:06:32.343  1428  1428 E resultDishCount: 7 个菜品
12-28 11:06:33.232  1428  1428 E connect_Exception: Too many receivers, total of 1000, registered for pid: 1428, callerPackage: com.shifang.aidish.offline
12-28 11:06:33.954  1428  5421 E AI_SDK__innerRecognize: recognizeByFilter7
12-28 11:06:33.954  1428  5421 E recognize: 681ms   /storage/emulated/0/shifang/ai_dish/image/20231228/459f184c-7191-4f15-9aeb-be88553f8557.jpg  
12-28 11:06:33.994  1428  1428 E resultDishCount: 7 个菜品
12-28 11:06:34.894  1428  1428 E connect_Exception: Too many receivers, total of 1000, registered for pid: 1428, callerPackage: com.shifang.aidish.offline
12-28 11:06:35.598  1428  5425 E AI_SDK__innerRecognize: recognizeByFilter7
12-28 11:06:35.598  1428  5425 E recognize: 671ms   /storage/emulated/0/shifang/ai_dish/image/20231228/2f9ad2e9-851c-40a5-a0b9-b9ff972a4931.jpg  
12-28 11:06:35.663  1428  1428 E resultDishCount: 7 个菜品
12-28 11:06:36.565  1428  1428 E connect_Exception: Too many receivers, total of 1000, registered for pid: 1428, callerPackage: com.shifang.aidish.offline
12-28 11:06:37.230  1428  5719 E AI_SDK__innerRecognize: recognizeByFilter7
12-28 11:06:37.230  1428  5719 E recognize: 620ms   /storage/emulated/0/shifang/ai_dish/image/20231228/b8c457ce-8aca-4b5e-ae8a-9ec9b2939109.jpg  
12-28 11:06:37.279  1428  1428 E resultDishCount: 7 个菜品
12-28 11:06:38.234  1428  1428 E connect_Exception: Too many receivers, total of 1000, registered for pid: 1428, callerPackage: com.shifang.aidish.offline
12-28 11:06:38.966  1428  5785 E AI_SDK__innerRecognize: recognizeByFilter7
12-28 11:06:38.967  1428  5785 E recognize: 684ms   /storage/emulated/0/shifang/ai_dish/image/20231228/abe8fdad-50e6-46ca-b6f7-7ec95680a970.jpg  
12-28 11:06:39.002  1428  1428 E resultDishCount: 7 个菜品
12-28 11:06:39.911  1428  1428 E connect_Exception: Too many receivers, total of 1000, registered for pid: 1428, callerPackage: com.shifang.aidish.offline
12-28 11:06:40.644  1428  5789 E AI_SDK__innerRecognize: recognizeByFilter7
12-28 11:06:40.644  1428  5789 E recognize: 685ms   /storage/emulated/0/shifang/ai_dish/image/20231228/3dd20492-beb8-4bed-bcc8-da38847b6fd2.jpg  
12-28 11:06:40.692  1428  1428 E resultDishCount: 7 个菜品
12-28 11:06:41.571  1428  1428 E connect_Exception: Too many receivers, total of 1000, registered for pid: 1428, callerPackage: com.shifang.aidish.offline
12-28 11:06:42.281  1428  5794 E AI_SDK__innerRecognize: recognizeByFilter7
12-28 11:06:42.281  1428  5794 E recognize: 663ms   /storage/emulated/0/shifang/ai_dish/image/20231228/18298c6f-c024-4ffb-9057-c5f0e54e5c4d.jpg  
12-28 11:06:42.323  1428  1428 E resultDishCount: 7 个菜品
12-28 11:06:43.260  1428  1428 E connect_Exception: Too many receivers, total of 1000, registered for pid: 1428, callerPackage: com.shifang.aidish.offline
12-28 11:06:44.067  1428  5800 E AI_SDK__innerRecognize: recognizeByFilter7
12-28 11:06:44.067  1428  5800 E recognize: 755ms   /storage/emulated/0/shifang/ai_dish/image/20231228/a0fa673a-9463-41b0-ab8a-840f97ebe951.jpg  
12-28 11:06:44.104  1428  1428 E resultDishCount: 7 个菜品
12-28 11:06:44.949  1428  1428 E connect_Exception: Too many receivers, total of 1000, registered for pid: 1428, callerPackage: com.shifang.aidish.offline
12-28 11:06:45.647  1428  5807 E AI_SDK__innerRecognize: recognizeByFilter7
12-28 11:06:45.647  1428  5807 E recognize: 658ms   /storage/emulated/0/shifang/ai_dish/image/20231228/ccdf5969-4397-4307-b998-ad89a2a49a77.jpg  
12-28 11:06:45.699  1428  1428 E resultDishCount: 7 个菜品
12-28 11:06:46.638  1428  1428 E connect_Exception: Too many receivers, total of 1000, registered for pid: 1428, callerPackage: com.shifang.aidish.offline
12-28 11:06:47.312  1428  3261 E AI_SDK__innerRecognize: recognizeByFilter7
12-28 11:06:47.313  1428  3261 E recognize: 622ms   /storage/emulated/0/shifang/ai_dish/image/20231228/b0196039-3bd9-4021-8d43-17bfa7ab248c.jpg  
12-28 11:06:47.368  1428  1428 E resultDishCount: 7 个菜品
12-28 11:06:48.308  1428  1428 E connect_Exception: Too many receivers, total of 1000, registered for pid: 1428, callerPackage: com.shifang.aidish.offline
12-28 11:06:49.049  1428  3853 E AI_SDK__innerRecognize: recognizeByFilter7
12-28 11:06:49.049  1428  3853 E recognize: 687ms   /storage/emulated/0/shifang/ai_dish/image/20231228/f8cde27a-4718-4737-af7e-539c0ce33b2d.jpg  
12-28 11:06:49.092  1428  1428 E resultDishCount: 7 个菜品
12-28 11:06:49.991  1428  1428 E connect_Exception: Too many receivers, total of 1000, registered for pid: 1428, callerPackage: com.shifang.aidish.offline
12-28 11:06:50.671  1428  4158 E AI_SDK__innerRecognize: recognizeByFilter7
12-28 11:06:50.671  1428  4158 E recognize: 654ms   /storage/emulated/0/shifang/ai_dish/image/20231228/d50f1195-d977-4ce9-a89c-27749216698f.jpg  
12-28 11:06:50.726  1428  1428 E resultDishCount: 7 个菜品
12-28 11:06:51.662  1428  1428 E connect_Exception: Too many receivers, total of 1000, registered for pid: 1428, callerPackage: com.shifang.aidish.offline
12-28 11:06:52.341  1428  4169 E AI_SDK__innerRecognize: recognizeByFilter7
12-28 11:06:52.341  1428  4169 E recognize: 623ms   /storage/emulated/0/shifang/ai_dish/image/20231228/edaeb153-7506-45bc-a387-3f846fe387b1.jpg  
12-28 11:06:52.395  1428  1428 E resultDishCount: 7 个菜品
12-28 11:06:53.333  1428  1428 E connect_Exception: Too many receivers, total of 1000, registered for pid: 1428, callerPackage: com.shifang.aidish.offline
12-28 11:06:53.994  1428  4211 E AI_SDK__innerRecognize: recognizeByFilter7
12-28 11:06:53.994  1428  4211 E recognize: 622ms   /storage/emulated/0/shifang/ai_dish/image/20231228/eba552fa-6b9f-451c-a65f-e252bddb40ab.jpg  
12-28 11:06:54.029  1428  1428 E resultDishCount: 7 个菜品
12-28 11:06:55.000  1428  1428 E connect_Exception: Too many receivers, total of 1000, registered for pid: 1428, callerPackage: com.shifang.aidish.offline
12-28 11:06:55.679  1428  4221 E AI_SDK__innerRecognize: recognizeByFilter7
12-28 11:06:55.679  1428  4221 E recognize: 630ms   /storage/emulated/0/shifang/ai_dish/image/20231228/eb022c5c-9fa3-4af5-a58e-015c5d40a922.jpg  
12-28 11:06:55.735  1428  1428 E resultDishCount: 7 个菜品
12-28 11:06:56.670  1428  1428 E connect_Exception: Too many receivers, total of 1000, registered for pid: 1428, callerPackage: com.shifang.aidish.offline
12-28 11:06:57.367  1428  4252 E AI_SDK__innerRecognize: recognizeByFilter7
12-28 11:06:57.367  1428  4252 E recognize: 666ms   /storage/emulated/0/shifang/ai_dish/image/20231228/e86b49ba-9b8f-4440-8b23-99086f6c82f9.jpg  
12-28 11:06:57.424  1428  1428 E resultDishCount: 7 个菜品
12-28 11:06:58.342  1428  1428 E connect_Exception: Too many receivers, total of 1000, registered for pid: 1428, callerPackage: com.shifang.aidish.offline
12-28 11:06:59.039  1428  4289 E AI_SDK__innerRecognize: recognizeByFilter7
12-28 11:06:59.039  1428  4289 E recognize: 649ms   /storage/emulated/0/shifang/ai_dish/image/20231228/44513060-b158-4790-a567-78cf174daf4d.jpg  
12-28 11:06:59.092  1428  1428 E resultDishCount: 7 个菜品
12-28 11:07:00.034  1428  1428 E connect_Exception: Too many receivers, total of 1000, registered for pid: 1428, callerPackage: com.shifang.aidish.offline
12-28 11:07:00.734  1428  4296 E AI_SDK__innerRecognize: recognizeByFilter7
12-28 11:07:00.734  1428  4296 E recognize: 664ms   /storage/emulated/0/shifang/ai_dish/image/20231228/7e503e38-7f26-4503-9a2a-8e2eadff8c8c.jpg  
12-28 11:07:00.765  1428  1428 E resultDishCount: 7 个菜品
12-28 11:07:01.697  1428  1428 E connect_Exception: Too many receivers, total of 1000, registered for pid: 1428, callerPackage: com.shifang.aidish.offline
12-28 11:07:02.375  1428  5421 E AI_SDK__innerRecognize: recognizeByFilter7
12-28 11:07:02.375  1428  5421 E recognize: 647ms   /storage/emulated/0/shifang/ai_dish/image/20231228/bef04e98-8c11-4ad5-9a49-85f3a72f8d56.jpg  
12-28 11:07:02.413  1428  1428 E resultDishCount: 7 个菜品
12-28 11:07:03.513  1428  1428 E connect_Exception: Too many receivers, total of 1000, registered for pid: 1428, callerPackage: com.shifang.aidish.offline
12-28 11:07:04.250  1428  5425 E AI_SDK__innerRecognize: recognizeByFilter7
12-28 11:07:04.250  1428  5425 E recognize: 676ms   /storage/emulated/0/shifang/ai_dish/image/20231228/52299def-4a41-4dec-bb6e-01c5ed82fb48.jpg  
12-28 11:07:04.316  1428  1428 E resultDishCount: 7 个菜品
12-28 11:07:05.161  1428  1428 E connect_Exception: Too many receivers, total of 1000, registered for pid: 1428, callerPackage: com.shifang.aidish.offline
12-28 11:07:05.912  1428  5719 E AI_SDK__innerRecognize: recognizeByFilter7
12-28 11:07:05.912  1428  5719 E recognize: 726ms   /storage/emulated/0/shifang/ai_dish/image/20231228/593c7a39-700b-40fa-8cc8-a9606fa27c8d.jpg  
12-28 11:07:05.969  1428  1428 E resultDishCount: 7 个菜品
12-28 11:07:06.854  1428  1428 E connect_Exception: Too many receivers, total of 1000, registered for pid: 1428, callerPackage: com.shifang.aidish.offline
12-28 11:07:07.582  1428  5785 E AI_SDK__innerRecognize: recognizeByFilter7
12-28 11:07:07.582  1428  5785 E recognize: 670ms   /storage/emulated/0/shifang/ai_dish/image/20231228/32218035-3306-4116-bf8a-e5df773a4e99.jpg  
12-28 11:07:07.642  1428  1428 E resultDishCount: 7 个菜品
12-28 11:07:08.574  1428  1428 E connect_Exception: Too many receivers, total of 1000, registered for pid: 1428, callerPackage: com.shifang.aidish.offline
12-28 11:07:09.270  1428  5789 E AI_SDK__innerRecognize: recognizeByFilter7
12-28 11:07:09.270  1428  5789 E recognize: 649ms   /storage/emulated/0/shifang/ai_dish/image/20231228/7f418f98-b1e1-4f43-acc5-8dc3448150ba.jpg  
12-28 11:07:09.310  1428  1428 E resultDishCount: 7 个菜品
12-28 11:07:10.242  1428  1428 E connect_Exception: Too many receivers, total of 1000, registered for pid: 1428, callerPackage: com.shifang.aidish.offline
12-28 11:07:10.985  1428  5794 E AI_SDK__innerRecognize: recognizeByFilter7
12-28 11:07:10.985  1428  5794 E recognize: 711ms   /storage/emulated/0/shifang/ai_dish/image/20231228/393205df-49e2-4dcd-acad-987449397b1c.jpg  
12-28 11:07:11.031  1428  1428 E resultDishCount: 7 个菜品
12-28 11:07:11.899  1428  1428 E connect_Exception: Too many receivers, total of 1000, registered for pid: 1428, callerPackage: com.shifang.aidish.offline
12-28 11:07:12.602  1428  5800 E AI_SDK__innerRecognize: recognizeByFilter7
12-28 11:07:12.602  1428  5800 E recognize: 651ms   /storage/emulated/0/shifang/ai_dish/image/20231228/44669175-e6d6-4505-a94b-b7006ec7ea9d.jpg  
12-28 11:07:12.629  1428  1428 E resultDishCount: 7 个菜品
12-28 11:07:13.571  1428  1428 E connect_Exception: Too many receivers, total of 1000, registered for pid: 1428, callerPackage: com.shifang.aidish.offline
12-28 11:07:14.342  1428  5807 E AI_SDK__innerRecognize: recognizeByFilter7
12-28 11:07:14.342  1428  5807 E recognize: 733ms   /storage/emulated/0/shifang/ai_dish/image/20231228/0d9c2c8d-f72b-4826-a99b-2430c41ca07e.jpg  
12-28 11:07:14.388  1428  1428 E resultDishCount: 7 个菜品
12-28 11:07:15.236  1428  1428 E connect_Exception: Too many receivers, total of 1000, registered for pid: 1428, callerPackage: com.shifang.aidish.offline
12-28 11:07:16.005  1428  3261 E AI_SDK__innerRecognize: recognizeByFilter7
12-28 11:07:16.005  1428  3261 E recognize: 700ms   /storage/emulated/0/shifang/ai_dish/image/20231228/2e10befb-14c0-4e53-a8ea-ab13504fbb81.jpg  
12-28 11:07:16.058  1428  1428 E resultDishCount: 7 个菜品
12-28 11:07:16.904  1428  1428 E connect_Exception: Too many receivers, total of 1000, registered for pid: 1428, callerPackage: com.shifang.aidish.offline
12-28 11:07:17.586  1428  3853 E AI_SDK__innerRecognize: recognizeByFilter7
12-28 11:07:17.586  1428  3853 E recognize: 637ms   /storage/emulated/0/shifang/ai_dish/image/20231228/e2768142-0781-43ff-8921-a7d047c9e34a.jpg  
12-28 11:07:17.619  1428  1428 E resultDishCount: 7 个菜品
12-28 11:07:18.591  1428  1428 E connect_Exception: Too many receivers, total of 1000, registered for pid: 1428, callerPackage: com.shifang.aidish.offline
12-28 11:07:19.376  1428  4158 E AI_SDK__innerRecognize: recognizeByFilter7
12-28 11:07:19.377  1428  4158 E recognize: 746ms   /storage/emulated/0/shifang/ai_dish/image/20231228/457938b2-863d-417e-87f3-e70b7d51c5bc.jpg  
12-28 11:07:19.437  1428  1428 E resultDishCount: 7 个菜品
12-28 11:07:20.260  1428  1428 E connect_Exception: Too many receivers, total of 1000, registered for pid: 1428, callerPackage: com.shifang.aidish.offline
12-28 11:07:21.022  1428  4169 E AI_SDK__innerRecognize: recognizeByFilter7
12-28 11:07:21.022  1428  4169 E recognize: 734ms   /storage/emulated/0/shifang/ai_dish/image/20231228/30e7284f-702b-45ca-abb4-19bb5db6249a.jpg  
12-28 11:07:21.066  1428  1428 E resultDishCount: 7 个菜品
12-28 11:07:21.931  1428  1428 E connect_Exception: Too many receivers, total of 1000, registered for pid: 1428, callerPackage: com.shifang.aidish.offline
12-28 11:07:22.584  1428  4211 E AI_SDK__innerRecognize: recognizeByFilter7
12-28 11:07:22.584  1428  4211 E recognize: 619ms   /storage/emulated/0/shifang/ai_dish/image/20231228/9d26e5de-4b03-4a2b-8baa-4be466fc71f3.jpg  
12-28 11:07:22.647  1428  1428 E resultDishCount: 7 个菜品
12-28 11:07:23.586  1428  1428 E connect_Exception: Too many receivers, total of 1000, registered for pid: 1428, callerPackage: com.shifang.aidish.offline
12-28 11:07:24.365  1428  4221 E AI_SDK__innerRecognize: recognizeByFilter7
12-28 11:07:24.365  1428  4221 E recognize: 724ms   /storage/emulated/0/shifang/ai_dish/image/20231228/4e15dea5-189f-49c9-bc81-f9ad4ed6b242.jpg  
12-28 11:07:24.425  1428  1428 E resultDishCount: 7 个菜品
12-28 11:07:25.252  1428  1428 E connect_Exception: Too many receivers, total of 1000, registered for pid: 1428, callerPackage: com.shifang.aidish.offline
12-28 11:07:25.934  1428  4252 E AI_SDK__innerRecognize: recognizeByFilter7
12-28 11:07:25.935  1428  4252 E recognize: 641ms   /storage/emulated/0/shifang/ai_dish/image/20231228/e140cf76-5aa9-406d-95d4-480f425aa2c2.jpg  
12-28 11:07:25.968  1428  1428 E resultDishCount: 7 个菜品
12-28 11:07:26.923  1428  1428 E connect_Exception: Too many receivers, total of 1000, registered for pid: 1428, callerPackage: com.shifang.aidish.offline
12-28 11:07:27.645  1428  4289 E AI_SDK__innerRecognize: recognizeByFilter7
12-28 11:07:27.645  1428  4289 E recognize: 662ms   /storage/emulated/0/shifang/ai_dish/image/20231228/4c487c91-a1c1-41f3-9e77-b0c400ec5191.jpg  
12-28 11:07:27.692  1428  1428 E resultDishCount: 7 个菜品
12-28 11:07:28.610  1428  1428 E connect_Exception: Too many receivers, total of 1000, registered for pid: 1428, callerPackage: com.shifang.aidish.offline
12-28 11:07:29.362  1428  4296 E AI_SDK__innerRecognize: recognizeByFilter7
12-28 11:07:29.362  1428  4296 E recognize: 716ms   /storage/emulated/0/shifang/ai_dish/image/20231228/dd0a6baf-cc21-4b24-8884-ccd6608a3884.jpg  
12-28 11:07:29.401  1428  1428 E resultDishCount: 7 个菜品
12-28 11:07:30.279  1428  1428 E connect_Exception: Too many receivers, total of 1000, registered for pid: 1428, callerPackage: com.shifang.aidish.offline
12-28 11:07:30.962  1428  5421 E AI_SDK__innerRecognize: recognizeByFilter7
12-28 11:07:30.963  1428  5421 E recognize: 650ms   /storage/emulated/0/shifang/ai_dish/image/20231228/1bed94d1-e13d-4e81-80df-ae209837ee50.jpg  
12-28 11:07:31.015  1428  1428 E resultDishCount: 7 个菜品
12-28 11:07:31.953  1428  1428 E connect_Exception: Too many receivers, total of 1000, registered for pid: 1428, callerPackage: com.shifang.aidish.offline
12-28 11:07:32.648  1428  5425 E AI_SDK__innerRecognize: recognizeByFilter7
12-28 11:07:32.648  1428  5425 E recognize: 660ms   /storage/emulated/0/shifang/ai_dish/image/20231228/df9c31f5-335f-4f22-90cd-a97167f2f7cc.jpg  
12-28 11:07:32.700  1428  1428 E resultDishCount: 7 个菜品
12-28 11:07:33.618  1428  1428 E connect_Exception: Too many receivers, total of 1000, registered for pid: 1428, callerPackage: com.shifang.aidish.offline
12-28 11:07:34.349  1428  5719 E AI_SDK__innerRecognize: recognizeByFilter7
12-28 11:07:34.349  1428  5719 E recognize: 699ms   /storage/emulated/0/shifang/ai_dish/image/20231228/d02d73bb-d910-4330-af87-64da8459585f.jpg  
12-28 11:07:34.407  1428  1428 E resultDishCount: 7 个菜品
12-28 11:07:35.307  1428  1428 E connect_Exception: Too many receivers, total of 1000, registered for pid: 1428, callerPackage: com.shifang.aidish.offline
12-28 11:07:35.998  1428  5785 E AI_SDK__innerRecognize: recognizeByFilter7
12-28 11:07:35.998  1428  5785 E recognize: 651ms   /storage/emulated/0/shifang/ai_dish/image/20231228/1a8ea7e3-80f4-47d6-bd04-2bbf02588598.jpg  
12-28 11:07:36.059  1428  1428 E resultDishCount: 7 个菜品
12-28 11:07:37.016  1428  1428 E connect_Exception: Too many receivers, total of 1000, registered for pid: 1428, callerPackage: com.shifang.aidish.offline
12-28 11:07:37.707  1428  5789 E AI_SDK__innerRecognize: recognizeByFilter7
12-28 11:07:37.707  1428  5789 E recognize: 638ms   /storage/emulated/0/shifang/ai_dish/image/20231228/1584c84b-68b2-45c1-88ab-a07b1fddd5c5.jpg  
12-28 11:07:37.747  1428  1428 E resultDishCount: 7 个菜品
12-28 11:07:38.681  1428  1428 E connect_Exception: Too many receivers, total of 1000, registered for pid: 1428, callerPackage: com.shifang.aidish.offline
12-28 11:07:39.397  1428  5794 E AI_SDK__innerRecognize: recognizeByFilter7
12-28 11:07:39.397  1428  5794 E recognize: 672ms   /storage/emulated/0/shifang/ai_dish/image/20231228/7320943a-8269-47bc-b57f-b5ab82e6c6a9.jpg  
12-28 11:07:39.451  1428  1428 E resultDishCount: 7 个菜品
12-28 11:07:40.341  1428  1428 E connect_Exception: Too many receivers, total of 1000, registered for pid: 1428, callerPackage: com.shifang.aidish.offline
12-28 11:07:41.101  1428  5800 E AI_SDK__innerRecognize: recognizeByFilter7
12-28 11:07:41.101  1428  5800 E recognize: 711ms   /storage/emulated/0/shifang/ai_dish/image/20231228/d6722803-28d9-49e8-b94d-7f68a5355057.jpg  
12-28 11:07:41.138  1428  1428 E resultDishCount: 7 个菜品
12-28 11:07:41.752  1428  1428 E connect_Exception: Too many receivers, total of 1000, registered for pid: 1428, callerPackage: com.shifang.aidish.offline
12-28 11:07:42.444  1428  5807 E AI_SDK__innerRecognize: recognizeByFilter7
12-28 11:07:42.445  1428  5807 E recognize: 653ms   /storage/emulated/0/shifang/ai_dish/image/20231228/15f8e2fb-3ed3-4445-96db-fc27b9706727.jpg  
12-28 11:07:42.504  1428  1428 E resultDishCount: 7 个菜品
12-28 11:07:43.403  1428  1428 E connect_Exception: Too many receivers, total of 1000, registered for pid: 1428, callerPackage: com.shifang.aidish.offline
12-28 11:07:44.096  1428  3261 E AI_SDK__innerRecognize: recognizeByFilter7
12-28 11:07:44.096  1428  3261 E recognize: 663ms   /storage/emulated/0/shifang/ai_dish/image/20231228/209d853c-b33a-49e9-842f-8ba3d6c1c6c5.jpg  
12-28 11:07:44.137  1428  1428 E resultDishCount: 7 个菜品
12-28 11:07:45.093  1428  1428 E connect_Exception: Too many receivers, total of 1000, registered for pid: 1428, callerPackage: com.shifang.aidish.offline
12-28 11:07:45.858  1428  3853 E AI_SDK__innerRecognize: recognizeByFilter7
12-28 11:07:45.858  1428  3853 E recognize: 728ms   /storage/emulated/0/shifang/ai_dish/image/20231228/9dda902e-cc1c-4bf6-8b44-7aba39b27af6.jpg  
12-28 11:07:45.896  1428  1428 E resultDishCount: 7 个菜品
12-28 11:07:46.763  1428  1428 E connect_Exception: Too many receivers, total of 1000, registered for pid: 1428, callerPackage: com.shifang.aidish.offline
12-28 11:07:47.474  1428  4158 E AI_SDK__innerRecognize: recognizeByFilter7
