12-26 19:37:05.614 11819 11907 E UploadDishTaskService_setGroundTruth: {"products":[{"classId":5,"cropImagePath":"/storage/emulated/0/shifang/ai_dish/image//20231226/763595d5-f561-4968-9cc6-9325f98b0982.jpg_0.jpg","operation":"NONE","posIndex":0,"predictClassId":5,"productName":"冰红茶","tag":""},{"classId":10,"cropImagePath":"/storage/emulated/0/shifang/ai_dish/image//20231226/763595d5-f561-4968-9cc6-9325f98b0982.jpg_1.jpg","operation":"NONE","posIndex":1,"predictClassId":10,"productName":"农夫山泉","tag":""},{"classId":1,"cropImagePath":"/storage/emulated/0/shifang/ai_dish/image//20231226/763595d5-f561-4968-9cc6-9325f98b0982.jpg_2.jpg","operation":"NONE","posIndex":2,"predictClassId":1,"productName":"可乐","tag":""},{"classId":2,"cropImagePath":"/storage/emulated/0/shifang/ai_dish/image//20231226/763595d5-f561-4968-9cc6-9325f98b0982.jpg_3.jpg","operation":"NONE","posIndex":3,"predictClassId":2,"productName":"菠萝面包","tag":""},{"classId":6,"cropImagePath":"/storage/emulated/0/shifang/ai_dish/image//20231226/763595d5-f561-4968-9cc6-9325f98b0982.jpg_4.jpg","operation":"NONE","posIndex":4,"predictClassId":6,"productName":"蛋黄派","tag":""},{"classId":9,"cropImagePath":"/storage/emulated/0/shifang/ai_dish/image//20231226/763595d5-f561-4968-9cc6-9325f98b0982.jpg_5.jpg","operation":"NONE","posIndex":5,"predictClassId":9,"productName":"干脆面","tag":""},{"classId":8,"cropImagePath":"/storage/emulated/0/shifang/ai_dish/image//20231226/763595d5-f561-4968-9cc6-9325f98b0982.jpg_6.jpg","operation":"NONE","posIndex":6,"predictClassId":8,"productName":"玫瑰饼","tag":""},{"classId":3,"cropImagePath":"/storage/emulated/0/shifang/ai_dish/image//20231226/763595d5-f561-4968-9cc6-9325f98b0982.jpg_7.jpg","operation":"NONE","posIndex":7,"predictClassId":3,"productName":"水蜜桃","tag":""},{"classId":7,"cropImagePath":"/storage/emulated/0/shifang/ai_dish/image//20231226/763595d5-f561-4968-9cc6-9325f98b0982.jpg_8.jpg","operation":"NONE","posIndex":8,"predictClassId":7,"productName":"香肠","tag":""},{"classId":4,"cropImagePath":"/storage/emulated/0/shifang/ai_dish/image//20231226/763595d5-f561-4968-9cc6-9325f98b0982.jpg_9.jpg","operation":"NONE","posIndex":9,"predictClassId":4,"productName":"酸奶","tag":""}],"requestId":"718465df765a4691a5cfb17833deb552"}
12-26 19:37:44.964 11819 11819 E USBTransferUtil: 当前可用 usb 设备数量: 0
12-26 19:38:05.650 11819 12368 E syncSubImage: 0 
12-26 19:38:05.651 11819 11898 E syncSubImage: 0 
12-26 19:38:05.709 11819 11907 E syncSubImage: 0 
12-26 19:39:05.673 11819 12368 E syncSubImage: 0 
12-26 19:39:05.675 11819 11898 E syncSubImage: 0 
12-26 19:39:05.730 11819 11907 E syncSubImage: 0 
12-26 19:39:26.035 11819 11908 E ZyTkPaymentProvider__getCurrentNewPhotoId_Exception: com.shifang.lib_sf_rxhttp.exception.ApiException: 连接超时    http://23.52.99.15:8087/api/common/systemdocking/getaccphotofixid?access_token=
12-26 19:39:26.047 11819 11908 E ZyTkPaymentProvider__updateFace:   0  100  0
12-26 19:40:05.691 11819 12368 E syncSubImage: 0 
12-26 19:40:05.696 11819 11898 E syncSubImage: 0 
12-26 19:40:05.747 11819 11907 E syncSubImage: 0 
12-26 19:41:05.714 11819 11898 E syncSubImage: 0 
12-26 19:41:05.715 11819 12368 E syncSubImage: 0 
12-26 19:41:05.764 11819 11907 E syncSubImage: 0 
12-26 19:42:05.737 11819 12368 E syncSubImage: 0 
12-26 19:42:05.752 11819 11898 E syncSubImage: 0 
12-26 19:42:05.781 11819 11907 E syncSubImage: 0 
12-26 19:43:05.760 11819 12368 E syncSubImage: 0 
12-26 19:43:05.776 11819 11898 E syncSubImage: 0 
12-26 19:43:05.802 11819 11907 E syncSubImage: 0 
12-26 19:44:05.789 11819 12368 E syncSubImage: 0 
12-26 19:44:05.797 11819 11898 E syncSubImage: 0 
12-26 19:44:05.810 11819 11907 E syncSubImage: 0 
12-26 19:44:27.802 11819 11908 E ZyTkPaymentProvider__getAccessTokenRequest_exception: com.shifang.lib_sf_rxhttp.exception.ApiException: 连接超时  http://23.52.99.15:8087/api/token?appid=9DD8666A2F4E87D042C2071CD590BB38&appsecret=8B2DCAC4DD8ECA9E2CE14E949F31B18F
12-26 19:45:05.810 11819 12368 E syncSubImage: 0 
12-26 19:45:05.812 11819 11898 E syncSubImage: 0 
12-26 19:45:05.823 11819 11907 E syncSubImage: 0 
12-26 19:46:05.826 11819 11898 E syncSubImage: 0 
12-26 19:46:05.829 11819 12368 E syncSubImage: 0 
12-26 19:46:05.833 11819 11907 E syncSubImage: 0 
12-26 19:47:05.852 11819 11898 E syncSubImage: 0 
12-26 19:47:05.855 11819 12368 E syncSubImage: 0 
12-26 19:47:05.857 11819 11907 E syncSubImage: 0 
12-26 19:47:22.308 11819 11819 E USBTransferUtil: 当前可用 usb 设备数量: 0
12-26 19:47:23.086 11819 14178 E innerRecognize: recognizeByFilter0
12-26 19:47:23.086 11819 14178 E recognize: 238ms   /storage/emulated/0/shifang/ai_dish/image/20231226/5b4785c6-0d2c-4f2e-86c9-1b1d0654e459.jpg  
12-26 19:47:29.603 11819 11819 E USBTransferUtil: 当前可用 usb 设备数量: 0
12-26 19:47:30.362 11819 14966 E innerRecognize: recognizeByFilter0
12-26 19:47:30.362 11819 14966 E recognize: 209ms   /storage/emulated/0/shifang/ai_dish/image/20231226/98da590c-706c-4030-b23b-025f20ac1f15.jpg  
12-26 19:47:33.955 11819 11819 E USBTransferUtil: 当前可用 usb 设备数量: 0
12-26 19:47:34.232 11819 20888 E innerRecognize: recognizeByFilter0
12-26 19:47:34.232 11819 20888 E recognize: 239ms   /storage/emulated/0/shifang/ai_dish/image/20231226/a9394fe0-0fc4-4105-9f5d-3bea8e2ec931.jpg  
12-26 19:47:35.070 11819 11819 E USBTransferUtil: 当前可用 usb 设备数量: 0
12-26 19:47:35.313 11819 20904 E innerRecognize: recognizeByFilter0
12-26 19:47:35.313 11819 20904 E recognize: 211ms   /storage/emulated/0/shifang/ai_dish/image/20231226/9fc96cf4-6c41-4681-86bb-010faf3037d8.jpg  
12-26 19:47:35.632 11819 11819 E USBTransferUtil: 当前可用 usb 设备数量: 0
12-26 19:47:35.879 11819 20928 E innerRecognize: recognizeByFilter0
12-26 19:47:35.879 11819 20928 E recognize: 197ms   /storage/emulated/0/shifang/ai_dish/image/20231226/29e8563e-d303-497c-ae15-81287be764eb.jpg  
12-26 19:47:36.172 11819 11819 E USBTransferUtil: 当前可用 usb 设备数量: 0
12-26 19:47:36.439 11819 11983 E innerRecognize: recognizeByFilter0
12-26 19:47:36.439 11819 11983 E recognize: 216ms   /storage/emulated/0/shifang/ai_dish/image/20231226/d731736f-13f5-4192-a43d-a83e5ec581bd.jpg  
12-26 19:47:36.690 11819 11819 E USBTransferUtil: 当前可用 usb 设备数量: 0
12-26 19:47:36.924 11819 12035 E innerRecognize: recognizeByFilter0
12-26 19:47:36.924 11819 12035 E recognize: 192ms   /storage/emulated/0/shifang/ai_dish/image/20231226/fee55aff-a078-466d-b026-c17a5b8c2d22.jpg  
12-26 19:47:38.180 11819 11819 E surfaceDestroyed: ------
12-26 19:47:38.181 11819 11819 E surfaceDestroyed: ------
12-26 19:47:38.183 11819 22120 E BufferQueueProducer: [SurfaceView[com.shifang.aidish.offline/com.shifang.aidish.mvp.ui.DetectCalcActivity]#178(BLAST Consumer)178](id:2e2b000000d4,api:0,p:-1,c:11819) dequeueBuffer: BufferQueue has no connected producer
12-26 19:47:38.183 11819 22120 E mali_so : encounter the first mali_error : 0x0002 : failed to allocate CPU memory (gles_fb_first_operation_cb at hardware/arm/maliT760/driver/product/gles/src/fb/mali_gles_fb_module_api.c:987)
12-26 19:47:38.184 11819 22120 E BufferQueueProducer: [SurfaceView[com.shifang.aidish.offline/com.shifang.aidish.mvp.ui.DetectCalcActivity]#178(BLAST Consumer)178](id:2e2b000000d4,api:0,p:-1,c:11819) dequeueBuffer: BufferQueue has no connected producer
12-26 19:47:38.185 11819 22120 E BufferQueueProducer: [SurfaceView[com.shifang.aidish.offline/com.shifang.aidish.mvp.ui.DetectCalcActivity]#178(BLAST Consumer)178](id:2e2b000000d4,api:0,p:-1,c:11819) disconnect: not connected (req=1)
12-26 19:47:38.196 11819 22122 E BufferQueueProducer: [SurfaceView[]#179(BLAST Consumer)179](id:2e2b000000d6,api:0,p:-1,c:11819) dequeueBuffer: BufferQueue has no connected producer
12-26 19:47:38.196 11819 22122 E mali_so : encounter the first mali_error : 0x0002 : failed to allocate CPU memory (gles_fb_first_operation_cb at hardware/arm/maliT760/driver/product/gles/src/fb/mali_gles_fb_module_api.c:987)
12-26 19:47:38.196 11819 22122 E BufferQueueProducer: [SurfaceView[]#179(BLAST Consumer)179](id:2e2b000000d6,api:0,p:-1,c:11819) dequeueBuffer: BufferQueue has no connected producer
12-26 19:47:38.197 11819 22122 E BufferQueueProducer: [SurfaceView[]#179(BLAST Consumer)179](id:2e2b000000d6,api:0,p:-1,c:11819) disconnect: not connected (req=1)
12-26 19:47:38.319 11819 23721 E getNewVersion: null
12-26 19:47:38.984 11819 11819 E Bundle  : putString->args_tag:null
12-26 19:47:38.984 11819 11819 E Bundle  : putString->args_tag:null
12-26 19:47:38.984 11819 11819 E Bundle  : putString->args_tag:null
12-26 19:47:38.985 11819 11819 E Bundle  : putString->args_tag:null
12-26 19:47:39.001 11819 11819 E language: ch
12-26 19:47:39.066 11819 11819 E TradeOrderPresenter__doSearchTradeOrder  srcUserName:  
12-26 19:47:39.066 11819 11819 E getTradeOrders:       2023-12-26 00:00:00 2023-12-26 19:50:59
12-26 19:47:39.069 11819 11819 E findTraderOrders: 5   5
12-26 19:47:39.070 11819 11819 E doSearchTradeOrder: 5  5  
12-26 19:47:39.071 11819 11819 E USBTransferUtil: 当前可用 usb 设备数量: 0
12-26 19:47:39.084 11819 23743 E ts_scan_state_fun: 1 
12-26 19:47:39.085 11819 23745 E ts_scan_state_fun: 1 
12-26 19:47:39.086 11819 23749 E ts_scan_state_fun: 1 
12-26 19:47:39.181 11819 23755 E ywl5320 : fbo success
12-26 19:47:39.181 11819 23755 E mali_so : encounter the first gles_error : 0x0001; gles_state_error_info : <param> is not an accepted value (gles_texturep_tex_parameteri_input_param_validation at hardware/arm/maliT760/driver/product/gles/src/texture/mali_gles_texture_helpers.c:1095)
12-26 19:47:39.840 11819 11819 E USBTransferUtil: 当前可用 usb 设备数量: 0
12-26 19:47:40.326 11819 11819 E USBTransferUtil: 当前可用 usb 设备数量: 0
12-26 19:47:40.372 11819 12087 E BusinessException: /storage/emulated/0/Android/shifangfood/detect_image.jpg: open failed: ENOENT (No such file or directory)
12-26 19:47:40.590 11819 12131 E innerRecognize: recognizeByFilter0
12-26 19:47:40.590 11819 12131 E recognize: 193ms   /storage/emulated/0/shifang/ai_dish/image/20231226/c8c85dba-ea42-416a-8e4f-623eff1f74be.jpg  
12-26 19:47:42.482 11819 11819 E surfaceDestroyed: ------
12-26 19:47:42.482 11819 11819 E surfaceDestroyed: ------
12-26 19:47:42.483 11819 23767 E BufferQueueProducer: [SurfaceView[]#184(BLAST Consumer)184](id:2e2b000000e8,api:0,p:-1,c:11819) dequeueBuffer: BufferQueue has no connected producer
12-26 19:47:42.483 11819 23767 E mali_so : encounter the first mali_error : 0x0002 : failed to allocate CPU memory (gles_fb_first_operation_cb at hardware/arm/maliT760/driver/product/gles/src/fb/mali_gles_fb_module_api.c:987)
12-26 19:47:42.483 11819 23767 E BufferQueueProducer: [SurfaceView[]#184(BLAST Consumer)184](id:2e2b000000e8,api:0,p:-1,c:11819) dequeueBuffer: BufferQueue has no connected producer
12-26 19:47:42.483 11819 23755 E BufferQueueProducer: [SurfaceView[com.shifang.aidish.offline/com.shifang.aidish.mvp.ui.DetectCalcActivity]#183(BLAST Consumer)183](id:2e2b000000e6,api:0,p:-1,c:11819) dequeueBuffer: BufferQueue has no connected producer
12-26 19:47:42.484 11819 23755 E mali_so : encounter the first mali_error : 0x0002 : failed to allocate CPU memory (gles_fb_first_operation_cb at hardware/arm/maliT760/driver/product/gles/src/fb/mali_gles_fb_module_api.c:987)
12-26 19:47:42.484 11819 23755 E BufferQueueProducer: [SurfaceView[com.shifang.aidish.offline/com.shifang.aidish.mvp.ui.DetectCalcActivity]#183(BLAST Consumer)183](id:2e2b000000e6,api:0,p:-1,c:11819) dequeueBuffer: BufferQueue has no connected producer
12-26 19:47:42.484 11819 23767 E BufferQueueProducer: [SurfaceView[]#184(BLAST Consumer)184](id:2e2b000000e8,api:0,p:-1,c:11819) disconnect: not connected (req=1)
12-26 19:47:42.484 11819 23755 E BufferQueueProducer: [SurfaceView[com.shifang.aidish.offline/com.shifang.aidish.mvp.ui.DetectCalcActivity]#183(BLAST Consumer)183](id:2e2b000000e6,api:0,p:-1,c:11819) disconnect: not connected (req=1)
12-26 19:47:42.565 11819 23773 E getNewVersion: null
12-26 19:47:43.387 11819 11819 E Bundle  : putString->args_tag:null
12-26 19:47:43.388 11819 11819 E Bundle  : putString->args_tag:null
12-26 19:47:43.388 11819 11819 E Bundle  : putString->args_tag:null
12-26 19:47:43.388 11819 11819 E Bundle  : putString->args_tag:null
12-26 19:47:43.404 11819 11819 E language: ch
12-26 19:47:43.469 11819 11819 E TradeOrderPresenter__doSearchTradeOrder  srcUserName:  
12-26 19:47:43.469 11819 11819 E getTradeOrders:       2023-12-26 00:00:00 2023-12-26 19:50:59
12-26 19:47:43.472 11819 11819 E findTraderOrders: 5   5
12-26 19:47:43.472 11819 11819 E doSearchTradeOrder: 5  5  
12-26 19:47:43.474 11819 11819 E USBTransferUtil: 当前可用 usb 设备数量: 0
12-26 19:47:43.487 11819 23782 E ts_scan_state_fun: 1 
12-26 19:47:43.488 11819 23784 E ts_scan_state_fun: 1 
12-26 19:47:43.489 11819 23788 E ts_scan_state_fun: 1 
12-26 19:47:43.491 11819 23791 E ts_scan_state_fun: 1 
12-26 19:47:43.589 11819 23796 E ywl5320 : fbo success
12-26 19:47:43.589 11819 23796 E mali_so : encounter the first gles_error : 0x0001; gles_state_error_info : <param> is not an accepted value (gles_texturep_tex_parameteri_input_param_validation at hardware/arm/maliT760/driver/product/gles/src/texture/mali_gles_texture_helpers.c:1095)
12-26 19:47:44.226 11819 11819 E USBTransferUtil: 当前可用 usb 设备数量: 0
12-26 19:47:44.964 11819 11819 E USBTransferUtil: 当前可用 usb 设备数量: 0
12-26 19:47:45.004 11819 12294 E innerRecognize: recognizeByFilter0
12-26 19:47:45.004 11819 12294 E recognize: 223ms   /storage/emulated/0/shifang/ai_dish/image/20231226/8115fec5-9af0-46c3-a54b-798c6bdbc289.jpg  
12-26 19:47:45.249 11819 12398 E innerRecognize: recognizeByFilter0
12-26 19:47:45.249 11819 12398 E recognize: 232ms   /storage/emulated/0/shifang/ai_dish/image/20231226/a32ae92e-171e-4d6e-a947-5ca832de82d7.jpg  
12-26 19:47:46.166 11819 11819 E USBTransferUtil: 当前可用 usb 设备数量: 0
12-26 19:47:46.424 11819 12437 E innerRecognize: recognizeByFilter0
12-26 19:47:46.424 11819 12437 E recognize: 223ms   /storage/emulated/0/shifang/ai_dish/image/20231226/75a260d7-dc79-4e50-b461-dad78f1e55bf.jpg  
12-26 19:47:46.803 11819 11819 E USBTransferUtil: 当前可用 usb 设备数量: 0
12-26 19:47:47.051 11819 12693 E innerRecognize: recognizeByFilter0
12-26 19:47:47.052 11819 12693 E recognize: 204ms   /storage/emulated/0/shifang/ai_dish/image/20231226/24846136-e741-48fd-8ca2-54b863c2648a.jpg  
12-26 19:47:47.925 11819 11819 E surfaceDestroyed: ------
12-26 19:47:47.927 11819 11819 E surfaceDestroyed: ------
12-26 19:47:47.934 11819 23796 E BufferQueueProducer: [SurfaceView[com.shifang.aidish.offline/com.shifang.aidish.mvp.ui.DetectCalcActivity]#189(BLAST Consumer)189](id:2e2b000000ed,api:0,p:-1,c:11819) dequeueBuffer: BufferQueue has no connected producer
12-26 19:47:47.934 11819 23796 E mali_so : encounter the first mali_error : 0x0002 : failed to allocate CPU memory (gles_fb_first_operation_cb at hardware/arm/maliT760/driver/product/gles/src/fb/mali_gles_fb_module_api.c:987)
12-26 19:47:47.934 11819 23796 E BufferQueueProducer: [SurfaceView[com.shifang.aidish.offline/com.shifang.aidish.mvp.ui.DetectCalcActivity]#189(BLAST Consumer)189](id:2e2b000000ed,api:0,p:-1,c:11819) dequeueBuffer: BufferQueue has no connected producer
12-26 19:47:47.936 11819 23796 E BufferQueueProducer: [SurfaceView[com.shifang.aidish.offline/com.shifang.aidish.mvp.ui.DetectCalcActivity]#189(BLAST Consumer)189](id:2e2b000000ed,api:0,p:-1,c:11819) disconnect: not connected (req=1)
12-26 19:47:47.941 11819 23808 E BufferQueueProducer: [SurfaceView[]#190(BLAST Consumer)190](id:2e2b000000ef,api:0,p:-1,c:11819) dequeueBuffer: BufferQueue has no connected producer
12-26 19:47:47.941 11819 23808 E mali_so : encounter the first mali_error : 0x0002 : failed to allocate CPU memory (gles_fb_first_operation_cb at hardware/arm/maliT760/driver/product/gles/src/fb/mali_gles_fb_module_api.c:987)
12-26 19:47:47.944 11819 23808 E BufferQueueProducer: [SurfaceView[]#190(BLAST Consumer)190](id:2e2b000000ef,api:0,p:-1,c:11819) dequeueBuffer: BufferQueue has no connected producer
12-26 19:47:47.945 11819 23808 E BufferQueueProducer: [SurfaceView[]#190(BLAST Consumer)190](id:2e2b000000ef,api:0,p:-1,c:11819) disconnect: not connected (req=1)
12-26 19:47:48.032 11819 23820 E getNewVersion: null
