12-26 10:57:00.409 10387 10967 E recognize: 884ms   /storage/emulated/0/shifang/ai_dish/image/20231226/1fedc0ab-4f20-4648-b1da-2f73129c2b8c.jpg  
12-26 10:57:00.503 10387 10387 E resultDishCount: 6 个菜品
12-26 10:57:01.305 10387 10976 E innerRecognize: recognizeByFilter6
12-26 10:57:01.305 10387 10976 E recognize: 802ms   /storage/emulated/0/shifang/ai_dish/image/20231226/3d2337d4-a4c6-42e7-ac91-d97f2543aed8.jpg  
12-26 10:57:01.450 10387 10387 E resultDishCount: 6 个菜品
12-26 10:57:02.192 10387 10984 E innerRecognize: recognizeByFilter6
12-26 10:57:02.192 10387 10984 E recognize: 751ms   /storage/emulated/0/shifang/ai_dish/image/20231226/ad337dc3-2ae8-482a-922d-da496c5345cd.jpg  
12-26 10:57:02.312 10387 10387 E resultDishCount: 6 个菜品
12-26 10:57:03.051 10387 10993 E innerRecognize: recognizeByFilter6
12-26 10:57:03.051 10387 10993 E recognize: 743ms   /storage/emulated/0/shifang/ai_dish/image/20231226/678de588-5164-465b-bd71-6800a4f4d136.jpg  
12-26 10:57:03.175 10387 10387 E resultDishCount: 6 个菜品
12-26 10:57:03.935 10387 11003 E innerRecognize: recognizeByFilter6
12-26 10:57:03.935 10387 11003 E recognize: 759ms   /storage/emulated/0/shifang/ai_dish/image/20231226/c4dfcdd9-1963-4f8e-b00b-2782e77758e0.jpg  
12-26 10:57:04.017 10387 10387 E resultDishCount: 6 个菜品
12-26 10:57:04.785 10387 11012 E innerRecognize: recognizeByFilter6
12-26 10:57:04.785 10387 11012 E recognize: 773ms   /storage/emulated/0/shifang/ai_dish/image/20231226/7f3ee42a-94dc-42bc-8b4e-921df4b496a6.jpg  
12-26 10:57:04.879 10387 10387 E resultDishCount: 6 个菜品
12-26 10:57:05.657 10387 10860 E innerRecognize: recognizeByFilter6
12-26 10:57:05.657 10387 10860 E recognize: 779ms   /storage/emulated/0/shifang/ai_dish/image/20231226/b400c5bf-1124-4d41-8dac-7e6d0af2bb01.jpg  
12-26 10:57:05.743 10387 10387 E resultDishCount: 6 个菜品
12-26 10:57:06.647 10387 10870 E innerRecognize: recognizeByFilter6
12-26 10:57:06.647 10387 10870 E recognize: 898ms   /storage/emulated/0/shifang/ai_dish/image/20231226/88f74f07-0f47-4329-8b3a-9fe2d6a4f4f7.jpg  
12-26 10:57:06.746 10387 10387 E resultDishCount: 6 个菜品
12-26 10:57:07.533 10387 10881 E innerRecognize: recognizeByFilter6
12-26 10:57:07.533 10387 10881 E recognize: 792ms   /storage/emulated/0/shifang/ai_dish/image/20231226/a2d6e164-8872-4309-abcb-ed92308ca511.jpg  
12-26 10:57:07.629 10387 10387 E resultDishCount: 6 个菜品
12-26 10:57:08.427 10387 10891 E innerRecognize: recognizeByFilter6
12-26 10:57:08.427 10387 10891 E recognize: 800ms   /storage/emulated/0/shifang/ai_dish/image/20231226/0c014799-e71a-441d-b1db-34b7a83b0293.jpg  
12-26 10:57:08.541 10387 10387 E resultDishCount: 6 个菜品
12-26 10:57:09.337 10387 10900 E innerRecognize: recognizeByFilter6
12-26 10:57:09.337 10387 10900 E recognize: 805ms   /storage/emulated/0/shifang/ai_dish/image/20231226/bb7c7b0a-24a6-4e4d-b021-a4b376e23d3c.jpg  
12-26 10:57:09.421 10387 10387 E resultDishCount: 6 个菜品
12-26 10:57:10.291 10387 10909 E innerRecognize: recognizeByFilter6
12-26 10:57:10.291 10387 10909 E recognize: 869ms   /storage/emulated/0/shifang/ai_dish/image/20231226/11b6d301-4c1a-4f44-8954-91b047ddeee7.jpg  
12-26 10:57:12.509 10387 10387 E resultDishCount: 6 个菜品
12-26 10:57:13.333 10387 10919 E innerRecognize: recognizeByFilter6
12-26 10:57:13.333 10387 10919 E recognize: 827ms   /storage/emulated/0/shifang/ai_dish/image/20231226/fbe089d6-a8e8-4791-b8a6-bf8652368eb4.jpg  
12-26 10:57:13.478 10387 10387 E resultDishCount: 6 个菜品
12-26 10:57:14.228 10387 10929 E innerRecognize: recognizeByFilter6
12-26 10:57:14.228 10387 10929 E recognize: 753ms   /storage/emulated/0/shifang/ai_dish/image/20231226/65c12317-15cc-4cba-b791-19beb419b67b.jpg  
12-26 10:57:14.376 10387 10387 E resultDishCount: 6 个菜品
12-26 10:57:15.123 10387 10938 E innerRecognize: recognizeByFilter6
12-26 10:57:15.123 10387 10938 E recognize: 758ms   /storage/emulated/0/shifang/ai_dish/image/20231226/29d75809-b931-4e69-8663-24497d7dd1c1.jpg  
12-26 10:57:15.246 10387 10387 E resultDishCount: 6 个菜品
12-26 10:57:16.037 10387 10948 E innerRecognize: recognizeByFilter6
12-26 10:57:16.037 10387 10948 E recognize: 797ms   /storage/emulated/0/shifang/ai_dish/image/20231226/0b464a18-7c3f-4389-bc02-b0285445d571.jpg  
12-26 10:57:16.122 10387 10387 E resultDishCount: 6 个菜品
12-26 10:57:16.944 10387 10958 E innerRecognize: recognizeByFilter6
12-26 10:57:16.944 10387 10958 E recognize: 825ms   /storage/emulated/0/shifang/ai_dish/image/20231226/a008546a-10e1-413a-83c6-b1a68c72e7eb.jpg  
12-26 10:57:17.087 10387 10387 E resultDishCount: 6 个菜品
12-26 10:57:17.933 10387 10967 E innerRecognize: recognizeByFilter6
12-26 10:57:17.933 10387 10967 E recognize: 855ms   /storage/emulated/0/shifang/ai_dish/image/20231226/bb9d568f-8f8e-4ede-920f-2af8ea5c0b30.jpg  
12-26 10:57:18.042 10387 10387 E resultDishCount: 6 个菜品
12-26 10:57:18.862 10387 10976 E innerRecognize: recognizeByFilter6
12-26 10:57:18.862 10387 10976 E recognize: 823ms   /storage/emulated/0/shifang/ai_dish/image/20231226/761a6c39-5c6f-4c23-a98d-7ca2c0eef2c3.jpg  
12-26 10:57:18.975 10387 10387 E resultDishCount: 6 个菜品
12-26 10:57:19.790 10387 10984 E innerRecognize: recognizeByFilter6
12-26 10:57:19.790 10387 10984 E recognize: 821ms   /storage/emulated/0/shifang/ai_dish/image/20231226/146a6567-4fe6-4273-9305-b171c6da60be.jpg  
12-26 10:57:19.888 10387 10387 E resultDishCount: 6 个菜品
12-26 10:57:20.735 10387 10993 E innerRecognize: recognizeByFilter6
12-26 10:57:20.735 10387 10993 E recognize: 851ms   /storage/emulated/0/shifang/ai_dish/image/20231226/d4091c00-7af5-4587-92b7-5d6c673c95d7.jpg  
12-26 10:57:20.839 10387 10387 E resultDishCount: 6 个菜品
12-26 10:57:21.673 10387 11003 E innerRecognize: recognizeByFilter6
12-26 10:57:21.673 10387 11003 E recognize: 834ms   /storage/emulated/0/shifang/ai_dish/image/20231226/c070b9ce-2d8a-4a8d-a6da-1cf3cbb9a421.jpg  
12-26 10:57:21.773 10387 10387 E resultDishCount: 6 个菜品
12-26 10:57:22.579 10387 11012 E innerRecognize: recognizeByFilter6
12-26 10:57:22.579 10387 11012 E recognize: 816ms   /storage/emulated/0/shifang/ai_dish/image/20231226/eccc50e0-2a28-42e6-b648-193b5ed280ac.jpg  
12-26 10:57:22.707 10387 10387 E resultDishCount: 6 个菜品
12-26 10:57:23.505 10387 10860 E innerRecognize: recognizeByFilter6
12-26 10:57:23.505 10387 10860 E recognize: 805ms   /storage/emulated/0/shifang/ai_dish/image/20231226/36a51a84-9c92-46e9-80c2-0b78db96a0ad.jpg  
12-26 10:57:23.632 10387 10387 E resultDishCount: 6 个菜品
12-26 10:57:24.461 10387 10870 E innerRecognize: recognizeByFilter6
12-26 10:57:24.461 10387 10870 E recognize: 837ms   /storage/emulated/0/shifang/ai_dish/image/20231226/eedfacf5-082f-434b-9d4f-5ec7d1ddf640.jpg  
12-26 10:57:24.574 10387 10387 E resultDishCount: 6 个菜品
12-26 10:57:25.426 10387 10881 E innerRecognize: recognizeByFilter6
12-26 10:57:25.426 10387 10881 E recognize: 858ms   /storage/emulated/0/shifang/ai_dish/image/20231226/a5091768-a772-4e80-964c-ec95fec77786.jpg  
12-26 10:57:25.543 10387 10387 E resultDishCount: 6 个菜品
12-26 10:57:26.350 10387 10891 E innerRecognize: recognizeByFilter6
12-26 10:57:26.350 10387 10891 E recognize: 816ms   /storage/emulated/0/shifang/ai_dish/image/20231226/d08c5532-8f3e-41a0-9af0-4de16543155f.jpg  
12-26 10:57:26.486 10387 10387 E resultDishCount: 6 个菜品
12-26 10:57:27.264 10387 10900 E innerRecognize: recognizeByFilter6
12-26 10:57:27.264 10387 10900 E recognize: 790ms   /storage/emulated/0/shifang/ai_dish/image/20231226/d498595e-1c7e-485a-bd4f-807589b18b14.jpg  
12-26 10:57:27.375 10387 10387 E resultDishCount: 6 个菜品
12-26 10:57:28.137 10387 10909 E innerRecognize: recognizeByFilter6
12-26 10:57:28.137 10387 10909 E recognize: 758ms   /storage/emulated/0/shifang/ai_dish/image/20231226/277d64ed-ac45-466d-ad08-96e44114c435.jpg  
12-26 10:57:28.222 10387 10387 E resultDishCount: 6 个菜品
12-26 10:57:29.049 10387 10919 E innerRecognize: recognizeByFilter6
12-26 10:57:29.049 10387 10919 E recognize: 821ms   /storage/emulated/0/shifang/ai_dish/image/20231226/bcd611f8-52ef-4af5-8989-0e3102dc00ee.jpg  
12-26 10:57:29.152 10387 10387 E resultDishCount: 6 个菜品
12-26 10:57:29.918 10387 10929 E innerRecognize: recognizeByFilter6
12-26 10:57:29.918 10387 10929 E recognize: 775ms   /storage/emulated/0/shifang/ai_dish/image/20231226/061dcdf1-9baf-4a88-b10f-e645e09e3ea9.jpg  
12-26 10:57:30.071 10387 10387 E resultDishCount: 6 个菜品
12-26 10:57:30.824 10387 10938 E innerRecognize: recognizeByFilter6
12-26 10:57:30.824 10387 10938 E recognize: 757ms   /storage/emulated/0/shifang/ai_dish/image/20231226/80c0df96-cda3-48da-b579-5e6b9969d494.jpg  
12-26 10:57:30.929 10387 10387 E resultDishCount: 6 个菜品
12-26 10:57:31.710 10387 10948 E innerRecognize: recognizeByFilter6
12-26 10:57:31.710 10387 10948 E recognize: 780ms   /storage/emulated/0/shifang/ai_dish/image/20231226/2489dd79-7a19-4406-9111-1958adbb0822.jpg  
12-26 10:57:31.791 10387 10387 E resultDishCount: 6 个菜品
12-26 10:57:32.601 10387 10958 E innerRecognize: recognizeByFilter6
12-26 10:57:32.601 10387 10958 E recognize: 809ms   /storage/emulated/0/shifang/ai_dish/image/20231226/32af3d6f-4a3b-4125-9d9b-b7e37449d400.jpg  
12-26 10:57:32.688 10387 10387 E resultDishCount: 6 个菜品
12-26 10:57:33.467 10387 10967 E innerRecognize: recognizeByFilter6
12-26 10:57:33.467 10387 10967 E recognize: 785ms   /storage/emulated/0/shifang/ai_dish/image/20231226/3163a86e-f097-4f13-aa23-264608071d14.jpg  
12-26 10:57:33.586 10387 10387 E resultDishCount: 6 个菜品
12-26 10:57:34.388 10387 10976 E innerRecognize: recognizeByFilter6
12-26 10:57:34.388 10387 10976 E recognize: 806ms   /storage/emulated/0/shifang/ai_dish/image/20231226/75209b62-a241-413c-b041-58a30e9f8d98.jpg  
12-26 10:57:34.503 10387 10387 E resultDishCount: 6 个菜品
12-26 10:57:35.335 10387 10984 E innerRecognize: recognizeByFilter6
12-26 10:57:35.335 10387 10984 E recognize: 834ms   /storage/emulated/0/shifang/ai_dish/image/20231226/80bb0e3d-fb2f-4e86-8523-daea811c86a4.jpg  
12-26 10:57:35.417 10387 10387 E resultDishCount: 6 个菜品
12-26 10:57:36.251 10387 10993 E innerRecognize: recognizeByFilter6
12-26 10:57:36.251 10387 10993 E recognize: 835ms   /storage/emulated/0/shifang/ai_dish/image/20231226/82f5d5a4-5751-4e64-aac1-c9ef17ed59d2.jpg  
12-26 10:57:36.387 10387 10387 E resultDishCount: 6 个菜品
12-26 10:57:37.135 10387 11003 E innerRecognize: recognizeByFilter6
12-26 10:57:37.135 10387 11003 E recognize: 756ms   /storage/emulated/0/shifang/ai_dish/image/20231226/cdf73690-b2c1-453f-85a4-9241a961aeae.jpg  
12-26 10:57:37.249 10387 10387 E resultDishCount: 6 个菜品
12-26 10:57:38.096 10387 11012 E innerRecognize: recognizeByFilter6
12-26 10:57:38.096 10387 11012 E recognize: 852ms   /storage/emulated/0/shifang/ai_dish/image/20231226/96c231cf-dd6d-4f62-b4fe-a18d692fe960.jpg  
12-26 10:57:38.224 10387 10387 E resultDishCount: 6 个菜品
12-26 10:57:38.994 10387 10860 E innerRecognize: recognizeByFilter6
12-26 10:57:38.994 10387 10860 E recognize: 780ms   /storage/emulated/0/shifang/ai_dish/image/20231226/7333a109-9a92-491d-8500-16ca675cb386.jpg  
12-26 10:57:39.098 10387 10387 E resultDishCount: 6 个菜品
12-26 10:57:39.915 10387 10870 E innerRecognize: recognizeByFilter6
12-26 10:57:39.915 10387 10870 E recognize: 824ms   /storage/emulated/0/shifang/ai_dish/image/20231226/9d58f4d2-c6db-47bb-b87f-7a804c3c2350.jpg  
12-26 10:57:40.001 10387 10387 E resultDishCount: 6 个菜品
12-26 10:57:40.833 10387 10881 E innerRecognize: recognizeByFilter6
12-26 10:57:40.833 10387 10881 E recognize: 837ms   /storage/emulated/0/shifang/ai_dish/image/20231226/e0355f70-2e83-4dbe-9c2e-a18d88b53345.jpg  
12-26 10:57:40.947 10387 10387 E resultDishCount: 6 个菜品
12-26 10:57:41.737 10387 10891 E innerRecognize: recognizeByFilter6
12-26 10:57:41.737 10387 10891 E recognize: 800ms   /storage/emulated/0/shifang/ai_dish/image/20231226/80d8b527-8abe-4de0-83fe-8542212fba54.jpg  
12-26 10:57:41.827 10387 10387 E resultDishCount: 6 个菜品
12-26 10:57:42.688 10387 10900 E innerRecognize: recognizeByFilter6
12-26 10:57:42.688 10387 10900 E recognize: 868ms   /storage/emulated/0/shifang/ai_dish/image/20231226/fa258ac5-ee5e-4597-a8a0-8cab7d7d7038.jpg  
12-26 10:57:42.796 10387 10387 E resultDishCount: 6 个菜品
12-26 10:57:43.610 10387 10909 E innerRecognize: recognizeByFilter6
12-26 10:57:43.610 10387 10909 E recognize: 817ms   /storage/emulated/0/shifang/ai_dish/image/20231226/14ca321a-ee3f-45d3-86cf-4756015bc4e8.jpg  
12-26 10:57:43.713 10387 10387 E resultDishCount: 6 个菜品
12-26 10:57:44.559 10387 10919 E innerRecognize: recognizeByFilter6
12-26 10:57:44.559 10387 10919 E recognize: 843ms   /storage/emulated/0/shifang/ai_dish/image/20231226/030c6b2b-f23d-4818-aa68-d897dc073d4e.jpg  
12-26 10:57:44.681 10387 10387 E resultDishCount: 6 个菜品
12-26 10:57:45.485 10387 10929 E innerRecognize: recognizeByFilter6
12-26 10:57:45.485 10387 10929 E recognize: 809ms   /storage/emulated/0/shifang/ai_dish/image/20231226/51d2afe3-18eb-4392-a402-16eeb0ee031c.jpg  
12-26 10:57:45.600 10387 10387 E resultDishCount: 6 个菜品
12-26 10:57:46.404 10387 10938 E innerRecognize: recognizeByFilter6
12-26 10:57:46.404 10387 10938 E recognize: 811ms   /storage/emulated/0/shifang/ai_dish/image/20231226/e41020d3-31e2-4aab-aa6d-f33886df907a.jpg  
12-26 10:57:46.512 10387 10387 E resultDishCount: 6 个菜品
12-26 10:57:47.332 10387 10948 E innerRecognize: recognizeByFilter6
12-26 10:57:47.332 10387 10948 E recognize: 822ms   /storage/emulated/0/shifang/ai_dish/image/20231226/af9ad634-3965-4787-9af8-397f0025f030.jpg  
12-26 10:57:47.464 10387 10387 E resultDishCount: 6 个菜品
12-26 10:57:48.238 10387 10958 E innerRecognize: recognizeByFilter6
12-26 10:57:48.238 10387 10958 E recognize: 776ms   /storage/emulated/0/shifang/ai_dish/image/20231226/da38a053-f356-4317-972c-4d38fb9eefa1.jpg  
12-26 10:57:48.365 10387 10387 E resultDishCount: 6 个菜品
12-26 10:57:49.203 10387 10967 E innerRecognize: recognizeByFilter6
12-26 10:57:49.203 10387 10967 E recognize: 831ms   /storage/emulated/0/shifang/ai_dish/image/20231226/761832d2-eead-4afd-8a0e-9eff189eb501.jpg  
12-26 10:57:49.297 10387 10387 E resultDishCount: 6 个菜品
12-26 10:57:50.143 10387 10976 E innerRecognize: recognizeByFilter6
12-26 10:57:50.143 10387 10976 E recognize: 850ms   /storage/emulated/0/shifang/ai_dish/image/20231226/3b8adbbe-c51c-41d8-a348-15707c82f489.jpg  
12-26 10:57:50.229 10387 10387 E resultDishCount: 6 个菜品
12-26 10:57:51.029 10387 10984 E innerRecognize: recognizeByFilter6
12-26 10:57:51.029 10387 10984 E recognize: 810ms   /storage/emulated/0/shifang/ai_dish/image/20231226/3e889b5d-01f1-4c2e-a951-22e76cfe7366.jpg  
12-26 10:57:51.152 10387 10387 E resultDishCount: 6 个菜品
12-26 10:57:51.950 10387 10993 E innerRecognize: recognizeByFilter6
12-26 10:57:51.950 10387 10993 E recognize: 794ms   /storage/emulated/0/shifang/ai_dish/image/20231226/72ca8a82-a3f4-4862-8fed-36ca2f18fd23.jpg  
12-26 10:57:52.060 10387 10387 E resultDishCount: 6 个菜品
12-26 10:57:52.896 10387 11003 E innerRecognize: recognizeByFilter6
12-26 10:57:52.896 10387 11003 E recognize: 837ms   /storage/emulated/0/shifang/ai_dish/image/20231226/e05e7f7e-48b3-4c19-a5c8-ab8c6c717b87.jpg  
12-26 10:57:53.015 10387 10387 E resultDishCount: 6 个菜品
12-26 10:57:53.778 10387 11012 E innerRecognize: recognizeByFilter6
12-26 10:57:53.778 10387 11012 E recognize: 756ms   /storage/emulated/0/shifang/ai_dish/image/20231226/c552362e-afb9-4ee6-bb49-17088a80d6bf.jpg  
12-26 10:57:53.929 10387 10387 E resultDishCount: 6 个菜品
12-26 10:57:54.735 10387 10860 E innerRecognize: recognizeByFilter6
12-26 10:57:54.735 10387 10860 E recognize: 810ms   /storage/emulated/0/shifang/ai_dish/image/20231226/c424f178-1a3d-459a-9eda-72fea35097c1.jpg  
12-26 10:57:54.863 10387 10387 E resultDishCount: 6 个菜品
12-26 10:57:55.694 10387 10870 E innerRecognize: recognizeByFilter6
12-26 10:57:55.694 10387 10870 E recognize: 832ms   /storage/emulated/0/shifang/ai_dish/image/20231226/d4dbb602-79d8-4ef0-83a4-2398c6b6237c.jpg  
12-26 10:57:55.819 10387 10387 E resultDishCount: 6 个菜品
12-26 10:57:56.672 10387 10881 E innerRecognize: recognizeByFilter6
12-26 10:57:56.672 10387 10881 E recognize: 852ms   /storage/emulated/0/shifang/ai_dish/image/20231226/bf66b951-22a8-4c23-8a89-2dab4b73a8c9.jpg  
12-26 10:57:56.783 10387 10387 E resultDishCount: 6 个菜品
12-26 10:57:57.599 10387 10891 E innerRecognize: recognizeByFilter6
12-26 10:57:57.599 10387 10891 E recognize: 815ms   /storage/emulated/0/shifang/ai_dish/image/20231226/2d26061b-b989-4df9-8cf3-87a28524301f.jpg  
12-26 10:57:57.716 10387 10387 E resultDishCount: 6 个菜品
12-26 10:57:58.518 10387 10900 E innerRecognize: recognizeByFilter6
12-26 10:57:58.518 10387 10900 E recognize: 815ms   /storage/emulated/0/shifang/ai_dish/image/20231226/37f94815-c074-4a42-8e97-74d5a4adc818.jpg  
12-26 10:57:58.613 10387 10387 E resultDishCount: 6 个菜品
12-26 10:57:59.413 10387 10909 E innerRecognize: recognizeByFilter6
12-26 10:57:59.413 10387 10909 E recognize: 808ms   /storage/emulated/0/shifang/ai_dish/image/20231226/c808dc12-9054-4b48-8316-d7134a52bc87.jpg  
12-26 10:57:59.511 10387 10387 E resultDishCount: 6 个菜品
12-26 10:58:00.315 10387 10919 E innerRecognize: recognizeByFilter6
12-26 10:58:00.315 10387 10919 E recognize: 808ms   /storage/emulated/0/shifang/ai_dish/image/20231226/03782100-07ed-428b-aaa4-aaaaa9d5131c.jpg  
12-26 10:58:00.327 10387 10802 E registerBgr24: 1 
12-26 10:58:00.327 10387 10802 E FaceServer__: registerBgr24:  ErrorInfo.MOK
12-26 10:58:00.327 10387 10802 E SyncFacePresenter__addFaceLocal_register  fail: 吴彦祖  1
12-26 10:58:00.359 10387 10802 E registerBgr24: 2 
12-26 10:58:00.359 10387 10802 E FaceServer__: registerBgr24:  ErrorInfo.MOK
12-26 10:58:00.359 10387 10802 E SyncFacePresenter__addFaceLocal_register  fail: 郭富城  2
12-26 10:58:00.371 10387 10802 E registerBgr24: 3 
12-26 10:58:00.371 10387 10802 E FaceServer__: registerBgr24:  ErrorInfo.MOK
12-26 10:58:00.372 10387 10802 E SyncFacePresenter__addFaceLocal_register  fail: 谢霆锋  3
12-26 10:58:00.389 10387 10802 E registerBgr24: 4 
12-26 10:58:00.389 10387 10802 E FaceServer__: registerBgr24:  ErrorInfo.MOK
12-26 10:58:00.389 10387 10802 E SyncFacePresenter__addFaceLocal_register  fail: 摩卡  4
12-26 10:58:00.390 10387 10387 E resultDishCount: 6 个菜品
12-26 10:58:00.417 10387 10802 E registerBgr24: 5 
12-26 10:58:00.417 10387 10802 E FaceServer__: registerBgr24:  ErrorInfo.MOK
12-26 10:58:00.417 10387 10802 E SyncFacePresenter__addFaceLocal_register  fail: 李连杰  5
12-26 10:58:01.181 10387 10929 E innerRecognize: recognizeByFilter6
12-26 10:58:01.181 10387 10929 E recognize: 807ms   /storage/emulated/0/shifang/ai_dish/image/20231226/6e8f74b5-3486-4728-a002-11ad9e7fd303.jpg  
12-26 10:58:01.288 10387 10387 E resultDishCount: 6 个菜品
12-26 10:58:02.080 10387 10938 E innerRecognize: recognizeByFilter6
12-26 10:58:02.080 10387 10938 E recognize: 798ms   /storage/emulated/0/shifang/ai_dish/image/20231226/bf342c31-f168-44be-a80e-4b3718c56245.jpg  
12-26 10:58:02.168 10387 10387 E resultDishCount: 6 个菜品
12-26 10:58:02.864 10387 10948 E innerRecognize: recognizeByFilter6
12-26 10:58:02.864 10387 10948 E recognize: 709ms   /storage/emulated/0/shifang/ai_dish/image/20231226/c0ba838f-ddee-4e69-a490-dc8452c4efd1.jpg  
12-26 10:58:02.958 10387 10387 E resultDishCount: 6 个菜品
12-26 10:58:03.774 10387 10958 E innerRecognize: recognizeByFilter6
12-26 10:58:03.774 10387 10958 E recognize: 816ms   /storage/emulated/0/shifang/ai_dish/image/20231226/e1318078-523c-4819-9133-73856e0f6edf.jpg  
12-26 10:58:03.927 10387 10387 E resultDishCount: 6 个菜品
12-26 10:58:04.771 10387 10967 E innerRecognize: recognizeByFilter6
12-26 10:58:04.771 10387 10967 E recognize: 859ms   /storage/emulated/0/shifang/ai_dish/image/20231226/3a3d1be8-d2aa-4819-ac32-3e154d3bc6d1.jpg  
12-26 10:58:04.878 10387 10387 E resultDishCount: 6 个菜品
12-26 10:58:05.665 10387 10976 E innerRecognize: recognizeByFilter6
12-26 10:58:05.665 10387 10976 E recognize: 792ms   /storage/emulated/0/shifang/ai_dish/image/20231226/bdf2e9cb-e558-46e3-a696-d31cff9969a6.jpg  
12-26 10:58:05.794 10387 10387 E resultDishCount: 6 个菜品
12-26 10:58:06.579 10387 10984 E innerRecognize: recognizeByFilter6
12-26 10:58:06.579 10387 10984 E recognize: 788ms   /storage/emulated/0/shifang/ai_dish/image/20231226/17896290-7596-42a5-a9d7-2837b60dea21.jpg  
12-26 10:58:06.701 10387 10387 E resultDishCount: 6 个菜品
12-26 10:58:07.539 10387 10993 E innerRecognize: recognizeByFilter6
12-26 10:58:07.539 10387 10993 E recognize: 839ms   /storage/emulated/0/shifang/ai_dish/image/20231226/8591c1c5-4a98-4488-9d92-0bbda2c5bd9e.jpg  
12-26 10:58:07.661 10387 10387 E resultDishCount: 6 个菜品
12-26 10:58:08.433 10387 11003 E innerRecognize: recognizeByFilter6
12-26 10:58:08.434 10387 11003 E recognize: 781ms   /storage/emulated/0/shifang/ai_dish/image/20231226/67c013dd-eb1a-41a7-9ac2-21d5d74f0b86.jpg  
12-26 10:58:08.559 10387 10387 E resultDishCount: 6 个菜品
12-26 10:58:09.325 10387 11012 E innerRecognize: recognizeByFilter6
12-26 10:58:09.325 10387 11012 E recognize: 765ms   /storage/emulated/0/shifang/ai_dish/image/20231226/b8189990-19e8-4475-84e1-f8cc70c675f5.jpg  
12-26 10:58:09.457 10387 10387 E resultDishCount: 6 个菜品
12-26 10:58:10.222 10387 10860 E innerRecognize: recognizeByFilter6
12-26 10:58:10.222 10387 10860 E recognize: 775ms   /storage/emulated/0/shifang/ai_dish/image/20231226/945e0edd-3a93-4ee0-aca3-a477b02838ad.jpg  
12-26 10:58:10.375 10387 10387 E resultDishCount: 6 个菜品
12-26 10:58:11.208 10387 10870 E innerRecognize: recognizeByFilter6
12-26 10:58:11.208 10387 10870 E recognize: 824ms   /storage/emulated/0/shifang/ai_dish/image/20231226/535bb8a6-1404-4e0b-879c-28f42ef91bc8.jpg  
12-26 10:58:11.306 10387 10387 E resultDishCount: 6 个菜品
12-26 10:58:12.204 10387 10881 E innerRecognize: recognizeByFilter6
12-26 10:58:12.204 10387 10881 E recognize: 897ms   /storage/emulated/0/shifang/ai_dish/image/20231226/dbc7d193-3a06-4621-9936-dee4fb12127d.jpg  
12-26 10:58:12.293 10387 10387 E resultDishCount: 6 个菜品
12-26 10:58:13.561 10387 10891 E innerRecognize: recognizeByFilter6
12-26 10:58:13.561 10387 10891 E recognize: 1271ms   /storage/emulated/0/shifang/ai_dish/image/20231226/2af078b7-8412-4e15-8bb2-44adbe102d13.jpg  
12-26 10:58:15.022 10387 10387 E resultDishCount: 6 个菜品
12-26 10:58:15.796 10387 10900 E innerRecognize: recognizeByFilter6
12-26 10:58:15.796 10387 10900 E recognize: 788ms   /storage/emulated/0/shifang/ai_dish/image/20231226/ac50120d-a739-4256-8387-e5fb58a376d8.jpg  
12-26 10:58:15.938 10387 10387 E resultDishCount: 6 个菜品
12-26 10:58:16.679 10387 10909 E innerRecognize: recognizeByFilter6
12-26 10:58:16.679 10387 10909 E recognize: 753ms   /storage/emulated/0/shifang/ai_dish/image/20231226/6a17bb69-12c0-4d3a-8038-06dd5bf6df04.jpg  
12-26 10:58:16.803 10387 10387 E resultDishCount: 6 个菜品
12-26 10:58:17.570 10387 10919 E innerRecognize: recognizeByFilter6
12-26 10:58:17.570 10387 10919 E recognize: 770ms   /storage/emulated/0/shifang/ai_dish/image/20231226/89646a02-2be3-4d3a-a488-42d9129929d9.jpg  
12-26 10:58:17.684 10387 10387 E resultDishCount: 6 个菜品
12-26 10:58:18.531 10387 10929 E innerRecognize: recognizeByFilter6
12-26 10:58:18.531 10387 10929 E recognize: 840ms   /storage/emulated/0/shifang/ai_dish/image/20231226/7245ce1d-e1ce-4851-883e-82bd2de27335.jpg  
12-26 10:58:18.649 10387 10387 E resultDishCount: 6 个菜品
12-26 10:58:19.467 10387 10938 E innerRecognize: recognizeByFilter6
12-26 10:58:19.468 10387 10938 E recognize: 824ms   /storage/emulated/0/shifang/ai_dish/image/20231226/78f96e2f-bb28-489e-8d8f-60f18a9df386.jpg  
12-26 10:58:19.600 10387 10387 E resultDishCount: 6 个菜品
12-26 10:58:20.416 10387 10948 E innerRecognize: recognizeByFilter6
12-26 10:58:20.416 10387 10948 E recognize: 827ms   /storage/emulated/0/shifang/ai_dish/image/20231226/aa06fd82-7c8b-4fcd-9806-f3f2ca3c6648.jpg  
12-26 10:58:20.552 10387 10387 E resultDishCount: 6 个菜品
12-26 10:58:21.392 10387 10958 E innerRecognize: recognizeByFilter6
12-26 10:58:21.392 10387 10958 E recognize: 853ms   /storage/emulated/0/shifang/ai_dish/image/20231226/c0b07123-597a-4473-a91b-ca291075abc1.jpg  
12-26 10:58:21.492 10387 10387 E resultDishCount: 6 个菜品
12-26 10:58:22.330 10387 10967 E innerRecognize: recognizeByFilter6
12-26 10:58:22.330 10387 10967 E recognize: 837ms   /storage/emulated/0/shifang/ai_dish/image/20231226/eabe57b4-203a-4811-a787-d714a612419e.jpg  
12-26 10:58:22.455 10387 10387 E resultDishCount: 6 个菜品
12-26 10:58:23.247 10387 10976 E innerRecognize: recognizeByFilter6
12-26 10:58:23.247 10387 10976 E recognize: 796ms   /storage/emulated/0/shifang/ai_dish/image/20231226/3f759a3b-011d-41eb-a53c-6c854f257f34.jpg  
12-26 10:58:23.371 10387 10387 E resultDishCount: 6 个菜品
12-26 10:58:24.197 10387 10984 E innerRecognize: recognizeByFilter6
12-26 10:58:24.197 10387 10984 E recognize: 836ms   /storage/emulated/0/shifang/ai_dish/image/20231226/8e96b60c-b890-40a4-995b-a2f6e8478028.jpg  
12-26 10:58:24.326 10387 10387 E resultDishCount: 6 个菜品
12-26 10:58:25.131 10387 10993 E innerRecognize: recognizeByFilter6
12-26 10:58:25.131 10387 10993 E recognize: 793ms   /storage/emulated/0/shifang/ai_dish/image/20231226/6c9f2f60-784b-434d-9e51-ef1461061445.jpg  
12-26 10:58:25.225 10387 10387 E resultDishCount: 6 个菜品
12-26 10:58:26.029 10387 11003 E innerRecognize: recognizeByFilter6
12-26 10:58:26.029 10387 11003 E recognize: 799ms   /storage/emulated/0/shifang/ai_dish/image/20231226/b195c342-d86f-4d15-a33b-37037992cc68.jpg  
12-26 10:58:26.153 10387 10387 E resultDishCount: 6 个菜品
12-26 10:58:26.951 10387 11012 E innerRecognize: recognizeByFilter6
12-26 10:58:26.951 10387 11012 E recognize: 809ms   /storage/emulated/0/shifang/ai_dish/image/20231226/5b928d19-709d-4ef1-9eeb-f37019afc968.jpg  
12-26 10:58:27.051 10387 10387 E resultDishCount: 6 个菜品
12-26 10:58:27.888 10387 10860 E innerRecognize: recognizeByFilter6
12-26 10:58:27.888 10387 10860 E recognize: 847ms   /storage/emulated/0/shifang/ai_dish/image/20231226/fb0f34be-a09e-4b2a-992c-60a761fcd237.jpg  
12-26 10:58:28.038 10387 10387 E resultDishCount: 6 个菜品
12-26 10:58:28.837 10387 10870 E innerRecognize: recognizeByFilter6
12-26 10:58:28.837 10387 10870 E recognize: 812ms   /storage/emulated/0/shifang/ai_dish/image/20231226/683ceaba-7a36-45db-abc1-ab4d8ebf3c0a.jpg  
12-26 10:58:28.924 10387 10387 E resultDishCount: 6 个菜品
12-26 10:58:29.669 10387 10881 E innerRecognize: recognizeByFilter6
12-26 10:58:29.670 10387 10881 E recognize: 750ms   /storage/emulated/0/shifang/ai_dish/image/20231226/73378d5f-4581-473f-bd17-e4c2263b703f.jpg  
12-26 10:58:29.766 10387 10387 E resultDishCount: 6 个菜品
12-26 10:58:30.563 10387 10891 E innerRecognize: recognizeByFilter6
12-26 10:58:30.563 10387 10891 E recognize: 792ms   /storage/emulated/0/shifang/ai_dish/image/20231226/9623d809-ca17-4981-b072-4aa7e62d111b.jpg  
12-26 10:58:30.677 10387 10387 E resultDishCount: 6 个菜品
12-26 10:58:31.562 10387 10900 E innerRecognize: recognizeByFilter6
12-26 10:58:31.562 10387 10900 E recognize: 879ms   /storage/emulated/0/shifang/ai_dish/image/20231226/21f547d8-ff41-4058-bbac-c822895c02ff.jpg  
12-26 10:58:31.649 10387 10387 E resultDishCount: 6 个菜品
12-26 10:58:32.464 10387 10909 E innerRecognize: recognizeByFilter6
12-26 10:58:32.464 10387 10909 E recognize: 812ms   /storage/emulated/0/shifang/ai_dish/image/20231226/c4684b9c-99d4-4763-97bb-c632e0c2d852.jpg  
12-26 10:58:32.562 10387 10387 E resultDishCount: 6 个菜品
12-26 10:58:33.346 10387 10919 E innerRecognize: recognizeByFilter6
12-26 10:58:33.346 10387 10919 E recognize: 797ms   /storage/emulated/0/shifang/ai_dish/image/20231226/8301d4ed-c791-4d34-a786-9b72887bd35c.jpg  
12-26 10:58:33.460 10387 10387 E resultDishCount: 6 个菜品
12-26 10:58:34.245 10387 10929 E innerRecognize: recognizeByFilter6
12-26 10:58:34.245 10387 10929 E recognize: 795ms   /storage/emulated/0/shifang/ai_dish/image/20231226/4fafe39d-17ae-49da-ba8d-acb120e40b94.jpg  
12-26 10:58:34.376 10387 10387 E resultDishCount: 6 个菜品
12-26 10:58:35.162 10387 10938 E innerRecognize: recognizeByFilter6
12-26 10:58:35.163 10387 10938 E recognize: 792ms   /storage/emulated/0/shifang/ai_dish/image/20231226/a68e7856-9ae4-45e3-8a9d-292856da955e.jpg  
12-26 10:58:35.291 10387 10387 E resultDishCount: 6 个菜品
12-26 10:58:36.063 10387 10948 E innerRecognize: recognizeByFilter6
12-26 10:58:36.063 10387 10948 E recognize: 779ms   /storage/emulated/0/shifang/ai_dish/image/20231226/62dca179-6183-4ce9-b416-c3d09d1dbc98.jpg  
12-26 10:58:36.153 10387 10387 E resultDishCount: 6 个菜品
12-26 10:58:36.958 10387 10958 E innerRecognize: recognizeByFilter6
12-26 10:58:36.958 10387 10958 E recognize: 806ms   /storage/emulated/0/shifang/ai_dish/image/20231226/f5d1a7ea-b9c0-4ea6-ab98-c268b2275343.jpg  
12-26 10:58:37.069 10387 10387 E resultDishCount: 6 个菜品
12-26 10:58:37.932 10387 10967 E innerRecognize: recognizeByFilter6
12-26 10:58:37.932 10387 10967 E recognize: 871ms   /storage/emulated/0/shifang/ai_dish/image/20231226/3a8a4af8-17d9-4ae0-a607-95c474958bf3.jpg  
12-26 10:58:38.029 10387 10387 E resultDishCount: 6 个菜品
12-26 10:58:38.895 10387 10976 E innerRecognize: recognizeByFilter6
12-26 10:58:38.895 10387 10976 E recognize: 861ms   /storage/emulated/0/shifang/ai_dish/image/20231226/a5186200-0e4e-4cf4-ad1e-49d21dc7aff1.jpg  
12-26 10:58:39.008 10387 10387 E resultDishCount: 6 个菜品
12-26 10:58:39.743 10387 10984 E innerRecognize: recognizeByFilter6
12-26 10:58:39.743 10387 10984 E recognize: 742ms   /storage/emulated/0/shifang/ai_dish/image/20231226/df876d9a-c9e3-4386-8afe-a17039371836.jpg  
12-26 10:58:39.887 10387 10387 E resultDishCount: 6 个菜品
12-26 10:58:40.675 10387 10993 E innerRecognize: recognizeByFilter6
12-26 10:58:40.675 10387 10993 E recognize: 794ms   /storage/emulated/0/shifang/ai_dish/image/20231226/ab28a464-5eeb-42d2-b375-7627a57e207a.jpg  
12-26 10:58:40.785 10387 10387 E resultDishCount: 6 个菜品
12-26 10:58:41.554 10387 11003 E innerRecognize: recognizeByFilter6
12-26 10:58:41.554 10387 11003 E recognize: 780ms   /storage/emulated/0/shifang/ai_dish/image/20231226/e2f53dc6-77e1-4c1d-9523-b00e31b01e55.jpg  
12-26 10:58:41.669 10387 10387 E resultDishCount: 6 个菜品
12-26 10:58:42.478 10387 11012 E innerRecognize: recognizeByFilter6
12-26 10:58:42.478 10387 11012 E recognize: 806ms   /storage/emulated/0/shifang/ai_dish/image/20231226/f3d19575-d246-4cd6-a489-541d86f8befa.jpg  
12-26 10:58:42.580 10387 10387 E resultDishCount: 6 个菜品
12-26 10:58:43.331 10387 10860 E innerRecognize: recognizeByFilter6
12-26 10:58:43.331 10387 10860 E recognize: 756ms   /storage/emulated/0/shifang/ai_dish/image/20231226/dc96a8dc-412b-49db-bd66-c014e536afcc.jpg  
12-26 10:58:43.460 10387 10387 E resultDishCount: 6 个菜品
12-26 10:58:44.267 10387 10870 E innerRecognize: recognizeByFilter6
12-26 10:58:44.267 10387 10870 E recognize: 817ms   /storage/emulated/0/shifang/ai_dish/image/20231226/5bf03497-285c-4d27-9aa7-2f2cf46e796e.jpg  
12-26 10:58:44.402 10387 10387 E resultDishCount: 6 个菜品
12-26 10:58:45.250 10387 10881 E innerRecognize: recognizeByFilter6
12-26 10:58:45.251 10387 10881 E recognize: 851ms   /storage/emulated/0/shifang/ai_dish/image/20231226/4b01ccbb-04a2-4334-a9f2-6103a4d32997.jpg  
12-26 10:58:45.363 10387 10387 E resultDishCount: 6 个菜品
12-26 10:58:46.248 10387 10891 E innerRecognize: recognizeByFilter6
12-26 10:58:46.248 10387 10891 E recognize: 885ms   /storage/emulated/0/shifang/ai_dish/image/20231226/889decab-3940-4462-aa58-1b838f3550bd.jpg  
12-26 10:58:46.386 10387 10387 E resultDishCount: 6 个菜品
12-26 10:58:47.268 10387 10900 E innerRecognize: recognizeByFilter6
12-26 10:58:47.268 10387 10900 E recognize: 885ms   /storage/emulated/0/shifang/ai_dish/image/20231226/2067121a-a78f-48db-be20-e21279fb1fb6.jpg  
12-26 10:58:47.374 10387 10387 E resultDishCount: 6 个菜品
12-26 10:58:48.115 10387 10909 E innerRecognize: recognizeByFilter6
12-26 10:58:48.115 10387 10909 E recognize: 752ms   /storage/emulated/0/shifang/ai_dish/image/20231226/409e9854-9819-4998-90f6-d8e38c00c279.jpg  
12-26 10:58:48.205 10387 10387 E resultDishCount: 6 个菜品
12-26 10:58:48.984 10387 10919 E innerRecognize: recognizeByFilter6
12-26 10:58:48.984 10387 10919 E recognize: 784ms   /storage/emulated/0/shifang/ai_dish/image/20231226/c387bad6-e557-40b1-b1c5-cbd089fad4ba.jpg  
12-26 10:58:49.098 10387 10387 E resultDishCount: 6 个菜品
12-26 10:58:49.884 10387 10929 E innerRecognize: recognizeByFilter6
12-26 10:58:49.884 10387 10929 E recognize: 793ms   /storage/emulated/0/shifang/ai_dish/image/20231226/9af7bced-f493-4fb3-8d54-f0fa0cf17d50.jpg  
12-26 10:58:49.962 10387 10387 E resultDishCount: 6 个菜品
12-26 10:58:50.818 10387 10938 E innerRecognize: recognizeByFilter6
12-26 10:58:50.818 10387 10938 E recognize: 847ms   /storage/emulated/0/shifang/ai_dish/image/20231226/f706f2b4-fbc9-44a6-8b67-6ee905859a23.jpg  
12-26 10:58:50.928 10387 10387 E resultDishCount: 6 个菜品
12-26 10:58:51.739 10387 10948 E innerRecognize: recognizeByFilter6
12-26 10:58:51.739 10387 10948 E recognize: 819ms   /storage/emulated/0/shifang/ai_dish/image/20231226/5f45cea3-b919-42d1-b84e-2e165fa35439.jpg  
12-26 10:58:51.826 10387 10387 E resultDishCount: 6 个菜品
12-26 10:58:52.656 10387 10958 E innerRecognize: recognizeByFilter6
12-26 10:58:52.656 10387 10958 E recognize: 822ms   /storage/emulated/0/shifang/ai_dish/image/20231226/7a00c5f0-f675-4cd7-93c9-556a2cf0d46a.jpg  
12-26 10:58:52.763 10387 10387 E resultDishCount: 6 个菜品
12-26 10:58:53.641 10387 10967 E innerRecognize: recognizeByFilter6
12-26 10:58:53.642 10387 10967 E recognize: 872ms   /storage/emulated/0/shifang/ai_dish/image/20231226/0a1df452-cac6-4813-ab15-90938ee8f50d.jpg  
12-26 10:58:53.735 10387 10387 E resultDishCount: 6 个菜品
12-26 10:58:54.518 10387 10976 E innerRecognize: recognizeByFilter6
12-26 10:58:54.518 10387 10976 E recognize: 785ms   /storage/emulated/0/shifang/ai_dish/image/20231226/040be3bb-fa57-446f-9ba2-6f64d77429f0.jpg  
12-26 10:58:54.628 10387 10387 E resultDishCount: 6 个菜品
12-26 10:58:55.433 10387 10984 E innerRecognize: recognizeByFilter6
12-26 10:58:55.433 10387 10984 E recognize: 807ms   /storage/emulated/0/shifang/ai_dish/image/20231226/ae8f7d3e-7bd3-44e5-bc59-11608b4fcc7a.jpg  
12-26 10:58:55.542 10387 10387 E resultDishCount: 6 个菜品
12-26 10:58:56.322 10387 10993 E innerRecognize: recognizeByFilter6
12-26 10:58:56.322 10387 10993 E recognize: 792ms   /storage/emulated/0/shifang/ai_dish/image/20231226/ac43230c-4717-4506-ae7d-ec0667836713.jpg  
12-26 10:58:56.432 10387 10387 E resultDishCount: 6 个菜品
12-26 10:58:57.311 10387 11003 E innerRecognize: recognizeByFilter6
12-26 10:58:57.311 10387 11003 E recognize: 877ms   /storage/emulated/0/shifang/ai_dish/image/20231226/02761f80-35b0-4f21-91e7-0f6e8b0fdeb2.jpg  
12-26 10:58:57.414 10387 10387 E resultDishCount: 6 个菜品
12-26 10:58:58.198 10387 11012 E innerRecognize: recognizeByFilter6
12-26 10:58:58.198 10387 11012 E recognize: 772ms   /storage/emulated/0/shifang/ai_dish/image/20231226/18df56a9-0754-41d4-8010-a906ee4a79ae.jpg  
12-26 10:58:58.289 10387 10387 E resultDishCount: 6 个菜品
12-26 10:58:59.079 10387 10860 E innerRecognize: recognizeByFilter6
12-26 10:58:59.079 10387 10860 E recognize: 799ms   /storage/emulated/0/shifang/ai_dish/image/20231226/bfdaea42-02c2-471b-814a-850f962934ec.jpg  
12-26 10:58:59.187 10387 10387 E resultDishCount: 6 个菜品
12-26 10:58:59.992 10387 10870 E innerRecognize: recognizeByFilter6
12-26 10:58:59.992 10387 10870 E recognize: 811ms   /storage/emulated/0/shifang/ai_dish/image/20231226/b76531c8-79b0-4740-80c8-ce5f1254eb73.jpg  
12-26 10:59:00.120 10387 10387 E resultDishCount: 6 个菜品
12-26 10:59:00.437 10387 10802 E registerBgr24: 1 
12-26 10:59:00.437 10387 10802 E FaceServer__: registerBgr24:  ErrorInfo.MOK
12-26 10:59:00.437 10387 10802 E SyncFacePresenter__addFaceLocal_register  fail: 吴彦祖  1
12-26 10:59:00.473 10387 10802 E registerBgr24: 2 
12-26 10:59:00.473 10387 10802 E FaceServer__: registerBgr24:  ErrorInfo.MOK
12-26 10:59:00.473 10387 10802 E SyncFacePresenter__addFaceLocal_register  fail: 郭富城  2
12-26 10:59:00.491 10387 10802 E registerBgr24: 3 
12-26 10:59:00.491 10387 10802 E FaceServer__: registerBgr24:  ErrorInfo.MOK
12-26 10:59:00.491 10387 10802 E SyncFacePresenter__addFaceLocal_register  fail: 谢霆锋  3
12-26 10:59:00.506 10387 10802 E registerBgr24: 4 
12-26 10:59:00.506 10387 10802 E FaceServer__: registerBgr24:  ErrorInfo.MOK
12-26 10:59:00.507 10387 10802 E SyncFacePresenter__addFaceLocal_register  fail: 摩卡  4
12-26 10:59:00.536 10387 10802 E registerBgr24: 5 
12-26 10:59:00.536 10387 10802 E FaceServer__: registerBgr24:  ErrorInfo.MOK
12-26 10:59:00.536 10387 10802 E SyncFacePresenter__addFaceLocal_register  fail: 李连杰  5
12-26 10:59:01.045 10387 10881 E innerRecognize: recognizeByFilter6
12-26 10:59:01.045 10387 10881 E recognize: 926ms   /storage/emulated/0/shifang/ai_dish/image/20231226/69e23286-edc1-4484-b781-bc2d2df4049c.jpg  
12-26 10:59:01.162 10387 10387 E resultDishCount: 6 个菜品
12-26 10:59:01.952 10387 10891 E innerRecognize: recognizeByFilter6
12-26 10:59:01.952 10387 10891 E recognize: 798ms   /storage/emulated/0/shifang/ai_dish/image/20231226/bcb7df76-a83b-4c24-b0a0-8c87bf6f4dc5.jpg  
12-26 10:59:02.049 10387 10387 E resultDishCount: 6 个菜品
12-26 10:59:02.919 10387 10900 E innerRecognize: recognizeByFilter6
12-26 10:59:02.919 10387 10900 E recognize: 881ms   /storage/emulated/0/shifang/ai_dish/image/20231226/3f67d588-3506-4e0b-ae49-f39b469d99b6.jpg  
12-26 10:59:03.047 10387 10387 E resultDishCount: 6 个菜品
12-26 10:59:03.879 10387 10909 E innerRecognize: recognizeByFilter6
12-26 10:59:03.879 10387 10909 E recognize: 838ms   /storage/emulated/0/shifang/ai_dish/image/20231226/f9799cc3-3fac-49f4-91db-73de10227d9e.jpg  
12-26 10:59:03.981 10387 10387 E resultDishCount: 6 个菜品
12-26 10:59:04.783 10387 10919 E innerRecognize: recognizeByFilter6
12-26 10:59:04.783 10387 10919 E recognize: 813ms   /storage/emulated/0/shifang/ai_dish/image/20231226/81716909-2344-4e33-b142-bc6371272d7d.jpg  
12-26 10:59:04.896 10387 10387 E resultDishCount: 6 个菜品
12-26 10:59:05.688 10387 10929 E innerRecognize: recognizeByFilter6
12-26 10:59:05.688 10387 10929 E recognize: 797ms   /storage/emulated/0/shifang/ai_dish/image/20231226/4898795a-e75f-4929-9b1d-26c87d7d5041.jpg  
12-26 10:59:05.794 10387 10387 E resultDishCount: 6 个菜品
12-26 10:59:06.597 10387 10938 E innerRecognize: recognizeByFilter6
12-26 10:59:06.597 10387 10938 E recognize: 801ms   /storage/emulated/0/shifang/ai_dish/image/20231226/74dad0b4-fd2e-4128-a7b2-5648299a2d48.jpg  
12-26 10:59:06.709 10387 10387 E resultDishCount: 6 个菜品
12-26 10:59:07.549 10387 10948 E innerRecognize: recognizeByFilter6
12-26 10:59:07.549 10387 10948 E recognize: 847ms   /storage/emulated/0/shifang/ai_dish/image/20231226/9ab225e8-2d76-442b-98e8-5b64497eb1e0.jpg  
12-26 10:59:07.682 10387 10387 E resultDishCount: 6 个菜品
12-26 10:59:08.473 10387 10958 E innerRecognize: recognizeByFilter6
12-26 10:59:08.473 10387 10958 E recognize: 788ms   /storage/emulated/0/shifang/ai_dish/image/20231226/80f94d78-1c14-4a98-9b54-6a4fb55b732c.jpg  
12-26 10:59:08.582 10387 10387 E resultDishCount: 6 个菜品
12-26 10:59:09.396 10387 10967 E innerRecognize: recognizeByFilter6
12-26 10:59:09.396 10387 10967 E recognize: 816ms   /storage/emulated/0/shifang/ai_dish/image/20231226/c7fe9fcb-9ba2-4f96-81c0-7780ec82d9d6.jpg  
12-26 10:59:09.474 10387 10387 E resultDishCount: 6 个菜品
12-26 10:59:10.341 10387 10976 E innerRecognize: recognizeByFilter6
12-26 10:59:10.341 10387 10976 E recognize: 867ms   /storage/emulated/0/shifang/ai_dish/image/20231226/ba110252-71da-4002-958a-0b344a2242ef.jpg  
12-26 10:59:10.479 10387 10387 E resultDishCount: 6 个菜品
12-26 10:59:11.350 10387 10984 E innerRecognize: recognizeByFilter6
12-26 10:59:11.350 10387 10984 E recognize: 882ms   /storage/emulated/0/shifang/ai_dish/image/20231226/8ccf8e5f-d606-402e-a4d5-a78ef76de322.jpg  
12-26 10:59:11.450 10387 10387 E resultDishCount: 6 个菜品
12-26 10:59:12.228 10387 10993 E innerRecognize: recognizeByFilter6
12-26 10:59:12.228 10387 10993 E recognize: 783ms   /storage/emulated/0/shifang/ai_dish/image/20231226/80a8602e-1648-41fa-bd3b-37d5db153176.jpg  
12-26 10:59:12.365 10387 10387 E resultDishCount: 6 个菜品
12-26 10:59:13.096 10387 11003 E innerRecognize: recognizeByFilter6
12-26 10:59:13.097 10387 11003 E recognize: 744ms   /storage/emulated/0/shifang/ai_dish/image/20231226/04f6fe97-53f2-49b7-956f-749089af7bac.jpg  
12-26 10:59:13.172 10387 10387 E resultDishCount: 6 个菜品
12-26 10:59:13.935 10387 11012 E innerRecognize: recognizeByFilter6
12-26 10:59:13.935 10387 11012 E recognize: 763ms   /storage/emulated/0/shifang/ai_dish/image/20231226/2b943da4-5a54-40cd-8a19-39b3a73695d3.jpg  
12-26 10:59:14.038 10387 10387 E resultDishCount: 6 个菜品
12-26 10:59:14.794 10387 10860 E innerRecognize: recognizeByFilter6
12-26 10:59:14.794 10387 10860 E recognize: 749ms   /storage/emulated/0/shifang/ai_dish/image/20231226/0e1f211a-ba03-4a5b-af09-607f6189bd04.jpg  
12-26 10:59:14.914 10387 10387 E resultDishCount: 6 个菜品
12-26 10:59:16.108 10387 10870 E innerRecognize: recognizeByFilter6
12-26 10:59:16.109 10387 10870 E recognize: 1207ms   /storage/emulated/0/shifang/ai_dish/image/20231226/3ddf2377-a7d4-47f5-95c1-816da672077a.jpg  
12-26 10:59:17.535 10387 10387 E resultDishCount: 6 个菜品
12-26 10:59:18.330 10387 10881 E innerRecognize: recognizeByFilter6
12-26 10:59:18.330 10387 10881 E recognize: 814ms   /storage/emulated/0/shifang/ai_dish/image/20231226/f1b24c7f-e975-4fd7-be50-87afb9eff1b1.jpg  
12-26 10:59:18.435 10387 10387 E resultDishCount: 6 个菜品
12-26 10:59:19.313 10387 10891 E innerRecognize: recognizeByFilter6
12-26 10:59:19.313 10387 10891 E recognize: 872ms   /storage/emulated/0/shifang/ai_dish/image/20231226/1f34faaa-0062-4f67-b6e0-8aa60f2e214b.jpg  
12-26 10:59:19.438 10387 10387 E resultDishCount: 6 个菜品
12-26 10:59:20.218 10387 10900 E innerRecognize: recognizeByFilter6
12-26 10:59:20.218 10387 10900 E recognize: 782ms   /storage/emulated/0/shifang/ai_dish/image/20231226/97f94fae-0f68-467e-be28-b28caf8d434c.jpg  
12-26 10:59:20.318 10387 10387 E resultDishCount: 6 个菜品
12-26 10:59:21.151 10387 10909 E innerRecognize: recognizeByFilter6
12-26 10:59:21.151 10387 10909 E recognize: 829ms   /storage/emulated/0/shifang/ai_dish/image/20231226/56a43d62-d780-4291-9629-54c1e8c60198.jpg  
12-26 10:59:21.262 10387 10387 E resultDishCount: 6 个菜品
12-26 10:59:22.111 10387 10919 E innerRecognize: recognizeByFilter6
12-26 10:59:22.111 10387 10919 E recognize: 861ms   /storage/emulated/0/shifang/ai_dish/image/20231226/2834a9a0-2e69-4f40-a306-2990bd74b2c7.jpg  
12-26 10:59:22.210 10387 10387 E resultDishCount: 6 个菜品
12-26 10:59:22.993 10387 10929 E innerRecognize: recognizeByFilter6
12-26 10:59:22.993 10387 10929 E recognize: 773ms   /storage/emulated/0/shifang/ai_dish/image/20231226/52c061cb-cb33-49ff-affc-9ca91a17cad0.jpg  
12-26 10:59:23.120 10387 10387 E resultDishCount: 6 个菜品
12-26 10:59:23.919 10387 10938 E innerRecognize: recognizeByFilter6
12-26 10:59:23.919 10387 10938 E recognize: 795ms   /storage/emulated/0/shifang/ai_dish/image/20231226/863fb278-c5ec-408f-82ff-32894dab16aa.jpg  
12-26 10:59:24.002 10387 10387 E resultDishCount: 6 个菜品
12-26 10:59:24.826 10387 10948 E innerRecognize: recognizeByFilter6
12-26 10:59:24.826 10387 10948 E recognize: 829ms   /storage/emulated/0/shifang/ai_dish/image/20231226/2e6568e0-1d94-480d-a564-074a8cb95d76.jpg  
12-26 10:59:24.950 10387 10387 E resultDishCount: 6 个菜品
12-26 10:59:25.784 10387 10958 E innerRecognize: recognizeByFilter6
12-26 10:59:25.784 10387 10958 E recognize: 842ms   /storage/emulated/0/shifang/ai_dish/image/20231226/b3e9068e-9437-4811-88e8-48378aad1307.jpg  
12-26 10:59:25.883 10387 10387 E resultDishCount: 6 个菜品
12-26 10:59:26.723 10387 10967 E innerRecognize: recognizeByFilter6
12-26 10:59:26.723 10387 10967 E recognize: 847ms   /storage/emulated/0/shifang/ai_dish/image/20231226/c10da516-8dbb-4d53-a3ba-cc6a045eb636.jpg  
12-26 10:59:26.804 10387 10387 E resultDishCount: 6 个菜品
12-26 10:59:27.612 10387 10976 E innerRecognize: recognizeByFilter6
12-26 10:59:27.612 10387 10976 E recognize: 803ms   /storage/emulated/0/shifang/ai_dish/image/20231226/2b630a9a-c6bc-46cc-a592-e4e375693341.jpg  
12-26 10:59:27.732 10387 10387 E resultDishCount: 6 个菜品
12-26 10:59:28.502 10387 10984 E innerRecognize: recognizeByFilter6
12-26 10:59:28.502 10387 10984 E recognize: 782ms   /storage/emulated/0/shifang/ai_dish/image/20231226/7987f5b8-acf5-459a-a993-05099c2c7914.jpg  
12-26 10:59:28.594 10387 10387 E resultDishCount: 6 个菜品
12-26 10:59:29.398 10387 10993 E innerRecognize: recognizeByFilter6
12-26 10:59:29.398 10387 10993 E recognize: 811ms   /storage/emulated/0/shifang/ai_dish/image/20231226/f0bc49ad-313b-4c39-a1fa-8678a20f6ca6.jpg  
12-26 10:59:29.514 10387 10387 E resultDishCount: 6 个菜品
12-26 10:59:30.297 10387 11003 E innerRecognize: recognizeByFilter6
12-26 10:59:30.297 10387 11003 E recognize: 786ms   /storage/emulated/0/shifang/ai_dish/image/20231226/56a649e6-1732-42ec-ae67-74ce3c892b9c.jpg  
12-26 10:59:30.373 10387 10387 E resultDishCount: 6 个菜品
12-26 10:59:31.170 10387 11012 E innerRecognize: recognizeByFilter6
12-26 10:59:31.171 10387 11012 E recognize: 801ms   /storage/emulated/0/shifang/ai_dish/image/20231226/7c2a0671-479a-4af7-8100-e9daf695301e.jpg  
12-26 10:59:31.257 10387 10387 E resultDishCount: 6 个菜品
12-26 10:59:32.039 10387 10860 E innerRecognize: recognizeByFilter6
12-26 10:59:32.039 10387 10860 E recognize: 777ms   /storage/emulated/0/shifang/ai_dish/image/20231226/0696d19c-a092-4cfe-94a6-b26f4c8153a9.jpg  
12-26 10:59:32.149 10387 10387 E resultDishCount: 6 个菜品
12-26 10:59:33.010 10387 10870 E innerRecognize: recognizeByFilter6
12-26 10:59:33.010 10387 10870 E recognize: 866ms   /storage/emulated/0/shifang/ai_dish/image/20231226/3b137d4a-ef02-42d0-b457-6407ec7d5a5d.jpg  
12-26 10:59:33.123 10387 10387 E resultDishCount: 6 个菜品
12-26 10:59:33.935 10387 10881 E innerRecognize: recognizeByFilter6
12-26 10:59:33.935 10387 10881 E recognize: 816ms   /storage/emulated/0/shifang/ai_dish/image/20231226/8cf1f18a-ca89-419f-b001-f58d4a920ff8.jpg  
12-26 10:59:34.034 10387 10387 E resultDishCount: 6 个菜品
12-26 10:59:34.807 10387 10891 E innerRecognize: recognizeByFilter6
12-26 10:59:34.807 10387 10891 E recognize: 783ms   /storage/emulated/0/shifang/ai_dish/image/20231226/2aa260e7-2b3b-4361-8fb7-25ab3cf83e3c.jpg  
12-26 10:59:34.914 10387 10387 E resultDishCount: 6 个菜品
12-26 10:59:35.740 10387 10900 E innerRecognize: recognizeByFilter6
12-26 10:59:35.740 10387 10900 E recognize: 836ms   /storage/emulated/0/shifang/ai_dish/image/20231226/6150387e-d713-45d2-aee0-30550386f81d.jpg  
12-26 10:59:35.847 10387 10387 E resultDishCount: 6 个菜品
12-26 10:59:36.653 10387 10909 E innerRecognize: recognizeByFilter6
12-26 10:59:36.653 10387 10909 E recognize: 806ms   /storage/emulated/0/shifang/ai_dish/image/20231226/83154965-def2-4f7c-a970-641c3bedd5b5.jpg  
12-26 10:59:36.745 10387 10387 E resultDishCount: 6 个菜品
12-26 10:59:37.597 10387 10919 E innerRecognize: recognizeByFilter6
12-26 10:59:37.597 10387 10919 E recognize: 847ms   /storage/emulated/0/shifang/ai_dish/image/20231226/d18bf80d-d532-4756-921c-53ec217ed07b.jpg  
12-26 10:59:37.733 10387 10387 E resultDishCount: 6 个菜品
12-26 10:59:38.522 10387 10929 E innerRecognize: recognizeByFilter6
12-26 10:59:38.522 10387 10929 E recognize: 793ms   /storage/emulated/0/shifang/ai_dish/image/20231226/ec3ec54e-7838-4570-b615-bbaf6a8c9552.jpg  
12-26 10:59:38.618 10387 10387 E resultDishCount: 6 个菜品
12-26 10:59:39.445 10387 10938 E innerRecognize: recognizeByFilter6
12-26 10:59:39.445 10387 10938 E recognize: 827ms   /storage/emulated/0/shifang/ai_dish/image/20231226/b503c38a-9115-4097-8fb6-a5fefa9d8b0a.jpg  
12-26 10:59:39.566 10387 10387 E resultDishCount: 6 个菜品
12-26 10:59:40.350 10387 10948 E innerRecognize: recognizeByFilter6
12-26 10:59:40.350 10387 10948 E recognize: 778ms   /storage/emulated/0/shifang/ai_dish/image/20231226/b05eaa27-7091-4db5-abc1-664cecf2c725.jpg  
12-26 10:59:40.444 10387 10387 E resultDishCount: 6 个菜品
12-26 10:59:41.294 10387 10958 E innerRecognize: recognizeByFilter6
12-26 10:59:41.294 10387 10958 E recognize: 844ms   /storage/emulated/0/shifang/ai_dish/image/20231226/20a7d5cd-6477-49c8-94eb-6648c8b2ebc3.jpg  
12-26 10:59:41.377 10387 10387 E resultDishCount: 6 个菜品
12-26 10:59:42.224 10387 10967 E innerRecognize: recognizeByFilter6
12-26 10:59:42.224 10387 10967 E recognize: 848ms   /storage/emulated/0/shifang/ai_dish/image/20231226/ad90e3bf-c873-4a68-ae7c-a8a678dd86bc.jpg  
12-26 10:59:42.328 10387 10387 E resultDishCount: 6 个菜品
12-26 10:59:43.123 10387 10976 E innerRecognize: recognizeByFilter6
12-26 10:59:43.123 10387 10976 E recognize: 804ms   /storage/emulated/0/shifang/ai_dish/image/20231226/65139d0f-de79-4714-b7c8-7e0a20d35950.jpg  
12-26 10:59:43.226 10387 10387 E resultDishCount: 6 个菜品
12-26 10:59:44.047 10387 10984 E innerRecognize: recognizeByFilter6
12-26 10:59:44.047 10387 10984 E recognize: 829ms   /storage/emulated/0/shifang/ai_dish/image/20231226/a207fce9-c7d0-44a0-aa77-4763f3568de7.jpg  
12-26 10:59:44.131 10387 10387 E resultDishCount: 6 个菜品
12-26 10:59:44.945 10387 10993 E innerRecognize: recognizeByFilter6
12-26 10:59:44.945 10387 10993 E recognize: 806ms   /storage/emulated/0/shifang/ai_dish/image/20231226/04ccf41f-0f3c-47a9-b071-b043f641f95c.jpg  
12-26 10:59:45.040 10387 10387 E resultDishCount: 6 个菜品
12-26 10:59:45.859 10387 11003 E innerRecognize: recognizeByFilter6
12-26 10:59:45.859 10387 11003 E recognize: 812ms   /storage/emulated/0/shifang/ai_dish/image/20231226/0aaa6ea7-4d46-462d-916a-d3e5cea7abb3.jpg  
12-26 10:59:45.973 10387 10387 E resultDishCount: 6 个菜品
12-26 10:59:46.733 10387 11012 E innerRecognize: recognizeByFilter6
12-26 10:59:46.733 10387 11012 E recognize: 772ms   /storage/emulated/0/shifang/ai_dish/image/20231226/f30dd089-e635-45e5-ae72-5efc0b8f954c.jpg  
12-26 10:59:46.889 10387 10387 E resultDishCount: 6 个菜品
12-26 10:59:47.711 10387 10860 E innerRecognize: recognizeByFilter6
12-26 10:59:47.711 10387 10860 E recognize: 812ms   /storage/emulated/0/shifang/ai_dish/image/20231226/12f7c1e6-643b-42a1-b0d8-f6b0d9c4b6f6.jpg  
12-26 10:59:47.805 10387 10387 E resultDishCount: 6 个菜品
12-26 10:59:48.736 10387 10870 E innerRecognize: recognizeByFilter6
