12-28 10:11:30.409  1428  4149 E updateProductFeature: 4   29c16acdcb95474098e236ffc0777439   {"classId":3,"cropImagePath":"/storage/emulated/0/shifang/ai_dish/image//20231228/3b4955b7-95e6-450e-ab8e-0f6e4c893a1d.jpg_0.jpg","operation":"CREATE","posIndex":0,"predictClassId":3,"productName":"[新菜3]","tag":""}
12-28 10:11:30.447  1428  1428 E doUploadProductImg success: /storage/emulated/0/Android/shifangfood/dish_image.jpg
12-28 10:11:30.447  1428  1428 E uploadProductImgSuccess: [新菜3]  7ab282574ed049ea820a4506325b9079 4
12-28 10:11:30.920  1428  4149 E updateProductFeature: {"classId":3,"cropImagePath":"/storage/emulated/0/shifang/ai_dish/image//20231228/3b4955b7-95e6-450e-ab8e-0f6e4c893a1d.jpg_0.jpg","operation":"CREATE","posIndex":0,"predictClassId":3,"productName":"[新菜3]","tag":""}
12-28 10:11:30.927  1428  4149 E updateDishSchedule: 1 
12-28 10:11:30.929  1428  4149 E currentDishSchedule_update: {"date":"2023-12-28","id":2,"lunch":"4"}
12-28 10:11:30.944  1428  4149 E dishScheduleVO: [新菜3]  4  {"date":"2023-12-28","id":2,"lunch":"4"}
12-28 10:11:30.966  1428  1428 E resultDishCount: 2 个菜品
12-28 10:11:36.772  1428  1428 E USBTransferUtil: 当前可用 usb 设备数量: 0
12-28 10:11:37.078  1428  4158 E AI_SDK__innerRecognize: recognizeByFilter1
12-28 10:11:37.078  1428  4158 E recognize: 231ms   /storage/emulated/0/shifang/ai_dish/image/20231228/2c679b30-e81a-405c-8bcf-30d5b394300a.jpg  
12-28 10:11:37.113  1428  1428 E resultDishCount: 1 个菜品
12-28 10:11:45.118  1428  1428 E USBTransferUtil: 当前可用 usb 设备数量: 0
12-28 10:11:45.504  1428  4169 E AI_SDK__innerRecognize: recognizeByFilter1
12-28 10:11:45.504  1428  4169 E recognize: 311ms   /storage/emulated/0/shifang/ai_dish/image/20231228/661074a9-0e24-4527-97aa-722da7c67a88.jpg  
12-28 10:11:45.554  1428  1428 E resultDishCount: 1 个菜品
12-28 10:12:15.560  1428  1428 E USBTransferUtil: 当前可用 usb 设备数量: 0
12-28 10:12:16.125  1428  4211 E AI_SDK__innerRecognize: recognizeByFilter1
12-28 10:12:16.125  1428  4211 E recognize: 327ms   /storage/emulated/0/shifang/ai_dish/image/20231228/7b2834de-1c46-41f6-9e09-f76d06a4d374.jpg  
12-28 10:12:16.164  1428  1428 E resultDishCount: 1 个菜品
12-28 10:12:18.609  1428  1428 E USBTransferUtil: 当前可用 usb 设备数量: 0
12-28 10:12:19.163  1428  4221 E AI_SDK__innerRecognize: recognizeByFilter1
12-28 10:12:19.163  1428  4221 E recognize: 309ms   /storage/emulated/0/shifang/ai_dish/image/20231228/b073e448-79e6-43e1-915b-188648f22cb1.jpg  
12-28 10:12:19.208  1428  1428 E resultDishCount: 1 个菜品
12-28 10:12:21.937  1428  1428 E surfaceDestroyed: ------
12-28 10:12:21.941  1428  1428 E surfaceDestroyed: ------
12-28 10:12:21.953  1428  3804 E BufferQueueProducer: [SurfaceView[com.shifang.aidish.offline/com.shifang.aidish.mvp.ui.DetectCalcActivity]#42(BLAST Consumer)42](id:59400000034,api:0,p:-1,c:1428) dequeueBuffer: BufferQueue has no connected producer
12-28 10:12:21.953  1428  3804 E mali_so : encounter the first mali_error : 0x0002 : failed to allocate CPU memory (gles_fb_first_operation_cb at hardware/arm/maliT760/driver/product/gles/src/fb/mali_gles_fb_module_api.c:987)
12-28 10:12:21.954  1428  3804 E BufferQueueProducer: [SurfaceView[com.shifang.aidish.offline/com.shifang.aidish.mvp.ui.DetectCalcActivity]#42(BLAST Consumer)42](id:59400000034,api:0,p:-1,c:1428) dequeueBuffer: BufferQueue has no connected producer
12-28 10:12:21.954  1428  3804 E BufferQueueProducer: [SurfaceView[com.shifang.aidish.offline/com.shifang.aidish.mvp.ui.DetectCalcActivity]#42(BLAST Consumer)42](id:59400000034,api:0,p:-1,c:1428) disconnect: not connected (req=1)
12-28 10:12:21.957  1428  3816 E BufferQueueProducer: [SurfaceView[]#43(BLAST Consumer)43](id:59400000036,api:0,p:-1,c:1428) dequeueBuffer: BufferQueue has no connected producer
12-28 10:12:21.957  1428  3816 E mali_so : encounter the first mali_error : 0x0002 : failed to allocate CPU memory (gles_fb_first_operation_cb at hardware/arm/maliT760/driver/product/gles/src/fb/mali_gles_fb_module_api.c:987)
12-28 10:12:21.957  1428  3816 E BufferQueueProducer: [SurfaceView[]#43(BLAST Consumer)43](id:59400000036,api:0,p:-1,c:1428) dequeueBuffer: BufferQueue has no connected producer
12-28 10:12:21.958  1428  3816 E BufferQueueProducer: [SurfaceView[]#43(BLAST Consumer)43](id:59400000036,api:0,p:-1,c:1428) disconnect: not connected (req=1)
12-28 10:12:22.001  1428  1428 E language: ch
12-28 10:12:22.082  1428  1428 E parseDishTag: 异物
12-28 10:12:22.082  1428  1428 E parseDishTag: 非标品
12-28 10:12:22.084  1428  4234 E showDishScheduleByDateList: {"breakfast":[],"date":"2023-12-28","lunch":[{"checkColor":false,"checkPlateArea":false,"checkShape":false,"classId":3,"color":"白色","confidence":1.0,"discount":0.0,"id":4,"imageId":"7ab282574ed049ea820a4506325b9079","name":"[新菜3]","plateArea":43373,"price":10.0,"shape":"圆形","tag":"","weight":150}],"supper":[]}
12-28 10:12:23.471  1428  1428 E TradeOrderPresenter__doSearchTradeOrder  srcUserName:  
12-28 10:12:23.471  1428  1428 E getTradeOrders:       2023-12-28 00:00:00 2023-12-28 10:15:59
12-28 10:12:23.475  1428  1428 E findTraderOrders: 1   2
12-28 10:12:23.477  1428  1428 E doSearchTradeOrder: 1  2  
12-28 10:12:23.480  1428  1428 E USBTransferUtil: 当前可用 usb 设备数量: 0
12-28 10:12:23.533  1428  4237 E ywl5320 : fbo success
12-28 10:12:23.533  1428  4237 E mali_so : encounter the first gles_error : 0x0001; gles_state_error_info : <param> is not an accepted value (gles_texturep_tex_parameteri_input_param_validation at hardware/arm/maliT760/driver/product/gles/src/texture/mali_gles_texture_helpers.c:1095)
12-28 10:12:23.555  1428  1428 E resultDishCount: 1 个菜品
12-28 10:12:24.173  1428  1428 E USBTransferUtil: 当前可用 usb 设备数量: 0
12-28 10:12:24.763  1428  4252 E AI_SDK__innerRecognize: recognizeByFilter1
12-28 10:12:24.764  1428  4252 E recognize: 319ms   /storage/emulated/0/shifang/ai_dish/image/20231228/297443ee-4106-4885-bdb1-821d334dfa0e.jpg  
12-28 10:12:24.825  1428  1428 E resultDishCount: 1 个菜品
12-28 10:12:33.591  1428  1428 E surfaceDestroyed: ------
12-28 10:12:33.592  1428  1428 E surfaceDestroyed: ------
12-28 10:12:33.599  1428  4237 E BufferQueueProducer: [SurfaceView[com.shifang.aidish.offline/com.shifang.aidish.mvp.ui.DetectCalcActivity]#49(BLAST Consumer)49](id:5940000003c,api:0,p:-1,c:1428) dequeueBuffer: BufferQueue has no connected producer
12-28 10:12:33.599  1428  4237 E mali_so : encounter the first mali_error : 0x0002 : failed to allocate CPU memory (gles_fb_first_operation_cb at hardware/arm/maliT760/driver/product/gles/src/fb/mali_gles_fb_module_api.c:987)
12-28 10:12:33.599  1428  4237 E BufferQueueProducer: [SurfaceView[com.shifang.aidish.offline/com.shifang.aidish.mvp.ui.DetectCalcActivity]#49(BLAST Consumer)49](id:5940000003c,api:0,p:-1,c:1428) dequeueBuffer: BufferQueue has no connected producer
12-28 10:12:33.600  1428  4237 E BufferQueueProducer: [SurfaceView[com.shifang.aidish.offline/com.shifang.aidish.mvp.ui.DetectCalcActivity]#49(BLAST Consumer)49](id:5940000003c,api:0,p:-1,c:1428) disconnect: not connected (req=1)
12-28 10:12:33.602  1428  4249 E BufferQueueProducer: [SurfaceView[]#50(BLAST Consumer)50](id:5940000003e,api:0,p:-1,c:1428) dequeueBuffer: BufferQueue has no connected producer
12-28 10:12:33.602  1428  4249 E mali_so : encounter the first mali_error : 0x0002 : failed to allocate CPU memory (gles_fb_first_operation_cb at hardware/arm/maliT760/driver/product/gles/src/fb/mali_gles_fb_module_api.c:987)
12-28 10:12:33.603  1428  4249 E BufferQueueProducer: [SurfaceView[]#50(BLAST Consumer)50](id:5940000003e,api:0,p:-1,c:1428) dequeueBuffer: BufferQueue has no connected producer
12-28 10:12:33.604  1428  4249 E BufferQueueProducer: [SurfaceView[]#50(BLAST Consumer)50](id:5940000003e,api:0,p:-1,c:1428) disconnect: not connected (req=1)
12-28 10:12:33.634  1428  1428 E TradeOrderPresenter__doSearchTradeOrder  srcUserName:  
12-28 10:12:33.634  1428  1428 E getTradeOrders:       2023-12-28 00:00:00 2023-12-28 10:15:59
12-28 10:12:33.637  1428  1428 E findTraderOrders: 1   2
12-28 10:12:33.637  1428  1428 E doSearchTradeOrder: 1  2  
12-28 10:12:35.210  1428  1428 E TradeOrderPresenter__doSearchTradeOrder  srcUserName:  
12-28 10:12:35.210  1428  1428 E getTradeOrders:       2023-12-28 00:00:00 2023-12-28 10:15:59
12-28 10:12:35.214  1428  1428 E findTraderOrders: 1   2
12-28 10:12:35.215  1428  1428 E doSearchTradeOrder: 1  2  
12-28 10:12:35.217  1428  1428 E USBTransferUtil: 当前可用 usb 设备数量: 0
12-28 10:12:35.252  1428  4273 E ywl5320 : fbo success
12-28 10:12:35.252  1428  4273 E mali_so : encounter the first gles_error : 0x0001; gles_state_error_info : <param> is not an accepted value (gles_texturep_tex_parameteri_input_param_validation at hardware/arm/maliT760/driver/product/gles/src/texture/mali_gles_texture_helpers.c:1095)
12-28 10:12:35.280  1428  1428 E resultDishCount: 1 个菜品
12-28 10:12:37.061  1428  1428 E USBTransferUtil: 当前可用 usb 设备数量: 0
12-28 10:12:37.669  1428  4289 E AI_SDK__innerRecognize: recognizeByFilter1
12-28 10:12:37.669  1428  4289 E recognize: 375ms   /storage/emulated/0/shifang/ai_dish/image/20231228/9d35c10b-0be4-47c7-b884-c547cebab220.jpg  
12-28 10:12:37.721  1428  1428 E resultDishCount: 1 个菜品
12-28 10:12:40.049  1428  1428 E USBTransferUtil: 当前可用 usb 设备数量: 0
12-28 10:12:40.574  1428  4296 E AI_SDK__innerRecognize: recognizeByFilter1
12-28 10:12:40.574  1428  4296 E recognize: 287ms   /storage/emulated/0/shifang/ai_dish/image/20231228/b32032f4-9a9e-427b-8f6c-e06b943d7005.jpg  
12-28 10:12:40.611  1428  1428 E resultDishCount: 1 个菜品
12-28 10:22:38.024  1428  1428 E surfaceDestroyed: ------
12-28 10:22:38.025  1428  1428 E surfaceDestroyed: ------
12-28 10:22:38.029  1428  4273 E BufferQueueProducer: [SurfaceView[com.shifang.aidish.offline/com.shifang.aidish.mvp.ui.DetectCalcActivity]#54(BLAST Consumer)54](id:59400000042,api:0,p:-1,c:1428) dequeueBuffer: BufferQueue has no connected producer
12-28 10:22:38.029  1428  4273 E mali_so : encounter the first mali_error : 0x0002 : failed to allocate CPU memory (gles_fb_first_operation_cb at hardware/arm/maliT760/driver/product/gles/src/fb/mali_gles_fb_module_api.c:987)
12-28 10:22:38.029  1428  4273 E BufferQueueProducer: [SurfaceView[com.shifang.aidish.offline/com.shifang.aidish.mvp.ui.DetectCalcActivity]#54(BLAST Consumer)54](id:59400000042,api:0,p:-1,c:1428) dequeueBuffer: BufferQueue has no connected producer
12-28 10:22:38.035  1428  4285 E BufferQueueProducer: [SurfaceView[]#55(BLAST Consumer)55](id:59400000044,api:0,p:-1,c:1428) disconnect: not connected (req=1)
12-28 10:22:38.040  1428  4273 E BufferQueueProducer: [SurfaceView[com.shifang.aidish.offline/com.shifang.aidish.mvp.ui.DetectCalcActivity]#54(BLAST Consumer)54](id:59400000042,api:0,p:-1,c:1428) disconnect: not connected (req=1)
12-28 10:22:38.071  1428  1428 E .aidish.offlin: Invalid ID 0x00000a03.
12-28 10:28:39.816  1428  1428 E TradeOrderPresenter__doSearchTradeOrder  srcUserName:  
12-28 10:28:39.816  1428  1428 E getTradeOrders:       2023-12-28 00:00:00 2023-12-28 10:31:59
12-28 10:28:39.820  1428  1428 E findTraderOrders: 1   2
12-28 10:28:39.822  1428  1428 E doSearchTradeOrder: 1  2  
12-28 10:28:39.825  1428  1428 E USBTransferUtil: 当前可用 usb 设备数量: 0
12-28 10:28:39.871  1428  5400 E ywl5320 : fbo success
12-28 10:28:39.871  1428  5400 E mali_so : encounter the first gles_error : 0x0001; gles_state_error_info : <param> is not an accepted value (gles_texturep_tex_parameteri_input_param_validation at hardware/arm/maliT760/driver/product/gles/src/texture/mali_gles_texture_helpers.c:1095)
12-28 10:28:39.886  1428  1428 E resultDishCount: 1 个菜品
12-28 10:28:40.620  1428  1428 E USBTransferUtil: 当前可用 usb 设备数量: 0
12-28 10:28:41.188  1428  5421 E AI_SDK__innerRecognize: recognizeByFilter1
12-28 10:28:41.189  1428  5421 E recognize: 328ms   /storage/emulated/0/shifang/ai_dish/image/20231228/537990a8-5f44-4d87-9d26-bb9e6cbb99a4.jpg  
12-28 10:28:41.251  1428  1428 E resultDishCount: 1 个菜品
12-28 10:28:41.272  1428  1428 E USBTransferUtil: 当前可用 usb 设备数量: 0
12-28 10:28:41.310  1428  1428 E resultDishCount: 1 个菜品
12-28 10:28:41.600  1428  5425 E AI_SDK__innerRecognize: recognizeByFilter1
12-28 10:28:41.600  1428  5425 E recognize: 281ms   /storage/emulated/0/shifang/ai_dish/image/20231228/955ce17e-7d0e-46bb-8882-3cc70213023b.jpg  
12-28 10:28:41.642  1428  1428 E resultDishCount: 1 个菜品
12-28 10:28:44.469  1428  1428 E resultDishCount: 1 个菜品
12-28 10:28:47.038  1428  1428 E doFeedbackDishes: {"products":[{"classId":3,"cropImagePath":"/storage/emulated/0/shifang/ai_dish/image//20231228/661074a9-0e24-4527-97aa-722da7c67a88.jpg_0.jpg","operation":"NONE","posIndex":0,"predictClassId":3,"productName":"[新菜3]","tag":""}],"requestId":"457ef1f543bc48ca9f0645e7fb3e1f90"}
12-28 10:28:47.039  1428  1428 E doFeedbackDishes: {"products":[{"classId":3,"cropImagePath":"/storage/emulated/0/shifang/ai_dish/image//20231228/7b2834de-1c46-41f6-9e09-f76d06a4d374.jpg_0.jpg","operation":"NONE","posIndex":0,"predictClassId":3,"productName":"[新菜3]","tag":""}],"requestId":"5543943b99dd4329a97d2ac3d9e4460b"}
12-28 10:28:47.039  1428  1428 E doFeedbackDishes: {"products":[{"classId":3,"cropImagePath":"/storage/emulated/0/shifang/ai_dish/image//20231228/9d35c10b-0be4-47c7-b884-c547cebab220.jpg_0.jpg","operation":"NONE","posIndex":0,"predictClassId":3,"productName":"[新菜3]","tag":""}],"requestId":"ae344e76b62b420db7478cdb763b57f5"}
12-28 10:28:47.040  1428  1428 E doFeedbackDishes: {"products":[{"classId":3,"cropImagePath":"/storage/emulated/0/shifang/ai_dish/image//20231228/955ce17e-7d0e-46bb-8882-3cc70213023b.jpg_0.jpg","operation":"NONE","posIndex":0,"predictClassId":3,"productName":"[新菜3]","tag":""}],"requestId":"cdf06c9e903e4ece88b2d5a96fdde9b2"}
12-28 10:28:47.043  1428  1428 E updateSchedule: {"date":"2023-12-28","lunch":"4"}
12-28 10:28:47.065  1428  5441 E currentDishSchedule_update: {"date":"2023-12-28","id":2,"lunch":"4"}
12-28 10:28:47.142  1428  5437 E updateProductFeature: {"classId":3,"cropImagePath":"/storage/emulated/0/shifang/ai_dish/image//20231228/661074a9-0e24-4527-97aa-722da7c67a88.jpg_0.jpg","operation":"NONE","posIndex":0,"predictClassId":3,"productName":"[新菜3]","tag":""}
12-28 10:28:47.167  1428  5439 E updateProductFeature: {"classId":3,"cropImagePath":"/storage/emulated/0/shifang/ai_dish/image//20231228/9d35c10b-0be4-47c7-b884-c547cebab220.jpg_0.jpg","operation":"NONE","posIndex":0,"predictClassId":3,"productName":"[新菜3]","tag":""}
12-28 10:28:47.198  1428  5438 E updateProductFeature: {"classId":3,"cropImagePath":"/storage/emulated/0/shifang/ai_dish/image//20231228/7b2834de-1c46-41f6-9e09-f76d06a4d374.jpg_0.jpg","operation":"NONE","posIndex":0,"predictClassId":3,"productName":"[新菜3]","tag":""}
12-28 10:28:47.213  1428  5440 E updateProductFeature: {"classId":3,"cropImagePath":"/storage/emulated/0/shifang/ai_dish/image//20231228/955ce17e-7d0e-46bb-8882-3cc70213023b.jpg_0.jpg","operation":"NONE","posIndex":0,"predictClassId":3,"productName":"[新菜3]","tag":""}
12-28 10:28:50.513  1428  2905 E scanResult: NFC3173237904    
12-28 10:28:50.513  1428  5460 E setReaderCode: NFC3173237904  true    true   PAY_WAIT
12-28 10:28:50.513  1428  5460 E readIdResult: 3173237904   kCard
12-28 10:28:50.519  1428  5460 E PaymentProvider___innerPay_paymentResult: {"amount":40.0,"balance":7520.0,"fee":40.0,"params":{"beforeDiscountAmount":40.0,"discount":100.0,"orderId":"1703730530517","orders":[{"name":"[新菜3]","price":10.0,"trayOrderItemType":"DISTINGUISH"},{"name":"[新菜3]","price":10.0,"trayOrderItemType":"DISTINGUISH"},{"name":"[新菜3]","price":10.0,"trayOrderItemType":"DISTINGUISH"},{"name":"[新菜3]","price":10.0,"trayOrderItemType":"DISTINGUISH"}],"ordertype":"ot_Consume","payId":"3173237904","paytype":"kCard","totalAmount":40.0},"payId":"3173237904","payStatus":"PAY_SUCCESS","payType":"kCard","paymentProviderType":"ppt_SF_Test","tradeNo":"1703730530518","userId":"testUser"}
12-28 10:28:50.519  1428  5460 E PaymentProvider__updateUserInfo: {"amount":40.0,"balance":7520.0,"fee":40.0,"params":{"beforeDiscountAmount":40.0,"discount":100.0,"orderId":"1703730530517","orders":[{"name":"[新菜3]","price":10.0,"trayOrderItemType":"DISTINGUISH"},{"name":"[新菜3]","price":10.0,"trayOrderItemType":"DISTINGUISH"},{"name":"[新菜3]","price":10.0,"trayOrderItemType":"DISTINGUISH"},{"name":"[新菜3]","price":10.0,"trayOrderItemType":"DISTINGUISH"}],"ordertype":"ot_Consume","payId":"3173237904","paytype":"kCard","totalAmount":40.0},"payId":"3173237904","payStatus":"PAY_SUCCESS","payType":"kCard","paymentProviderType":"ppt_SF_Test","tradeNo":"1703730530518","userId":"testUser"}
12-28 10:28:50.524  1428  5460 E scanResult: NFC3173237904  完成
12-28 10:28:50.646  1428  1428 E TradeOrderPresenter__createTradeOrder: 1703730530518 
12-28 10:28:50.646  1428  1428 E TradeOrderPresenter__doSearchTradeOrder  srcUserName:  
12-28 10:28:50.646  1428  1428 E getTradeOrders:       2023-12-28 00:00:00 2023-12-28 10:31:59
12-28 10:28:50.649  1428  1428 E findTraderOrders: 2   3
12-28 10:28:50.651  1428  1428 E doSearchTradeOrder: 2  3  
12-28 10:28:59.541  1428  1428 E USBTransferUtil: 当前可用 usb 设备数量: 0
12-28 10:30:11.085  1428  1428 E surfaceDestroyed: ------
12-28 10:30:11.086  1428  1428 E surfaceDestroyed: ------
12-28 10:30:11.101  1428  5400 E BufferQueueProducer: [SurfaceView[com.shifang.aidish.offline/com.shifang.aidish.mvp.ui.DetectCalcActivity]#59(BLAST Consumer)59](id:59400000048,api:0,p:-1,c:1428) dequeueBuffer: BufferQueue has no connected producer
12-28 10:30:11.101  1428  5400 E mali_so : encounter the first mali_error : 0x0002 : failed to allocate CPU memory (gles_fb_first_operation_cb at hardware/arm/maliT760/driver/product/gles/src/fb/mali_gles_fb_module_api.c:987)
12-28 10:30:11.101  1428  5400 E BufferQueueProducer: [SurfaceView[com.shifang.aidish.offline/com.shifang.aidish.mvp.ui.DetectCalcActivity]#59(BLAST Consumer)59](id:59400000048,api:0,p:-1,c:1428) dequeueBuffer: BufferQueue has no connected producer
12-28 10:30:11.102  1428  5402 E BufferQueueProducer: [SurfaceView[]#60(BLAST Consumer)60](id:5940000004a,api:0,p:-1,c:1428) dequeueBuffer: BufferQueue has no connected producer
12-28 10:30:11.102  1428  5402 E mali_so : encounter the first mali_error : 0x0002 : failed to allocate CPU memory (gles_fb_first_operation_cb at hardware/arm/maliT760/driver/product/gles/src/fb/mali_gles_fb_module_api.c:987)
12-28 10:30:11.102  1428  5402 E BufferQueueProducer: [SurfaceView[]#60(BLAST Consumer)60](id:5940000004a,api:0,p:-1,c:1428) dequeueBuffer: BufferQueue has no connected producer
12-28 10:30:11.102  1428  5400 E BufferQueueProducer: [SurfaceView[com.shifang.aidish.offline/com.shifang.aidish.mvp.ui.DetectCalcActivity]#59(BLAST Consumer)59](id:59400000048,api:0,p:-1,c:1428) disconnect: not connected (req=1)
12-28 10:30:11.102  1428  5402 E BufferQueueProducer: [SurfaceView[]#60(BLAST Consumer)60](id:5940000004a,api:0,p:-1,c:1428) disconnect: not connected (req=1)
12-28 10:30:12.220  1428  1428 E TradeOrderPresenter__doSearchTradeOrder  srcUserName:  
12-28 10:30:12.220  1428  1428 E getTradeOrders:       2023-12-28 00:00:00 2023-12-28 10:33:59
12-28 10:30:12.224  1428  1428 E findTraderOrders: 2   3
12-28 10:30:12.225  1428  1428 E doSearchTradeOrder: 2  3  
12-28 10:30:12.228  1428  1428 E USBTransferUtil: 当前可用 usb 设备数量: 0
12-28 10:30:12.269  1428  5667 E ywl5320 : fbo success
12-28 10:30:12.269  1428  5667 E mali_so : encounter the first gles_error : 0x0001; gles_state_error_info : <param> is not an accepted value (gles_texturep_tex_parameteri_input_param_validation at hardware/arm/maliT760/driver/product/gles/src/texture/mali_gles_texture_helpers.c:1095)
12-28 10:30:12.901  1428  1428 E USBTransferUtil: 当前可用 usb 设备数量: 0
12-28 10:30:13.466  1428  5719 E AI_SDK__innerRecognize: recognizeByFilter1
12-28 10:30:13.466  1428  5719 E recognize: 319ms   /storage/emulated/0/shifang/ai_dish/image/20231228/2a211a25-d9bd-4320-9df4-bee444eda031.jpg  
12-28 10:30:13.508  1428  1428 E resultDishCount: 1 个菜品
12-28 10:30:14.770  1428  1428 E surfaceDestroyed: ------
12-28 10:30:14.774  1428  1428 E surfaceDestroyed: ------
12-28 10:30:14.776  1428  5681 E BufferQueueProducer: [SurfaceView[]#63(BLAST Consumer)63](id:5940000004f,api:0,p:-1,c:1428) requestBuffer: BufferQueue has no connected producer
12-28 10:30:14.776  1428  5681 E Surface : dequeueBuffer: IGraphicBufferProducer::requestBuffer failed: -19
12-28 10:30:14.776  1428  5681 E BufferQueueProducer: [SurfaceView[]#63(BLAST Consumer)63](id:5940000004f,api:0,p:-1,c:1428) cancelBuffer: BufferQueue has no connected producer
12-28 10:30:14.776  1428  5681 E mali_so : encounter the first mali_error : 0x0002 : failed to allocate CPU memory (gles_fb_first_operation_cb at hardware/arm/maliT760/driver/product/gles/src/fb/mali_gles_fb_module_api.c:987)
12-28 10:30:14.776  1428  5681 E BufferQueueProducer: [SurfaceView[]#63(BLAST Consumer)63](id:5940000004f,api:0,p:-1,c:1428) dequeueBuffer: BufferQueue has no connected producer
12-28 10:30:14.778  1428  5681 E BufferQueueProducer: [SurfaceView[]#63(BLAST Consumer)63](id:5940000004f,api:0,p:-1,c:1428) disconnect: not connected (req=1)
12-28 10:30:14.778  1428  5667 E BufferQueueProducer: [SurfaceView[com.shifang.aidish.offline/com.shifang.aidish.mvp.ui.DetectCalcActivity]#62(BLAST Consumer)62](id:5940000004d,api:0,p:-1,c:1428) dequeueBuffer: BufferQueue has no connected producer
12-28 10:30:14.778  1428  5667 E mali_so : encounter the first mali_error : 0x0002 : failed to allocate CPU memory (gles_fb_first_operation_cb at hardware/arm/maliT760/driver/product/gles/src/fb/mali_gles_fb_module_api.c:987)
12-28 10:30:14.778  1428  5667 E BufferQueueProducer: [SurfaceView[com.shifang.aidish.offline/com.shifang.aidish.mvp.ui.DetectCalcActivity]#62(BLAST Consumer)62](id:5940000004d,api:0,p:-1,c:1428) dequeueBuffer: BufferQueue has no connected producer
12-28 10:30:14.781  1428  5667 E BufferQueueProducer: [SurfaceView[com.shifang.aidish.offline/com.shifang.aidish.mvp.ui.DetectCalcActivity]#62(BLAST Consumer)62](id:5940000004d,api:0,p:-1,c:1428) disconnect: not connected (req=1)
12-28 10:30:14.904  1428  1428 E TradeOrderPresenter__doSearchTradeOrder  srcUserName:  
12-28 10:30:14.904  1428  1428 E getTradeOrders:       2023-12-28 00:00:00 2023-12-28 10:33:59
12-28 10:30:14.910  1428  1428 E findTraderOrders: 2   3
12-28 10:30:14.911  1428  1428 E doSearchTradeOrder: 2  3  
12-28 10:30:14.913  1428  1428 E USBTransferUtil: 当前可用 usb 设备数量: 0
12-28 10:30:14.939  1428  5769 E ywl5320 : fbo success
12-28 10:30:14.939  1428  5769 E mali_so : encounter the first gles_error : 0x0001; gles_state_error_info : <param> is not an accepted value (gles_texturep_tex_parameteri_input_param_validation at hardware/arm/maliT760/driver/product/gles/src/texture/mali_gles_texture_helpers.c:1095)
12-28 10:30:15.671  1428  1428 E USBTransferUtil: 当前可用 usb 设备数量: 0
12-28 10:30:16.214  1428  5785 E AI_SDK__innerRecognize: recognizeByFilter1
12-28 10:30:16.214  1428  5785 E recognize: 288ms   /storage/emulated/0/shifang/ai_dish/image/20231228/b7527d95-d3bb-4df1-9e37-65e44db430cf.jpg  
12-28 10:30:16.256  1428  1428 E resultDishCount: 1 个菜品
12-28 10:30:16.959  1428  1428 E USBTransferUtil: 当前可用 usb 设备数量: 0
12-28 10:30:17.295  1428  5789 E AI_SDK__innerRecognize: recognizeByFilter1
12-28 10:30:17.295  1428  5789 E recognize: 294ms   /storage/emulated/0/shifang/ai_dish/image/20231228/e000dc1b-9ddf-4ad3-81e1-0469bb4b169b.jpg  
12-28 10:30:17.337  1428  1428 E resultDishCount: 1 个菜品
12-28 10:30:19.028  1428  1428 E USBTransferUtil: 当前可用 usb 设备数量: 0
12-28 10:30:19.401  1428  5794 E AI_SDK__innerRecognize: recognizeByFilter1
12-28 10:30:19.401  1428  5794 E recognize: 337ms   /storage/emulated/0/shifang/ai_dish/image/20231228/551fe0cb-4373-4e97-9317-a3326c753cd4.jpg  
12-28 10:30:19.433  1428  1428 E resultDishCount: 1 个菜品
12-28 10:30:21.133  1428  1428 E USBTransferUtil: 当前可用 usb 设备数量: 0
12-28 10:30:21.496  1428  5800 E AI_SDK__innerRecognize: recognizeByFilter1
12-28 10:30:21.496  1428  5800 E recognize: 321ms   /storage/emulated/0/shifang/ai_dish/image/20231228/f5b93344-236e-4d0e-9673-78f5307f7979.jpg  
12-28 10:30:21.562  1428  1428 E resultDishCount: 1 个菜品
12-28 10:30:23.207  1428  1428 E USBTransferUtil: 当前可用 usb 设备数量: 0
12-28 10:30:23.520  1428  5807 E AI_SDK__innerRecognize: recognizeByFilter1
12-28 10:30:23.520  1428  5807 E recognize: 289ms   /storage/emulated/0/shifang/ai_dish/image/20231228/5f33ba2b-3b33-4392-849d-dbad3b8113e3.jpg  
12-28 10:30:23.562  1428  1428 E resultDishCount: 1 个菜品
12-28 10:30:25.217  1428  1428 E USBTransferUtil: 当前可用 usb 设备数量: 0
12-28 10:30:25.591  1428  3261 E AI_SDK__innerRecognize: recognizeByFilter1
12-28 10:30:25.591  1428  3261 E recognize: 341ms   /storage/emulated/0/shifang/ai_dish/image/20231228/8cf32e07-515a-41b1-90c3-238a23eba8bf.jpg  
12-28 10:30:25.634  1428  1428 E resultDishCount: 1 个菜品
12-28 10:30:27.301  1428  1428 E USBTransferUtil: 当前可用 usb 设备数量: 0
12-28 10:30:27.669  1428  3853 E AI_SDK__innerRecognize: recognizeByFilter1
12-28 10:30:27.669  1428  3853 E recognize: 316ms   /storage/emulated/0/shifang/ai_dish/image/20231228/382e2e33-7ad5-41d5-8cf8-7b1a0ed22aca.jpg  
12-28 10:30:27.710  1428  1428 E resultDishCount: 1 个菜品
12-28 10:30:29.362  1428  1428 E USBTransferUtil: 当前可用 usb 设备数量: 0
12-28 10:30:29.753  1428  4158 E AI_SDK__innerRecognize: recognizeByFilter1
12-28 10:30:29.754  1428  4158 E recognize: 363ms   /storage/emulated/0/shifang/ai_dish/image/20231228/6033f8a5-7e51-4c16-b0a3-e610bf51edf2.jpg  
12-28 10:30:29.794  1428  1428 E resultDishCount: 1 个菜品
12-28 10:30:31.465  1428  1428 E USBTransferUtil: 当前可用 usb 设备数量: 0
12-28 10:30:31.779  1428  4169 E AI_SDK__innerRecognize: recognizeByFilter1
12-28 10:30:31.779  1428  4169 E recognize: 287ms   /storage/emulated/0/shifang/ai_dish/image/20231228/6fc916be-61f4-44b3-a1e1-809c6a397616.jpg  
12-28 10:30:31.820  1428  1428 E resultDishCount: 1 个菜品
12-28 10:30:33.501  1428  1428 E USBTransferUtil: 当前可用 usb 设备数量: 0
12-28 10:30:33.853  1428  4211 E AI_SDK__innerRecognize: recognizeByFilter1
12-28 10:30:33.853  1428  4211 E recognize: 300ms   /storage/emulated/0/shifang/ai_dish/image/20231228/b5fb94b7-f385-4e08-85bd-50c164102fbe.jpg  
12-28 10:30:33.903  1428  1428 E resultDishCount: 1 个菜品
12-28 10:30:35.611  1428  1428 E USBTransferUtil: 当前可用 usb 设备数量: 0
12-28 10:30:35.995  1428  4221 E AI_SDK__innerRecognize: recognizeByFilter1
12-28 10:30:35.996  1428  4221 E recognize: 340ms   /storage/emulated/0/shifang/ai_dish/image/20231228/3ba07c36-753e-433b-af78-d14ade6b7227.jpg  
12-28 10:30:36.040  1428  1428 E resultDishCount: 1 个菜品
12-28 10:30:37.713  1428  1428 E USBTransferUtil: 当前可用 usb 设备数量: 0
12-28 10:30:38.018  1428  4252 E AI_SDK__innerRecognize: recognizeByFilter1
12-28 10:30:38.018  1428  4252 E recognize: 274ms   /storage/emulated/0/shifang/ai_dish/image/20231228/126dd70a-b33a-49b4-a1d7-cb54c49e0629.jpg  
12-28 10:30:38.050  1428  1428 E resultDishCount: 1 个菜品
12-28 10:30:39.706  1428  1428 E USBTransferUtil: 当前可用 usb 设备数量: 0
12-28 10:30:40.066  1428  4289 E AI_SDK__innerRecognize: recognizeByFilter1
12-28 10:30:40.066  1428  4289 E recognize: 324ms   /storage/emulated/0/shifang/ai_dish/image/20231228/c314e271-7c31-4536-ac1c-11037c9fee18.jpg  
12-28 10:30:40.115  1428  1428 E resultDishCount: 1 个菜品
12-28 10:30:41.770  1428  1428 E USBTransferUtil: 当前可用 usb 设备数量: 0
12-28 10:30:42.124  1428  4296 E AI_SDK__innerRecognize: recognizeByFilter1
12-28 10:30:42.124  1428  4296 E recognize: 303ms   /storage/emulated/0/shifang/ai_dish/image/20231228/5d3a162a-8274-4b6c-bd29-3925040db306.jpg  
12-28 10:30:42.162  1428  1428 E resultDishCount: 1 个菜品
12-28 10:30:43.838  1428  1428 E USBTransferUtil: 当前可用 usb 设备数量: 0
12-28 10:30:44.177  1428  5421 E AI_SDK__innerRecognize: recognizeByFilter1
12-28 10:30:44.177  1428  5421 E recognize: 310ms   /storage/emulated/0/shifang/ai_dish/image/20231228/aa116b39-0007-43f0-bc2d-fd97b2c8fc1c.jpg  
12-28 10:30:44.245  1428  1428 E resultDishCount: 1 个菜品
12-28 10:30:45.918  1428  1428 E USBTransferUtil: 当前可用 usb 设备数量: 0
12-28 10:30:46.275  1428  5425 E AI_SDK__innerRecognize: recognizeByFilter1
12-28 10:30:46.275  1428  5425 E recognize: 315ms   /storage/emulated/0/shifang/ai_dish/image/20231228/f046dce2-e45b-46e8-912b-a65445b169c2.jpg  
12-28 10:30:46.309  1428  1428 E resultDishCount: 1 个菜品
12-28 10:30:47.983  1428  1428 E USBTransferUtil: 当前可用 usb 设备数量: 0
12-28 10:30:48.280  1428  5719 E AI_SDK__innerRecognize: recognizeByFilter1
12-28 10:30:48.280  1428  5719 E recognize: 262ms   /storage/emulated/0/shifang/ai_dish/image/20231228/52ae20de-0d6a-4fd4-a874-76184d7048a0.jpg  
12-28 10:30:48.339  1428  1428 E resultDishCount: 1 个菜品
12-28 10:30:49.974  1428  1428 E USBTransferUtil: 当前可用 usb 设备数量: 0
12-28 10:30:50.321  1428  5785 E AI_SDK__innerRecognize: recognizeByFilter1
12-28 10:30:50.321  1428  5785 E recognize: 298ms   /storage/emulated/0/shifang/ai_dish/image/20231228/c1ebbf9c-b3db-44e9-9c46-5fa3c15946ad.jpg  
12-28 10:30:50.351  1428  1428 E resultDishCount: 1 个菜品
12-28 10:30:52.024  1428  1428 E USBTransferUtil: 当前可用 usb 设备数量: 0
12-28 10:30:52.362  1428  5789 E AI_SDK__innerRecognize: recognizeByFilter1
12-28 10:30:52.362  1428  5789 E recognize: 290ms   /storage/emulated/0/shifang/ai_dish/image/20231228/29885c56-7c5c-4e6b-b137-6ed05a073c7b.jpg  
12-28 10:30:52.398  1428  1428 E resultDishCount: 1 个菜品
12-28 10:30:54.090  1428  1428 E USBTransferUtil: 当前可用 usb 设备数量: 0
12-28 10:30:54.391  1428  5794 E AI_SDK__innerRecognize: recognizeByFilter1
12-28 10:30:54.391  1428  5794 E recognize: 274ms   /storage/emulated/0/shifang/ai_dish/image/20231228/3edc8a9c-32e1-4c70-89f1-dc4301739fc6.jpg  
12-28 10:30:54.431  1428  1428 E resultDishCount: 1 个菜品
12-28 10:30:56.115  1428  1428 E USBTransferUtil: 当前可用 usb 设备数量: 0
12-28 10:30:56.485  1428  5800 E AI_SDK__innerRecognize: recognizeByFilter1
12-28 10:30:56.485  1428  5800 E recognize: 328ms   /storage/emulated/0/shifang/ai_dish/image/20231228/bf285b39-8e65-4b70-bc7a-33a95fc3416b.jpg  
12-28 10:30:56.524  1428  1428 E resultDishCount: 1 个菜品
12-28 10:30:58.160  1428  1428 E USBTransferUtil: 当前可用 usb 设备数量: 0
12-28 10:30:58.507  1428  5807 E AI_SDK__innerRecognize: recognizeByFilter1
12-28 10:30:58.507  1428  5807 E recognize: 311ms   /storage/emulated/0/shifang/ai_dish/image/20231228/c67bd0c2-7992-460a-b509-e2a288adfe21.jpg  
12-28 10:30:58.554  1428  1428 E resultDishCount: 1 个菜品
12-28 10:31:00.620  1428  1428 E USBTransferUtil: 当前可用 usb 设备数量: 0
12-28 10:31:00.938  1428  3261 E AI_SDK__innerRecognize: recognizeByFilter1
12-28 10:31:00.938  1428  3261 E recognize: 290ms   /storage/emulated/0/shifang/ai_dish/image/20231228/f1c9f278-3f5a-4147-ab8e-6ac4f0206624.jpg  
12-28 10:31:00.977  1428  1428 E resultDishCount: 1 个菜品
12-28 10:31:02.653  1428  1428 E USBTransferUtil: 当前可用 usb 设备数量: 0
12-28 10:31:03.025  1428  3853 E AI_SDK__innerRecognize: recognizeByFilter1
12-28 10:31:03.026  1428  3853 E recognize: 326ms   /storage/emulated/0/shifang/ai_dish/image/20231228/62ccf30c-c1ee-4854-be71-b169cd4a6b92.jpg  
12-28 10:31:03.059  1428  1428 E resultDishCount: 1 个菜品
12-28 10:31:04.712  1428  1428 E USBTransferUtil: 当前可用 usb 设备数量: 0
12-28 10:31:05.126  1428  4158 E AI_SDK__innerRecognize: recognizeByFilter1
12-28 10:31:05.126  1428  4158 E recognize: 385ms   /storage/emulated/0/shifang/ai_dish/image/20231228/324504ea-bbe6-4922-a1a2-8135406b7382.jpg  
12-28 10:31:05.161  1428  1428 E resultDishCount: 1 个菜品
12-28 10:31:06.835  1428  1428 E USBTransferUtil: 当前可用 usb 设备数量: 0
12-28 10:31:07.158  1428  4169 E AI_SDK__innerRecognize: recognizeByFilter1
12-28 10:31:07.158  1428  4169 E recognize: 287ms   /storage/emulated/0/shifang/ai_dish/image/20231228/116c3690-add4-46a5-9829-0bc16d4169c7.jpg  
12-28 10:31:07.196  1428  1428 E resultDishCount: 1 个菜品
12-28 10:31:08.860  1428  1428 E USBTransferUtil: 当前可用 usb 设备数量: 0
12-28 10:31:09.244  1428  4211 E AI_SDK__innerRecognize: recognizeByFilter1
12-28 10:31:09.244  1428  4211 E recognize: 357ms   /storage/emulated/0/shifang/ai_dish/image/20231228/cd49210e-58a5-412a-9b59-e901c4193d13.jpg  
12-28 10:31:09.293  1428  1428 E resultDishCount: 1 个菜品
12-28 10:31:10.943  1428  1428 E USBTransferUtil: 当前可用 usb 设备数量: 0
12-28 10:31:11.285  1428  4221 E AI_SDK__innerRecognize: recognizeByFilter1
12-28 10:31:11.285  1428  4221 E recognize: 302ms   /storage/emulated/0/shifang/ai_dish/image/20231228/99280f09-9c5d-4b31-9962-ee7ae01d4029.jpg  
12-28 10:31:11.319  1428  1428 E resultDishCount: 1 个菜品
12-28 10:31:13.016  1428  1428 E USBTransferUtil: 当前可用 usb 设备数量: 0
12-28 10:31:13.375  1428  4252 E AI_SDK__innerRecognize: recognizeByFilter1
12-28 10:31:13.375  1428  4252 E recognize: 329ms   /storage/emulated/0/shifang/ai_dish/image/20231228/e65cf591-f65e-4dd4-ba5c-2fe69cbb1468.jpg  
12-28 10:31:13.420  1428  1428 E resultDishCount: 1 个菜品
12-28 10:31:15.090  1428  1428 E USBTransferUtil: 当前可用 usb 设备数量: 0
12-28 10:31:15.407  1428  4289 E AI_SDK__innerRecognize: recognizeByFilter1
12-28 10:31:15.407  1428  4289 E recognize: 277ms   /storage/emulated/0/shifang/ai_dish/image/20231228/2e4fdae4-ec3b-43a3-93fe-cce303e54e2a.jpg  
12-28 10:31:15.448  1428  1428 E resultDishCount: 1 个菜品
12-28 10:31:17.100  1428  1428 E USBTransferUtil: 当前可用 usb 设备数量: 0
12-28 10:31:17.420  1428  4296 E AI_SDK__innerRecognize: recognizeByFilter1
12-28 10:31:17.420  1428  4296 E recognize: 281ms   /storage/emulated/0/shifang/ai_dish/image/20231228/329c4f72-5f73-417d-b3e6-e99d0d2603d7.jpg  
12-28 10:31:17.457  1428  1428 E resultDishCount: 1 个菜品
12-28 10:31:19.112  1428  1428 E USBTransferUtil: 当前可用 usb 设备数量: 0
12-28 10:31:19.493  1428  5421 E AI_SDK__innerRecognize: recognizeByFilter1
12-28 10:31:19.493  1428  5421 E recognize: 341ms   /storage/emulated/0/shifang/ai_dish/image/20231228/8d2ebaeb-b283-4ffb-9434-68e2033bb9a5.jpg  
12-28 10:31:19.540  1428  1428 E resultDishCount: 1 个菜品
12-28 10:31:21.198  1428  1428 E USBTransferUtil: 当前可用 usb 设备数量: 0
12-28 10:31:21.550  1428  5425 E AI_SDK__innerRecognize: recognizeByFilter1
12-28 10:31:21.550  1428  5425 E recognize: 299ms   /storage/emulated/0/shifang/ai_dish/image/20231228/c17c71e6-bd3a-4bbc-861a-c168cfb02a10.jpg  
12-28 10:31:21.605  1428  1428 E resultDishCount: 1 个菜品
12-28 10:31:23.260  1428  1428 E USBTransferUtil: 当前可用 usb 设备数量: 0
12-28 10:31:23.616  1428  5719 E AI_SDK__innerRecognize: recognizeByFilter1
12-28 10:31:23.617  1428  5719 E recognize: 320ms   /storage/emulated/0/shifang/ai_dish/image/20231228/1a2a4278-edfc-4674-b539-d08b79f05890.jpg  
12-28 10:31:23.670  1428  1428 E resultDishCount: 1 个菜品
12-28 10:31:24.342  1428  1428 E USBTransferUtil: 当前可用 usb 设备数量: 0
12-28 10:31:24.738  1428  5785 E AI_SDK__innerRecognize: recognizeByFilter1
12-28 10:31:24.738  1428  5785 E recognize: 352ms   /storage/emulated/0/shifang/ai_dish/image/20231228/fce47bd3-ae90-4a60-862d-3531ee7e5064.jpg  
12-28 10:31:24.767  1428  1428 E resultDishCount: 1 个菜品
12-28 10:31:26.437  1428  1428 E USBTransferUtil: 当前可用 usb 设备数量: 0
12-28 10:31:26.786  1428  5789 E AI_SDK__innerRecognize: recognizeByFilter1
12-28 10:31:26.786  1428  5789 E recognize: 298ms   /storage/emulated/0/shifang/ai_dish/image/20231228/e4c227b2-8a86-4361-b7dd-1018f544ac53.jpg  
12-28 10:31:26.832  1428  1428 E resultDishCount: 1 个菜品
12-28 10:31:28.504  1428  1428 E USBTransferUtil: 当前可用 usb 设备数量: 0
12-28 10:31:28.860  1428  5794 E AI_SDK__innerRecognize: recognizeByFilter1
12-28 10:31:28.860  1428  5794 E recognize: 315ms   /storage/emulated/0/shifang/ai_dish/image/20231228/ee441850-b6ab-43e5-afa4-c666f6e6f6a7.jpg  
12-28 10:31:28.900  1428  1428 E resultDishCount: 1 个菜品
12-28 10:31:30.548  1428  1428 E USBTransferUtil: 当前可用 usb 设备数量: 0
12-28 10:31:30.899  1428  5800 E AI_SDK__innerRecognize: recognizeByFilter1
12-28 10:31:30.899  1428  5800 E recognize: 316ms   /storage/emulated/0/shifang/ai_dish/image/20231228/3c1c2b25-ab6d-4c6c-9d4f-785b786f1452.jpg  
12-28 10:31:30.962  1428  1428 E resultDishCount: 1 个菜品
12-28 10:31:32.618  1428  1428 E USBTransferUtil: 当前可用 usb 设备数量: 0
12-28 10:31:32.970  1428  5807 E AI_SDK__innerRecognize: recognizeByFilter1
12-28 10:31:32.970  1428  5807 E recognize: 296ms   /storage/emulated/0/shifang/ai_dish/image/20231228/179e114a-b210-4607-aa74-60932770de02.jpg  
12-28 10:31:33.005  1428  1428 E resultDishCount: 1 个菜品
12-28 10:31:33.708  1428  1428 E USBTransferUtil: 当前可用 usb 设备数量: 0
12-28 10:31:34.015  1428  3261 E AI_SDK__innerRecognize: recognizeByFilter1
12-28 10:31:34.015  1428  3261 E recognize: 279ms   /storage/emulated/0/shifang/ai_dish/image/20231228/b3947dbd-2b6f-49cd-bf08-c61382ae59d0.jpg  
12-28 10:31:34.046  1428  1428 E resultDishCount: 1 个菜品
12-28 10:31:35.717  1428  1428 E USBTransferUtil: 当前可用 usb 设备数量: 0
12-28 10:31:36.034  1428  3853 E AI_SDK__innerRecognize: recognizeByFilter1
12-28 10:31:36.034  1428  3853 E recognize: 289ms   /storage/emulated/0/shifang/ai_dish/image/20231228/4e4f048d-e4ff-4f23-8173-68d1b74389fc.jpg  
12-28 10:31:36.077  1428  1428 E resultDishCount: 1 个菜品
12-28 10:31:37.732  1428  1428 E USBTransferUtil: 当前可用 usb 设备数量: 0
12-28 10:31:38.120  1428  4158 E AI_SDK__innerRecognize: recognizeByFilter1
12-28 10:31:38.120  1428  4158 E recognize: 342ms   /storage/emulated/0/shifang/ai_dish/image/20231228/391e77ee-028d-4c53-b599-417db6afcf3a.jpg  
12-28 10:31:38.157  1428  1428 E resultDishCount: 1 个菜品
12-28 10:31:39.823  1428  1428 E USBTransferUtil: 当前可用 usb 设备数量: 0
12-28 10:31:40.128  1428  4169 E AI_SDK__innerRecognize: recognizeByFilter1
12-28 10:31:40.128  1428  4169 E recognize: 274ms   /storage/emulated/0/shifang/ai_dish/image/20231228/faeccd5f-ab92-4968-99d0-b818b3ac79ca.jpg  
12-28 10:31:40.169  1428  1428 E resultDishCount: 1 个菜品
12-28 10:31:41.824  1428  1428 E USBTransferUtil: 当前可用 usb 设备数量: 0
12-28 10:31:42.133  1428  4211 E AI_SDK__innerRecognize: recognizeByFilter1
12-28 10:31:42.133  1428  4211 E recognize: 278ms   /storage/emulated/0/shifang/ai_dish/image/20231228/6413b986-d68b-4794-9162-5992af0c8b79.jpg  
12-28 10:31:42.185  1428  1428 E resultDishCount: 1 个菜品
12-28 10:31:43.873  1428  1428 E USBTransferUtil: 当前可用 usb 设备数量: 0
12-28 10:31:44.214  1428  4221 E AI_SDK__innerRecognize: recognizeByFilter1
12-28 10:31:44.214  1428  4221 E recognize: 298ms   /storage/emulated/0/shifang/ai_dish/image/20231228/06466de2-9825-4127-8e1e-9088f2e98b4e.jpg  
12-28 10:31:44.245  1428  1428 E resultDishCount: 1 个菜品
12-28 10:31:45.904  1428  1428 E USBTransferUtil: 当前可用 usb 设备数量: 0
12-28 10:31:46.259  1428  4252 E AI_SDK__innerRecognize: recognizeByFilter1
12-28 10:31:46.259  1428  4252 E recognize: 297ms   /storage/emulated/0/shifang/ai_dish/image/20231228/92db6ecb-cfd4-4525-acda-1c8d246f3986.jpg  
12-28 10:31:46.291  1428  1428 E resultDishCount: 1 个菜品
12-28 10:31:47.998  1428  1428 E USBTransferUtil: 当前可用 usb 设备数量: 0
12-28 10:31:48.317  1428  4289 E AI_SDK__innerRecognize: recognizeByFilter1
12-28 10:31:48.317  1428  4289 E recognize: 282ms   /storage/emulated/0/shifang/ai_dish/image/20231228/768291e1-e83a-499b-9307-5d35f27186e2.jpg  
12-28 10:31:48.384  1428  1428 E resultDishCount: 1 个菜品
12-28 10:31:50.045  1428  1428 E USBTransferUtil: 当前可用 usb 设备数量: 0
12-28 10:31:50.393  1428  4296 E AI_SDK__innerRecognize: recognizeByFilter1
12-28 10:31:50.393  1428  4296 E recognize: 314ms   /storage/emulated/0/shifang/ai_dish/image/20231228/61a1fdde-eef1-478d-b7e9-3cd86a955841.jpg  
12-28 10:31:50.442  1428  1428 E resultDishCount: 1 个菜品
12-28 10:31:52.111  1428  1428 E USBTransferUtil: 当前可用 usb 设备数量: 0
12-28 10:31:52.476  1428  5421 E AI_SDK__innerRecognize: recognizeByFilter1
12-28 10:31:52.477  1428  5421 E recognize: 323ms   /storage/emulated/0/shifang/ai_dish/image/20231228/588ac42d-8800-4a69-88bc-10e82d9b89c0.jpg  
12-28 10:31:52.526  1428  1428 E resultDishCount: 1 个菜品
12-28 10:31:54.178  1428  1428 E USBTransferUtil: 当前可用 usb 设备数量: 0
12-28 10:31:54.478  1428  5425 E AI_SDK__innerRecognize: recognizeByFilter1
12-28 10:31:54.478  1428  5425 E recognize: 259ms   /storage/emulated/0/shifang/ai_dish/image/20231228/2966e76a-8ff1-4ab2-bcf1-34cfcf4222ab.jpg  
12-28 10:31:54.513  1428  1428 E resultDishCount: 1 个菜品
12-28 10:31:56.191  1428  1428 E USBTransferUtil: 当前可用 usb 设备数量: 0
12-28 10:31:56.559  1428  5719 E AI_SDK__innerRecognize: recognizeByFilter1
12-28 10:31:56.559  1428  5719 E recognize: 314ms   /storage/emulated/0/shifang/ai_dish/image/20231228/9def70a1-547f-4f19-b5af-cae797a2dac9.jpg  
12-28 10:31:56.614  1428  1428 E resultDishCount: 1 个菜品
12-28 10:31:58.307  1428  1428 E USBTransferUtil: 当前可用 usb 设备数量: 0
12-28 10:31:58.635  1428  5785 E AI_SDK__innerRecognize: recognizeByFilter1
12-28 10:31:58.635  1428  5785 E recognize: 283ms   /storage/emulated/0/shifang/ai_dish/image/20231228/78aaaade-d281-45ba-9cf1-2496a3175315.jpg  
12-28 10:31:58.667  1428  1428 E resultDishCount: 1 个菜品
12-28 10:32:00.618  1428  1428 E USBTransferUtil: 当前可用 usb 设备数量: 0
12-28 10:32:01.001  1428  5789 E AI_SDK__innerRecognize: recognizeByFilter1
12-28 10:32:01.001  1428  5789 E recognize: 359ms   /storage/emulated/0/shifang/ai_dish/image/20231228/cccee54e-f715-49f0-bf86-1269d88435ca.jpg  
12-28 10:32:01.048  1428  1428 E resultDishCount: 1 个菜品
12-28 10:32:02.722  1428  1428 E USBTransferUtil: 当前可用 usb 设备数量: 0
12-28 10:32:03.109  1428  5794 E AI_SDK__innerRecognize: recognizeByFilter1
12-28 10:32:03.109  1428  5794 E recognize: 348ms   /storage/emulated/0/shifang/ai_dish/image/20231228/de9298e7-be4f-428c-9fe2-3507761f78b6.jpg  
12-28 10:32:03.148  1428  1428 E resultDishCount: 1 个菜品
12-28 10:32:04.857  1428  1428 E USBTransferUtil: 当前可用 usb 设备数量: 0
12-28 10:32:05.186  1428  5800 E AI_SDK__innerRecognize: recognizeByFilter1
12-28 10:32:05.186  1428  5800 E recognize: 293ms   /storage/emulated/0/shifang/ai_dish/image/20231228/f2bfbddc-40f5-4a5b-88ef-a803dc177aed.jpg  
12-28 10:32:05.214  1428  1428 E resultDishCount: 1 个菜品
12-28 10:32:06.885  1428  1428 E USBTransferUtil: 当前可用 usb 设备数量: 0
12-28 10:32:07.192  1428  5807 E AI_SDK__innerRecognize: recognizeByFilter1
12-28 10:32:07.192  1428  5807 E recognize: 282ms   /storage/emulated/0/shifang/ai_dish/image/20231228/d57e1193-c39a-4a96-bcbb-430af9d44162.jpg  
12-28 10:32:07.226  1428  1428 E resultDishCount: 1 个菜品
12-28 10:32:08.877  1428  1428 E USBTransferUtil: 当前可用 usb 设备数量: 0
12-28 10:32:09.273  1428  3261 E AI_SDK__innerRecognize: recognizeByFilter1
12-28 10:32:09.273  1428  3261 E recognize: 366ms   /storage/emulated/0/shifang/ai_dish/image/20231228/f5a0be23-024e-4dde-a65e-255fb52b824e.jpg  
12-28 10:32:09.325  1428  1428 E resultDishCount: 1 个菜品
12-28 10:32:10.980  1428  1428 E USBTransferUtil: 当前可用 usb 设备数量: 0
12-28 10:32:11.367  1428  3853 E AI_SDK__innerRecognize: recognizeByFilter1
12-28 10:32:11.367  1428  3853 E recognize: 346ms   /storage/emulated/0/shifang/ai_dish/image/20231228/9b3035ec-cb43-4357-ae90-8d874bea0aef.jpg  
12-28 10:32:11.425  1428  1428 E resultDishCount: 1 个菜品
12-28 10:32:13.078  1428  1428 E USBTransferUtil: 当前可用 usb 设备数量: 0
12-28 10:32:13.449  1428  4158 E AI_SDK__innerRecognize: recognizeByFilter1
12-28 10:32:13.449  1428  4158 E recognize: 332ms   /storage/emulated/0/shifang/ai_dish/image/20231228/f44d6624-23e4-411d-a0c2-97e3d2716fa8.jpg  
12-28 10:32:13.490  1428  1428 E resultDishCount: 1 个菜品
12-28 10:32:15.124  1428  1428 E USBTransferUtil: 当前可用 usb 设备数量: 0
12-28 10:32:15.415  1428  4169 E AI_SDK__innerRecognize: recognizeByFilter1
12-28 10:32:15.415  1428  4169 E recognize: 269ms   /storage/emulated/0/shifang/ai_dish/image/20231228/e1423849-faa8-4d14-9f3c-cee6de1bd9a9.jpg  
12-28 10:32:15.453  1428  1428 E resultDishCount: 1 个菜品
12-28 10:32:17.111  1428  1428 E USBTransferUtil: 当前可用 usb 设备数量: 0
12-28 10:32:17.467  1428  4211 E AI_SDK__innerRecognize: recognizeByFilter1
12-28 10:32:17.467  1428  4211 E recognize: 314ms   /storage/emulated/0/shifang/ai_dish/image/20231228/dcaa6979-b8f2-4b56-9b91-48dfaa82a3bc.jpg  
12-28 10:32:17.511  1428  1428 E resultDishCount: 1 个菜品
12-28 10:32:19.165  1428  1428 E USBTransferUtil: 当前可用 usb 设备数量: 0
12-28 10:32:19.544  1428  4221 E AI_SDK__innerRecognize: recognizeByFilter1
12-28 10:32:19.544  1428  4221 E recognize: 354ms   /storage/emulated/0/shifang/ai_dish/image/20231228/1fb6ed88-0914-4706-b9cb-e735c96135fc.jpg  
12-28 10:32:19.593  1428  1428 E resultDishCount: 1 个菜品
12-28 10:32:21.262  1428  1428 E USBTransferUtil: 当前可用 usb 设备数量: 0
12-28 10:32:21.635  1428  4252 E AI_SDK__innerRecognize: recognizeByFilter1
12-28 10:32:21.635  1428  4252 E recognize: 340ms   /storage/emulated/0/shifang/ai_dish/image/20231228/2cf7bf3b-d2ea-4075-b6e4-22a99e8b20e1.jpg  
12-28 10:32:21.676  1428  1428 E resultDishCount: 1 个菜品
12-28 10:32:22.369  1428  1428 E USBTransferUtil: 当前可用 usb 设备数量: 0
12-28 10:32:22.715  1428  4289 E AI_SDK__innerRecognize: recognizeByFilter1
12-28 10:32:22.715  1428  4289 E recognize: 280ms   /storage/emulated/0/shifang/ai_dish/image/20231228/239e660f-acc9-4086-b4bb-28bc9f13a38b.jpg  
12-28 10:32:22.753  1428  1428 E resultDishCount: 1 个菜品
12-28 10:32:24.416  1428  1428 E USBTransferUtil: 当前可用 usb 设备数量: 0
12-28 10:32:24.755  1428  4296 E AI_SDK__innerRecognize: recognizeByFilter1
12-28 10:32:24.756  1428  4296 E recognize: 316ms   /storage/emulated/0/shifang/ai_dish/image/20231228/da97a8ca-e662-47ff-86de-9dfbe2dfc50e.jpg  
12-28 10:32:24.785  1428  1428 E resultDishCount: 1 个菜品
12-28 10:32:26.455  1428  1428 E USBTransferUtil: 当前可用 usb 设备数量: 0
12-28 10:32:26.825  1428  5421 E AI_SDK__innerRecognize: recognizeByFilter1
12-28 10:32:26.825  1428  5421 E recognize: 318ms   /storage/emulated/0/shifang/ai_dish/image/20231228/d286aea7-ce5e-4afd-a290-c82c2b418737.jpg  
12-28 10:32:26.865  1428  1428 E resultDishCount: 1 个菜品
12-28 10:32:28.538  1428  1428 E USBTransferUtil: 当前可用 usb 设备数量: 0
12-28 10:32:28.901  1428  5425 E AI_SDK__innerRecognize: recognizeByFilter1
12-28 10:32:28.901  1428  5425 E recognize: 328ms   /storage/emulated/0/shifang/ai_dish/image/20231228/7211b40b-a400-4518-a2f5-36100b321d57.jpg  
12-28 10:32:28.935  1428  1428 E resultDishCount: 1 个菜品
12-28 10:32:30.610  1428  1428 E USBTransferUtil: 当前可用 usb 设备数量: 0
12-28 10:32:30.955  1428  5719 E AI_SDK__innerRecognize: recognizeByFilter1
12-28 10:32:30.955  1428  5719 E recognize: 313ms   /storage/emulated/0/shifang/ai_dish/image/20231228/2dd3f1dd-eb4c-4e21-9d72-d55d0c79ed96.jpg  
12-28 10:32:30.994  1428  1428 E resultDishCount: 1 个菜品
12-28 10:32:32.651  1428  1428 E USBTransferUtil: 当前可用 usb 设备数量: 0
12-28 10:32:32.999  1428  5785 E AI_SDK__innerRecognize: recognizeByFilter1
12-28 10:32:32.999  1428  5785 E recognize: 304ms   /storage/emulated/0/shifang/ai_dish/image/20231228/5ac52670-79d0-451e-a701-efa7185de855.jpg  
12-28 10:32:33.059  1428  1428 E resultDishCount: 1 个菜品
12-28 10:32:34.693  1428  1428 E USBTransferUtil: 当前可用 usb 设备数量: 0
12-28 10:32:35.092  1428  5789 E AI_SDK__innerRecognize: recognizeByFilter1
12-28 10:32:35.092  1428  5789 E recognize: 369ms   /storage/emulated/0/shifang/ai_dish/image/20231228/cadd942a-3c83-4945-867c-085fe93d9707.jpg  
12-28 10:32:35.147  1428  1428 E resultDishCount: 1 个菜品
12-28 10:32:36.794  1428  1428 E USBTransferUtil: 当前可用 usb 设备数量: 0
12-28 10:32:37.123  1428  5794 E AI_SDK__innerRecognize: recognizeByFilter1
12-28 10:32:37.123  1428  5794 E recognize: 299ms   /storage/emulated/0/shifang/ai_dish/image/20231228/b8b37712-49ac-4c1b-9ed2-e0381f40e23c.jpg  
12-28 10:32:37.170  1428  1428 E resultDishCount: 1 个菜品
12-28 10:32:38.844  1428  1428 E USBTransferUtil: 当前可用 usb 设备数量: 0
12-28 10:32:39.170  1428  5800 E AI_SDK__innerRecognize: recognizeByFilter1
12-28 10:32:39.170  1428  5800 E recognize: 281ms   /storage/emulated/0/shifang/ai_dish/image/20231228/f5475f87-d6a9-43a7-9c5e-dbe79d7d4d1b.jpg  
12-28 10:32:39.255  1428  1428 E resultDishCount: 1 个菜品
12-28 10:32:40.927  1428  1428 E USBTransferUtil: 当前可用 usb 设备数量: 0
12-28 10:32:41.287  1428  5807 E AI_SDK__innerRecognize: recognizeByFilter1
12-28 10:32:41.287  1428  5807 E recognize: 311ms   /storage/emulated/0/shifang/ai_dish/image/20231228/ccf9ad54-e394-4b11-821d-fa80e3c5fa14.jpg  
12-28 10:32:41.317  1428  1428 E resultDishCount: 1 个菜品
12-28 10:32:43.049  1428  1428 E USBTransferUtil: 当前可用 usb 设备数量: 0
12-28 10:32:43.401  1428  3261 E AI_SDK__innerRecognize: recognizeByFilter1
12-28 10:32:43.401  1428  3261 E recognize: 304ms   /storage/emulated/0/shifang/ai_dish/image/20231228/2bd75b3e-1291-4c66-9638-92df6d85d62b.jpg  
12-28 10:32:43.435  1428  1428 E resultDishCount: 1 个菜品
12-28 10:32:45.152  1428  1428 E USBTransferUtil: 当前可用 usb 设备数量: 0
12-28 10:32:45.492  1428  3853 E AI_SDK__innerRecognize: recognizeByFilter1
12-28 10:32:45.492  1428  3853 E recognize: 298ms   /storage/emulated/0/shifang/ai_dish/image/20231228/6e8a15d1-93cc-4871-aa00-7d5dadfb2c5e.jpg  
12-28 10:32:45.564  1428  1428 E resultDishCount: 1 个菜品
12-28 10:32:47.234  1428  1428 E USBTransferUtil: 当前可用 usb 设备数量: 0
12-28 10:32:47.618  1428  4158 E AI_SDK__innerRecognize: recognizeByFilter1
12-28 10:32:47.618  1428  4158 E recognize: 333ms   /storage/emulated/0/shifang/ai_dish/image/20231228/c05eb282-aef1-499c-9f0e-bc60ef0d5969.jpg  
12-28 10:32:47.655  1428  1428 E resultDishCount: 1 个菜品
12-28 10:32:49.363  1428  1428 E USBTransferUtil: 当前可用 usb 设备数量: 0
12-28 10:32:49.680  1428  4169 E AI_SDK__innerRecognize: recognizeByFilter1
12-28 10:32:49.680  1428  4169 E recognize: 277ms   /storage/emulated/0/shifang/ai_dish/image/20231228/9233f052-2ddd-4c3f-8a2f-b1f85969879d.jpg  
12-28 10:32:49.727  1428  1428 E resultDishCount: 1 个菜品
12-28 10:32:51.387  1428  1428 E USBTransferUtil: 当前可用 usb 设备数量: 0
12-28 10:32:51.704  1428  4211 E AI_SDK__innerRecognize: recognizeByFilter1
12-28 10:32:51.704  1428  4211 E recognize: 274ms   /storage/emulated/0/shifang/ai_dish/image/20231228/5acd9836-3b97-4cf8-8cf3-ea560155e391.jpg  
12-28 10:32:51.754  1428  1428 E resultDishCount: 1 个菜品
12-28 10:32:53.421  1428  1428 E USBTransferUtil: 当前可用 usb 设备数量: 0
12-28 10:32:53.768  1428  4221 E AI_SDK__innerRecognize: recognizeByFilter1
12-28 10:32:53.768  1428  4221 E recognize: 307ms   /storage/emulated/0/shifang/ai_dish/image/20231228/f3950512-f1da-4210-a1b2-c00892b6843e.jpg  
12-28 10:32:53.797  1428  1428 E resultDishCount: 1 个菜品
