12-26 10:51:32.060 10387 10387 E Tinker.TinkerManager: NOT tinker ApplicationLike object
12-26 10:51:32.108 10387 10413 E Bundle  : putString->_track_generation:null
12-26 10:51:32.133 10387 10387 E linker  : library "/vendor/lib64/libvpu.so" ("/vendor/lib64/libvpu.so") needed or dlopened by "/data/app/~~-XlBIwetrQVWmXWxjrZxpw==/com.shifang.aidish.offline-6suZ4ikDf9BIVoB_GPUUeA==/lib/arm64/libarcsoft_face.so" is not accessible for the namespace: [name="classloader-namespace", ld_library_paths="", default_library_paths="/data/app/~~-XlBIwetrQVWmXWxjrZxpw==/com.shifang.aidish.offline-6suZ4ikDf9BIVoB_GPUUeA==/lib/arm64:/data/app/~~-XlBIwetrQVWmXWxjrZxpw==/com.shifang.aidish.offline-6suZ4ikDf9BIVoB_GPUUeA==/base.apk!/lib/arm64-v8a", permitted_paths="/data:/mnt/expand:/data/user/0/com.shifang.aidish.offline"]
12-26 10:51:32.136 10387 10412 E Bundle  : putString->_track_generation:null
12-26 10:51:49.439 10387 10387 E Bundle  : putString->_prefix:textclassifier/
12-26 10:51:49.439 10387 10387 E Bundle  : putString->_track_generation:null
12-26 10:51:49.444 10387 10387 E checkLicense: checkLicense
12-26 10:51:49.988 10387 10387 E checkLicense sfAuthErrorCode:      true
12-26 10:51:49.992 10387 10387 E paymentProviderType: {"channelName":"测试","paymentProviderType":"ppt_SF_Test"}
12-26 10:51:50.225 10387 10628 E loadModel: ---true
12-26 10:51:51.085 10387 10628 E loadModel: 1    /storage/emulated/0/shifang/ai_dish/model/dish_v5.1.1.rk.sfm
12-26 10:51:51.218 10387 10628 E activeFaceSdk: 98310 
12-26 10:51:51.218 10387 10628 E SdkInitService_initFaceSdk: false   
12-26 10:51:59.483 10387 10387 E Bundle  : putString->_track_generation:null
12-26 10:51:59.540 10387 10387 E SyncDataService_onStartCommand: false
12-26 10:51:59.542 10387 10387 E PaymentProvider__syncData: 13 
12-26 10:51:59.568 10387 10802 E registerBgr24: 1 
12-26 10:51:59.568 10387 10802 E FaceServer__: registerBgr24:  ErrorInfo.MOK
12-26 10:51:59.568 10387 10802 E SyncFacePresenter__addFaceLocal_register  fail: 吴彦祖  1
12-26 10:51:59.609 10387 10802 E registerBgr24: 2 
12-26 10:51:59.609 10387 10802 E FaceServer__: registerBgr24:  ErrorInfo.MOK
12-26 10:51:59.609 10387 10802 E SyncFacePresenter__addFaceLocal_register  fail: 郭富城  2
12-26 10:51:59.623 10387 10802 E registerBgr24: 3 
12-26 10:51:59.623 10387 10802 E FaceServer__: registerBgr24:  ErrorInfo.MOK
12-26 10:51:59.623 10387 10802 E SyncFacePresenter__addFaceLocal_register  fail: 谢霆锋  3
12-26 10:51:59.637 10387 10802 E registerBgr24: 4 
12-26 10:51:59.637 10387 10802 E FaceServer__: registerBgr24:  ErrorInfo.MOK
12-26 10:51:59.637 10387 10802 E SyncFacePresenter__addFaceLocal_register  fail: 摩卡  4
12-26 10:51:59.665 10387 10802 E registerBgr24: 5 
12-26 10:51:59.666 10387 10802 E FaceServer__: registerBgr24:  ErrorInfo.MOK
12-26 10:51:59.666 10387 10802 E SyncFacePresenter__addFaceLocal_register  fail: 李连杰  5
12-26 10:51:59.722 10387 10796 E getNewVersion: null
12-26 10:52:00.175 10387 10387 E Bundle  : putString->args_tag:null
12-26 10:52:00.175 10387 10387 E Bundle  : putString->args_tag:null
12-26 10:52:00.175 10387 10387 E Bundle  : putString->args_tag:null
12-26 10:52:00.175 10387 10387 E Bundle  : putString->args_tag:null
12-26 10:52:00.201 10387 10387 E language: ch
12-26 10:52:00.291 10387 10387 E TradeOrderPresenter__doSearchTradeOrder  srcUserName:  
12-26 10:52:00.291 10387 10387 E getTradeOrders:       2023-12-26 00:00:00 2023-12-26 10:55:59
12-26 10:52:00.295 10387 10387 E findTraderOrders: 0   7
12-26 10:52:00.295 10387 10387 E doSearchTradeOrder: 0  7  
12-26 10:52:00.473 10387 10387 E TradeOrderPresenter__doSearchTradeOrder  srcUserName:  
12-26 10:52:00.473 10387 10387 E getTradeOrders:       2023-12-26 00:00:00 2023-12-26 10:55:59
12-26 10:52:00.475 10387 10387 E findTraderOrders: 0   7
12-26 10:52:00.476 10387 10387 E doSearchTradeOrder: 0  7  
12-26 10:52:00.488 10387 10831 E ts_scan_state_fun: 1 
12-26 10:52:00.505 10387 10834 E ywl5320 : fbo success
12-26 10:52:00.505 10387 10834 E mali_so : encounter the first gles_error : 0x0001; gles_state_error_info : <param> is not an accepted value (gles_texturep_tex_parameteri_input_param_validation at hardware/arm/maliT760/driver/product/gles/src/texture/mali_gles_texture_helpers.c:1095)
12-26 10:52:02.775 10387 10860 E innerRecognize: recognizeByFilter6
12-26 10:52:02.775 10387 10860 E recognize: 806ms   /storage/emulated/0/shifang/ai_dish/image/20231226/966e5072-a85a-45b6-ac72-00ca7d3586ed.jpg  
12-26 10:52:02.909 10387 10387 E resultDishCount: 6 个菜品
12-26 10:52:03.664 10387 10870 E innerRecognize: recognizeByFilter6
12-26 10:52:03.664 10387 10870 E recognize: 765ms   /storage/emulated/0/shifang/ai_dish/image/20231226/c2837023-d82b-4f80-985d-c56812baefd9.jpg  
12-26 10:52:03.774 10387 10387 E resultDishCount: 6 个菜品
12-26 10:52:04.600 10387 10881 E innerRecognize: recognizeByFilter6
12-26 10:52:04.600 10387 10881 E recognize: 818ms   /storage/emulated/0/shifang/ai_dish/image/20231226/4cbd030c-05fe-4bd6-80c5-e7c7a8f0f0be.jpg  
12-26 10:52:04.706 10387 10387 E resultDishCount: 6 个菜品
12-26 10:52:05.432 10387 10891 E innerRecognize: recognizeByFilter6
12-26 10:52:05.432 10387 10891 E recognize: 730ms   /storage/emulated/0/shifang/ai_dish/image/20231226/63a45885-516c-4d68-9a31-079845c3c159.jpg  
12-26 10:52:05.547 10387 10387 E resultDishCount: 6 个菜品
12-26 10:52:06.275 10387 10900 E innerRecognize: recognizeByFilter6
12-26 10:52:06.275 10387 10900 E recognize: 716ms   /storage/emulated/0/shifang/ai_dish/image/20231226/5da5ee32-df1d-4fc3-8c78-545e26d3fdd0.jpg  
12-26 10:52:06.375 10387 10387 E resultDishCount: 6 个菜品
12-26 10:52:07.139 10387 10909 E innerRecognize: recognizeByFilter6
12-26 10:52:07.139 10387 10909 E recognize: 762ms   /storage/emulated/0/shifang/ai_dish/image/20231226/0b41b669-aa1d-42ed-826e-10f549780743.jpg  
12-26 10:52:07.251 10387 10387 E resultDishCount: 6 个菜品
12-26 10:52:07.957 10387 10919 E innerRecognize: recognizeByFilter6
12-26 10:52:07.957 10387 10919 E recognize: 711ms   /storage/emulated/0/shifang/ai_dish/image/20231226/1f7a76af-2714-4f23-8c29-058db945e0f8.jpg  
12-26 10:52:08.077 10387 10387 E resultDishCount: 6 个菜品
12-26 10:52:08.834 10387 10929 E innerRecognize: recognizeByFilter6
12-26 10:52:08.834 10387 10929 E recognize: 758ms   /storage/emulated/0/shifang/ai_dish/image/20231226/f48af0d2-697b-45b6-a7b5-7a1e63ccb44e.jpg  
12-26 10:52:08.922 10387 10387 E resultDishCount: 6 个菜品
12-26 10:52:09.694 10387 10938 E innerRecognize: recognizeByFilter6
12-26 10:52:09.694 10387 10938 E recognize: 775ms   /storage/emulated/0/shifang/ai_dish/image/20231226/494028e7-6bf4-4608-8028-5b6cec534750.jpg  
12-26 10:52:09.786 10387 10387 E resultDishCount: 6 个菜品
12-26 10:52:10.543 10387 10948 E innerRecognize: recognizeByFilter6
12-26 10:52:10.543 10387 10948 E recognize: 750ms   /storage/emulated/0/shifang/ai_dish/image/20231226/e71a80a8-d51a-43d4-b61f-9c47e61d6bc2.jpg  
12-26 10:52:10.663 10387 10387 E resultDishCount: 6 个菜品
12-26 10:52:11.443 10387 10958 E innerRecognize: recognizeByFilter6
12-26 10:52:11.443 10387 10958 E recognize: 787ms   /storage/emulated/0/shifang/ai_dish/image/20231226/b24fc707-c719-46e9-b7e2-2e62df3d4b66.jpg  
12-26 10:52:11.560 10387 10387 E resultDishCount: 6 个菜品
12-26 10:52:12.268 10387 10967 E innerRecognize: recognizeByFilter6
12-26 10:52:12.268 10387 10967 E recognize: 714ms   /storage/emulated/0/shifang/ai_dish/image/20231226/bdb9e93b-4252-404c-924c-560ed1877fba.jpg  
12-26 10:52:12.353 10387 10387 E resultDishCount: 6 个菜品
12-26 10:52:13.098 10387 10976 E innerRecognize: recognizeByFilter6
12-26 10:52:13.098 10387 10976 E recognize: 751ms   /storage/emulated/0/shifang/ai_dish/image/20231226/d49eb963-e235-4d16-9b42-1237e818c82b.jpg  
12-26 10:52:13.231 10387 10387 E resultDishCount: 6 个菜品
12-26 10:52:13.985 10387 10984 E innerRecognize: recognizeByFilter6
12-26 10:52:13.986 10387 10984 E recognize: 752ms   /storage/emulated/0/shifang/ai_dish/image/20231226/3255f188-bd70-4c38-9095-5bcd0867029b.jpg  
12-26 10:52:14.091 10387 10387 E resultDishCount: 6 个菜品
12-26 10:52:14.837 10387 10993 E innerRecognize: recognizeByFilter6
12-26 10:52:14.837 10387 10993 E recognize: 756ms   /storage/emulated/0/shifang/ai_dish/image/20231226/08096465-6961-4be0-b70b-130620b036d0.jpg  
12-26 10:52:14.960 10387 10387 E resultDishCount: 6 个菜品
12-26 10:52:15.702 10387 11003 E innerRecognize: recognizeByFilter6
12-26 10:52:15.702 10387 11003 E recognize: 736ms   /storage/emulated/0/shifang/ai_dish/image/20231226/3973ee97-18e4-4212-b5d3-36d199543de8.jpg  
12-26 10:52:15.781 10387 10387 E resultDishCount: 6 个菜品
12-26 10:52:16.536 10387 11012 E innerRecognize: recognizeByFilter6
12-26 10:52:16.536 10387 11012 E recognize: 744ms   /storage/emulated/0/shifang/ai_dish/image/20231226/d2b4168b-a019-4311-b10c-9ed08815284f.jpg  
12-26 10:52:16.646 10387 10387 E resultDishCount: 6 个菜品
12-26 10:52:17.341 10387 10860 E innerRecognize: recognizeByFilter6
12-26 10:52:17.341 10387 10860 E recognize: 691ms   /storage/emulated/0/shifang/ai_dish/image/20231226/9b202216-204d-4c84-89fc-5f25749040c2.jpg  
12-26 10:52:17.431 10387 10387 E resultDishCount: 6 个菜品
12-26 10:52:18.134 10387 10870 E innerRecognize: recognizeByFilter6
12-26 10:52:18.134 10387 10870 E recognize: 703ms   /storage/emulated/0/shifang/ai_dish/image/20231226/3fc55509-a1aa-4568-a2c1-97bec712797f.jpg  
12-26 10:52:18.203 10387 10387 E resultDishCount: 6 个菜品
12-26 10:52:18.918 10387 10881 E innerRecognize: recognizeByFilter6
12-26 10:52:18.918 10387 10881 E recognize: 720ms   /storage/emulated/0/shifang/ai_dish/image/20231226/8a5a5983-b938-41ae-83d4-4f01e71f0d02.jpg  
12-26 10:52:19.000 10387 10387 E resultDishCount: 6 个菜品
12-26 10:52:19.751 10387 10891 E innerRecognize: recognizeByFilter6
12-26 10:52:19.751 10387 10891 E recognize: 757ms   /storage/emulated/0/shifang/ai_dish/image/20231226/e218238b-b289-4656-a2c8-50ca2bead82b.jpg  
12-26 10:52:19.872 10387 10387 E resultDishCount: 6 个菜品
12-26 10:52:20.614 10387 10900 E innerRecognize: recognizeByFilter6
12-26 10:52:20.614 10387 10900 E recognize: 740ms   /storage/emulated/0/shifang/ai_dish/image/20231226/2b0e17f7-11da-4576-8122-6a22c8930d3b.jpg  
12-26 10:52:20.680 10387 10387 E resultDishCount: 6 个菜品
12-26 10:52:21.413 10387 10909 E innerRecognize: recognizeByFilter6
12-26 10:52:21.413 10387 10909 E recognize: 726ms   /storage/emulated/0/shifang/ai_dish/image/20231226/c6dd7e17-5f96-44f7-ad48-70364e1a21d1.jpg  
12-26 10:52:21.544 10387 10387 E resultDishCount: 6 个菜品
12-26 10:52:22.285 10387 10919 E innerRecognize: recognizeByFilter6
12-26 10:52:22.285 10387 10919 E recognize: 745ms   /storage/emulated/0/shifang/ai_dish/image/20231226/86c068c3-5942-40d4-bba0-9cdf1d52d5a5.jpg  
12-26 10:52:22.428 10387 10387 E resultDishCount: 6 个菜品
12-26 10:52:23.235 10387 10929 E innerRecognize: recognizeByFilter6
12-26 10:52:23.235 10387 10929 E recognize: 812ms   /storage/emulated/0/shifang/ai_dish/image/20231226/cdff38ea-c798-4a6e-ac4e-beed567cd754.jpg  
12-26 10:52:23.373 10387 10387 E resultDishCount: 6 个菜品
12-26 10:52:24.146 10387 10938 E innerRecognize: recognizeByFilter6
12-26 10:52:24.146 10387 10938 E recognize: 782ms   /storage/emulated/0/shifang/ai_dish/image/20231226/c5854e4c-90e6-44d1-8d2f-819de220e75a.jpg  
12-26 10:52:24.235 10387 10387 E resultDishCount: 6 个菜品
12-26 10:52:24.951 10387 10948 E innerRecognize: recognizeByFilter6
12-26 10:52:24.951 10387 10948 E recognize: 716ms   /storage/emulated/0/shifang/ai_dish/image/20231226/d8516d2e-a57e-46c6-9c63-1f7c1067dbbf.jpg  
12-26 10:52:25.043 10387 10387 E resultDishCount: 6 个菜品
12-26 10:52:25.784 10387 10958 E innerRecognize: recognizeByFilter6
12-26 10:52:25.784 10387 10958 E recognize: 747ms   /storage/emulated/0/shifang/ai_dish/image/20231226/2ebfa029-afa5-4fd4-b2e3-b1f01cb8cb87.jpg  
12-26 10:52:25.905 10387 10387 E resultDishCount: 6 个菜品
12-26 10:52:26.718 10387 10967 E innerRecognize: recognizeByFilter6
12-26 10:52:26.718 10387 10967 E recognize: 817ms   /storage/emulated/0/shifang/ai_dish/image/20231226/4f6dc6d8-e73e-4e4a-9ffb-d94a5f135f80.jpg  
12-26 10:52:26.821 10387 10387 E resultDishCount: 6 个菜品
12-26 10:52:27.633 10387 10976 E innerRecognize: recognizeByFilter6
12-26 10:52:27.633 10387 10976 E recognize: 804ms   /storage/emulated/0/shifang/ai_dish/image/20231226/c0b06414-d7fc-4689-886a-70d903286ccc.jpg  
12-26 10:52:27.736 10387 10387 E resultDishCount: 6 个菜品
12-26 10:52:28.517 10387 10984 E innerRecognize: recognizeByFilter6
12-26 10:52:28.517 10387 10984 E recognize: 775ms   /storage/emulated/0/shifang/ai_dish/image/20231226/0c041455-ac82-4dcd-9361-e2767d64e1f3.jpg  
12-26 10:52:28.634 10387 10387 E resultDishCount: 6 个菜品
12-26 10:52:29.389 10387 10993 E innerRecognize: recognizeByFilter6
12-26 10:52:29.389 10387 10993 E recognize: 759ms   /storage/emulated/0/shifang/ai_dish/image/20231226/a6da3b7b-9390-4391-a888-f0e155bf2230.jpg  
12-26 10:52:29.550 10387 10387 E resultDishCount: 6 个菜品
12-26 10:52:30.324 10387 11003 E innerRecognize: recognizeByFilter6
12-26 10:52:30.324 10387 11003 E recognize: 776ms   /storage/emulated/0/shifang/ai_dish/image/20231226/7293a5b6-5b40-4eee-b73d-0f29182338e4.jpg  
12-26 10:52:30.447 10387 10387 E resultDishCount: 6 个菜品
12-26 10:52:31.148 10387 11012 E innerRecognize: recognizeByFilter6
12-26 10:52:31.148 10387 11012 E recognize: 707ms   /storage/emulated/0/shifang/ai_dish/image/20231226/150b4f26-8b00-4f19-a258-2f46d8ed5fcc.jpg  
12-26 10:52:31.291 10387 10387 E resultDishCount: 6 个菜品
12-26 10:52:32.038 10387 10860 E innerRecognize: recognizeByFilter6
12-26 10:52:32.038 10387 10860 E recognize: 753ms   /storage/emulated/0/shifang/ai_dish/image/20231226/3c4044e3-f7bb-42c0-b8f1-e01c08d84744.jpg  
12-26 10:52:32.154 10387 10387 E resultDishCount: 6 个菜品
12-26 10:52:32.858 10387 10870 E innerRecognize: recognizeByFilter6
12-26 10:52:32.858 10387 10870 E recognize: 716ms   /storage/emulated/0/shifang/ai_dish/image/20231226/418cb5b7-4104-4dd1-8d96-4438b7c421df.jpg  
12-26 10:52:32.996 10387 10387 E resultDishCount: 6 个菜品
12-26 10:52:33.696 10387 10881 E innerRecognize: recognizeByFilter6
12-26 10:52:33.696 10387 10881 E recognize: 702ms   /storage/emulated/0/shifang/ai_dish/image/20231226/7cb4c1ba-fa9a-45e6-b898-7d2996e94690.jpg  
12-26 10:52:33.822 10387 10387 E resultDishCount: 6 个菜品
12-26 10:52:34.583 10387 10891 E innerRecognize: recognizeByFilter6
12-26 10:52:34.584 10387 10891 E recognize: 769ms   /storage/emulated/0/shifang/ai_dish/image/20231226/4e5117dc-8d10-453c-b728-4ee1ca22bb94.jpg  
12-26 10:52:34.702 10387 10387 E resultDishCount: 6 个菜品
12-26 10:52:35.468 10387 10900 E innerRecognize: recognizeByFilter6
12-26 10:52:35.468 10387 10900 E recognize: 766ms   /storage/emulated/0/shifang/ai_dish/image/20231226/97068035-02bb-4f42-9b71-8a0f2656ce48.jpg  
12-26 10:52:35.563 10387 10387 E resultDishCount: 6 个菜品
12-26 10:52:36.292 10387 10909 E innerRecognize: recognizeByFilter6
12-26 10:52:36.292 10387 10909 E recognize: 734ms   /storage/emulated/0/shifang/ai_dish/image/20231226/601112d9-ecc3-4053-bb49-9ea8c94e7a00.jpg  
12-26 10:52:36.371 10387 10387 E resultDishCount: 6 个菜品
12-26 10:52:37.082 10387 10919 E innerRecognize: recognizeByFilter6
12-26 10:52:37.082 10387 10919 E recognize: 715ms   /storage/emulated/0/shifang/ai_dish/image/20231226/79759ef7-7521-4614-aa1c-beb33a470e0b.jpg  
12-26 10:52:37.197 10387 10387 E resultDishCount: 6 个菜品
12-26 10:52:37.912 10387 10929 E innerRecognize: recognizeByFilter6
12-26 10:52:37.912 10387 10929 E recognize: 716ms   /storage/emulated/0/shifang/ai_dish/image/20231226/225c9cf8-a8b9-4f03-b06b-fa7dba68632f.jpg  
12-26 10:52:38.049 10387 10387 E resultDishCount: 6 个菜品
12-26 10:52:38.821 10387 10938 E innerRecognize: recognizeByFilter6
12-26 10:52:38.821 10387 10938 E recognize: 781ms   /storage/emulated/0/shifang/ai_dish/image/20231226/b94bc49b-c4fe-4126-a358-9981c3c1c4c3.jpg  
12-26 10:52:38.940 10387 10387 E resultDishCount: 6 个菜品
12-26 10:52:39.679 10387 10948 E innerRecognize: recognizeByFilter6
12-26 10:52:39.679 10387 10948 E recognize: 737ms   /storage/emulated/0/shifang/ai_dish/image/20231226/b9d46b0d-812b-4471-9fdd-4301359a2bed.jpg  
12-26 10:52:39.786 10387 10387 E resultDishCount: 6 个菜品
12-26 10:52:40.607 10387 10958 E innerRecognize: recognizeByFilter6
12-26 10:52:40.607 10387 10958 E recognize: 825ms   /storage/emulated/0/shifang/ai_dish/image/20231226/4c5ffa70-fb79-4ac9-8fc8-0f6839c0d0d3.jpg  
12-26 10:52:40.680 10387 10387 E resultDishCount: 6 个菜品
12-26 10:52:41.401 10387 10967 E innerRecognize: recognizeByFilter6
12-26 10:52:41.401 10387 10967 E recognize: 726ms   /storage/emulated/0/shifang/ai_dish/image/20231226/c8a53d9c-b5a1-4454-8676-3d7c6a4a03d9.jpg  
12-26 10:52:41.510 10387 10387 E resultDishCount: 6 个菜品
12-26 10:52:42.294 10387 10976 E innerRecognize: recognizeByFilter6
12-26 10:52:42.295 10387 10976 E recognize: 800ms   /storage/emulated/0/shifang/ai_dish/image/20231226/a1785b7a-7c10-498a-a4d1-1b8014bab65a.jpg  
12-26 10:52:42.439 10387 10387 E resultDishCount: 6 个菜品
12-26 10:52:43.210 10387 10984 E innerRecognize: recognizeByFilter6
12-26 10:52:43.210 10387 10984 E recognize: 775ms   /storage/emulated/0/shifang/ai_dish/image/20231226/872933c4-1453-4ce5-9be6-d639145a4b8e.jpg  
12-26 10:52:43.301 10387 10387 E resultDishCount: 6 个菜品
12-26 10:52:44.053 10387 10993 E innerRecognize: recognizeByFilter6
12-26 10:52:44.053 10387 10993 E recognize: 756ms   /storage/emulated/0/shifang/ai_dish/image/20231226/5abb4b92-ca65-402b-8185-90b425a2d43f.jpg  
12-26 10:52:44.145 10387 10387 E resultDishCount: 6 个菜品
12-26 10:52:44.834 10387 11003 E innerRecognize: recognizeByFilter6
12-26 10:52:44.834 10387 11003 E recognize: 682ms   /storage/emulated/0/shifang/ai_dish/image/20231226/b41fc5e6-f43a-4c2a-b292-063b3c08f52c.jpg  
12-26 10:52:44.904 10387 10387 E resultDishCount: 6 个菜品
12-26 10:52:45.645 10387 11012 E innerRecognize: recognizeByFilter6
12-26 10:52:45.645 10387 11012 E recognize: 735ms   /storage/emulated/0/shifang/ai_dish/image/20231226/244617f4-d6e0-4b46-8505-8de40d9120dd.jpg  
12-26 10:52:45.743 10387 10387 E resultDishCount: 6 个菜品
12-26 10:52:46.531 10387 10860 E innerRecognize: recognizeByFilter6
12-26 10:52:46.531 10387 10860 E recognize: 790ms   /storage/emulated/0/shifang/ai_dish/image/20231226/2c41c61f-e25e-4da4-937c-7da6690b7ff8.jpg  
12-26 10:52:46.641 10387 10387 E resultDishCount: 6 个菜品
12-26 10:52:47.357 10387 10870 E innerRecognize: recognizeByFilter6
12-26 10:52:47.357 10387 10870 E recognize: 725ms   /storage/emulated/0/shifang/ai_dish/image/20231226/f11ce6c7-52d3-4161-a825-34742918c855.jpg  
12-26 10:52:47.435 10387 10387 E resultDishCount: 6 个菜品
12-26 10:52:48.215 10387 10881 E innerRecognize: recognizeByFilter6
12-26 10:52:48.215 10387 10881 E recognize: 787ms   /storage/emulated/0/shifang/ai_dish/image/20231226/5727976d-d132-4090-a518-f78007ce0448.jpg  
12-26 10:52:48.313 10387 10387 E resultDishCount: 6 个菜品
12-26 10:52:49.045 10387 10891 E innerRecognize: recognizeByFilter6
12-26 10:52:49.045 10387 10891 E recognize: 735ms   /storage/emulated/0/shifang/ai_dish/image/20231226/1553becc-5517-4e82-b3fd-6809c177a333.jpg  
12-26 10:52:49.172 10387 10387 E resultDishCount: 6 个菜品
12-26 10:52:49.902 10387 10900 E innerRecognize: recognizeByFilter6
12-26 10:52:49.902 10387 10900 E recognize: 739ms   /storage/emulated/0/shifang/ai_dish/image/20231226/bc4b9787-4192-4b22-984c-753321828ad9.jpg  
12-26 10:52:49.998 10387 10387 E resultDishCount: 6 个菜品
12-26 10:52:50.768 10387 10909 E innerRecognize: recognizeByFilter6
12-26 10:52:50.768 10387 10909 E recognize: 778ms   /storage/emulated/0/shifang/ai_dish/image/20231226/21dd3c89-5845-4cf5-8341-45e11d795b46.jpg  
12-26 10:52:50.861 10387 10387 E resultDishCount: 6 个菜品
12-26 10:52:51.602 10387 10919 E innerRecognize: recognizeByFilter6
12-26 10:52:51.602 10387 10919 E recognize: 747ms   /storage/emulated/0/shifang/ai_dish/image/20231226/fbf77104-8ed5-4a84-acce-378614044257.jpg  
12-26 10:52:51.721 10387 10387 E resultDishCount: 6 个菜品
12-26 10:52:52.464 10387 10929 E innerRecognize: recognizeByFilter6
12-26 10:52:52.464 10387 10929 E recognize: 736ms   /storage/emulated/0/shifang/ai_dish/image/20231226/ad18b611-be60-43b2-9ce6-7dba8ee78c37.jpg  
12-26 10:52:52.565 10387 10387 E resultDishCount: 6 个菜品
12-26 10:52:53.278 10387 10938 E innerRecognize: recognizeByFilter6
12-26 10:52:53.278 10387 10938 E recognize: 714ms   /storage/emulated/0/shifang/ai_dish/image/20231226/c1f08377-ab3b-488c-9c9e-c1c3a1452092.jpg  
12-26 10:52:53.395 10387 10387 E resultDishCount: 6 个菜品
12-26 10:52:54.168 10387 10948 E innerRecognize: recognizeByFilter6
12-26 10:52:54.168 10387 10948 E recognize: 774ms   /storage/emulated/0/shifang/ai_dish/image/20231226/d3ef67f5-4d4a-4c7b-9038-b75c71f101d8.jpg  
12-26 10:52:54.271 10387 10387 E resultDishCount: 6 个菜品
12-26 10:52:55.067 10387 10958 E innerRecognize: recognizeByFilter6
12-26 10:52:55.067 10387 10958 E recognize: 798ms   /storage/emulated/0/shifang/ai_dish/image/20231226/6d08dc77-223b-4a6b-91fe-a73e70b1406e.jpg  
12-26 10:52:55.176 10387 10387 E resultDishCount: 6 个菜品
12-26 10:52:55.992 10387 10967 E innerRecognize: recognizeByFilter6
12-26 10:52:55.993 10387 10967 E recognize: 826ms   /storage/emulated/0/shifang/ai_dish/image/20231226/cb4b15f5-c93d-47db-bbf0-6337c2ec41d5.jpg  
12-26 10:52:56.087 10387 10387 E resultDishCount: 6 个菜品
12-26 10:52:56.865 10387 10976 E innerRecognize: recognizeByFilter6
12-26 10:52:56.865 10387 10976 E recognize: 773ms   /storage/emulated/0/shifang/ai_dish/image/20231226/bb73696c-c2b5-47ef-bf66-6928210afe01.jpg  
12-26 10:52:56.987 10387 10387 E resultDishCount: 6 个菜品
12-26 10:52:57.726 10387 10984 E innerRecognize: recognizeByFilter6
12-26 10:52:57.726 10387 10984 E recognize: 742ms   /storage/emulated/0/shifang/ai_dish/image/20231226/49534c94-1cec-41a5-8369-da3eec00fce9.jpg  
12-26 10:52:57.861 10387 10387 E resultDishCount: 6 个菜品
12-26 10:52:58.628 10387 10993 E innerRecognize: recognizeByFilter6
12-26 10:52:58.628 10387 10993 E recognize: 775ms   /storage/emulated/0/shifang/ai_dish/image/20231226/6ff32e56-a83b-4dbb-8f13-e625e7a5d947.jpg  
12-26 10:52:58.723 10387 10387 E resultDishCount: 6 个菜品
12-26 10:52:59.500 10387 11003 E innerRecognize: recognizeByFilter6
12-26 10:52:59.500 10387 11003 E recognize: 783ms   /storage/emulated/0/shifang/ai_dish/image/20231226/6e57e562-78a4-46be-9a08-f5ca24d4aff9.jpg  
12-26 10:52:59.622 10387 10387 E resultDishCount: 6 个菜品
12-26 10:52:59.688 10387 10802 E registerBgr24: 1 
12-26 10:52:59.688 10387 10802 E FaceServer__: registerBgr24:  ErrorInfo.MOK
12-26 10:52:59.688 10387 10802 E SyncFacePresenter__addFaceLocal_register  fail: 吴彦祖  1
12-26 10:52:59.723 10387 10802 E registerBgr24: 2 
12-26 10:52:59.724 10387 10802 E FaceServer__: registerBgr24:  ErrorInfo.MOK
12-26 10:52:59.724 10387 10802 E SyncFacePresenter__addFaceLocal_register  fail: 郭富城  2
12-26 10:52:59.737 10387 10802 E registerBgr24: 3 
12-26 10:52:59.737 10387 10802 E FaceServer__: registerBgr24:  ErrorInfo.MOK
12-26 10:52:59.737 10387 10802 E SyncFacePresenter__addFaceLocal_register  fail: 谢霆锋  3
12-26 10:52:59.752 10387 10802 E registerBgr24: 4 
12-26 10:52:59.752 10387 10802 E FaceServer__: registerBgr24:  ErrorInfo.MOK
12-26 10:52:59.752 10387 10802 E SyncFacePresenter__addFaceLocal_register  fail: 摩卡  4
12-26 10:52:59.777 10387 10802 E registerBgr24: 5 
12-26 10:52:59.777 10387 10802 E FaceServer__: registerBgr24:  ErrorInfo.MOK
12-26 10:52:59.777 10387 10802 E SyncFacePresenter__addFaceLocal_register  fail: 李连杰  5
12-26 10:53:00.469 10387 11012 E innerRecognize: recognizeByFilter6
12-26 10:53:00.469 10387 11012 E recognize: 842ms   /storage/emulated/0/shifang/ai_dish/image/20231226/abf64e59-8848-40ed-a3c7-4cc9183fea1d.jpg  
12-26 10:53:01.362 10387 10387 E resultDishCount: 6 个菜品
12-26 10:53:02.171 10387 10860 E innerRecognize: recognizeByFilter6
12-26 10:53:02.171 10387 10860 E recognize: 811ms   /storage/emulated/0/shifang/ai_dish/image/20231226/e68d56bb-449a-4f98-9d69-2e1e11404cbf.jpg  
12-26 10:53:02.583 10387 10387 E resultDishCount: 6 个菜品
12-26 10:53:03.270 10387 10870 E innerRecognize: recognizeByFilter6
12-26 10:53:03.270 10387 10870 E recognize: 694ms   /storage/emulated/0/shifang/ai_dish/image/20231226/852f8236-cea4-4740-b20d-a719c19e6032.jpg  
12-26 10:53:03.339 10387 10387 E resultDishCount: 6 个菜品
12-26 10:53:04.136 10387 10881 E innerRecognize: recognizeByFilter6
12-26 10:53:04.137 10387 10881 E recognize: 804ms   /storage/emulated/0/shifang/ai_dish/image/20231226/020a060e-0de8-469c-8165-81f97662f45a.jpg  
12-26 10:53:04.235 10387 10387 E resultDishCount: 6 个菜品
12-26 10:53:04.954 10387 10891 E innerRecognize: recognizeByFilter6
12-26 10:53:04.954 10387 10891 E recognize: 727ms   /storage/emulated/0/shifang/ai_dish/image/20231226/296defb8-1cec-415f-aa04-f866c369f9a8.jpg  
12-26 10:53:05.078 10387 10387 E resultDishCount: 6 个菜品
12-26 10:53:05.767 10387 10900 E innerRecognize: recognizeByFilter6
12-26 10:53:05.767 10387 10900 E recognize: 704ms   /storage/emulated/0/shifang/ai_dish/image/20231226/9a18f6a6-a556-4ab7-b650-f23a5ddecef1.jpg  
12-26 10:53:05.894 10387 10387 E resultDishCount: 6 个菜品
12-26 10:53:06.587 10387 10909 E innerRecognize: recognizeByFilter6
12-26 10:53:06.587 10387 10909 E recognize: 690ms   /storage/emulated/0/shifang/ai_dish/image/20231226/c64e2bd6-b4a5-48c2-afdb-a073e6846822.jpg  
12-26 10:53:06.658 10387 10387 E resultDishCount: 6 个菜品
12-26 10:53:07.381 10387 10919 E innerRecognize: recognizeByFilter6
12-26 10:53:07.381 10387 10919 E recognize: 725ms   /storage/emulated/0/shifang/ai_dish/image/20231226/0f1f0467-d552-4385-9ee0-fccada3c7148.jpg  
12-26 10:53:07.484 10387 10387 E resultDishCount: 6 个菜品
12-26 10:53:08.205 10387 10929 E innerRecognize: recognizeByFilter6
12-26 10:53:08.205 10387 10929 E recognize: 722ms   /storage/emulated/0/shifang/ai_dish/image/20231226/40fd2b8c-730f-40d7-996c-7c6dae28bd4d.jpg  
12-26 10:53:08.346 10387 10387 E resultDishCount: 6 个菜品
12-26 10:53:09.106 10387 10938 E innerRecognize: recognizeByFilter6
12-26 10:53:09.106 10387 10938 E recognize: 771ms   /storage/emulated/0/shifang/ai_dish/image/20231226/ff28fa98-e24b-4add-a5ec-2f321e6662ee.jpg  
12-26 10:53:09.209 10387 10387 E resultDishCount: 6 个菜品
12-26 10:53:09.987 10387 10948 E innerRecognize: recognizeByFilter6
12-26 10:53:09.987 10387 10948 E recognize: 777ms   /storage/emulated/0/shifang/ai_dish/image/20231226/84923d05-3ffc-445a-bab1-c2f193d25d86.jpg  
12-26 10:53:10.105 10387 10387 E resultDishCount: 6 个菜品
12-26 10:53:10.818 10387 10958 E innerRecognize: recognizeByFilter6
12-26 10:53:10.818 10387 10958 E recognize: 725ms   /storage/emulated/0/shifang/ai_dish/image/20231226/7e333f10-27be-4654-a0ab-abbd15668d27.jpg  
12-26 10:53:10.901 10387 10387 E resultDishCount: 6 个菜品
12-26 10:53:11.709 10387 10967 E innerRecognize: recognizeByFilter6
12-26 10:53:11.709 10387 10967 E recognize: 809ms   /storage/emulated/0/shifang/ai_dish/image/20231226/8095888c-8cae-4f92-9fdf-8312f006c8e0.jpg  
12-26 10:53:11.829 10387 10387 E resultDishCount: 6 个菜品
12-26 10:53:12.567 10387 10976 E innerRecognize: recognizeByFilter6
12-26 10:53:12.567 10387 10976 E recognize: 746ms   /storage/emulated/0/shifang/ai_dish/image/20231226/e154c534-1f4a-469d-826e-ad244dc7337e.jpg  
12-26 10:53:12.655 10387 10387 E resultDishCount: 6 个菜品
12-26 10:53:13.453 10387 10984 E innerRecognize: recognizeByFilter6
12-26 10:53:13.453 10387 10984 E recognize: 792ms   /storage/emulated/0/shifang/ai_dish/image/20231226/d211d889-0312-4060-8665-39fffee72dff.jpg  
12-26 10:53:13.552 10387 10387 E resultDishCount: 6 个菜品
12-26 10:53:14.299 10387 10993 E innerRecognize: recognizeByFilter6
12-26 10:53:14.299 10387 10993 E recognize: 742ms   /storage/emulated/0/shifang/ai_dish/image/20231226/3629309a-efcf-48fd-b861-987708b9d968.jpg  
12-26 10:53:14.378 10387 10387 E resultDishCount: 6 个菜品
12-26 10:53:15.168 10387 11003 E innerRecognize: recognizeByFilter6
12-26 10:53:15.168 10387 11003 E recognize: 803ms   /storage/emulated/0/shifang/ai_dish/image/20231226/66acb3b1-09fe-4fe7-9caa-b3d48d08e1a3.jpg  
12-26 10:53:15.294 10387 10387 E resultDishCount: 6 个菜品
12-26 10:53:16.077 10387 11012 E innerRecognize: recognizeByFilter6
12-26 10:53:16.077 10387 11012 E recognize: 792ms   /storage/emulated/0/shifang/ai_dish/image/20231226/4d981edd-a761-430c-8f7d-be2c02f9a7da.jpg  
12-26 10:53:16.209 10387 10387 E resultDishCount: 6 个菜品
12-26 10:53:16.966 10387 10860 E innerRecognize: recognizeByFilter6
12-26 10:53:16.967 10387 10860 E recognize: 770ms   /storage/emulated/0/shifang/ai_dish/image/20231226/01d3b4e7-07db-4c30-a049-9b4d068e0f0c.jpg  
12-26 10:53:17.055 10387 10387 E resultDishCount: 6 个菜品
12-26 10:53:17.851 10387 10870 E innerRecognize: recognizeByFilter6
12-26 10:53:17.851 10387 10870 E recognize: 799ms   /storage/emulated/0/shifang/ai_dish/image/20231226/9460852c-c672-499b-8e20-2cf33276a9f1.jpg  
12-26 10:53:17.969 10387 10387 E resultDishCount: 6 个菜品
12-26 10:53:18.703 10387 10881 E innerRecognize: recognizeByFilter6
12-26 10:53:18.703 10387 10881 E recognize: 743ms   /storage/emulated/0/shifang/ai_dish/image/20231226/1181f1b9-445e-48f6-9361-a2896341aeff.jpg  
12-26 10:53:18.815 10387 10387 E resultDishCount: 6 个菜品
12-26 10:53:19.619 10387 10891 E innerRecognize: recognizeByFilter6
12-26 10:53:19.619 10387 10891 E recognize: 807ms   /storage/emulated/0/shifang/ai_dish/image/20231226/c821d1f8-7e41-44c6-9338-328318182492.jpg  
12-26 10:53:19.692 10387 10387 E resultDishCount: 6 个菜品
12-26 10:53:20.401 10387 10900 E innerRecognize: recognizeByFilter6
12-26 10:53:20.401 10387 10900 E recognize: 710ms   /storage/emulated/0/shifang/ai_dish/image/20231226/60847534-2e06-4b41-8b27-c97c48ebe9f8.jpg  
12-26 10:53:20.518 10387 10387 E resultDishCount: 6 个菜品
12-26 10:53:21.243 10387 10909 E innerRecognize: recognizeByFilter6
12-26 10:53:21.243 10387 10909 E recognize: 725ms   /storage/emulated/0/shifang/ai_dish/image/20231226/d4185001-8bce-4fe1-b814-a78a9e9b3ec9.jpg  
12-26 10:53:21.344 10387 10387 E resultDishCount: 6 个菜品
12-26 10:53:22.081 10387 10919 E innerRecognize: recognizeByFilter6
12-26 10:53:22.081 10387 10919 E recognize: 742ms   /storage/emulated/0/shifang/ai_dish/image/20231226/0e9e7f32-678d-4170-9a2f-e019ecfb610f.jpg  
12-26 10:53:22.170 10387 10387 E resultDishCount: 6 个菜品
12-26 10:53:22.899 10387 10929 E innerRecognize: recognizeByFilter6
12-26 10:53:22.899 10387 10929 E recognize: 736ms   /storage/emulated/0/shifang/ai_dish/image/20231226/ac5bf38c-d3d7-4586-8481-b4a9ddbce6d0.jpg  
12-26 10:53:23.000 10387 10387 E resultDishCount: 6 个菜品
12-26 10:53:23.744 10387 10938 E innerRecognize: recognizeByFilter6
12-26 10:53:23.744 10387 10938 E recognize: 743ms   /storage/emulated/0/shifang/ai_dish/image/20231226/28d77b7a-4a8c-4250-98e5-3b46a76fb565.jpg  
12-26 10:53:23.829 10387 10387 E resultDishCount: 6 个菜品
12-26 10:53:24.629 10387 10948 E innerRecognize: recognizeByFilter6
12-26 10:53:24.629 10387 10948 E recognize: 806ms   /storage/emulated/0/shifang/ai_dish/image/20231226/01d23a7e-7d47-4abb-a0c7-a7c2b9198462.jpg  
12-26 10:53:24.755 10387 10387 E resultDishCount: 6 个菜品
12-26 10:53:25.480 10387 10958 E innerRecognize: recognizeByFilter6
12-26 10:53:25.480 10387 10958 E recognize: 729ms   /storage/emulated/0/shifang/ai_dish/image/20231226/5128a1fa-b0ad-40bd-a678-efad0c450f98.jpg  
12-26 10:53:25.581 10387 10387 E resultDishCount: 6 个菜品
12-26 10:53:26.386 10387 10967 E innerRecognize: recognizeByFilter6
12-26 10:53:26.386 10387 10967 E recognize: 814ms   /storage/emulated/0/shifang/ai_dish/image/20231226/927f26b6-b135-4238-9a11-9913b0743d7c.jpg  
12-26 10:53:26.479 10387 10387 E resultDishCount: 6 个菜品
12-26 10:53:27.214 10387 10976 E innerRecognize: recognizeByFilter6
12-26 10:53:27.214 10387 10976 E recognize: 742ms   /storage/emulated/0/shifang/ai_dish/image/20231226/6cd1a17e-b5ab-4e49-943c-57c0cd6593d1.jpg  
12-26 10:53:27.330 10387 10387 E resultDishCount: 6 个菜品
12-26 10:53:28.010 10387 10984 E innerRecognize: recognizeByFilter6
12-26 10:53:28.010 10387 10984 E recognize: 682ms   /storage/emulated/0/shifang/ai_dish/image/20231226/e8de3da0-33c4-4215-8f8d-ce332c5a9cd7.jpg  
12-26 10:53:28.098 10387 10387 E resultDishCount: 6 个菜品
12-26 10:53:28.834 10387 10993 E innerRecognize: recognizeByFilter6
12-26 10:53:28.834 10387 10993 E recognize: 744ms   /storage/emulated/0/shifang/ai_dish/image/20231226/9f8b0b6f-d0ed-41b0-a1b6-18e7fc7df65d.jpg  
12-26 10:53:28.938 10387 10387 E resultDishCount: 6 个菜品
12-26 10:53:29.722 10387 11003 E innerRecognize: recognizeByFilter6
12-26 10:53:29.722 10387 11003 E recognize: 789ms   /storage/emulated/0/shifang/ai_dish/image/20231226/c6ce8be5-44da-4878-aa35-bc57bda6ab74.jpg  
12-26 10:53:29.839 10387 10387 E resultDishCount: 6 个菜品
12-26 10:53:30.546 10387 11012 E innerRecognize: recognizeByFilter6
12-26 10:53:30.547 10387 11012 E recognize: 721ms   /storage/emulated/0/shifang/ai_dish/image/20231226/20141f08-a6bd-4fff-8083-d99d56c2af30.jpg  
12-26 10:53:30.644 10387 10387 E resultDishCount: 6 个菜品
12-26 10:53:31.432 10387 10860 E innerRecognize: recognizeByFilter6
12-26 10:53:31.432 10387 10860 E recognize: 793ms   /storage/emulated/0/shifang/ai_dish/image/20231226/86529616-3f42-405c-85fa-40275d272b6d.jpg  
12-26 10:53:31.526 10387 10387 E resultDishCount: 6 个菜品
12-26 10:53:32.328 10387 10870 E innerRecognize: recognizeByFilter6
12-26 10:53:32.328 10387 10870 E recognize: 806ms   /storage/emulated/0/shifang/ai_dish/image/20231226/e707caf0-14d2-4f74-9e88-9299f124b6a3.jpg  
12-26 10:53:32.421 10387 10387 E resultDishCount: 6 个菜品
12-26 10:53:33.193 10387 10881 E innerRecognize: recognizeByFilter6
12-26 10:53:33.193 10387 10881 E recognize: 786ms   /storage/emulated/0/shifang/ai_dish/image/20231226/0c15abac-ce7d-4c5e-a43b-d7d49aaf1e5b.jpg  
12-26 10:53:33.269 10387 10387 E resultDishCount: 6 个菜品
12-26 10:53:34.060 10387 10891 E innerRecognize: recognizeByFilter6
12-26 10:53:34.060 10387 10891 E recognize: 784ms   /storage/emulated/0/shifang/ai_dish/image/20231226/c10b7281-46cf-43f6-a8d6-f97212809bfa.jpg  
12-26 10:53:34.181 10387 10387 E resultDishCount: 6 个菜品
12-26 10:53:34.909 10387 10900 E innerRecognize: recognizeByFilter6
12-26 10:53:34.909 10387 10900 E recognize: 727ms   /storage/emulated/0/shifang/ai_dish/image/20231226/4acdd4b4-5541-4592-bf04-be540f607c58.jpg  
12-26 10:53:35.011 10387 10387 E resultDishCount: 6 个菜品
12-26 10:53:35.782 10387 10909 E innerRecognize: recognizeByFilter6
12-26 10:53:35.782 10387 10909 E recognize: 774ms   /storage/emulated/0/shifang/ai_dish/image/20231226/b037a98f-32f4-4a46-aff8-ddcf0be792c9.jpg  
12-26 10:53:35.851 10387 10387 E resultDishCount: 6 个菜品
12-26 10:53:36.591 10387 10919 E innerRecognize: recognizeByFilter6
12-26 10:53:36.591 10387 10919 E recognize: 741ms   /storage/emulated/0/shifang/ai_dish/image/20231226/8ba2b913-17cd-40dc-bcaa-c1f690af296d.jpg  
12-26 10:53:36.694 10387 10387 E resultDishCount: 6 个菜品
12-26 10:53:37.475 10387 10929 E innerRecognize: recognizeByFilter6
12-26 10:53:37.475 10387 10929 E recognize: 795ms   /storage/emulated/0/shifang/ai_dish/image/20231226/45ad72a4-2eaa-47e4-881e-54aa508e2426.jpg  
12-26 10:53:37.556 10387 10387 E resultDishCount: 6 个菜品
12-26 10:53:38.356 10387 10938 E innerRecognize: recognizeByFilter6
12-26 10:53:38.356 10387 10938 E recognize: 809ms   /storage/emulated/0/shifang/ai_dish/image/20231226/79d525c4-fae7-43c6-b4f6-ec9130e008c1.jpg  
12-26 10:53:38.442 10387 10387 E resultDishCount: 6 个菜品
12-26 10:53:39.245 10387 10948 E innerRecognize: recognizeByFilter6
12-26 10:53:39.245 10387 10948 E recognize: 795ms   /storage/emulated/0/shifang/ai_dish/image/20231226/eddfa02b-25f9-4b98-be84-00ad9d4da101.jpg  
12-26 10:53:39.351 10387 10387 E resultDishCount: 6 个菜品
12-26 10:53:40.149 10387 10958 E innerRecognize: recognizeByFilter6
12-26 10:53:40.150 10387 10958 E recognize: 801ms   /storage/emulated/0/shifang/ai_dish/image/20231226/2b2075ea-3dd1-4087-82c2-5412dfe8a2cb.jpg  
12-26 10:53:40.251 10387 10387 E resultDishCount: 6 个菜品
12-26 10:53:40.962 10387 10967 E innerRecognize: recognizeByFilter6
12-26 10:53:40.962 10387 10967 E recognize: 723ms   /storage/emulated/0/shifang/ai_dish/image/20231226/58527f0f-4438-440a-b54b-dbe785c0d9bc.jpg  
12-26 10:53:41.039 10387 10387 E resultDishCount: 6 个菜品
12-26 10:53:41.783 10387 10976 E innerRecognize: recognizeByFilter6
12-26 10:53:41.783 10387 10976 E recognize: 755ms   /storage/emulated/0/shifang/ai_dish/image/20231226/84dd61a5-b6f6-45c6-b793-f1c61c226736.jpg  
12-26 10:53:41.901 10387 10387 E resultDishCount: 6 个菜品
12-26 10:53:42.684 10387 10984 E innerRecognize: recognizeByFilter6
12-26 10:53:42.684 10387 10984 E recognize: 779ms   /storage/emulated/0/shifang/ai_dish/image/20231226/e664bae7-4c49-4f78-b4c0-e2640328e552.jpg  
12-26 10:53:42.786 10387 10387 E resultDishCount: 6 个菜品
12-26 10:53:43.474 10387 10993 E innerRecognize: recognizeByFilter6
12-26 10:53:43.474 10387 10993 E recognize: 695ms   /storage/emulated/0/shifang/ai_dish/image/20231226/fa5b71b8-a38d-485b-8625-c04001baa79e.jpg  
12-26 10:53:43.588 10387 10387 E resultDishCount: 6 个菜品
12-26 10:53:44.335 10387 11003 E innerRecognize: recognizeByFilter6
12-26 10:53:44.335 10387 11003 E recognize: 752ms   /storage/emulated/0/shifang/ai_dish/image/20231226/83d6e786-61ec-458a-a03f-5faf7b965412.jpg  
12-26 10:53:44.432 10387 10387 E resultDishCount: 6 个菜品
12-26 10:53:45.163 10387 11012 E innerRecognize: recognizeByFilter6
12-26 10:53:45.163 10387 11012 E recognize: 733ms   /storage/emulated/0/shifang/ai_dish/image/20231226/5e9c101c-e6aa-4395-8165-ba90533988ab.jpg  
12-26 10:53:45.261 10387 10387 E resultDishCount: 6 个菜品
12-26 10:53:46.042 10387 10860 E innerRecognize: recognizeByFilter6
12-26 10:53:46.042 10387 10860 E recognize: 772ms   /storage/emulated/0/shifang/ai_dish/image/20231226/21857ce1-b9bd-41d9-af70-e00ae578e951.jpg  
12-26 10:53:46.138 10387 10387 E resultDishCount: 6 个菜品
12-26 10:53:46.904 10387 10870 E innerRecognize: recognizeByFilter6
12-26 10:53:46.904 10387 10870 E recognize: 763ms   /storage/emulated/0/shifang/ai_dish/image/20231226/4e3ffd6a-1b4a-4a41-bc36-b210646f3a75.jpg  
12-26 10:53:47.018 10387 10387 E resultDishCount: 6 个菜品
12-26 10:53:47.796 10387 10881 E innerRecognize: recognizeByFilter6
12-26 10:53:47.796 10387 10881 E recognize: 783ms   /storage/emulated/0/shifang/ai_dish/image/20231226/e8011253-68b4-465b-972e-19b8737f013a.jpg  
12-26 10:53:47.881 10387 10387 E resultDishCount: 6 个菜品
12-26 10:53:48.626 10387 10891 E innerRecognize: recognizeByFilter6
12-26 10:53:48.626 10387 10891 E recognize: 735ms   /storage/emulated/0/shifang/ai_dish/image/20231226/952e0e35-a06c-4615-84c6-fce545b597c1.jpg  
12-26 10:53:48.718 10387 10387 E resultDishCount: 6 个菜品
12-26 10:53:49.430 10387 10900 E innerRecognize: recognizeByFilter6
12-26 10:53:49.430 10387 10900 E recognize: 706ms   /storage/emulated/0/shifang/ai_dish/image/20231226/c78b3e4f-8383-471b-b634-9d294d2c2d26.jpg  
12-26 10:53:49.501 10387 10387 E resultDishCount: 6 个菜品
12-26 10:53:50.258 10387 10909 E innerRecognize: recognizeByFilter6
12-26 10:53:50.258 10387 10909 E recognize: 753ms   /storage/emulated/0/shifang/ai_dish/image/20231226/9c5fc8ca-85ae-4091-b431-3b905e1fdc95.jpg  
12-26 10:53:50.374 10387 10387 E resultDishCount: 6 个菜品
12-26 10:53:51.104 10387 10919 E innerRecognize: recognizeByFilter6
12-26 10:53:51.104 10387 10919 E recognize: 724ms   /storage/emulated/0/shifang/ai_dish/image/20231226/233f04c6-909d-4477-b624-57fd6e20ec9c.jpg  
12-26 10:53:51.196 10387 10387 E resultDishCount: 6 个菜品
12-26 10:53:51.957 10387 10929 E innerRecognize: recognizeByFilter6
12-26 10:53:51.957 10387 10929 E recognize: 759ms   /storage/emulated/0/shifang/ai_dish/image/20231226/88cc692a-8994-475d-a42a-f0cb50dbb81e.jpg  
12-26 10:53:52.080 10387 10387 E resultDishCount: 6 个菜品
12-26 10:53:52.825 10387 10938 E innerRecognize: recognizeByFilter6
12-26 10:53:52.825 10387 10938 E recognize: 757ms   /storage/emulated/0/shifang/ai_dish/image/20231226/87fcf465-f901-4901-945a-662104d19c6e.jpg  
12-26 10:53:52.925 10387 10387 E resultDishCount: 6 个菜品
12-26 10:53:53.675 10387 10948 E innerRecognize: recognizeByFilter6
12-26 10:53:53.675 10387 10948 E recognize: 750ms   /storage/emulated/0/shifang/ai_dish/image/20231226/cc8f7269-2884-476e-8bab-fc821ba9309c.jpg  
12-26 10:53:53.769 10387 10387 E resultDishCount: 6 个菜品
12-26 10:53:54.473 10387 10958 E innerRecognize: recognizeByFilter6
12-26 10:53:54.473 10387 10958 E recognize: 696ms   /storage/emulated/0/shifang/ai_dish/image/20231226/3b5bcaf0-f7e7-4783-9918-4bb2edc67768.jpg  
12-26 10:53:54.539 10387 10387 E resultDishCount: 6 个菜品
12-26 10:53:55.294 10387 10967 E innerRecognize: recognizeByFilter6
12-26 10:53:55.294 10387 10967 E recognize: 758ms   /storage/emulated/0/shifang/ai_dish/image/20231226/be462130-00ee-45ee-934a-40311c1d866a.jpg  
12-26 10:53:55.387 10387 10387 E resultDishCount: 6 个菜品
12-26 10:53:56.174 10387 10976 E innerRecognize: recognizeByFilter6
12-26 10:53:56.175 10387 10976 E recognize: 790ms   /storage/emulated/0/shifang/ai_dish/image/20231226/8d2b6a28-0612-4886-95d9-208bcd8e3ff4.jpg  
12-26 10:53:56.264 10387 10387 E resultDishCount: 6 个菜品
12-26 10:53:57.032 10387 10984 E innerRecognize: recognizeByFilter6
12-26 10:53:57.032 10387 10984 E recognize: 762ms   /storage/emulated/0/shifang/ai_dish/image/20231226/11419d9f-3045-4663-a195-94744e71f612.jpg  
12-26 10:53:57.125 10387 10387 E resultDishCount: 6 个菜品
12-26 10:53:57.879 10387 10993 E innerRecognize: recognizeByFilter6
12-26 10:53:57.879 10387 10993 E recognize: 762ms   /storage/emulated/0/shifang/ai_dish/image/20231226/1c60bac8-790b-4cd4-b8c4-540ede16bf93.jpg  
12-26 10:53:57.956 10387 10387 E resultDishCount: 6 个菜品
12-26 10:53:58.760 10387 11003 E innerRecognize: recognizeByFilter6
12-26 10:53:58.760 10387 11003 E recognize: 793ms   /storage/emulated/0/shifang/ai_dish/image/20231226/aedc2329-9b97-40ae-be64-afaa4ec21d89.jpg  
12-26 10:53:58.884 10387 10387 E resultDishCount: 6 个菜品
12-26 10:53:59.622 10387 11012 E innerRecognize: recognizeByFilter6
12-26 10:53:59.622 10387 11012 E recognize: 742ms   /storage/emulated/0/shifang/ai_dish/image/20231226/27fa858f-008f-47c9-954a-2f449735d92e.jpg  
12-26 10:53:59.732 10387 10387 E resultDishCount: 6 个菜品
12-26 10:53:59.804 10387 10802 E registerBgr24: 1 
12-26 10:53:59.804 10387 10802 E FaceServer__: registerBgr24:  ErrorInfo.MOK
12-26 10:53:59.804 10387 10802 E SyncFacePresenter__addFaceLocal_register  fail: 吴彦祖  1
12-26 10:53:59.837 10387 10802 E registerBgr24: 2 
12-26 10:53:59.837 10387 10802 E FaceServer__: registerBgr24:  ErrorInfo.MOK
12-26 10:53:59.837 10387 10802 E SyncFacePresenter__addFaceLocal_register  fail: 郭富城  2
12-26 10:53:59.853 10387 10802 E registerBgr24: 3 
12-26 10:53:59.853 10387 10802 E FaceServer__: registerBgr24:  ErrorInfo.MOK
12-26 10:53:59.853 10387 10802 E SyncFacePresenter__addFaceLocal_register  fail: 谢霆锋  3
12-26 10:53:59.872 10387 10802 E registerBgr24: 4 
12-26 10:53:59.872 10387 10802 E FaceServer__: registerBgr24:  ErrorInfo.MOK
12-26 10:53:59.872 10387 10802 E SyncFacePresenter__addFaceLocal_register  fail: 摩卡  4
12-26 10:53:59.896 10387 10802 E registerBgr24: 5 
12-26 10:53:59.896 10387 10802 E FaceServer__: registerBgr24:  ErrorInfo.MOK
12-26 10:53:59.896 10387 10802 E SyncFacePresenter__addFaceLocal_register  fail: 李连杰  5
12-26 10:54:00.541 10387 10860 E innerRecognize: recognizeByFilter6
12-26 10:54:00.541 10387 10860 E recognize: 808ms   /storage/emulated/0/shifang/ai_dish/image/20231226/ba5ae9cb-ec37-407b-b487-1c8d37724547.jpg  
12-26 10:54:00.644 10387 10387 E resultDishCount: 6 个菜品
12-26 10:54:01.430 10387 10870 E innerRecognize: recognizeByFilter6
12-26 10:54:01.430 10387 10870 E recognize: 787ms   /storage/emulated/0/shifang/ai_dish/image/20231226/b842c8d0-8789-4595-8969-8b88378715ac.jpg  
12-26 10:54:01.523 10387 10387 E resultDishCount: 6 个菜品
12-26 10:54:02.265 10387 10881 E innerRecognize: recognizeByFilter6
12-26 10:54:02.266 10387 10881 E recognize: 736ms   /storage/emulated/0/shifang/ai_dish/image/20231226/5287ce55-aa37-4115-b6d0-ceddc6cddbc8.jpg  
12-26 10:54:02.367 10387 10387 E resultDishCount: 6 个菜品
12-26 10:54:03.233 10387 10891 E innerRecognize: recognizeByFilter6
12-26 10:54:03.233 10387 10891 E recognize: 869ms   /storage/emulated/0/shifang/ai_dish/image/20231226/3abc0f43-b849-46ce-943a-df5c5c05de62.jpg  
12-26 10:54:05.063 10387 10387 E resultDishCount: 6 个菜品
12-26 10:54:05.780 10387 10900 E innerRecognize: recognizeByFilter6
12-26 10:54:05.780 10387 10900 E recognize: 716ms   /storage/emulated/0/shifang/ai_dish/image/20231226/0bdfc262-b378-41fc-bd94-166d39ebc9c3.jpg  
12-26 10:54:05.868 10387 10387 E resultDishCount: 6 个菜品
12-26 10:54:06.674 10387 10909 E innerRecognize: recognizeByFilter6
12-26 10:54:06.674 10387 10909 E recognize: 808ms   /storage/emulated/0/shifang/ai_dish/image/20231226/d94d1843-b174-4d6c-b101-62e44fc5384d.jpg  
12-26 10:54:06.781 10387 10387 E resultDishCount: 6 个菜品
12-26 10:54:07.541 10387 10919 E innerRecognize: recognizeByFilter6
12-26 10:54:07.541 10387 10919 E recognize: 769ms   /storage/emulated/0/shifang/ai_dish/image/20231226/50bc41a4-471a-4abd-a5b4-eba818c806aa.jpg  
12-26 10:54:07.627 10387 10387 E resultDishCount: 6 个菜品
12-26 10:54:08.350 10387 10929 E innerRecognize: recognizeByFilter6
12-26 10:54:08.350 10387 10929 E recognize: 724ms   /storage/emulated/0/shifang/ai_dish/image/20231226/5967613e-a463-445c-a214-facd641a38c5.jpg  
12-26 10:54:08.417 10387 10387 E resultDishCount: 6 个菜品
12-26 10:54:09.143 10387 10938 E innerRecognize: recognizeByFilter6
12-26 10:54:09.143 10387 10938 E recognize: 733ms   /storage/emulated/0/shifang/ai_dish/image/20231226/0126c0a0-34e1-45c6-8205-a8239f2bdbef.jpg  
12-26 10:54:09.261 10387 10387 E resultDishCount: 6 个菜品
12-26 10:54:10.067 10387 10948 E innerRecognize: recognizeByFilter6
12-26 10:54:10.067 10387 10948 E recognize: 809ms   /storage/emulated/0/shifang/ai_dish/image/20231226/030905e5-4732-486d-8180-f72d2ec3c856.jpg  
12-26 10:54:10.141 10387 10387 E resultDishCount: 6 个菜品
12-26 10:54:10.874 10387 10958 E innerRecognize: recognizeByFilter6
12-26 10:54:10.874 10387 10958 E recognize: 734ms   /storage/emulated/0/shifang/ai_dish/image/20231226/d0ea5d47-bf39-4771-8c8f-ce2cbe890877.jpg  
12-26 10:54:10.968 10387 10387 E resultDishCount: 6 个菜品
12-26 10:54:11.687 10387 10967 E innerRecognize: recognizeByFilter6
12-26 10:54:11.687 10387 10967 E recognize: 715ms   /storage/emulated/0/shifang/ai_dish/image/20231226/bf0ff1a4-67d3-4907-bc70-768925459913.jpg  
12-26 10:54:11.774 10387 10387 E resultDishCount: 6 个菜品
12-26 10:54:12.544 10387 10976 E innerRecognize: recognizeByFilter6
12-26 10:54:12.544 10387 10976 E recognize: 765ms   /storage/emulated/0/shifang/ai_dish/image/20231226/0a5d3572-dab3-4dc1-a637-f404db094d18.jpg  
12-26 10:54:12.636 10387 10387 E resultDishCount: 6 个菜品
12-26 10:54:13.383 10387 10984 E innerRecognize: recognizeByFilter6
12-26 10:54:13.383 10387 10984 E recognize: 749ms   /storage/emulated/0/shifang/ai_dish/image/20231226/cee535f3-abe9-4541-8430-f017460ceee6.jpg  
12-26 10:54:13.466 10387 10387 E resultDishCount: 6 个菜品
12-26 10:54:14.277 10387 10993 E innerRecognize: recognizeByFilter6
12-26 10:54:14.277 10387 10993 E recognize: 803ms   /storage/emulated/0/shifang/ai_dish/image/20231226/1640d06b-4e77-47f9-b501-cc95e7165743.jpg  
12-26 10:54:14.378 10387 10387 E resultDishCount: 6 个菜品
12-26 10:54:15.084 10387 11003 E innerRecognize: recognizeByFilter6
12-26 10:54:15.084 10387 11003 E recognize: 718ms   /storage/emulated/0/shifang/ai_dish/image/20231226/77a64430-04cc-48ef-b8c2-c8638acbc254.jpg  
12-26 10:54:15.157 10387 10387 E resultDishCount: 6 个菜品
12-26 10:54:15.860 10387 11012 E innerRecognize: recognizeByFilter6
12-26 10:54:15.860 10387 11012 E recognize: 708ms   /storage/emulated/0/shifang/ai_dish/image/20231226/004ecfda-2ef1-4e48-b49a-d6ecce89a463.jpg  
12-26 10:54:15.945 10387 10387 E resultDishCount: 6 个菜品
12-26 10:54:16.671 10387 10860 E innerRecognize: recognizeByFilter6
12-26 10:54:16.671 10387 10860 E recognize: 731ms   /storage/emulated/0/shifang/ai_dish/image/20231226/5dc3972c-e9ad-4a7e-8f6e-aeba46aa3d5d.jpg  
12-26 10:54:16.770 10387 10387 E resultDishCount: 6 个菜品
12-26 10:54:17.517 10387 10870 E innerRecognize: recognizeByFilter6
12-26 10:54:17.517 10387 10870 E recognize: 760ms   /storage/emulated/0/shifang/ai_dish/image/20231226/6811396c-dd9d-49e5-8020-313d79cb0537.jpg  
12-26 10:54:17.609 10387 10387 E resultDishCount: 6 个菜品
12-26 10:54:18.321 10387 10881 E innerRecognize: recognizeByFilter6
12-26 10:54:18.321 10387 10881 E recognize: 714ms   /storage/emulated/0/shifang/ai_dish/image/20231226/29858dd7-5b43-45bb-b98f-cc48a6bd9bb5.jpg  
12-26 10:54:18.421 10387 10387 E resultDishCount: 6 个菜品
12-26 10:54:19.185 10387 10891 E innerRecognize: recognizeByFilter6
12-26 10:54:19.185 10387 10891 E recognize: 764ms   /storage/emulated/0/shifang/ai_dish/image/20231226/cd5ef1df-8553-4c29-b0ba-b4cc737730a2.jpg  
12-26 10:54:19.297 10387 10387 E resultDishCount: 6 个菜品
12-26 10:54:20.054 10387 10900 E innerRecognize: recognizeByFilter6
12-26 10:54:20.055 10387 10900 E recognize: 760ms   /storage/emulated/0/shifang/ai_dish/image/20231226/482b4be4-7292-4b4a-8644-bda92a930c95.jpg  
12-26 10:54:20.164 10387 10387 E resultDishCount: 6 个菜品
12-26 10:54:20.903 10387 10909 E innerRecognize: recognizeByFilter6
12-26 10:54:20.903 10387 10909 E recognize: 743ms   /storage/emulated/0/shifang/ai_dish/image/20231226/7ba9d3d7-86d1-4e25-8fea-8f3e83665148.jpg  
12-26 10:54:21.002 10387 10387 E resultDishCount: 6 个菜品
12-26 10:54:21.772 10387 10919 E innerRecognize: recognizeByFilter6
12-26 10:54:21.772 10387 10919 E recognize: 767ms   /storage/emulated/0/shifang/ai_dish/image/20231226/3ef5f60b-58f0-4993-8b3f-8985da8ce708.jpg  
12-26 10:54:21.882 10387 10387 E resultDishCount: 6 个菜品
12-26 10:54:22.603 10387 10929 E innerRecognize: recognizeByFilter6
12-26 10:54:22.603 10387 10929 E recognize: 730ms   /storage/emulated/0/shifang/ai_dish/image/20231226/5e9c6f25-b929-4a67-bd2c-9acee0f7d538.jpg  
12-26 10:54:22.708 10387 10387 E resultDishCount: 6 个菜品
12-26 10:54:23.446 10387 10938 E innerRecognize: recognizeByFilter6
