12-25 13:16:19.929  4054  4054 E Tinker.TinkerManager: NOT tinker ApplicationLike object
12-25 13:16:19.968  4054  4078 E Bundle  : putString->_track_generation:null
12-25 13:16:19.999  4054  4079 E Bundle  : putString->_track_generation:null
12-25 13:16:20.219  4054  4097 E loadModel: ---true
12-25 13:16:21.142  4054  4097 E loadModel: 1    /storage/emulated/0/shifang/ai_dish/model/dish_v5.1.1.rk.sfm
12-25 13:16:21.223  4054  4097 E linker  : library "/vendor/lib64/libvpu.so" ("/vendor/lib64/libvpu.so") needed or dlopened by "/data/app/~~-XlBIwetrQVWmXWxjrZxpw==/com.shifang.aidish.offline-6suZ4ikDf9BIVoB_GPUUeA==/lib/arm64/libarcsoft_face.so" is not accessible for the namespace: [name="classloader-namespace", ld_library_paths="", default_library_paths="/data/app/~~-XlBIwetrQVWmXWxjrZxpw==/com.shifang.aidish.offline-6suZ4ikDf9BIVoB_GPUUeA==/lib/arm64:/data/app/~~-XlBIwetrQVWmXWxjrZxpw==/com.shifang.aidish.offline-6suZ4ikDf9BIVoB_GPUUeA==/base.apk!/lib/arm64-v8a", permitted_paths="/data:/mnt/expand:/data/user/0/com.shifang.aidish.offline"]
12-25 13:16:21.266  4054  4097 E activeFaceSdk: 98310 
12-25 13:16:21.266  4054  4097 E SdkInitService_initFaceSdk: false   
12-25 13:16:22.897  4054  4054 E Bundle  : putString->_prefix:textclassifier/
12-25 13:16:22.897  4054  4054 E Bundle  : putString->_track_generation:null
12-25 13:16:22.900  4054  4054 E checkLicense: checkLicense
12-25 13:16:23.426  4054  4054 E checkLicense sfAuthErrorCode:      true
12-25 13:16:23.430  4054  4054 E paymentProviderType: {"channelName":"测试","paymentProviderType":"ppt_SF_Test"}
12-25 13:16:23.569  4054  4147 E loadModel: ---true
12-25 13:16:23.569  4054  4147 E loadModel: 1    /storage/emulated/0/shifang/ai_dish/model/dish_v5.1.1.rk.sfm
12-25 13:16:23.730  4054  4147 E activeFaceSdk: 98310 
12-25 13:16:23.730  4054  4147 E SdkInitService_initFaceSdk: false   
12-25 13:16:24.649  4054  4054 E Bundle  : putString->_track_generation:null
12-25 13:16:24.721  4054  4054 E SyncDataService_onStartCommand: false
12-25 13:16:24.723  4054  4054 E PaymentProvider__syncData: 6 
12-25 13:16:24.749  4054  4180 E registerBgr24: 1 
12-25 13:16:24.749  4054  4180 E FaceServer__: registerBgr24:  ErrorInfo.MOK
12-25 13:16:24.749  4054  4180 E SyncFacePresenter__addFaceLocal_register  fail: 吴彦祖  1
12-25 13:16:24.789  4054  4180 E registerBgr24: 2 
12-25 13:16:24.789  4054  4180 E FaceServer__: registerBgr24:  ErrorInfo.MOK
12-25 13:16:24.789  4054  4180 E SyncFacePresenter__addFaceLocal_register  fail: 郭富城  2
12-25 13:16:24.795  4054  4166 E getNewVersion: null
12-25 13:16:24.804  4054  4180 E registerBgr24: 3 
12-25 13:16:24.804  4054  4180 E FaceServer__: registerBgr24:  ErrorInfo.MOK
12-25 13:16:24.804  4054  4180 E SyncFacePresenter__addFaceLocal_register  fail: 谢霆锋  3
12-25 13:16:24.814  4054  4065 E Database: close() was never explicitly called on database '/storage/emulated/0/shifang/ai_dish/db/dish/ai_dish' 
12-25 13:16:24.814  4054  4065 E Database: net.sqlcipher.database.DatabaseObjectNotClosedException: Application did not close the cursor or database object that was opened here
12-25 13:16:24.814  4054  4065 E Database: 	at net.sqlcipher.database.SQLiteDatabase.<init>(SQLiteDatabase.java:2402)
12-25 13:16:24.814  4054  4065 E Database: 	at net.sqlcipher.database.SQLiteDatabase.openDatabase(SQLiteDatabase.java:1148)
12-25 13:16:24.814  4054  4065 E Database: 	at net.sqlcipher.database.SQLiteDatabase.openOrCreateDatabase(SQLiteDatabase.java:1212)
12-25 13:16:24.814  4054  4065 E Database: 	at net.sqlcipher.database.SQLiteOpenHelper.getWritableDatabase(SQLiteOpenHelper.java:162)
12-25 13:16:24.814  4054  4065 E Database: 	at net.sqlcipher.database.SQLiteOpenHelper.getWritableDatabase(SQLiteOpenHelper.java:129)
12-25 13:16:24.814  4054  4065 E Database: 	at org.greenrobot.greendao.database.SqlCipherEncryptedHelper.getEncryptedWritableDb(SqlCipherEncryptedHelper.java:51)
12-25 13:16:24.814  4054  4065 E Database: 	at org.greenrobot.greendao.database.DatabaseOpenHelper.getEncryptedWritableDb(DatabaseOpenHelper.java:175)
12-25 13:16:24.814  4054  4065 E Database: 	at com.shifang.ai.dish.dao.AIDbManager.setupDatabase(AIDbManager.java:2)
12-25 13:16:24.814  4054  4065 E Database: 	at com.shifang.ai.dish.dao.AIDbManager.initDB(AIDbManager.java:1)
12-25 13:16:24.814  4054  4065 E Database: 	at a.b.a.a.a.a.initSdk(SFDishManagerImpl.java:1)
12-25 13:16:24.814  4054  4065 E Database: 	at com.shifang.aidish.service.SdkInitService.initAISdk(SdkInitService.java:70)
12-25 13:16:24.814  4054  4065 E Database: 	at com.shifang.aidish.service.SdkInitService.lambda$onCreate$0$SdkInitService(SdkInitService.java:51)
12-25 13:16:24.814  4054  4065 E Database: 	at com.shifang.aidish.service.-$$Lambda$SdkInitService$JhcyCeWBVkD-eR_eeOkpahQGzUI.run(Unknown Source:2)
12-25 13:16:24.814  4054  4065 E Database: 	at java.lang.Thread.run(Thread.java:920)
12-25 13:16:24.820  4054  4180 E registerBgr24: 4 
12-25 13:16:24.820  4054  4180 E FaceServer__: registerBgr24:  ErrorInfo.MOK
12-25 13:16:24.820  4054  4180 E SyncFacePresenter__addFaceLocal_register  fail: 摩卡  4
12-25 13:16:24.845  4054  4180 E registerBgr24: 5 
12-25 13:16:24.845  4054  4180 E FaceServer__: registerBgr24:  ErrorInfo.MOK
12-25 13:16:24.845  4054  4180 E SyncFacePresenter__addFaceLocal_register  fail: 李连杰  5
12-25 13:16:25.442  4054  4054 E Bundle  : putString->args_tag:null
12-25 13:16:25.443  4054  4054 E Bundle  : putString->args_tag:null
12-25 13:16:25.443  4054  4054 E Bundle  : putString->args_tag:null
12-25 13:16:25.443  4054  4054 E Bundle  : putString->args_tag:null
12-25 13:16:25.463  4054  4054 E language: ch
12-25 13:16:25.539  4054  4054 E TradeOrderPresenter__doSearchTradeOrder  srcUserName:  
12-25 13:16:25.539  4054  4054 E getTradeOrders:       2023-12-25 00:00:00 2023-12-25 13:19:59
12-25 13:16:25.541  4054  4054 E findTraderOrders: 0   7
12-25 13:16:25.545  4054  4054 E doSearchTradeOrder: 0  7  
12-25 13:16:25.664  4054  4206 E ywl5320 : fbo success
12-25 13:16:25.664  4054  4206 E mali_so : encounter the first gles_error : 0x0001; gles_state_error_info : <param> is not an accepted value (gles_texturep_tex_parameteri_input_param_validation at hardware/arm/maliT760/driver/product/gles/src/texture/mali_gles_texture_helpers.c:1095)
12-25 13:16:25.669  4054  4208 E ts_scan_state_fun: 1 
12-25 13:16:27.538  4054  4233 E innerRecognize: recognizeByFilter2
12-25 13:16:27.538  4054  4233 E recognize: 630ms   /storage/emulated/0/shifang/ai_dish/image/20231225/df61780e-a850-411c-b15b-607daf4dfd5c.jpg  
12-25 13:16:27.590  4054  4054 E resultDishCount: 2 个菜品
12-25 13:16:30.283  4054  4242 E innerRecognize: recognizeByFilter2
12-25 13:16:30.283  4054  4242 E recognize: 645ms   /storage/emulated/0/shifang/ai_dish/image/20231225/8395ff2c-c1aa-4f01-9767-d151128c1393.jpg  
12-25 13:16:30.327  4054  4054 E resultDishCount: 2 个菜品
12-25 13:16:31.469  4054  4247 E innerRecognize: recognizeByFilter2
12-25 13:16:31.469  4054  4247 E recognize: 643ms   /storage/emulated/0/shifang/ai_dish/image/20231225/4b9e5bb5-dfed-4986-a7f2-04c1f87edf88.jpg  
12-25 13:16:31.513  4054  4054 E resultDishCount: 2 个菜品
12-25 13:16:32.539  4054  4252 E innerRecognize: recognizeByFilter2
12-25 13:16:32.539  4054  4252 E recognize: 596ms   /storage/emulated/0/shifang/ai_dish/image/20231225/0d61f5c4-8506-47c8-99e0-bd610dc82a9c.jpg  
12-25 13:16:32.585  4054  4054 E resultDishCount: 2 个菜品
12-25 13:16:33.654  4054  4257 E innerRecognize: recognizeByFilter2
12-25 13:16:33.654  4054  4257 E recognize: 674ms   /storage/emulated/0/shifang/ai_dish/image/20231225/5e124ff2-8990-4c70-b006-44a5cb709d2e.jpg  
12-25 13:16:33.698  4054  4054 E resultDishCount: 2 个菜品
12-25 13:16:34.708  4054  4263 E innerRecognize: recognizeByFilter2
12-25 13:16:34.708  4054  4263 E recognize: 655ms   /storage/emulated/0/shifang/ai_dish/image/20231225/130a232d-98a5-4be4-a6c8-72cd75d0b8a1.jpg  
12-25 13:16:34.760  4054  4054 E resultDishCount: 2 个菜品
12-25 13:16:35.807  4054  4268 E innerRecognize: recognizeByFilter2
12-25 13:16:35.807  4054  4268 E recognize: 618ms   /storage/emulated/0/shifang/ai_dish/image/20231225/10ac365b-ccd1-4ee0-951d-4bb204497638.jpg  
12-25 13:16:35.853  4054  4054 E resultDishCount: 2 个菜品
12-25 13:16:39.215  4054  4054 E surfaceDestroyed: ------
12-25 13:16:39.218  4054  4054 E surfaceDestroyed: ------
12-25 13:16:39.228  4054  4206 E BufferQueueProducer: [SurfaceView[com.shifang.aidish.offline/com.shifang.aidish.mvp.ui.DetectCalcActivity]#4(BLAST Consumer)4](id:fd600000004,api:0,p:-1,c:4054) dequeueBuffer: BufferQueue has no connected producer
12-25 13:16:39.228  4054  4206 E mali_so : encounter the first mali_error : 0x0002 : failed to allocate CPU memory (gles_fb_first_operation_cb at hardware/arm/maliT760/driver/product/gles/src/fb/mali_gles_fb_module_api.c:987)
12-25 13:16:39.230  4054  4211 E BufferQueueProducer: [SurfaceView[]#5(BLAST Consumer)5](id:fd600000006,api:0,p:-1,c:4054) dequeueBuffer: BufferQueue has no connected producer
12-25 13:16:39.230  4054  4211 E mali_so : encounter the first mali_error : 0x0002 : failed to allocate CPU memory (gles_fb_first_operation_cb at hardware/arm/maliT760/driver/product/gles/src/fb/mali_gles_fb_module_api.c:987)
12-25 13:16:39.230  4054  4211 E BufferQueueProducer: [SurfaceView[]#5(BLAST Consumer)5](id:fd600000006,api:0,p:-1,c:4054) dequeueBuffer: BufferQueue has no connected producer
12-25 13:16:39.232  4054  4206 E BufferQueueProducer: [SurfaceView[com.shifang.aidish.offline/com.shifang.aidish.mvp.ui.DetectCalcActivity]#4(BLAST Consumer)4](id:fd600000004,api:0,p:-1,c:4054) dequeueBuffer: BufferQueue has no connected producer
12-25 13:16:39.235  4054  4211 E BufferQueueProducer: [SurfaceView[]#5(BLAST Consumer)5](id:fd600000006,api:0,p:-1,c:4054) disconnect: not connected (req=1)
12-25 13:16:39.235  4054  4206 E BufferQueueProducer: [SurfaceView[com.shifang.aidish.offline/com.shifang.aidish.mvp.ui.DetectCalcActivity]#4(BLAST Consumer)4](id:fd600000004,api:0,p:-1,c:4054) disconnect: not connected (req=1)
12-25 13:17:24.876  4054  4180 E registerBgr24: 1 
12-25 13:17:24.876  4054  4180 E FaceServer__: registerBgr24:  ErrorInfo.MOK
12-25 13:17:24.876  4054  4180 E SyncFacePresenter__addFaceLocal_register  fail: 吴彦祖  1
12-25 13:17:24.907  4054  4180 E registerBgr24: 2 
12-25 13:17:24.907  4054  4180 E FaceServer__: registerBgr24:  ErrorInfo.MOK
12-25 13:17:24.907  4054  4180 E SyncFacePresenter__addFaceLocal_register  fail: 郭富城  2
12-25 13:17:24.918  4054  4180 E registerBgr24: 3 
12-25 13:17:24.918  4054  4180 E FaceServer__: registerBgr24:  ErrorInfo.MOK
12-25 13:17:24.918  4054  4180 E SyncFacePresenter__addFaceLocal_register  fail: 谢霆锋  3
12-25 13:17:24.931  4054  4180 E registerBgr24: 4 
12-25 13:17:24.931  4054  4180 E FaceServer__: registerBgr24:  ErrorInfo.MOK
12-25 13:17:24.931  4054  4180 E SyncFacePresenter__addFaceLocal_register  fail: 摩卡  4
12-25 13:17:24.951  4054  4180 E registerBgr24: 5 
12-25 13:17:24.952  4054  4180 E FaceServer__: registerBgr24:  ErrorInfo.MOK
12-25 13:17:24.952  4054  4180 E SyncFacePresenter__addFaceLocal_register  fail: 李连杰  5
12-25 13:18:24.974  4054  4180 E registerBgr24: 1 
12-25 13:18:24.974  4054  4180 E FaceServer__: registerBgr24:  ErrorInfo.MOK
12-25 13:18:24.974  4054  4180 E SyncFacePresenter__addFaceLocal_register  fail: 吴彦祖  1
12-25 13:18:25.004  4054  4180 E registerBgr24: 2 
12-25 13:18:25.004  4054  4180 E FaceServer__: registerBgr24:  ErrorInfo.MOK
12-25 13:18:25.004  4054  4180 E SyncFacePresenter__addFaceLocal_register  fail: 郭富城  2
12-25 13:18:25.016  4054  4180 E registerBgr24: 3 
12-25 13:18:25.016  4054  4180 E FaceServer__: registerBgr24:  ErrorInfo.MOK
12-25 13:18:25.016  4054  4180 E SyncFacePresenter__addFaceLocal_register  fail: 谢霆锋  3
12-25 13:18:25.028  4054  4180 E registerBgr24: 4 
12-25 13:18:25.028  4054  4180 E FaceServer__: registerBgr24:  ErrorInfo.MOK
12-25 13:18:25.028  4054  4180 E SyncFacePresenter__addFaceLocal_register  fail: 摩卡  4
12-25 13:18:25.049  4054  4180 E registerBgr24: 5 
12-25 13:18:25.049  4054  4180 E FaceServer__: registerBgr24:  ErrorInfo.MOK
12-25 13:18:25.049  4054  4180 E SyncFacePresenter__addFaceLocal_register  fail: 李连杰  5
12-25 13:19:25.066  4054  4180 E registerBgr24: 1 
12-25 13:19:25.066  4054  4180 E FaceServer__: registerBgr24:  ErrorInfo.MOK
12-25 13:19:25.066  4054  4180 E SyncFacePresenter__addFaceLocal_register  fail: 吴彦祖  1
12-25 13:19:25.096  4054  4180 E registerBgr24: 2 
12-25 13:19:25.096  4054  4180 E FaceServer__: registerBgr24:  ErrorInfo.MOK
12-25 13:19:25.096  4054  4180 E SyncFacePresenter__addFaceLocal_register  fail: 郭富城  2
12-25 13:19:25.108  4054  4180 E registerBgr24: 3 
12-25 13:19:25.108  4054  4180 E FaceServer__: registerBgr24:  ErrorInfo.MOK
12-25 13:19:25.108  4054  4180 E SyncFacePresenter__addFaceLocal_register  fail: 谢霆锋  3
12-25 13:19:25.121  4054  4180 E registerBgr24: 4 
12-25 13:19:25.121  4054  4180 E FaceServer__: registerBgr24:  ErrorInfo.MOK
12-25 13:19:25.121  4054  4180 E SyncFacePresenter__addFaceLocal_register  fail: 摩卡  4
12-25 13:19:25.141  4054  4180 E registerBgr24: 5 
12-25 13:19:25.141  4054  4180 E FaceServer__: registerBgr24:  ErrorInfo.MOK
12-25 13:19:25.141  4054  4180 E SyncFacePresenter__addFaceLocal_register  fail: 李连杰  5
12-25 13:20:25.158  4054  4180 E registerBgr24: 1 
12-25 13:20:25.158  4054  4180 E FaceServer__: registerBgr24:  ErrorInfo.MOK
12-25 13:20:25.158  4054  4180 E SyncFacePresenter__addFaceLocal_register  fail: 吴彦祖  1
12-25 13:20:25.189  4054  4180 E registerBgr24: 2 
12-25 13:20:25.189  4054  4180 E FaceServer__: registerBgr24:  ErrorInfo.MOK
12-25 13:20:25.189  4054  4180 E SyncFacePresenter__addFaceLocal_register  fail: 郭富城  2
12-25 13:20:25.201  4054  4180 E registerBgr24: 3 
12-25 13:20:25.201  4054  4180 E FaceServer__: registerBgr24:  ErrorInfo.MOK
12-25 13:20:25.201  4054  4180 E SyncFacePresenter__addFaceLocal_register  fail: 谢霆锋  3
12-25 13:20:25.213  4054  4180 E registerBgr24: 4 
12-25 13:20:25.213  4054  4180 E FaceServer__: registerBgr24:  ErrorInfo.MOK
12-25 13:20:25.213  4054  4180 E SyncFacePresenter__addFaceLocal_register  fail: 摩卡  4
12-25 13:20:25.235  4054  4180 E registerBgr24: 5 
12-25 13:20:25.235  4054  4180 E FaceServer__: registerBgr24:  ErrorInfo.MOK
12-25 13:20:25.235  4054  4180 E SyncFacePresenter__addFaceLocal_register  fail: 李连杰  5
12-25 13:21:25.251  4054  4180 E registerBgr24: 1 
12-25 13:21:25.252  4054  4180 E FaceServer__: registerBgr24:  ErrorInfo.MOK
12-25 13:21:25.252  4054  4180 E SyncFacePresenter__addFaceLocal_register  fail: 吴彦祖  1
12-25 13:21:25.282  4054  4180 E registerBgr24: 2 
12-25 13:21:25.282  4054  4180 E FaceServer__: registerBgr24:  ErrorInfo.MOK
12-25 13:21:25.282  4054  4180 E SyncFacePresenter__addFaceLocal_register  fail: 郭富城  2
12-25 13:21:25.294  4054  4180 E registerBgr24: 3 
12-25 13:21:25.294  4054  4180 E FaceServer__: registerBgr24:  ErrorInfo.MOK
12-25 13:21:25.294  4054  4180 E SyncFacePresenter__addFaceLocal_register  fail: 谢霆锋  3
12-25 13:21:25.307  4054  4180 E registerBgr24: 4 
12-25 13:21:25.307  4054  4180 E FaceServer__: registerBgr24:  ErrorInfo.MOK
12-25 13:21:25.307  4054  4180 E SyncFacePresenter__addFaceLocal_register  fail: 摩卡  4
12-25 13:21:25.327  4054  4180 E registerBgr24: 5 
12-25 13:21:25.327  4054  4180 E FaceServer__: registerBgr24:  ErrorInfo.MOK
12-25 13:21:25.327  4054  4180 E SyncFacePresenter__addFaceLocal_register  fail: 李连杰  5
12-25 13:22:25.349  4054  4180 E registerBgr24: 1 
12-25 13:22:25.349  4054  4180 E FaceServer__: registerBgr24:  ErrorInfo.MOK
12-25 13:22:25.349  4054  4180 E SyncFacePresenter__addFaceLocal_register  fail: 吴彦祖  1
12-25 13:22:25.380  4054  4180 E registerBgr24: 2 
12-25 13:22:25.380  4054  4180 E FaceServer__: registerBgr24:  ErrorInfo.MOK
12-25 13:22:25.380  4054  4180 E SyncFacePresenter__addFaceLocal_register  fail: 郭富城  2
12-25 13:22:25.391  4054  4180 E registerBgr24: 3 
12-25 13:22:25.391  4054  4180 E FaceServer__: registerBgr24:  ErrorInfo.MOK
12-25 13:22:25.391  4054  4180 E SyncFacePresenter__addFaceLocal_register  fail: 谢霆锋  3
12-25 13:22:25.404  4054  4180 E registerBgr24: 4 
12-25 13:22:25.404  4054  4180 E FaceServer__: registerBgr24:  ErrorInfo.MOK
12-25 13:22:25.404  4054  4180 E SyncFacePresenter__addFaceLocal_register  fail: 摩卡  4
12-25 13:22:25.424  4054  4180 E registerBgr24: 5 
12-25 13:22:25.424  4054  4180 E FaceServer__: registerBgr24:  ErrorInfo.MOK
12-25 13:22:25.424  4054  4180 E SyncFacePresenter__addFaceLocal_register  fail: 李连杰  5
12-25 13:23:25.447  4054  4180 E registerBgr24: 1 
12-25 13:23:25.447  4054  4180 E FaceServer__: registerBgr24:  ErrorInfo.MOK
12-25 13:23:25.447  4054  4180 E SyncFacePresenter__addFaceLocal_register  fail: 吴彦祖  1
12-25 13:23:25.477  4054  4180 E registerBgr24: 2 
12-25 13:23:25.477  4054  4180 E FaceServer__: registerBgr24:  ErrorInfo.MOK
12-25 13:23:25.477  4054  4180 E SyncFacePresenter__addFaceLocal_register  fail: 郭富城  2
12-25 13:23:25.489  4054  4180 E registerBgr24: 3 
12-25 13:23:25.489  4054  4180 E FaceServer__: registerBgr24:  ErrorInfo.MOK
12-25 13:23:25.489  4054  4180 E SyncFacePresenter__addFaceLocal_register  fail: 谢霆锋  3
12-25 13:23:25.501  4054  4180 E registerBgr24: 4 
12-25 13:23:25.501  4054  4180 E FaceServer__: registerBgr24:  ErrorInfo.MOK
12-25 13:23:25.501  4054  4180 E SyncFacePresenter__addFaceLocal_register  fail: 摩卡  4
12-25 13:23:25.522  4054  4180 E registerBgr24: 5 
12-25 13:23:25.522  4054  4180 E FaceServer__: registerBgr24:  ErrorInfo.MOK
12-25 13:23:25.522  4054  4180 E SyncFacePresenter__addFaceLocal_register  fail: 李连杰  5
12-25 13:24:25.544  4054  4180 E registerBgr24: 1 
12-25 13:24:25.544  4054  4180 E FaceServer__: registerBgr24:  ErrorInfo.MOK
12-25 13:24:25.544  4054  4180 E SyncFacePresenter__addFaceLocal_register  fail: 吴彦祖  1
12-25 13:24:25.575  4054  4180 E registerBgr24: 2 
12-25 13:24:25.575  4054  4180 E FaceServer__: registerBgr24:  ErrorInfo.MOK
12-25 13:24:25.575  4054  4180 E SyncFacePresenter__addFaceLocal_register  fail: 郭富城  2
12-25 13:24:25.587  4054  4180 E registerBgr24: 3 
12-25 13:24:25.587  4054  4180 E FaceServer__: registerBgr24:  ErrorInfo.MOK
12-25 13:24:25.587  4054  4180 E SyncFacePresenter__addFaceLocal_register  fail: 谢霆锋  3
12-25 13:24:25.599  4054  4180 E registerBgr24: 4 
12-25 13:24:25.599  4054  4180 E FaceServer__: registerBgr24:  ErrorInfo.MOK
12-25 13:24:25.599  4054  4180 E SyncFacePresenter__addFaceLocal_register  fail: 摩卡  4
12-25 13:24:25.619  4054  4180 E registerBgr24: 5 
12-25 13:24:25.619  4054  4180 E FaceServer__: registerBgr24:  ErrorInfo.MOK
12-25 13:24:25.619  4054  4180 E SyncFacePresenter__addFaceLocal_register  fail: 李连杰  5
12-25 13:25:25.642  4054  4180 E registerBgr24: 1 
12-25 13:25:25.642  4054  4180 E FaceServer__: registerBgr24:  ErrorInfo.MOK
12-25 13:25:25.642  4054  4180 E SyncFacePresenter__addFaceLocal_register  fail: 吴彦祖  1
12-25 13:25:25.673  4054  4180 E registerBgr24: 2 
12-25 13:25:25.674  4054  4180 E FaceServer__: registerBgr24:  ErrorInfo.MOK
12-25 13:25:25.674  4054  4180 E SyncFacePresenter__addFaceLocal_register  fail: 郭富城  2
12-25 13:25:25.686  4054  4180 E registerBgr24: 3 
12-25 13:25:25.686  4054  4180 E FaceServer__: registerBgr24:  ErrorInfo.MOK
12-25 13:25:25.686  4054  4180 E SyncFacePresenter__addFaceLocal_register  fail: 谢霆锋  3
12-25 13:25:25.699  4054  4180 E registerBgr24: 4 
12-25 13:25:25.699  4054  4180 E FaceServer__: registerBgr24:  ErrorInfo.MOK
12-25 13:25:25.699  4054  4180 E SyncFacePresenter__addFaceLocal_register  fail: 摩卡  4
12-25 13:25:25.720  4054  4180 E registerBgr24: 5 
12-25 13:25:25.720  4054  4180 E FaceServer__: registerBgr24:  ErrorInfo.MOK
12-25 13:25:25.720  4054  4180 E SyncFacePresenter__addFaceLocal_register  fail: 李连杰  5
12-25 13:26:25.737  4054  4180 E registerBgr24: 1 
12-25 13:26:25.737  4054  4180 E FaceServer__: registerBgr24:  ErrorInfo.MOK
12-25 13:26:25.737  4054  4180 E SyncFacePresenter__addFaceLocal_register  fail: 吴彦祖  1
12-25 13:26:25.768  4054  4180 E registerBgr24: 2 
12-25 13:26:25.768  4054  4180 E FaceServer__: registerBgr24:  ErrorInfo.MOK
12-25 13:26:25.768  4054  4180 E SyncFacePresenter__addFaceLocal_register  fail: 郭富城  2
12-25 13:26:25.780  4054  4180 E registerBgr24: 3 
12-25 13:26:25.780  4054  4180 E FaceServer__: registerBgr24:  ErrorInfo.MOK
12-25 13:26:25.780  4054  4180 E SyncFacePresenter__addFaceLocal_register  fail: 谢霆锋  3
12-25 13:26:25.793  4054  4180 E registerBgr24: 4 
12-25 13:26:25.793  4054  4180 E FaceServer__: registerBgr24:  ErrorInfo.MOK
12-25 13:26:25.793  4054  4180 E SyncFacePresenter__addFaceLocal_register  fail: 摩卡  4
12-25 13:26:25.815  4054  4180 E registerBgr24: 5 
12-25 13:26:25.815  4054  4180 E FaceServer__: registerBgr24:  ErrorInfo.MOK
12-25 13:26:25.815  4054  4180 E SyncFacePresenter__addFaceLocal_register  fail: 李连杰  5
12-25 13:27:25.838  4054  4180 E registerBgr24: 1 
12-25 13:27:25.838  4054  4180 E FaceServer__: registerBgr24:  ErrorInfo.MOK
12-25 13:27:25.838  4054  4180 E SyncFacePresenter__addFaceLocal_register  fail: 吴彦祖  1
12-25 13:27:25.869  4054  4180 E registerBgr24: 2 
12-25 13:27:25.869  4054  4180 E FaceServer__: registerBgr24:  ErrorInfo.MOK
12-25 13:27:25.869  4054  4180 E SyncFacePresenter__addFaceLocal_register  fail: 郭富城  2
12-25 13:27:25.881  4054  4180 E registerBgr24: 3 
12-25 13:27:25.881  4054  4180 E FaceServer__: registerBgr24:  ErrorInfo.MOK
12-25 13:27:25.881  4054  4180 E SyncFacePresenter__addFaceLocal_register  fail: 谢霆锋  3
12-25 13:27:25.894  4054  4180 E registerBgr24: 4 
12-25 13:27:25.894  4054  4180 E FaceServer__: registerBgr24:  ErrorInfo.MOK
12-25 13:27:25.894  4054  4180 E SyncFacePresenter__addFaceLocal_register  fail: 摩卡  4
12-25 13:27:25.916  4054  4180 E registerBgr24: 5 
12-25 13:27:25.916  4054  4180 E FaceServer__: registerBgr24:  ErrorInfo.MOK
12-25 13:27:25.916  4054  4180 E SyncFacePresenter__addFaceLocal_register  fail: 李连杰  5
12-25 13:28:25.940  4054  4180 E registerBgr24: 1 
12-25 13:28:25.940  4054  4180 E FaceServer__: registerBgr24:  ErrorInfo.MOK
12-25 13:28:25.940  4054  4180 E SyncFacePresenter__addFaceLocal_register  fail: 吴彦祖  1
12-25 13:28:25.971  4054  4180 E registerBgr24: 2 
12-25 13:28:25.971  4054  4180 E FaceServer__: registerBgr24:  ErrorInfo.MOK
12-25 13:28:25.971  4054  4180 E SyncFacePresenter__addFaceLocal_register  fail: 郭富城  2
12-25 13:28:25.983  4054  4180 E registerBgr24: 3 
12-25 13:28:25.983  4054  4180 E FaceServer__: registerBgr24:  ErrorInfo.MOK
12-25 13:28:25.983  4054  4180 E SyncFacePresenter__addFaceLocal_register  fail: 谢霆锋  3
12-25 13:28:25.996  4054  4180 E registerBgr24: 4 
12-25 13:28:25.996  4054  4180 E FaceServer__: registerBgr24:  ErrorInfo.MOK
12-25 13:28:25.996  4054  4180 E SyncFacePresenter__addFaceLocal_register  fail: 摩卡  4
12-25 13:28:26.017  4054  4180 E registerBgr24: 5 
12-25 13:28:26.017  4054  4180 E FaceServer__: registerBgr24:  ErrorInfo.MOK
12-25 13:28:26.017  4054  4180 E SyncFacePresenter__addFaceLocal_register  fail: 李连杰  5
12-25 13:29:26.040  4054  4180 E registerBgr24: 1 
12-25 13:29:26.040  4054  4180 E FaceServer__: registerBgr24:  ErrorInfo.MOK
12-25 13:29:26.040  4054  4180 E SyncFacePresenter__addFaceLocal_register  fail: 吴彦祖  1
12-25 13:29:26.072  4054  4180 E registerBgr24: 2 
12-25 13:29:26.072  4054  4180 E FaceServer__: registerBgr24:  ErrorInfo.MOK
12-25 13:29:26.072  4054  4180 E SyncFacePresenter__addFaceLocal_register  fail: 郭富城  2
12-25 13:29:26.084  4054  4180 E registerBgr24: 3 
12-25 13:29:26.084  4054  4180 E FaceServer__: registerBgr24:  ErrorInfo.MOK
12-25 13:29:26.084  4054  4180 E SyncFacePresenter__addFaceLocal_register  fail: 谢霆锋  3
12-25 13:29:26.096  4054  4180 E registerBgr24: 4 
12-25 13:29:26.096  4054  4180 E FaceServer__: registerBgr24:  ErrorInfo.MOK
12-25 13:29:26.096  4054  4180 E SyncFacePresenter__addFaceLocal_register  fail: 摩卡  4
12-25 13:29:26.118  4054  4180 E registerBgr24: 5 
12-25 13:29:26.118  4054  4180 E FaceServer__: registerBgr24:  ErrorInfo.MOK
12-25 13:29:26.118  4054  4180 E SyncFacePresenter__addFaceLocal_register  fail: 李连杰  5
12-25 13:30:26.141  4054  4180 E registerBgr24: 1 
12-25 13:30:26.141  4054  4180 E FaceServer__: registerBgr24:  ErrorInfo.MOK
12-25 13:30:26.141  4054  4180 E SyncFacePresenter__addFaceLocal_register  fail: 吴彦祖  1
12-25 13:30:26.172  4054  4180 E registerBgr24: 2 
12-25 13:30:26.172  4054  4180 E FaceServer__: registerBgr24:  ErrorInfo.MOK
12-25 13:30:26.172  4054  4180 E SyncFacePresenter__addFaceLocal_register  fail: 郭富城  2
12-25 13:30:26.184  4054  4180 E registerBgr24: 3 
12-25 13:30:26.184  4054  4180 E FaceServer__: registerBgr24:  ErrorInfo.MOK
12-25 13:30:26.184  4054  4180 E SyncFacePresenter__addFaceLocal_register  fail: 谢霆锋  3
12-25 13:30:26.197  4054  4180 E registerBgr24: 4 
12-25 13:30:26.197  4054  4180 E FaceServer__: registerBgr24:  ErrorInfo.MOK
12-25 13:30:26.197  4054  4180 E SyncFacePresenter__addFaceLocal_register  fail: 摩卡  4
12-25 13:30:26.218  4054  4180 E registerBgr24: 5 
12-25 13:30:26.218  4054  4180 E FaceServer__: registerBgr24:  ErrorInfo.MOK
12-25 13:30:26.218  4054  4180 E SyncFacePresenter__addFaceLocal_register  fail: 李连杰  5
12-25 13:31:26.241  4054  4180 E registerBgr24: 1 
12-25 13:31:26.241  4054  4180 E FaceServer__: registerBgr24:  ErrorInfo.MOK
12-25 13:31:26.241  4054  4180 E SyncFacePresenter__addFaceLocal_register  fail: 吴彦祖  1
12-25 13:31:26.272  4054  4180 E registerBgr24: 2 
12-25 13:31:26.272  4054  4180 E FaceServer__: registerBgr24:  ErrorInfo.MOK
12-25 13:31:26.272  4054  4180 E SyncFacePresenter__addFaceLocal_register  fail: 郭富城  2
12-25 13:31:26.285  4054  4180 E registerBgr24: 3 
12-25 13:31:26.285  4054  4180 E FaceServer__: registerBgr24:  ErrorInfo.MOK
12-25 13:31:26.285  4054  4180 E SyncFacePresenter__addFaceLocal_register  fail: 谢霆锋  3
12-25 13:31:26.297  4054  4180 E registerBgr24: 4 
12-25 13:31:26.297  4054  4180 E FaceServer__: registerBgr24:  ErrorInfo.MOK
12-25 13:31:26.297  4054  4180 E SyncFacePresenter__addFaceLocal_register  fail: 摩卡  4
12-25 13:31:26.318  4054  4180 E registerBgr24: 5 
12-25 13:31:26.318  4054  4180 E FaceServer__: registerBgr24:  ErrorInfo.MOK
12-25 13:31:26.319  4054  4180 E SyncFacePresenter__addFaceLocal_register  fail: 李连杰  5
12-25 13:32:26.343  4054  4180 E registerBgr24: 1 
12-25 13:32:26.343  4054  4180 E FaceServer__: registerBgr24:  ErrorInfo.MOK
12-25 13:32:26.343  4054  4180 E SyncFacePresenter__addFaceLocal_register  fail: 吴彦祖  1
12-25 13:32:26.374  4054  4180 E registerBgr24: 2 
12-25 13:32:26.374  4054  4180 E FaceServer__: registerBgr24:  ErrorInfo.MOK
12-25 13:32:26.374  4054  4180 E SyncFacePresenter__addFaceLocal_register  fail: 郭富城  2
12-25 13:32:26.386  4054  4180 E registerBgr24: 3 
12-25 13:32:26.386  4054  4180 E FaceServer__: registerBgr24:  ErrorInfo.MOK
12-25 13:32:26.386  4054  4180 E SyncFacePresenter__addFaceLocal_register  fail: 谢霆锋  3
12-25 13:32:26.399  4054  4180 E registerBgr24: 4 
12-25 13:32:26.399  4054  4180 E FaceServer__: registerBgr24:  ErrorInfo.MOK
12-25 13:32:26.399  4054  4180 E SyncFacePresenter__addFaceLocal_register  fail: 摩卡  4
12-25 13:32:26.420  4054  4180 E registerBgr24: 5 
12-25 13:32:26.420  4054  4180 E FaceServer__: registerBgr24:  ErrorInfo.MOK
12-25 13:32:26.420  4054  4180 E SyncFacePresenter__addFaceLocal_register  fail: 李连杰  5
12-25 13:32:27.877  4054  4054 E TradeOrderPresenter__doSearchTradeOrder  srcUserName:  
12-25 13:32:27.877  4054  4054 E getTradeOrders:       2023-12-25 00:00:00 2023-12-25 13:35:59
12-25 13:32:27.879  4054  4054 E findTraderOrders: 0   7
12-25 13:32:27.879  4054  4054 E doSearchTradeOrder: 0  7  
12-25 13:32:27.912  4054  5438 E ywl5320 : fbo success
12-25 13:32:27.912  4054  5438 E mali_so : encounter the first gles_error : 0x0001; gles_state_error_info : <param> is not an accepted value (gles_texturep_tex_parameteri_input_param_validation at hardware/arm/maliT760/driver/product/gles/src/texture/mali_gles_texture_helpers.c:1095)
12-25 13:32:29.807  4054  5456 E innerRecognize: recognizeByFilter2
12-25 13:32:29.807  4054  5456 E recognize: 652ms   /storage/emulated/0/shifang/ai_dish/image/20231225/f30bb301-dbcc-484d-bc8b-61f30e401bbb.jpg  
12-25 13:32:29.845  4054  4054 E resultDishCount: 2 个菜品
12-25 13:32:31.998  4054  4054 E resultDishCount: 2 个菜品
12-25 13:32:34.387  4054  4054 E resultDishCount: 2 个菜品
12-25 13:32:36.990  4054  4054 E resultDishCount: 2 个菜品
12-25 13:32:39.412  4054  4054 E resultDishCount: 2 个菜品
12-25 13:32:42.608  4054  4054 E resultDishCount: 2 个菜品
12-25 13:32:47.734  4054  5480 E innerRecognize: recognizeByFilter2
12-25 13:32:47.734  4054  5480 E recognize: 692ms   /storage/emulated/0/shifang/ai_dish/image/20231225/d19e92be-895a-4eef-80b5-f4c2f833ddc8.jpg  
12-25 13:32:47.766  4054  4054 E resultDishCount: 2 个菜品
12-25 13:32:50.059  4054  5487 E innerRecognize: recognizeByFilter2
12-25 13:32:50.059  4054  5487 E recognize: 609ms   /storage/emulated/0/shifang/ai_dish/image/20231225/b57afede-03a7-4ff4-b971-411511b4314f.jpg  
12-25 13:32:50.100  4054  4054 E resultDishCount: 2 个菜品
12-25 13:32:50.667  4054  5492 E innerRecognize: recognizeByFilter2
12-25 13:32:50.667  4054  5492 E recognize: 539ms   /storage/emulated/0/shifang/ai_dish/image/20231225/d1d1132f-8e94-40d3-baed-ff421dc8757c.jpg  
12-25 13:32:50.710  4054  4054 E resultDishCount: 2 个菜品
12-25 13:32:53.227  4054  5498 E innerRecognize: recognizeByFilter2
12-25 13:32:53.227  4054  5498 E recognize: 594ms   /storage/emulated/0/shifang/ai_dish/image/20231225/973331d3-e71e-41b0-9242-41a146097173.jpg  
12-25 13:32:53.278  4054  4054 E resultDishCount: 2 个菜品
12-25 13:32:58.321  4054  5507 E innerRecognize: recognizeByFilter2
12-25 13:32:58.321  4054  5507 E recognize: 652ms   /storage/emulated/0/shifang/ai_dish/image/20231225/493be615-142a-4f76-b872-a0e5563a3a82.jpg  
12-25 13:32:58.358  4054  4054 E resultDishCount: 2 个菜品
12-25 13:33:00.127  4054  5517 E innerRecognize: recognizeByFilter2
12-25 13:33:00.127  4054  5517 E recognize: 670ms   /storage/emulated/0/shifang/ai_dish/image/20231225/1fd038e6-3a43-40e9-bcbd-458417c5d4c1.jpg  
12-25 13:33:00.172  4054  4054 E resultDishCount: 2 个菜品
12-25 13:33:02.720  4054  5524 E innerRecognize: recognizeByFilter2
12-25 13:33:02.720  4054  5524 E recognize: 631ms   /storage/emulated/0/shifang/ai_dish/image/20231225/a373a74a-b9f2-457a-a11c-0e9bb7b89dbf.jpg  
12-25 13:33:02.775  4054  4054 E resultDishCount: 2 个菜品
12-25 13:33:07.730  4054  5533 E innerRecognize: recognizeByFilter2
12-25 13:33:07.730  4054  5533 E recognize: 660ms   /storage/emulated/0/shifang/ai_dish/image/20231225/acfe0c3d-6f1d-4009-a274-2c1fc21aa6ca.jpg  
12-25 13:33:07.766  4054  4054 E resultDishCount: 2 个菜品
12-25 13:33:08.396  4054  5538 E innerRecognize: recognizeByFilter2
12-25 13:33:08.396  4054  5538 E recognize: 632ms   /storage/emulated/0/shifang/ai_dish/image/20231225/ad2ef836-0a70-4d87-871a-e66c57b9ac36.jpg  
12-25 13:33:08.433  4054  4054 E resultDishCount: 2 个菜品
12-25 13:33:26.438  4054  4180 E registerBgr24: 1 
12-25 13:33:26.438  4054  4180 E FaceServer__: registerBgr24:  ErrorInfo.MOK
12-25 13:33:26.438  4054  4180 E SyncFacePresenter__addFaceLocal_register  fail: 吴彦祖  1
12-25 13:33:26.471  4054  4180 E registerBgr24: 2 
12-25 13:33:26.471  4054  4180 E FaceServer__: registerBgr24:  ErrorInfo.MOK
12-25 13:33:26.471  4054  4180 E SyncFacePresenter__addFaceLocal_register  fail: 郭富城  2
12-25 13:33:26.484  4054  4180 E registerBgr24: 3 
12-25 13:33:26.484  4054  4180 E FaceServer__: registerBgr24:  ErrorInfo.MOK
12-25 13:33:26.484  4054  4180 E SyncFacePresenter__addFaceLocal_register  fail: 谢霆锋  3
12-25 13:33:26.498  4054  4180 E registerBgr24: 4 
12-25 13:33:26.498  4054  4180 E FaceServer__: registerBgr24:  ErrorInfo.MOK
12-25 13:33:26.498  4054  4180 E SyncFacePresenter__addFaceLocal_register  fail: 摩卡  4
12-25 13:33:26.523  4054  4180 E registerBgr24: 5 
12-25 13:33:26.523  4054  4180 E FaceServer__: registerBgr24:  ErrorInfo.MOK
12-25 13:33:26.523  4054  4180 E SyncFacePresenter__addFaceLocal_register  fail: 李连杰  5
12-25 13:34:26.543  4054  4180 E registerBgr24: 1 
12-25 13:34:26.543  4054  4180 E FaceServer__: registerBgr24:  ErrorInfo.MOK
12-25 13:34:26.543  4054  4180 E SyncFacePresenter__addFaceLocal_register  fail: 吴彦祖  1
12-25 13:34:26.576  4054  4180 E registerBgr24: 2 
12-25 13:34:26.576  4054  4180 E FaceServer__: registerBgr24:  ErrorInfo.MOK
12-25 13:34:26.576  4054  4180 E SyncFacePresenter__addFaceLocal_register  fail: 郭富城  2
12-25 13:34:26.588  4054  4180 E registerBgr24: 3 
12-25 13:34:26.588  4054  4180 E FaceServer__: registerBgr24:  ErrorInfo.MOK
12-25 13:34:26.588  4054  4180 E SyncFacePresenter__addFaceLocal_register  fail: 谢霆锋  3
12-25 13:34:26.602  4054  4180 E registerBgr24: 4 
12-25 13:34:26.602  4054  4180 E FaceServer__: registerBgr24:  ErrorInfo.MOK
12-25 13:34:26.602  4054  4180 E SyncFacePresenter__addFaceLocal_register  fail: 摩卡  4
12-25 13:34:26.624  4054  4180 E registerBgr24: 5 
12-25 13:34:26.624  4054  4180 E FaceServer__: registerBgr24:  ErrorInfo.MOK
12-25 13:34:26.624  4054  4180 E SyncFacePresenter__addFaceLocal_register  fail: 李连杰  5
12-25 13:35:26.648  4054  4180 E registerBgr24: 1 
12-25 13:35:26.648  4054  4180 E FaceServer__: registerBgr24:  ErrorInfo.MOK
12-25 13:35:26.648  4054  4180 E SyncFacePresenter__addFaceLocal_register  fail: 吴彦祖  1
12-25 13:35:26.682  4054  4180 E registerBgr24: 2 
12-25 13:35:26.682  4054  4180 E FaceServer__: registerBgr24:  ErrorInfo.MOK
12-25 13:35:26.682  4054  4180 E SyncFacePresenter__addFaceLocal_register  fail: 郭富城  2
12-25 13:35:26.698  4054  4180 E registerBgr24: 3 
12-25 13:35:26.698  4054  4180 E FaceServer__: registerBgr24:  ErrorInfo.MOK
12-25 13:35:26.698  4054  4180 E SyncFacePresenter__addFaceLocal_register  fail: 谢霆锋  3
12-25 13:35:26.711  4054  4180 E registerBgr24: 4 
12-25 13:35:26.711  4054  4180 E FaceServer__: registerBgr24:  ErrorInfo.MOK
12-25 13:35:26.711  4054  4180 E SyncFacePresenter__addFaceLocal_register  fail: 摩卡  4
12-25 13:35:26.732  4054  4180 E registerBgr24: 5 
12-25 13:35:26.732  4054  4180 E FaceServer__: registerBgr24:  ErrorInfo.MOK
12-25 13:35:26.732  4054  4180 E SyncFacePresenter__addFaceLocal_register  fail: 李连杰  5
12-25 13:36:26.756  4054  4180 E registerBgr24: 1 
12-25 13:36:26.756  4054  4180 E FaceServer__: registerBgr24:  ErrorInfo.MOK
12-25 13:36:26.756  4054  4180 E SyncFacePresenter__addFaceLocal_register  fail: 吴彦祖  1
12-25 13:36:26.788  4054  4180 E registerBgr24: 2 
12-25 13:36:26.788  4054  4180 E FaceServer__: registerBgr24:  ErrorInfo.MOK
12-25 13:36:26.788  4054  4180 E SyncFacePresenter__addFaceLocal_register  fail: 郭富城  2
12-25 13:36:26.801  4054  4180 E registerBgr24: 3 
12-25 13:36:26.801  4054  4180 E FaceServer__: registerBgr24:  ErrorInfo.MOK
12-25 13:36:26.801  4054  4180 E SyncFacePresenter__addFaceLocal_register  fail: 谢霆锋  3
12-25 13:36:26.815  4054  4180 E registerBgr24: 4 
12-25 13:36:26.815  4054  4180 E FaceServer__: registerBgr24:  ErrorInfo.MOK
12-25 13:36:26.815  4054  4180 E SyncFacePresenter__addFaceLocal_register  fail: 摩卡  4
12-25 13:36:26.839  4054  4180 E registerBgr24: 5 
12-25 13:36:26.839  4054  4180 E FaceServer__: registerBgr24:  ErrorInfo.MOK
12-25 13:36:26.839  4054  4180 E SyncFacePresenter__addFaceLocal_register  fail: 李连杰  5
12-25 13:37:26.856  4054  4180 E registerBgr24: 1 
12-25 13:37:26.856  4054  4180 E FaceServer__: registerBgr24:  ErrorInfo.MOK
12-25 13:37:26.856  4054  4180 E SyncFacePresenter__addFaceLocal_register  fail: 吴彦祖  1
12-25 13:37:26.887  4054  4180 E registerBgr24: 2 
12-25 13:37:26.887  4054  4180 E FaceServer__: registerBgr24:  ErrorInfo.MOK
12-25 13:37:26.887  4054  4180 E SyncFacePresenter__addFaceLocal_register  fail: 郭富城  2
12-25 13:37:26.900  4054  4180 E registerBgr24: 3 
12-25 13:37:26.900  4054  4180 E FaceServer__: registerBgr24:  ErrorInfo.MOK
12-25 13:37:26.900  4054  4180 E SyncFacePresenter__addFaceLocal_register  fail: 谢霆锋  3
12-25 13:37:26.916  4054  4180 E registerBgr24: 4 
12-25 13:37:26.916  4054  4180 E FaceServer__: registerBgr24:  ErrorInfo.MOK
12-25 13:37:26.916  4054  4180 E SyncFacePresenter__addFaceLocal_register  fail: 摩卡  4
12-25 13:37:26.941  4054  4180 E registerBgr24: 5 
12-25 13:37:26.941  4054  4180 E FaceServer__: registerBgr24:  ErrorInfo.MOK
12-25 13:37:26.941  4054  4180 E SyncFacePresenter__addFaceLocal_register  fail: 李连杰  5
12-25 13:38:26.972  4054  4180 E registerBgr24: 1 
12-25 13:38:26.972  4054  4180 E FaceServer__: registerBgr24:  ErrorInfo.MOK
12-25 13:38:26.972  4054  4180 E SyncFacePresenter__addFaceLocal_register  fail: 吴彦祖  1
12-25 13:38:27.004  4054  4180 E registerBgr24: 2 
12-25 13:38:27.004  4054  4180 E FaceServer__: registerBgr24:  ErrorInfo.MOK
12-25 13:38:27.004  4054  4180 E SyncFacePresenter__addFaceLocal_register  fail: 郭富城  2
12-25 13:38:27.017  4054  4180 E registerBgr24: 3 
12-25 13:38:27.017  4054  4180 E FaceServer__: registerBgr24:  ErrorInfo.MOK
12-25 13:38:27.017  4054  4180 E SyncFacePresenter__addFaceLocal_register  fail: 谢霆锋  3
12-25 13:38:27.031  4054  4180 E registerBgr24: 4 
12-25 13:38:27.031  4054  4180 E FaceServer__: registerBgr24:  ErrorInfo.MOK
12-25 13:38:27.031  4054  4180 E SyncFacePresenter__addFaceLocal_register  fail: 摩卡  4
12-25 13:38:27.053  4054  4180 E registerBgr24: 5 
12-25 13:38:27.053  4054  4180 E FaceServer__: registerBgr24:  ErrorInfo.MOK
12-25 13:38:27.053  4054  4180 E SyncFacePresenter__addFaceLocal_register  fail: 李连杰  5
12-25 13:39:27.076  4054  4180 E registerBgr24: 1 
12-25 13:39:27.076  4054  4180 E FaceServer__: registerBgr24:  ErrorInfo.MOK
12-25 13:39:27.076  4054  4180 E SyncFacePresenter__addFaceLocal_register  fail: 吴彦祖  1
12-25 13:39:27.108  4054  4180 E registerBgr24: 2 
12-25 13:39:27.108  4054  4180 E FaceServer__: registerBgr24:  ErrorInfo.MOK
12-25 13:39:27.108  4054  4180 E SyncFacePresenter__addFaceLocal_register  fail: 郭富城  2
12-25 13:39:27.123  4054  4180 E registerBgr24: 3 
12-25 13:39:27.123  4054  4180 E FaceServer__: registerBgr24:  ErrorInfo.MOK
12-25 13:39:27.123  4054  4180 E SyncFacePresenter__addFaceLocal_register  fail: 谢霆锋  3
12-25 13:39:27.136  4054  4180 E registerBgr24: 4 
12-25 13:39:27.136  4054  4180 E FaceServer__: registerBgr24:  ErrorInfo.MOK
12-25 13:39:27.136  4054  4180 E SyncFacePresenter__addFaceLocal_register  fail: 摩卡  4
12-25 13:39:27.160  4054  4180 E registerBgr24: 5 
12-25 13:39:27.160  4054  4180 E FaceServer__: registerBgr24:  ErrorInfo.MOK
12-25 13:39:27.160  4054  4180 E SyncFacePresenter__addFaceLocal_register  fail: 李连杰  5
12-25 13:40:27.177  4054  4180 E registerBgr24: 1 
12-25 13:40:27.178  4054  4180 E FaceServer__: registerBgr24:  ErrorInfo.MOK
12-25 13:40:27.178  4054  4180 E SyncFacePresenter__addFaceLocal_register  fail: 吴彦祖  1
12-25 13:40:27.209  4054  4180 E registerBgr24: 2 
12-25 13:40:27.209  4054  4180 E FaceServer__: registerBgr24:  ErrorInfo.MOK
12-25 13:40:27.209  4054  4180 E SyncFacePresenter__addFaceLocal_register  fail: 郭富城  2
12-25 13:40:27.222  4054  4180 E registerBgr24: 3 
12-25 13:40:27.222  4054  4180 E FaceServer__: registerBgr24:  ErrorInfo.MOK
12-25 13:40:27.222  4054  4180 E SyncFacePresenter__addFaceLocal_register  fail: 谢霆锋  3
12-25 13:40:27.237  4054  4180 E registerBgr24: 4 
12-25 13:40:27.237  4054  4180 E FaceServer__: registerBgr24:  ErrorInfo.MOK
12-25 13:40:27.237  4054  4180 E SyncFacePresenter__addFaceLocal_register  fail: 摩卡  4
12-25 13:40:27.261  4054  4180 E registerBgr24: 5 
12-25 13:40:27.261  4054  4180 E FaceServer__: registerBgr24:  ErrorInfo.MOK
12-25 13:40:27.261  4054  4180 E SyncFacePresenter__addFaceLocal_register  fail: 李连杰  5
12-25 13:41:27.280  4054  4180 E registerBgr24: 1 
12-25 13:41:27.280  4054  4180 E FaceServer__: registerBgr24:  ErrorInfo.MOK
12-25 13:41:27.280  4054  4180 E SyncFacePresenter__addFaceLocal_register  fail: 吴彦祖  1
12-25 13:41:27.314  4054  4180 E registerBgr24: 2 
12-25 13:41:27.314  4054  4180 E FaceServer__: registerBgr24:  ErrorInfo.MOK
12-25 13:41:27.314  4054  4180 E SyncFacePresenter__addFaceLocal_register  fail: 郭富城  2
12-25 13:41:27.327  4054  4180 E registerBgr24: 3 
12-25 13:41:27.327  4054  4180 E FaceServer__: registerBgr24:  ErrorInfo.MOK
12-25 13:41:27.327  4054  4180 E SyncFacePresenter__addFaceLocal_register  fail: 谢霆锋  3
12-25 13:41:27.343  4054  4180 E registerBgr24: 4 
12-25 13:41:27.343  4054  4180 E FaceServer__: registerBgr24:  ErrorInfo.MOK
12-25 13:41:27.343  4054  4180 E SyncFacePresenter__addFaceLocal_register  fail: 摩卡  4
12-25 13:41:27.365  4054  4180 E registerBgr24: 5 
12-25 13:41:27.365  4054  4180 E FaceServer__: registerBgr24:  ErrorInfo.MOK
12-25 13:41:27.365  4054  4180 E SyncFacePresenter__addFaceLocal_register  fail: 李连杰  5
12-25 13:42:27.384  4054  4180 E registerBgr24: 1 
12-25 13:42:27.384  4054  4180 E FaceServer__: registerBgr24:  ErrorInfo.MOK
12-25 13:42:27.384  4054  4180 E SyncFacePresenter__addFaceLocal_register  fail: 吴彦祖  1
12-25 13:42:27.416  4054  4180 E registerBgr24: 2 
12-25 13:42:27.416  4054  4180 E FaceServer__: registerBgr24:  ErrorInfo.MOK
12-25 13:42:27.416  4054  4180 E SyncFacePresenter__addFaceLocal_register  fail: 郭富城  2
12-25 13:42:27.433  4054  4180 E registerBgr24: 3 
12-25 13:42:27.433  4054  4180 E FaceServer__: registerBgr24:  ErrorInfo.MOK
12-25 13:42:27.433  4054  4180 E SyncFacePresenter__addFaceLocal_register  fail: 谢霆锋  3
12-25 13:42:27.445  4054  4180 E registerBgr24: 4 
12-25 13:42:27.445  4054  4180 E FaceServer__: registerBgr24:  ErrorInfo.MOK
12-25 13:42:27.445  4054  4180 E SyncFacePresenter__addFaceLocal_register  fail: 摩卡  4
12-25 13:42:27.470  4054  4180 E registerBgr24: 5 
12-25 13:42:27.470  4054  4180 E FaceServer__: registerBgr24:  ErrorInfo.MOK
12-25 13:42:27.470  4054  4180 E SyncFacePresenter__addFaceLocal_register  fail: 李连杰  5
12-25 13:43:27.501  4054  4180 E registerBgr24: 1 
12-25 13:43:27.501  4054  4180 E FaceServer__: registerBgr24:  ErrorInfo.MOK
12-25 13:43:27.501  4054  4180 E SyncFacePresenter__addFaceLocal_register  fail: 吴彦祖  1
12-25 13:43:27.533  4054  4180 E registerBgr24: 2 
12-25 13:43:27.533  4054  4180 E FaceServer__: registerBgr24:  ErrorInfo.MOK
12-25 13:43:27.533  4054  4180 E SyncFacePresenter__addFaceLocal_register  fail: 郭富城  2
12-25 13:43:27.545  4054  4180 E registerBgr24: 3 
12-25 13:43:27.545  4054  4180 E FaceServer__: registerBgr24:  ErrorInfo.MOK
12-25 13:43:27.545  4054  4180 E SyncFacePresenter__addFaceLocal_register  fail: 谢霆锋  3
12-25 13:43:27.559  4054  4180 E registerBgr24: 4 
12-25 13:43:27.559  4054  4180 E FaceServer__: registerBgr24:  ErrorInfo.MOK
12-25 13:43:27.559  4054  4180 E SyncFacePresenter__addFaceLocal_register  fail: 摩卡  4
12-25 13:43:27.583  4054  4180 E registerBgr24: 5 
12-25 13:43:27.583  4054  4180 E FaceServer__: registerBgr24:  ErrorInfo.MOK
12-25 13:43:27.583  4054  4180 E SyncFacePresenter__addFaceLocal_register  fail: 李连杰  5
12-25 13:44:27.609  4054  4180 E registerBgr24: 1 
12-25 13:44:27.609  4054  4180 E FaceServer__: registerBgr24:  ErrorInfo.MOK
12-25 13:44:27.609  4054  4180 E SyncFacePresenter__addFaceLocal_register  fail: 吴彦祖  1
12-25 13:44:27.645  4054  4180 E registerBgr24: 2 
12-25 13:44:27.645  4054  4180 E FaceServer__: registerBgr24:  ErrorInfo.MOK
12-25 13:44:27.645  4054  4180 E SyncFacePresenter__addFaceLocal_register  fail: 郭富城  2
12-25 13:44:27.658  4054  4180 E registerBgr24: 3 
12-25 13:44:27.658  4054  4180 E FaceServer__: registerBgr24:  ErrorInfo.MOK
12-25 13:44:27.658  4054  4180 E SyncFacePresenter__addFaceLocal_register  fail: 谢霆锋  3
12-25 13:44:27.671  4054  4180 E registerBgr24: 4 
12-25 13:44:27.671  4054  4180 E FaceServer__: registerBgr24:  ErrorInfo.MOK
12-25 13:44:27.671  4054  4180 E SyncFacePresenter__addFaceLocal_register  fail: 摩卡  4
12-25 13:44:27.692  4054  4180 E registerBgr24: 5 
12-25 13:44:27.692  4054  4180 E FaceServer__: registerBgr24:  ErrorInfo.MOK
12-25 13:44:27.692  4054  4180 E SyncFacePresenter__addFaceLocal_register  fail: 李连杰  5
12-25 13:45:27.711  4054  4180 E registerBgr24: 1 
12-25 13:45:27.711  4054  4180 E FaceServer__: registerBgr24:  ErrorInfo.MOK
12-25 13:45:27.711  4054  4180 E SyncFacePresenter__addFaceLocal_register  fail: 吴彦祖  1
12-25 13:45:27.743  4054  4180 E registerBgr24: 2 
12-25 13:45:27.743  4054  4180 E FaceServer__: registerBgr24:  ErrorInfo.MOK
12-25 13:45:27.743  4054  4180 E SyncFacePresenter__addFaceLocal_register  fail: 郭富城  2
12-25 13:45:27.756  4054  4180 E registerBgr24: 3 
12-25 13:45:27.756  4054  4180 E FaceServer__: registerBgr24:  ErrorInfo.MOK
12-25 13:45:27.756  4054  4180 E SyncFacePresenter__addFaceLocal_register  fail: 谢霆锋  3
12-25 13:45:27.769  4054  4180 E registerBgr24: 4 
12-25 13:45:27.769  4054  4180 E FaceServer__: registerBgr24:  ErrorInfo.MOK
12-25 13:45:27.769  4054  4180 E SyncFacePresenter__addFaceLocal_register  fail: 摩卡  4
12-25 13:45:27.797  4054  4180 E registerBgr24: 5 
12-25 13:45:27.797  4054  4180 E FaceServer__: registerBgr24:  ErrorInfo.MOK
12-25 13:45:27.797  4054  4180 E SyncFacePresenter__addFaceLocal_register  fail: 李连杰  5
12-25 13:46:27.814  4054  4180 E registerBgr24: 1 
12-25 13:46:27.814  4054  4180 E FaceServer__: registerBgr24:  ErrorInfo.MOK
12-25 13:46:27.814  4054  4180 E SyncFacePresenter__addFaceLocal_register  fail: 吴彦祖  1
12-25 13:46:27.846  4054  4180 E registerBgr24: 2 
12-25 13:46:27.846  4054  4180 E FaceServer__: registerBgr24:  ErrorInfo.MOK
12-25 13:46:27.846  4054  4180 E SyncFacePresenter__addFaceLocal_register  fail: 郭富城  2
12-25 13:46:27.862  4054  4180 E registerBgr24: 3 
12-25 13:46:27.862  4054  4180 E FaceServer__: registerBgr24:  ErrorInfo.MOK
12-25 13:46:27.862  4054  4180 E SyncFacePresenter__addFaceLocal_register  fail: 谢霆锋  3
12-25 13:46:27.874  4054  4180 E registerBgr24: 4 
12-25 13:46:27.874  4054  4180 E FaceServer__: registerBgr24:  ErrorInfo.MOK
12-25 13:46:27.874  4054  4180 E SyncFacePresenter__addFaceLocal_register  fail: 摩卡  4
12-25 13:46:27.903  4054  4180 E registerBgr24: 5 
12-25 13:46:27.904  4054  4180 E FaceServer__: registerBgr24:  ErrorInfo.MOK
12-25 13:46:27.904  4054  4180 E SyncFacePresenter__addFaceLocal_register  fail: 李连杰  5
12-25 13:47:27.922  4054  4180 E registerBgr24: 1 
12-25 13:47:27.922  4054  4180 E FaceServer__: registerBgr24:  ErrorInfo.MOK
12-25 13:47:27.922  4054  4180 E SyncFacePresenter__addFaceLocal_register  fail: 吴彦祖  1
12-25 13:47:27.953  4054  4180 E registerBgr24: 2 
12-25 13:47:27.953  4054  4180 E FaceServer__: registerBgr24:  ErrorInfo.MOK
12-25 13:47:27.953  4054  4180 E SyncFacePresenter__addFaceLocal_register  fail: 郭富城  2
12-25 13:47:27.966  4054  4180 E registerBgr24: 3 
12-25 13:47:27.966  4054  4180 E FaceServer__: registerBgr24:  ErrorInfo.MOK
12-25 13:47:27.966  4054  4180 E SyncFacePresenter__addFaceLocal_register  fail: 谢霆锋  3
12-25 13:47:27.983  4054  4180 E registerBgr24: 4 
12-25 13:47:27.983  4054  4180 E FaceServer__: registerBgr24:  ErrorInfo.MOK
12-25 13:47:27.983  4054  4180 E SyncFacePresenter__addFaceLocal_register  fail: 摩卡  4
12-25 13:47:28.006  4054  4180 E registerBgr24: 5 
12-25 13:47:28.006  4054  4180 E FaceServer__: registerBgr24:  ErrorInfo.MOK
12-25 13:47:28.006  4054  4180 E SyncFacePresenter__addFaceLocal_register  fail: 李连杰  5
12-25 13:48:28.033  4054  4180 E registerBgr24: 1 
12-25 13:48:28.033  4054  4180 E FaceServer__: registerBgr24:  ErrorInfo.MOK
12-25 13:48:28.033  4054  4180 E SyncFacePresenter__addFaceLocal_register  fail: 吴彦祖  1
12-25 13:48:28.066  4054  4180 E registerBgr24: 2 
12-25 13:48:28.066  4054  4180 E FaceServer__: registerBgr24:  ErrorInfo.MOK
12-25 13:48:28.066  4054  4180 E SyncFacePresenter__addFaceLocal_register  fail: 郭富城  2
12-25 13:48:28.079  4054  4180 E registerBgr24: 3 
12-25 13:48:28.079  4054  4180 E FaceServer__: registerBgr24:  ErrorInfo.MOK
12-25 13:48:28.079  4054  4180 E SyncFacePresenter__addFaceLocal_register  fail: 谢霆锋  3
12-25 13:48:28.093  4054  4180 E registerBgr24: 4 
12-25 13:48:28.093  4054  4180 E FaceServer__: registerBgr24:  ErrorInfo.MOK
12-25 13:48:28.093  4054  4180 E SyncFacePresenter__addFaceLocal_register  fail: 摩卡  4
12-25 13:48:28.115  4054  4180 E registerBgr24: 5 
12-25 13:48:28.115  4054  4180 E FaceServer__: registerBgr24:  ErrorInfo.MOK
12-25 13:48:28.115  4054  4180 E SyncFacePresenter__addFaceLocal_register  fail: 李连杰  5
12-25 13:49:28.136  4054  4180 E registerBgr24: 1 
12-25 13:49:28.136  4054  4180 E FaceServer__: registerBgr24:  ErrorInfo.MOK
12-25 13:49:28.136  4054  4180 E SyncFacePresenter__addFaceLocal_register  fail: 吴彦祖  1
12-25 13:49:28.171  4054  4180 E registerBgr24: 2 
12-25 13:49:28.171  4054  4180 E FaceServer__: registerBgr24:  ErrorInfo.MOK
12-25 13:49:28.171  4054  4180 E SyncFacePresenter__addFaceLocal_register  fail: 郭富城  2
12-25 13:49:28.184  4054  4180 E registerBgr24: 3 
12-25 13:49:28.184  4054  4180 E FaceServer__: registerBgr24:  ErrorInfo.MOK
12-25 13:49:28.184  4054  4180 E SyncFacePresenter__addFaceLocal_register  fail: 谢霆锋  3
12-25 13:49:28.197  4054  4180 E registerBgr24: 4 
12-25 13:49:28.197  4054  4180 E FaceServer__: registerBgr24:  ErrorInfo.MOK
12-25 13:49:28.197  4054  4180 E SyncFacePresenter__addFaceLocal_register  fail: 摩卡  4
12-25 13:49:28.218  4054  4180 E registerBgr24: 5 
12-25 13:49:28.218  4054  4180 E FaceServer__: registerBgr24:  ErrorInfo.MOK
12-25 13:49:28.218  4054  4180 E SyncFacePresenter__addFaceLocal_register  fail: 李连杰  5
12-25 13:50:28.243  4054  4180 E registerBgr24: 1 
12-25 13:50:28.243  4054  4180 E FaceServer__: registerBgr24:  ErrorInfo.MOK
12-25 13:50:28.243  4054  4180 E SyncFacePresenter__addFaceLocal_register  fail: 吴彦祖  1
12-25 13:50:28.278  4054  4180 E registerBgr24: 2 
12-25 13:50:28.278  4054  4180 E FaceServer__: registerBgr24:  ErrorInfo.MOK
12-25 13:50:28.278  4054  4180 E SyncFacePresenter__addFaceLocal_register  fail: 郭富城  2
12-25 13:50:28.292  4054  4180 E registerBgr24: 3 
12-25 13:50:28.292  4054  4180 E FaceServer__: registerBgr24:  ErrorInfo.MOK
12-25 13:50:28.292  4054  4180 E SyncFacePresenter__addFaceLocal_register  fail: 谢霆锋  3
12-25 13:50:28.304  4054  4180 E registerBgr24: 4 
