12-26 17:06:27.055 11819 11907 E syncSubImage: 0 
12-26 17:06:27.057 11819 11898 E syncSubImage: 0 
12-26 17:06:27.302 11819 11819 E Bundle  : putString->_track_generation:null
12-26 17:06:27.342 11819 11896 E loadModel: ---true
12-26 17:06:27.377 11819 11819 E Bundle  : putString->args_tag:null
12-26 17:06:27.378 11819 11819 E Bundle  : putString->args_tag:null
12-26 17:06:27.378 11819 11819 E Bundle  : putString->args_tag:null
12-26 17:06:27.379 11819 11819 E Bundle  : putString->args_tag:null
12-26 17:06:27.426 11819 11819 E language: ch
12-26 17:06:27.606 11819 11819 E TradeOrderPresenter__doSearchTradeOrder  srcUserName:  
12-26 17:06:27.607 11819 11819 E getTradeOrders:       2023-12-26 00:00:00 2023-12-26 17:09:59
12-26 17:06:27.608 11819 11819 E findTraderOrders: 0   0
12-26 17:06:27.609 11819 11819 E doSearchTradeOrder: 0  0  
12-26 17:06:27.612 11819 11819 E USBTransferUtil: 当前可用 usb 设备数量: 0
12-26 17:06:28.236 11819 11896 E loadModel: 1    /storage/emulated/0/shifang/ai_dish/model/dish_v5.1.1.rk.sfm
12-26 17:06:28.289 11819 11896 E activeFaceSdk: 98310 
12-26 17:06:28.289 11819 11896 E SdkInitService_initFaceSdk: false   
12-26 17:06:32.816 11819 11958 E ywl5320 : fbo success
12-26 17:06:32.816 11819 11958 E mali_so : encounter the first gles_error : 0x0001; gles_state_error_info : <param> is not an accepted value (gles_texturep_tex_parameteri_input_param_validation at hardware/arm/maliT760/driver/product/gles/src/texture/mali_gles_texture_helpers.c:1095)
12-26 17:06:33.517 11819 11819 E USBTransferUtil: 当前可用 usb 设备数量: 0
12-26 17:06:34.230 11819 11983 E innerRecognize: recognizeByFilter6
12-26 17:06:34.230 11819 11983 E recognize: 433ms   /storage/emulated/0/shifang/ai_dish/image/20231226/7335a9cf-b322-4540-b1c4-447db5291dab.jpg  
12-26 17:06:34.307 11819 11819 E resultDishCount: 6 个菜品
12-26 17:06:37.798 11819 11943 E ts_scan_state_fun: 1 
12-26 17:06:38.652 11819 11819 E surfaceDestroyed: ------
12-26 17:06:38.655 11819 11819 E surfaceDestroyed: ------
12-26 17:06:38.660 11819 11958 E BufferQueueProducer: [SurfaceView[com.shifang.aidish.offline/com.shifang.aidish.mvp.ui.DetectCalcActivity]#3(BLAST Consumer)3](id:2e2b00000003,api:0,p:-1,c:11819) dequeueBuffer: BufferQueue has been abandoned
12-26 17:06:38.660 11819 11958 E mali_so : encounter the first mali_error : 0x0002 : failed to allocate CPU memory (gles_fb_first_operation_cb at hardware/arm/maliT760/driver/product/gles/src/fb/mali_gles_fb_module_api.c:987)
12-26 17:06:38.660 11819 11958 E BufferQueueProducer: [SurfaceView[com.shifang.aidish.offline/com.shifang.aidish.mvp.ui.DetectCalcActivity]#3(BLAST Consumer)3](id:2e2b00000003,api:0,p:-1,c:11819) dequeueBuffer: BufferQueue has been abandoned
12-26 17:06:38.664 11819 11960 E BufferQueueProducer: [SurfaceView[]#4(BLAST Consumer)4](id:2e2b00000005,api:0,p:-1,c:11819) dequeueBuffer: BufferQueue has no connected producer
12-26 17:06:38.664 11819 11960 E mali_so : encounter the first mali_error : 0x0002 : failed to allocate CPU memory (gles_fb_first_operation_cb at hardware/arm/maliT760/driver/product/gles/src/fb/mali_gles_fb_module_api.c:987)
12-26 17:06:38.665 11819 11960 E BufferQueueProducer: [SurfaceView[]#4(BLAST Consumer)4](id:2e2b00000005,api:0,p:-1,c:11819) dequeueBuffer: BufferQueue has no connected producer
12-26 17:06:38.665 11819 11960 E BufferQueueProducer: [SurfaceView[]#4(BLAST Consumer)4](id:2e2b00000005,api:0,p:-1,c:11819) disconnect: not connected (req=1)
12-26 17:06:42.975 11819 11819 E language: ch
12-26 17:06:47.538 11819 11819 E DishManagerActivity__关闭当餐: 关闭当餐
12-26 17:06:47.539 11819 12007 E currentDishSchedule_create: {"date":"2023-12-26","supper":""}
12-26 17:06:49.316 11819 11819 E TradeOrderPresenter__doSearchTradeOrder  srcUserName:  
12-26 17:06:49.316 11819 11819 E getTradeOrders:       2023-12-26 00:00:00 2023-12-26 17:09:59
12-26 17:06:49.317 11819 11819 E findTraderOrders: 0   0
12-26 17:06:49.318 11819 11819 E doSearchTradeOrder: 0  0  
12-26 17:06:49.321 11819 11819 E USBTransferUtil: 当前可用 usb 设备数量: 0
12-26 17:06:49.374 11819 12021 E ywl5320 : fbo success
12-26 17:06:49.374 11819 12021 E mali_so : encounter the first gles_error : 0x0001; gles_state_error_info : <param> is not an accepted value (gles_texturep_tex_parameteri_input_param_validation at hardware/arm/maliT760/driver/product/gles/src/texture/mali_gles_texture_helpers.c:1095)
12-26 17:06:50.066 11819 11819 E USBTransferUtil: 当前可用 usb 设备数量: 0
12-26 17:06:50.757 11819 12035 E innerRecognize: recognizeByFilter6
12-26 17:06:50.757 11819 12035 E recognize: 441ms   /storage/emulated/0/shifang/ai_dish/image/20231226/3f83c85d-cff3-4abf-bb98-f27c58c71b17.jpg  
12-26 17:06:50.830 11819 11819 E resultDishCount: 6 个菜品
12-26 17:07:02.500 11819 11819 E surfaceDestroyed: ------
12-26 17:07:02.510 11819 12021 E BufferQueueProducer: [SurfaceView[com.shifang.aidish.offline/com.shifang.aidish.mvp.ui.DetectCalcActivity]#10(BLAST Consumer)10](id:2e2b0000000b,api:0,p:-1,c:11819) dequeueBuffer: BufferQueue has been abandoned
12-26 17:07:02.511 11819 12021 E mali_so : encounter the first mali_error : 0x0002 : failed to allocate CPU memory (gles_fb_first_operation_cb at hardware/arm/maliT760/driver/product/gles/src/fb/mali_gles_fb_module_api.c:987)
12-26 17:07:02.511 11819 12021 E BufferQueueProducer: [SurfaceView[com.shifang.aidish.offline/com.shifang.aidish.mvp.ui.DetectCalcActivity]#10(BLAST Consumer)10](id:2e2b0000000b,api:0,p:-1,c:11819) dequeueBuffer: BufferQueue has been abandoned
12-26 17:07:03.407 11819 11819 E surfaceDestroyed: ------
12-26 17:07:03.413 11819 12023 E BufferQueueProducer: [SurfaceView[]#11(BLAST Consumer)11](id:2e2b0000000d,api:0,p:-1,c:11819) dequeueBuffer: BufferQueue has no connected producer
12-26 17:07:03.413 11819 12023 E mali_so : encounter the first mali_error : 0x0002 : failed to allocate CPU memory (gles_fb_first_operation_cb at hardware/arm/maliT760/driver/product/gles/src/fb/mali_gles_fb_module_api.c:987)
12-26 17:07:03.413 11819 12023 E BufferQueueProducer: [SurfaceView[]#11(BLAST Consumer)11](id:2e2b0000000d,api:0,p:-1,c:11819) dequeueBuffer: BufferQueue has no connected producer
12-26 17:07:03.414 11819 12023 E BufferQueueProducer: [SurfaceView[]#11(BLAST Consumer)11](id:2e2b0000000d,api:0,p:-1,c:11819) disconnect: not connected (req=1)
12-26 17:07:03.481 11819 11819 E language: ch
12-26 17:07:06.739 11819 11819 E TradeOrderPresenter__doSearchTradeOrder  srcUserName:  
12-26 17:07:06.739 11819 11819 E getTradeOrders:       2023-12-26 00:00:00 2023-12-26 17:10:59
12-26 17:07:06.742 11819 11819 E findTraderOrders: 0   0
12-26 17:07:06.744 11819 11819 E doSearchTradeOrder: 0  0  
12-26 17:07:06.746 11819 11819 E USBTransferUtil: 当前可用 usb 设备数量: 0
12-26 17:07:06.796 11819 12072 E ywl5320 : fbo success
12-26 17:07:06.796 11819 12072 E mali_so : encounter the first gles_error : 0x0001; gles_state_error_info : <param> is not an accepted value (gles_texturep_tex_parameteri_input_param_validation at hardware/arm/maliT760/driver/product/gles/src/texture/mali_gles_texture_helpers.c:1095)
12-26 17:07:07.519 11819 11819 E USBTransferUtil: 当前可用 usb 设备数量: 0
12-26 17:07:08.177 11819 12087 E innerRecognize: recognizeByFilter6
12-26 17:07:08.177 11819 12087 E recognize: 406ms   /storage/emulated/0/shifang/ai_dish/image/20231226/6d107f8c-5706-46e7-b25b-d7b877eedbdf.jpg  
12-26 17:07:08.300 11819 11819 E resultDishCount: 6 个菜品
12-26 17:07:10.516 11819 11819 E surfaceDestroyed: ------
12-26 17:07:10.518 11819 11819 E surfaceDestroyed: ------
12-26 17:07:10.522 11819 12074 E BufferQueueProducer: [SurfaceView[]#17(BLAST Consumer)17](id:2e2b00000014,api:0,p:-1,c:11819) dequeueBuffer: BufferQueue has no connected producer
12-26 17:07:10.522 11819 12074 E mali_so : encounter the first mali_error : 0x0002 : failed to allocate CPU memory (gles_fb_first_operation_cb at hardware/arm/maliT760/driver/product/gles/src/fb/mali_gles_fb_module_api.c:987)
12-26 17:07:10.522 11819 12074 E BufferQueueProducer: [SurfaceView[]#17(BLAST Consumer)17](id:2e2b00000014,api:0,p:-1,c:11819) dequeueBuffer: BufferQueue has no connected producer
12-26 17:07:10.523 11819 12074 E BufferQueueProducer: [SurfaceView[]#17(BLAST Consumer)17](id:2e2b00000014,api:0,p:-1,c:11819) disconnect: not connected (req=1)
12-26 17:07:10.530 11819 12072 E BufferQueueProducer: [SurfaceView[com.shifang.aidish.offline/com.shifang.aidish.mvp.ui.DetectCalcActivity]#16(BLAST Consumer)16](id:2e2b00000012,api:0,p:-1,c:11819) dequeueBuffer: BufferQueue has been abandoned
12-26 17:07:10.530 11819 12072 E mali_so : encounter the first mali_error : 0x0002 : failed to allocate CPU memory (gles_fb_first_operation_cb at hardware/arm/maliT760/driver/product/gles/src/fb/mali_gles_fb_module_api.c:987)
12-26 17:07:10.530 11819 12072 E BufferQueueProducer: [SurfaceView[com.shifang.aidish.offline/com.shifang.aidish.mvp.ui.DetectCalcActivity]#16(BLAST Consumer)16](id:2e2b00000012,api:0,p:-1,c:11819) dequeueBuffer: BufferQueue has been abandoned
12-26 17:07:13.688 11819 11819 E language: ch
12-26 17:07:16.009 11819 11819 E TradeOrderPresenter__doSearchTradeOrder  srcUserName:  
12-26 17:07:16.009 11819 11819 E getTradeOrders:       2023-12-26 00:00:00 2023-12-26 17:10:59
12-26 17:07:16.011 11819 11819 E findTraderOrders: 0   0
12-26 17:07:16.012 11819 11819 E doSearchTradeOrder: 0  0  
12-26 17:07:16.015 11819 11819 E USBTransferUtil: 当前可用 usb 设备数量: 0
12-26 17:07:16.074 11819 12116 E ywl5320 : fbo success
12-26 17:07:16.074 11819 12116 E mali_so : encounter the first gles_error : 0x0001; gles_state_error_info : <param> is not an accepted value (gles_texturep_tex_parameteri_input_param_validation at hardware/arm/maliT760/driver/product/gles/src/texture/mali_gles_texture_helpers.c:1095)
12-26 17:07:16.815 11819 11819 E USBTransferUtil: 当前可用 usb 设备数量: 0
12-26 17:07:17.510 11819 12131 E innerRecognize: recognizeByFilter6
12-26 17:07:17.510 11819 12131 E recognize: 442ms   /storage/emulated/0/shifang/ai_dish/image/20231226/8afb44d9-7f1e-4f2b-920a-dd55f145eb6e.jpg  
12-26 17:07:17.621 11819 11819 E resultDishCount: 6 个菜品
12-26 17:07:21.830 11819 11819 E updateSchedule: {"date":"2023-12-26","supper":""}
12-26 17:07:21.842 11819 12007 E currentDishSchedule_update: {"date":"2023-12-26","id":1,"supper":""}
12-26 17:07:24.980 11819 11929 E scanResult: NFC162999845    
12-26 17:07:24.981 11819 12166 E setReaderCode: NFC162999845  true    true   PAY_WAIT
12-26 17:07:24.981 11819 12166 E readIdResult: 162999845   kCard
12-26 17:07:27.075 11819 11907 E syncSubImage: 4 
12-26 17:07:27.098 11819 11898 E syncSubImage: 3 
12-26 17:07:27.134 11819 11929 E scanResult: NFC162999845    
12-26 17:07:27.134 11819 12171 E setReaderCode: NFC162999845  true    false   PAY_ING
12-26 17:07:29.164 11819 11929 E scanResult: NFC162999845    
12-26 17:07:29.164 11819 12174 E setReaderCode: NFC162999845  true    false   PAY_ING
12-26 17:07:29.884 11819 11929 E scanResult: NFC162999845    
12-26 17:07:29.884 11819 12176 E setReaderCode: NFC162999845  true    false   PAY_ING
12-26 17:07:31.953 11819 11929 E scanResult: NFC162999845    
12-26 17:07:31.953 11819 12179 E setReaderCode: NFC162999845  true    false   PAY_ING
12-26 17:07:33.978 11819 11929 E scanResult: NFC162999845    
12-26 17:07:33.979 11819 12184 E setReaderCode: NFC162999845  true    false   PAY_ING
12-26 17:07:34.184 11819 11929 E scanResult: NFC162999845    
12-26 17:07:34.184 11819 12185 E setReaderCode: NFC162999845  true    false   PAY_ING
12-26 17:07:36.196 11819 11929 E scanResult: NFC162999845    
12-26 17:07:36.196 11819 12188 E setReaderCode: NFC162999845  true    false   PAY_ING
12-26 17:07:38.203 11819 11929 E scanResult: NFC162999845    
12-26 17:07:38.203 11819 12191 E setReaderCode: NFC162999845  true    false   PAY_ING
12-26 17:08:12.798 11819 11819 E surfaceDestroyed: ------
12-26 17:08:12.800 11819 11819 E surfaceDestroyed: ------
12-26 17:08:12.806 11819 12118 E BufferQueueProducer: [SurfaceView[]#23(BLAST Consumer)23](id:2e2b0000001b,api:0,p:-1,c:11819) dequeueBuffer: BufferQueue has no connected producer
12-26 17:08:12.806 11819 12118 E mali_so : encounter the first mali_error : 0x0002 : failed to allocate CPU memory (gles_fb_first_operation_cb at hardware/arm/maliT760/driver/product/gles/src/fb/mali_gles_fb_module_api.c:987)
12-26 17:08:12.807 11819 12118 E BufferQueueProducer: [SurfaceView[]#23(BLAST Consumer)23](id:2e2b0000001b,api:0,p:-1,c:11819) dequeueBuffer: BufferQueue has no connected producer
12-26 17:08:12.807 11819 12118 E BufferQueueProducer: [SurfaceView[]#23(BLAST Consumer)23](id:2e2b0000001b,api:0,p:-1,c:11819) disconnect: not connected (req=1)
12-26 17:08:12.810 11819 12116 E BufferQueueProducer: [SurfaceView[com.shifang.aidish.offline/com.shifang.aidish.mvp.ui.DetectCalcActivity]#22(BLAST Consumer)22](id:2e2b00000019,api:0,p:-1,c:11819) dequeueBuffer: BufferQueue has been abandoned
12-26 17:08:12.810 11819 12116 E mali_so : encounter the first mali_error : 0x0002 : failed to allocate CPU memory (gles_fb_first_operation_cb at hardware/arm/maliT760/driver/product/gles/src/fb/mali_gles_fb_module_api.c:987)
12-26 17:08:12.812 11819 12116 E BufferQueueProducer: [SurfaceView[com.shifang.aidish.offline/com.shifang.aidish.mvp.ui.DetectCalcActivity]#22(BLAST Consumer)22](id:2e2b00000019,api:0,p:-1,c:11819) dequeueBuffer: BufferQueue has been abandoned
12-26 17:08:19.058 11819 11819 E TradeOrderPresenter__doSearchTradeOrder  srcUserName:  
12-26 17:08:19.058 11819 11819 E getTradeOrders:       2023-12-26 00:00:00 2023-12-26 17:11:59
12-26 17:08:19.059 11819 11819 E findTraderOrders: 0   0
12-26 17:08:19.060 11819 11819 E doSearchTradeOrder: 0  0  
12-26 17:08:19.062 11819 11819 E USBTransferUtil: 当前可用 usb 设备数量: 0
12-26 17:08:19.101 11819 12278 E ywl5320 : fbo success
12-26 17:08:19.101 11819 12278 E mali_so : encounter the first gles_error : 0x0001; gles_state_error_info : <param> is not an accepted value (gles_texturep_tex_parameteri_input_param_validation at hardware/arm/maliT760/driver/product/gles/src/texture/mali_gles_texture_helpers.c:1095)
12-26 17:08:19.827 11819 11819 E USBTransferUtil: 当前可用 usb 设备数量: 0
12-26 17:08:20.274 11819 11819 E surfaceDestroyed: ------
12-26 17:08:20.275 11819 11819 E surfaceDestroyed: ------
12-26 17:08:20.279 11819 12280 E BufferQueueProducer: [SurfaceView[]#26(BLAST Consumer)26](id:2e2b00000020,api:0,p:-1,c:11819) dequeueBuffer: BufferQueue has no connected producer
12-26 17:08:20.279 11819 12280 E mali_so : encounter the first mali_error : 0x0002 : failed to allocate CPU memory (gles_fb_first_operation_cb at hardware/arm/maliT760/driver/product/gles/src/fb/mali_gles_fb_module_api.c:987)
12-26 17:08:20.280 11819 12280 E BufferQueueProducer: [SurfaceView[]#26(BLAST Consumer)26](id:2e2b00000020,api:0,p:-1,c:11819) dequeueBuffer: BufferQueue has no connected producer
12-26 17:08:20.280 11819 12278 E BufferQueueProducer: [SurfaceView[com.shifang.aidish.offline/com.shifang.aidish.mvp.ui.DetectCalcActivity]#25(BLAST Consumer)25](id:2e2b0000001e,api:0,p:-1,c:11819) dequeueBuffer: BufferQueue has been abandoned
12-26 17:08:20.280 11819 12278 E mali_so : encounter the first mali_error : 0x0002 : failed to allocate CPU memory (gles_fb_first_operation_cb at hardware/arm/maliT760/driver/product/gles/src/fb/mali_gles_fb_module_api.c:987)
12-26 17:08:20.281 11819 12278 E BufferQueueProducer: [SurfaceView[com.shifang.aidish.offline/com.shifang.aidish.mvp.ui.DetectCalcActivity]#25(BLAST Consumer)25](id:2e2b0000001e,api:0,p:-1,c:11819) dequeueBuffer: BufferQueue has been abandoned
12-26 17:08:20.282 11819 12280 E BufferQueueProducer: [SurfaceView[]#26(BLAST Consumer)26](id:2e2b00000020,api:0,p:-1,c:11819) disconnect: not connected (req=1)
12-26 17:08:20.464 11819 12296 E getNewVersion: null
12-26 17:08:20.614 11819 12294 E innerRecognize: recognizeByFilter6
12-26 17:08:20.614 11819 12294 E recognize: 540ms   /storage/emulated/0/shifang/ai_dish/image/20231226/bb9f86c5-8d05-450f-8385-6cd885fb09d2.jpg  
12-26 17:08:27.308 11819 11907 E syncSubImage: 1 
12-26 17:08:27.326 11819 11898 E syncSubImage: 1 
12-26 17:08:37.341 11819 11819 E checkLicense: checkLicense
12-26 17:08:37.880 11819 11819 E checkLicense sfAuthErrorCode:      true
12-26 17:08:41.414 11819 11819 E paymentProviderType: {"channelName":"测试","paymentProviderType":"ppt_SF_Test"}
12-26 17:08:42.296 11819 12367 E SyncDataService_onStartCommand: false
12-26 17:08:42.299 11819 12367 E PaymentProvider__syncData: 0 
12-26 17:08:42.302 11819 12368 E syncSubImage: 0 
12-26 17:08:42.394 11819 12365 E getNewVersion: null
12-26 17:08:43.066 11819 11819 E Bundle  : putString->args_tag:null
12-26 17:08:43.066 11819 11819 E Bundle  : putString->args_tag:null
12-26 17:08:43.066 11819 11819 E Bundle  : putString->args_tag:null
12-26 17:08:43.067 11819 11819 E Bundle  : putString->args_tag:null
12-26 17:08:43.084 11819 11819 E language: ch
12-26 17:08:43.155 11819 11819 E TradeOrderPresenter__doSearchTradeOrder  srcUserName:  
12-26 17:08:43.156 11819 11819 E getTradeOrders:       2023-12-26 00:00:00 2023-12-26 17:11:59
12-26 17:08:43.156 11819 11819 E findTraderOrders: 0   0
12-26 17:08:43.157 11819 11819 E doSearchTradeOrder: 0  0  
12-26 17:08:43.158 11819 11819 E USBTransferUtil: 当前可用 usb 设备数量: 0
12-26 17:08:43.172 11819 12379 E ts_scan_state_fun: 1 
12-26 17:08:43.279 11819 12383 E ywl5320 : fbo success
12-26 17:08:43.279 11819 12383 E mali_so : encounter the first gles_error : 0x0001; gles_state_error_info : <param> is not an accepted value (gles_texturep_tex_parameteri_input_param_validation at hardware/arm/maliT760/driver/product/gles/src/texture/mali_gles_texture_helpers.c:1095)
12-26 17:08:44.014 11819 11819 E USBTransferUtil: 当前可用 usb 设备数量: 0
12-26 17:08:44.754 11819 12398 E innerRecognize: recognizeByFilter6
12-26 17:08:44.754 11819 12398 E recognize: 466ms   /storage/emulated/0/shifang/ai_dish/image/20231226/6ac348f8-b828-44b2-a98d-23e9daf3c548.jpg  
12-26 17:08:44.815 11819 11819 E resultDishCount: 6 个菜品
12-26 17:08:45.989 11819 11819 E surfaceDestroyed: ------
12-26 17:08:45.991 11819 11819 E surfaceDestroyed: ------
12-26 17:08:45.997 11819 12383 E BufferQueueProducer: [SurfaceView[com.shifang.aidish.offline/com.shifang.aidish.mvp.ui.DetectCalcActivity]#36(BLAST Consumer)36](id:2e2b0000002a,api:0,p:-1,c:11819) dequeueBuffer: BufferQueue has no connected producer
12-26 17:08:45.997 11819 12383 E mali_so : encounter the first mali_error : 0x0002 : failed to allocate CPU memory (gles_fb_first_operation_cb at hardware/arm/maliT760/driver/product/gles/src/fb/mali_gles_fb_module_api.c:987)
12-26 17:08:46.002 11819 12385 E BufferQueueProducer: [SurfaceView[]#37(BLAST Consumer)37](id:2e2b0000002c,api:0,p:-1,c:11819) dequeueBuffer: BufferQueue has no connected producer
12-26 17:08:46.002 11819 12385 E mali_so : encounter the first mali_error : 0x0002 : failed to allocate CPU memory (gles_fb_first_operation_cb at hardware/arm/maliT760/driver/product/gles/src/fb/mali_gles_fb_module_api.c:987)
12-26 17:08:46.003 11819 12385 E BufferQueueProducer: [SurfaceView[]#37(BLAST Consumer)37](id:2e2b0000002c,api:0,p:-1,c:11819) dequeueBuffer: BufferQueue has no connected producer
12-26 17:08:46.006 11819 12383 E BufferQueueProducer: [SurfaceView[com.shifang.aidish.offline/com.shifang.aidish.mvp.ui.DetectCalcActivity]#36(BLAST Consumer)36](id:2e2b0000002a,api:0,p:-1,c:11819) dequeueBuffer: BufferQueue has been abandoned
12-26 17:08:48.401 11819 11819 E language: ch
12-26 17:08:51.900 11819 11819 E TradeOrderPresenter__doSearchTradeOrder  srcUserName:  
12-26 17:08:51.900 11819 11819 E getTradeOrders:       2023-12-26 00:00:00 2023-12-26 17:11:59
12-26 17:08:51.901 11819 11819 E findTraderOrders: 0   0
12-26 17:08:51.902 11819 11819 E doSearchTradeOrder: 0  0  
12-26 17:08:51.905 11819 11819 E USBTransferUtil: 当前可用 usb 设备数量: 0
12-26 17:08:51.952 11819 12423 E ywl5320 : fbo success
12-26 17:08:51.952 11819 12423 E mali_so : encounter the first gles_error : 0x0001; gles_state_error_info : <param> is not an accepted value (gles_texturep_tex_parameteri_input_param_validation at hardware/arm/maliT760/driver/product/gles/src/texture/mali_gles_texture_helpers.c:1095)
12-26 17:08:52.707 11819 11819 E USBTransferUtil: 当前可用 usb 设备数量: 0
12-26 17:08:53.408 11819 12437 E innerRecognize: recognizeByFilter6
12-26 17:08:53.408 11819 12437 E recognize: 443ms   /storage/emulated/0/shifang/ai_dish/image/20231226/72332515-4769-46cd-b162-c7b7ddf8899e.jpg  
12-26 17:08:53.473 11819 12378 E ts_scan_state_fun: 1 
12-26 17:08:53.601 11819 11819 E resultDishCount: 6 个菜品
12-26 17:08:55.525 11819 11819 E resultDishCount: 6 个菜品
12-26 17:08:56.073 11819 11819 E doFeedbackDishes: {"products":[],"requestId":"69adddf849584cb2a843412a25aabfbb"}
12-26 17:08:56.078 11819 11819 E updateSchedule: {"date":"2023-12-26","supper":""}
12-26 17:08:56.079 11819 12414 E currentDishSchedule_update: {"date":"2023-12-26","id":1,"supper":""}
12-26 17:08:57.527 11819 12374 E scanResult: NFC162999845    
12-26 17:08:57.527 11819 12464 E setReaderCode: NFC162999845  true    true   PAY_WAIT
12-26 17:08:57.527 11819 12464 E readIdResult: 162999845   kCard
12-26 17:08:57.533 11819 12464 E PaymentProvider___innerPay_paymentResult: {"amount":2.0,"balance":7558.0,"fee":2.0,"params":{"beforeDiscountAmount":2.0,"discount":100.0,"orderId":"1703581737528","orders":[{"code":"-1","name":"定价商品","price":2.0,"trayOrderItemType":"INPUT"}],"ordertype":"ot_Consume","payId":"0162999845","paytype":"kCard","totalAmount":2.0},"payId":"0162999845","payStatus":"PAY_SUCCESS","payType":"kCard","paymentProviderType":"ppt_SF_Test","tradeNo":"1703581737529","userId":"testUser"}
12-26 17:08:57.534 11819 12464 E PaymentProvider__updateUserInfo: {"amount":2.0,"balance":7558.0,"fee":2.0,"params":{"beforeDiscountAmount":2.0,"discount":100.0,"orderId":"1703581737528","orders":[{"code":"-1","name":"定价商品","price":2.0,"trayOrderItemType":"INPUT"}],"ordertype":"ot_Consume","payId":"0162999845","paytype":"kCard","totalAmount":2.0},"payId":"0162999845","payStatus":"PAY_SUCCESS","payType":"kCard","paymentProviderType":"ppt_SF_Test","tradeNo":"1703581737529","userId":"testUser"}
12-26 17:08:57.536 11819 12464 E scanResult: NFC162999845  完成
12-26 17:08:58.815 11819 11819 E TradeOrderPresenter__createTradeOrder: 1703581737529 
12-26 17:08:58.816 11819 11819 E TradeOrderPresenter__doSearchTradeOrder  srcUserName:  
12-26 17:08:58.816 11819 11819 E getTradeOrders:       2023-12-26 00:00:00 2023-12-26 17:11:59
12-26 17:08:58.820 11819 11819 E findTraderOrders: 1   1
12-26 17:08:58.821 11819 11819 E doSearchTradeOrder: 1  1  
12-26 17:08:59.583 11819 12374 E scanResult: NFC162999845    
12-26 17:08:59.584 11819 12468 E setReaderCode: NFC162999845  true    false   PAY_SUCCESS
12-26 17:09:01.605 11819 12374 E scanResult: NFC162999845    
12-26 17:09:01.605 11819 12473 E setReaderCode: NFC162999845  true    false   PAY_SUCCESS
12-26 17:09:03.812 11819 11819 E surfaceDestroyed: ------
12-26 17:09:03.813 11819 11819 E surfaceDestroyed: ------
12-26 17:09:03.817 11819 12423 E BufferQueueProducer: [SurfaceView[com.shifang.aidish.offline/com.shifang.aidish.mvp.ui.DetectCalcActivity]#42(BLAST Consumer)42](id:2e2b00000031,api:0,p:-1,c:11819) dequeueBuffer: BufferQueue has been abandoned
12-26 17:09:03.817 11819 12423 E mali_so : encounter the first mali_error : 0x0002 : failed to allocate CPU memory (gles_fb_first_operation_cb at hardware/arm/maliT760/driver/product/gles/src/fb/mali_gles_fb_module_api.c:987)
12-26 17:09:03.818 11819 12423 E BufferQueueProducer: [SurfaceView[com.shifang.aidish.offline/com.shifang.aidish.mvp.ui.DetectCalcActivity]#42(BLAST Consumer)42](id:2e2b00000031,api:0,p:-1,c:11819) dequeueBuffer: BufferQueue has been abandoned
12-26 17:09:03.825 11819 12425 E BufferQueueProducer: [SurfaceView[]#43(BLAST Consumer)43](id:2e2b00000033,api:0,p:-1,c:11819) dequeueBuffer: BufferQueue has no connected producer
12-26 17:09:03.825 11819 12425 E mali_so : encounter the first mali_error : 0x0002 : failed to allocate CPU memory (gles_fb_first_operation_cb at hardware/arm/maliT760/driver/product/gles/src/fb/mali_gles_fb_module_api.c:987)
12-26 17:09:03.825 11819 12425 E BufferQueueProducer: [SurfaceView[]#43(BLAST Consumer)43](id:2e2b00000033,api:0,p:-1,c:11819) dequeueBuffer: BufferQueue has no connected producer
12-26 17:09:03.826 11819 12425 E BufferQueueProducer: [SurfaceView[]#43(BLAST Consumer)43](id:2e2b00000033,api:0,p:-1,c:11819) disconnect: not connected (req=1)
12-26 17:09:03.871 11819 11819 E TradeOrderPresenter__doSearchTradeOrder  srcUserName:  
12-26 17:09:03.871 11819 11819 E getTradeOrders:       2023-12-26 00:00:00 2023-12-26 17:12:59
12-26 17:09:03.873 11819 11819 E findTraderOrders: 1   1
12-26 17:09:03.873 11819 11819 E doSearchTradeOrder: 1  1  
12-26 17:09:06.189 11819 11819 E getRefundTradeOrder: []     2.0
12-26 17:09:06.193 11819 11819 E refund_amount  canRefundAmount: 2.0 
12-26 17:09:07.639 11819 11819 E USBTransferUtil: 当前可用 usb 设备数量: 0
12-26 17:09:16.770 11819 12505 E OrderManagerActivity__refundResult: {"code":0,"msg":"success","success":true}
12-26 17:09:19.114 11819 11819 E getRefundTradeOrder: [{"createdDate":" 2023-12-26 17:09","dishTradeOrder":{"amount":2.0,"amountBeforeDiscount":2.0,"createdDate":" 2023-12-26 17:08","deviceNo":"a5318be63e927271409e2261c5951f43","discount":100.0,"discountAmount":0.0,"dishTradeSubOrderList":[{"amount":0.0,"amountBeforeDiscount":0.0,"discount":0.0,"discountAmount":0.0,"dishTradeOrderItems":[],"id":1,"imagePath":"/storage/emulated/0/shifang/ai_dish/image//20231226/72332515-4769-46cd-b162-c7b7ddf8899e.jpg","requestId":"69adddf849584cb2a843412a25aabfbb","tradeOrderId":1},{"amount":2.0,"amountBeforeDiscount":0.0,"discount":0.0,"discountAmount":0.0,"dishTradeOrderItems":[{"discount":0.0,"discountAmount":0.0,"id":1,"name":"定价商品","price":2.0,"priceBeforeDiscount":0.0,"productId":-1,"tradeSubOrderId":2}],"id":2,"tradeOrderId":1}],"id":1,"lastModifiedDate":" 2023-12-26 17:08","outTradeNo":"1703581737529","paymentProvider":"27","paymentType":"0","srcICId":"0162999845","srcOrderId":"1703581737528","srcUserId":"0162999845","tradeNo":"1703581737529"},"dishTradeOrderId":1,"id":1,"lastModifiedDate":" 2023-12-26 17:09","outTradeNo":"1703581737529","refundAmount":1.236,"refundReason":"用户退款","srcOrderId":"1703581737528","tradeNo":"1703581737529"}]     2.0
12-26 17:09:27.386 11819 11898 E syncSubImage: 2 
12-26 17:09:27.407 11819 11907 E syncSubImage: 1 
12-26 17:09:28.032 11819 11907 E UploadDishTaskService_setGroundTruth: {"products":[],"requestId":"69adddf849584cb2a843412a25aabfbb"}
12-26 17:09:28.143 11819 11898 E UploadDishTaskService_setGroundTruth: {"products":[],"requestId":"69adddf849584cb2a843412a25aabfbb"}
12-26 17:09:42.312 11819 12368 E syncSubImage: 0 
12-26 17:10:28.198 11819 11908 E ZyTkPaymentProvider__getAccessTokenRequest_exception: com.shifang.lib_sf_rxhttp.exception.ApiException: 连接超时  http://23.52.99.15:8087/api/token?appid=9DD8666A2F4E87D042C2071CD590BB38&appsecret=8B2DCAC4DD8ECA9E2CE14E949F31B18F
12-26 17:10:28.201 11819 11907 E syncSubImage: 0 
12-26 17:10:28.226 11819 11898 E syncSubImage: 0 
12-26 17:10:42.328 11819 12368 E syncSubImage: 0 
12-26 17:11:00.065 11819 11819 E getRefundTradeOrder: [{"createdDate":" 2023-12-26 17:09","dishTradeOrder":{"amount":2.0,"amountBeforeDiscount":2.0,"createdDate":" 2023-12-26 17:08","deviceNo":"a5318be63e927271409e2261c5951f43","discount":100.0,"discountAmount":0.0,"dishTradeSubOrderList":[{"amount":0.0,"amountBeforeDiscount":0.0,"discount":0.0,"discountAmount":0.0,"dishTradeOrderItems":[],"id":1,"imagePath":"/storage/emulated/0/shifang/ai_dish/image//20231226/72332515-4769-46cd-b162-c7b7ddf8899e.jpg","requestId":"69adddf849584cb2a843412a25aabfbb","tradeOrderId":1},{"amount":2.0,"amountBeforeDiscount":0.0,"discount":0.0,"discountAmount":0.0,"dishTradeOrderItems":[{"discount":0.0,"discountAmount":0.0,"id":1,"name":"定价商品","price":2.0,"priceBeforeDiscount":0.0,"productId":-1,"tradeSubOrderId":2}],"id":2,"tradeOrderId":1}],"id":1,"lastModifiedDate":" 2023-12-26 17:08","outTradeNo":"1703581737529","paymentProvider":"27","paymentType":"0","srcICId":"0162999845","srcOrderId":"1703581737528","srcUserId":"0162999845","tradeNo":"1703581737529"},"dishTradeOrderId":1,"id":1,"lastModifiedDate":" 2023-12-26 17:09","outTradeNo":"1703581737529","refundAmount":1.236,"refundReason":"用户退款","srcOrderId":"1703581737528","tradeNo":"1703581737529"}]     2.0
12-26 17:11:27.420 11819 12166 E ZyTkPaymentProvider__getAccessTokenRequest_exception: com.shifang.lib_sf_rxhttp.exception.ApiException: 连接超时  http://23.52.99.15:8087/api/token?appid=9DD8666A2F4E87D042C2071CD590BB38&appsecret=8B2DCAC4DD8ECA9E2CE14E949F31B18F
12-26 17:11:28.228 11819 11907 E syncSubImage: 0 
12-26 17:11:28.245 11819 11898 E syncSubImage: 0 
12-26 17:11:31.990 11819 11819 E TradeOrderPresenter__doSearchTradeOrder  srcUserName:  
12-26 17:11:31.990 11819 11819 E getTradeOrders:       2023-12-26 00:00:00 2023-12-26 17:14:59
12-26 17:11:31.992 11819 11819 E findTraderOrders: 1   1
12-26 17:11:31.992 11819 11819 E doSearchTradeOrder: 1  1  
12-26 17:11:34.874 11819 11819 E TradeOrderPresenter__doSearchTradeOrder  srcUserName:  
12-26 17:11:34.874 11819 11819 E getTradeOrders:       2023-12-26 00:00:00 2023-12-26 17:14:59
12-26 17:11:34.878 11819 11819 E findTraderOrders: 1   1
12-26 17:11:34.880 11819 11819 E doSearchTradeOrder: 1  1  
12-26 17:11:34.886 11819 11819 E USBTransferUtil: 当前可用 usb 设备数量: 0
12-26 17:11:34.936 11819 12679 E ywl5320 : fbo success
12-26 17:11:34.936 11819 12679 E mali_so : encounter the first gles_error : 0x0001; gles_state_error_info : <param> is not an accepted value (gles_texturep_tex_parameteri_input_param_validation at hardware/arm/maliT760/driver/product/gles/src/texture/mali_gles_texture_helpers.c:1095)
12-26 17:11:35.663 11819 11819 E USBTransferUtil: 当前可用 usb 设备数量: 0
12-26 17:11:36.440 11819 12693 E innerRecognize: recognizeByFilter6
12-26 17:11:36.440 11819 12693 E recognize: 510ms   /storage/emulated/0/shifang/ai_dish/image/20231226/8f618390-d274-4c02-b2e6-0b939ce563a2.jpg  
12-26 17:11:36.510 11819 11819 E resultDishCount: 6 个菜品
12-26 17:11:42.359 11819 12368 E syncSubImage: 1 
12-26 17:11:45.213 11819 11819 E surfaceDestroyed: ------
12-26 17:11:45.215 11819 11819 E surfaceDestroyed: ------
12-26 17:11:45.217 11819 12681 E BufferQueueProducer: [SurfaceView[]#54(BLAST Consumer)54](id:2e2b00000040,api:0,p:-1,c:11819) dequeueBuffer: BufferQueue has no connected producer
12-26 17:11:45.217 11819 12681 E mali_so : encounter the first mali_error : 0x0002 : failed to allocate CPU memory (gles_fb_first_operation_cb at hardware/arm/maliT760/driver/product/gles/src/fb/mali_gles_fb_module_api.c:987)
12-26 17:11:45.217 11819 12681 E BufferQueueProducer: [SurfaceView[]#54(BLAST Consumer)54](id:2e2b00000040,api:0,p:-1,c:11819) dequeueBuffer: BufferQueue has no connected producer
12-26 17:11:45.220 11819 12681 E BufferQueueProducer: [SurfaceView[]#54(BLAST Consumer)54](id:2e2b00000040,api:0,p:-1,c:11819) disconnect: not connected (req=1)
12-26 17:11:45.224 11819 12679 E BufferQueueProducer: [SurfaceView[com.shifang.aidish.offline/com.shifang.aidish.mvp.ui.DetectCalcActivity]#53(BLAST Consumer)53](id:2e2b0000003e,api:0,p:-1,c:11819) dequeueBuffer: BufferQueue has been abandoned
12-26 17:11:45.224 11819 12679 E mali_so : encounter the first mali_error : 0x0002 : failed to allocate CPU memory (gles_fb_first_operation_cb at hardware/arm/maliT760/driver/product/gles/src/fb/mali_gles_fb_module_api.c:987)
12-26 17:11:45.229 11819 12679 E BufferQueueProducer: [SurfaceView[com.shifang.aidish.offline/com.shifang.aidish.mvp.ui.DetectCalcActivity]#53(BLAST Consumer)53](id:2e2b0000003e,api:0,p:-1,c:11819) dequeueBuffer: BufferQueue has been abandoned
12-26 17:11:45.266 11819 11819 E TradeOrderPresenter__doSearchTradeOrder  srcUserName:  
12-26 17:11:45.266 11819 11819 E getTradeOrders:       2023-12-26 00:00:00 2023-12-26 17:14:59
12-26 17:11:45.267 11819 11819 E findTraderOrders: 1   1
12-26 17:11:45.268 11819 11819 E doSearchTradeOrder: 1  1  
12-26 17:11:46.544 11819 11819 E TradeOrderPresenter__doSearchTradeOrder  srcUserName:  
12-26 17:11:46.544 11819 11819 E getTradeOrders:       2023-12-26 00:00:00 2023-12-26 17:14:59
12-26 17:11:46.547 11819 11819 E findTraderOrders: 1   1
12-26 17:11:46.548 11819 11819 E doSearchTradeOrder: 1  1  
12-26 17:11:46.552 11819 11819 E USBTransferUtil: 当前可用 usb 设备数量: 0
12-26 17:11:46.592 11819 12730 E ywl5320 : fbo success
12-26 17:11:46.593 11819 12730 E mali_so : encounter the first gles_error : 0x0001; gles_state_error_info : <param> is not an accepted value (gles_texturep_tex_parameteri_input_param_validation at hardware/arm/maliT760/driver/product/gles/src/texture/mali_gles_texture_helpers.c:1095)
12-26 17:11:47.259 11819 11819 E USBTransferUtil: 当前可用 usb 设备数量: 0
12-26 17:11:47.982 11819 12744 E innerRecognize: recognizeByFilter6
12-26 17:11:47.982 11819 12744 E recognize: 472ms   /storage/emulated/0/shifang/ai_dish/image/20231226/6cdd170c-cc30-4ae2-9353-b1e7ea7cc68e.jpg  
12-26 17:11:48.063 11819 11819 E resultDishCount: 6 个菜品
12-26 17:12:28.259 11819 11907 E syncSubImage: 1 
12-26 17:12:28.288 11819 11898 E syncSubImage: 0 
12-26 17:12:42.423 11819 12368 E syncSubImage: 0 
12-26 17:13:28.328 11819 11898 E syncSubImage: 0 
12-26 17:13:28.329 11819 11907 E syncSubImage: 0 
12-26 17:13:42.453 11819 12368 E syncSubImage: 0 
12-26 17:14:28.342 11819 11898 E syncSubImage: 0 
12-26 17:14:28.343 11819 11907 E syncSubImage: 0 
12-26 17:14:29.974 11819 11908 E ZyTkPaymentProvider__getCurrentNewPhotoId_Exception: com.shifang.lib_sf_rxhttp.exception.ApiException: 连接超时    http://23.52.99.15:8087/api/common/systemdocking/getaccphotofixid?access_token=
12-26 17:14:29.977 11819 11908 E ZyTkPaymentProvider__updateFace:   0  100  0
12-26 17:14:42.466 11819 12368 E syncSubImage: 0 
12-26 17:15:28.366 11819 11907 E syncSubImage: 0 
12-26 17:15:28.369 11819 11898 E syncSubImage: 0 
12-26 17:15:29.206 11819 12166 E ZyTkPaymentProvider__getAccount_Exception: com.shifang.lib_sf_rxhttp.exception.ApiException: 连接超时   http://23.52.99.15:8087/api/common/infoqueryservice/getaccount?access_token=
12-26 17:15:29.212 11819 12166 E PaymentProvider___innerPay_paymentResult: {"amount":0.0,"balance":0.0,"fee":0.0,"message":"账户不存在","params":{"beforeDiscountAmount":4.0,"discount":100.0,"orderId":"1703581644985","orders":[{"code":"-1","name":"定价商品","price":2.0,"trayOrderItemType":"INPUT"}],"ordertype":"ot_Consume","payId":"0162999845","paytype":"kCard","totalAmount":4.0},"payStatus":"PAY_FAIL","payType":"kCard","ps_status":"PSS_OK"}
12-26 17:15:29.219 11819 12166 E scanResult: NFC162999845  完成
12-26 17:15:42.481 11819 12368 E syncSubImage: 0 
12-26 17:16:28.391 11819 11898 E syncSubImage: 0 
12-26 17:16:28.393 11819 11907 E syncSubImage: 0 
12-26 17:16:42.517 11819 12368 E syncSubImage: 0 
12-26 17:17:28.415 11819 11898 E syncSubImage: 0 
12-26 17:17:28.424 11819 11907 E syncSubImage: 0 
12-26 17:17:42.536 11819 12368 E syncSubImage: 0 
12-26 17:17:50.748 11819 11819 E USBTransferUtil: 当前可用 usb 设备数量: 0
12-26 17:17:55.881 11819 11819 E surfaceDestroyed: ------
12-26 17:17:55.883 11819 11819 E surfaceDestroyed: ------
12-26 17:17:55.896 11819 12730 E BufferQueueProducer: [SurfaceView[com.shifang.aidish.offline/com.shifang.aidish.mvp.ui.DetectCalcActivity]#60(BLAST Consumer)60](id:2e2b00000046,api:0,p:-1,c:11819) dequeueBuffer: BufferQueue has been abandoned
12-26 17:17:55.896 11819 12730 E mali_so : encounter the first mali_error : 0x0002 : failed to allocate CPU memory (gles_fb_first_operation_cb at hardware/arm/maliT760/driver/product/gles/src/fb/mali_gles_fb_module_api.c:987)
12-26 17:17:55.897 11819 12730 E BufferQueueProducer: [SurfaceView[com.shifang.aidish.offline/com.shifang.aidish.mvp.ui.DetectCalcActivity]#60(BLAST Consumer)60](id:2e2b00000046,api:0,p:-1,c:11819) dequeueBuffer: BufferQueue has been abandoned
12-26 17:17:55.898 11819 12732 E BufferQueueProducer: [SurfaceView[]#61(BLAST Consumer)61](id:2e2b00000048,api:0,p:-1,c:11819) dequeueBuffer: BufferQueue has no connected producer
12-26 17:17:55.898 11819 12732 E mali_so : encounter the first mali_error : 0x0002 : failed to allocate CPU memory (gles_fb_first_operation_cb at hardware/arm/maliT760/driver/product/gles/src/fb/mali_gles_fb_module_api.c:987)
12-26 17:17:55.898 11819 12732 E BufferQueueProducer: [SurfaceView[]#61(BLAST Consumer)61](id:2e2b00000048,api:0,p:-1,c:11819) dequeueBuffer: BufferQueue has no connected producer
12-26 17:17:55.901 11819 12732 E BufferQueueProducer: [SurfaceView[]#61(BLAST Consumer)61](id:2e2b00000048,api:0,p:-1,c:11819) disconnect: not connected (req=1)
12-26 17:17:55.923 11819 11819 E TradeOrderPresenter__doSearchTradeOrder  srcUserName:  
12-26 17:17:55.923 11819 11819 E getTradeOrders:       2023-12-26 00:00:00 2023-12-26 17:20:59
12-26 17:17:55.925 11819 11819 E findTraderOrders: 1   1
12-26 17:17:55.926 11819 11819 E doSearchTradeOrder: 1  1  
12-26 17:18:28.444 11819 11898 E syncSubImage: 0 
12-26 17:18:28.446 11819 11907 E syncSubImage: 0 
12-26 17:18:42.553 11819 12368 E syncSubImage: 0 
12-26 17:19:28.466 11819 11898 E syncSubImage: 0 
12-26 17:19:28.477 11819 11907 E syncSubImage: 0 
12-26 17:19:31.759 11819 11908 E ZyTkPaymentProvider__getAccessTokenRequest_exception: com.shifang.lib_sf_rxhttp.exception.ApiException: 连接超时  http://23.52.99.15:8087/api/token?appid=9DD8666A2F4E87D042C2071CD590BB38&appsecret=8B2DCAC4DD8ECA9E2CE14E949F31B18F
12-26 17:19:41.415 11819 11819 E setListener: rgSwitchDateTime
12-26 17:19:41.415 11819 11819 E setListener: checkCbDateBtn
12-26 17:19:42.229 11819 11819 E setListener: rgSwitchDateTime
12-26 17:19:42.578 11819 12368 E syncSubImage: 0 
12-26 17:20:28.490 11819 11898 E syncSubImage: 0 
12-26 17:20:28.502 11819 11907 E syncSubImage: 0 
12-26 17:20:42.607 11819 12368 E syncSubImage: 0 
12-26 17:21:28.525 11819 11898 E syncSubImage: 0 
12-26 17:21:28.528 11819 11907 E syncSubImage: 0 
12-26 17:21:42.634 11819 12368 E syncSubImage: 0 
12-26 17:22:28.551 11819 11898 E syncSubImage: 0 
12-26 17:22:28.554 11819 11907 E syncSubImage: 0 
12-26 17:22:42.660 11819 12368 E syncSubImage: 0 
12-26 17:23:11.324 11819 11819 E TradeOrderPresenter__doSearchTradeOrder  srcUserName:  
12-26 17:23:11.324 11819 11819 E getTradeOrders:       2023-12-26 00:00:00 2023-12-26 17:26:59
12-26 17:23:11.328 11819 11819 E findTraderOrders: 1   1
12-26 17:23:11.330 11819 11819 E doSearchTradeOrder: 1  1  
12-26 17:23:11.333 11819 11819 E USBTransferUtil: 当前可用 usb 设备数量: 0
12-26 17:23:11.372 11819 13462 E ywl5320 : fbo success
12-26 17:23:11.372 11819 13462 E mali_so : encounter the first gles_error : 0x0001; gles_state_error_info : <param> is not an accepted value (gles_texturep_tex_parameteri_input_param_validation at hardware/arm/maliT760/driver/product/gles/src/texture/mali_gles_texture_helpers.c:1095)
12-26 17:23:12.078 11819 11819 E USBTransferUtil: 当前可用 usb 设备数量: 0
12-26 17:23:12.143 11819 11819 E surfaceDestroyed: ------
12-26 17:23:12.146 11819 11819 E surfaceDestroyed: ------
12-26 17:23:12.146 11819 13465 E BufferQueueProducer: [SurfaceView[]#68(BLAST Consumer)68](id:2e2b00000050,api:0,p:-1,c:11819) dequeueBuffer: BufferQueue has no connected producer
12-26 17:23:12.146 11819 13465 E mali_so : encounter the first mali_error : 0x0002 : failed to allocate CPU memory (gles_fb_first_operation_cb at hardware/arm/maliT760/driver/product/gles/src/fb/mali_gles_fb_module_api.c:987)
12-26 17:23:12.146 11819 13465 E BufferQueueProducer: [SurfaceView[]#68(BLAST Consumer)68](id:2e2b00000050,api:0,p:-1,c:11819) dequeueBuffer: BufferQueue has no connected producer
12-26 17:23:12.148 11819 13465 E BufferQueueProducer: [SurfaceView[]#68(BLAST Consumer)68](id:2e2b00000050,api:0,p:-1,c:11819) disconnect: not connected (req=1)
12-26 17:23:12.158 11819 13462 E BufferQueueProducer: [SurfaceView[com.shifang.aidish.offline/com.shifang.aidish.mvp.ui.DetectCalcActivity]#67(BLAST Consumer)67](id:2e2b0000004e,api:0,p:-1,c:11819) dequeueBuffer: BufferQueue has been abandoned
12-26 17:23:12.158 11819 13462 E mali_so : encounter the first mali_error : 0x0002 : failed to allocate CPU memory (gles_fb_first_operation_cb at hardware/arm/maliT760/driver/product/gles/src/fb/mali_gles_fb_module_api.c:987)
12-26 17:23:12.158 11819 13462 E BufferQueueProducer: [SurfaceView[com.shifang.aidish.offline/com.shifang.aidish.mvp.ui.DetectCalcActivity]#67(BLAST Consumer)67](id:2e2b0000004e,api:0,p:-1,c:11819) dequeueBuffer: BufferQueue has been abandoned
12-26 17:23:12.203 11819 11819 E language: ch
12-26 17:23:12.669 11819 13487 E innerRecognize: recognizeByFilter6
12-26 17:23:12.669 11819 13487 E recognize: 371ms   /storage/emulated/0/shifang/ai_dish/image/20231226/32bfd84a-7569-40cb-aef4-50d76766325e.jpg  
12-26 17:23:13.454 11819 11819 E DishManagerActivity__开启当餐: 开启当餐
12-26 17:23:28.589 11819 11907 E syncSubImage: 1 
12-26 17:23:28.590 11819 11898 E syncSubImage: 1 
12-26 17:23:33.541 11819 11908 E ZyTkPaymentProvider__getCurrentNewPhotoId_Exception: com.shifang.lib_sf_rxhttp.exception.ApiException: 连接超时    http://23.52.99.15:8087/api/common/systemdocking/getaccphotofixid?access_token=
12-26 17:23:33.548 11819 11908 E ZyTkPaymentProvider__updateFace:   0  100  0
12-26 17:23:35.676 11819 11921 E currentDishSchedule_update: {"date":"2023-12-26","id":1,"supper":""}
12-26 17:23:35.681 11819 11819 E DishManagerActivity__关闭当餐: 关闭当餐
12-26 17:23:36.517 11819 11819 E DishManagerActivity__开启当餐: 开启当餐
12-26 17:23:42.685 11819 12368 E syncSubImage: 0 
12-26 17:24:28.654 11819 11898 E syncSubImage: 0 
12-26 17:24:28.658 11819 11907 E syncSubImage: 0 
12-26 17:24:42.710 11819 12368 E syncSubImage: 0 
12-26 17:25:19.268 11819 11819 E TradeOrderPresenter__doSearchTradeOrder  srcUserName:  
12-26 17:25:19.268 11819 11819 E getTradeOrders:       2023-12-26 00:00:00 2023-12-26 17:28:59
12-26 17:25:19.272 11819 11819 E findTraderOrders: 1   1
12-26 17:25:19.272 11819 11819 E doSearchTradeOrder: 1  1  
12-26 17:25:19.274 11819 11819 E USBTransferUtil: 当前可用 usb 设备数量: 0
12-26 17:25:19.326 11819 13626 E ywl5320 : fbo success
12-26 17:25:19.326 11819 13626 E mali_so : encounter the first gles_error : 0x0001; gles_state_error_info : <param> is not an accepted value (gles_texturep_tex_parameteri_input_param_validation at hardware/arm/maliT760/driver/product/gles/src/texture/mali_gles_texture_helpers.c:1095)
12-26 17:25:20.046 11819 11819 E USBTransferUtil: 当前可用 usb 设备数量: 0
12-26 17:25:20.458 11819 11819 E USBTransferUtil: 当前可用 usb 设备数量: 0
12-26 17:25:20.783 11819 13640 E innerRecognize: recognizeByFilter6
12-26 17:25:20.783 11819 13640 E recognize: 454ms   /storage/emulated/0/shifang/ai_dish/image/20231226/9751396c-fe12-405f-b188-4744aadfc2a7.jpg  
12-26 17:25:20.861 11819 11819 E resultDishCount: 6 个菜品
12-26 17:25:21.348 11819 13642 E innerRecognize: recognizeByFilter6
12-26 17:25:21.348 11819 13642 E recognize: 469ms   /storage/emulated/0/shifang/ai_dish/image/20231226/99689cd8-9ce1-4651-ab7f-027d643a65a0.jpg  
12-26 17:25:21.399 11819 11819 E resultDishCount: 6 个菜品
12-26 17:25:21.710 11819 11819 E resultDishCount: 6 个菜品
12-26 17:25:25.401 11819 13674 E updateProductFeature: 1   e93c6fcb956a43fd90bfc5ce7e640d87   {"classId":0,"cropImagePath":"/storage/emulated/0/shifang/ai_dish/image//20231226/99689cd8-9ce1-4651-ab7f-027d643a65a0.jpg_3.jpg","operation":"CREATE","posIndex":3,"predictClassId":0,"productName":"[新菜1]","tag":""}
12-26 17:25:25.439 11819 11819 E doUploadProductImg success: /storage/emulated/0/Android/shifangfood/dish_image.jpg
12-26 17:25:25.439 11819 11819 E uploadProductImgSuccess: [新菜1]  3c9cfba3e7a644c9808acf704fe899df 1
12-26 17:25:25.917 11819 13674 E updateProductFeature: {"classId":0,"cropImagePath":"/storage/emulated/0/shifang/ai_dish/image//20231226/99689cd8-9ce1-4651-ab7f-027d643a65a0.jpg_3.jpg","operation":"CREATE","posIndex":3,"predictClassId":0,"productName":"[新菜1]","tag":""}
12-26 17:25:25.926 11819 13674 E updateDishSchedule: 2 
12-26 17:25:25.927 11819 13674 E currentDishSchedule_update: {"date":"2023-12-26","id":1,"supper":"1"}
12-26 17:25:25.942 11819 13674 E dishScheduleVO: [新菜1]  1  {"date":"2023-12-26","id":1,"supper":"1"}
12-26 17:25:26.044 11819 11819 E resultDishCount: 6 个菜品
12-26 17:25:27.252 11819 11819 E surfaceDestroyed: ------
12-26 17:25:27.253 11819 11819 E surfaceDestroyed: ------
12-26 17:25:27.253 11819 11819 E Surface : freeAllBuffers: 1 buffers were freed while being dequeued!
12-26 17:25:27.256 11819 13628 E Surface : getSlotFromBufferLocked: unknown buffer: 0x7080414110
12-26 17:25:27.256 11819 13628 E Surface : freeAllBuffers: 1 buffers were freed while being dequeued!
12-26 17:25:27.256 11819 13628 E BufferQueueProducer: [SurfaceView[]#76(BLAST Consumer)76](id:2e2b00000059,api:0,p:-1,c:11819) disconnect: not connected (req=1)
12-26 17:25:27.269 11819 13626 E BufferQueueProducer: [SurfaceView[com.shifang.aidish.offline/com.shifang.aidish.mvp.ui.DetectCalcActivity]#75(BLAST Consumer)75](id:2e2b00000057,api:0,p:-1,c:11819) dequeueBuffer: BufferQueue has no connected producer
12-26 17:25:27.269 11819 13626 E mali_so : encounter the first mali_error : 0x0002 : failed to allocate CPU memory (gles_fb_first_operation_cb at hardware/arm/maliT760/driver/product/gles/src/fb/mali_gles_fb_module_api.c:987)
12-26 17:25:27.270 11819 13626 E BufferQueueProducer: [SurfaceView[com.shifang.aidish.offline/com.shifang.aidish.mvp.ui.DetectCalcActivity]#75(BLAST Consumer)75](id:2e2b00000057,api:0,p:-1,c:11819) dequeueBuffer: BufferQueue has no connected producer
12-26 17:25:27.271 11819 13626 E BufferQueueProducer: [SurfaceView[com.shifang.aidish.offline/com.shifang.aidish.mvp.ui.DetectCalcActivity]#75(BLAST Consumer)75](id:2e2b00000057,api:0,p:-1,c:11819) disconnect: not connected (req=1)
12-26 17:25:27.315 11819 11819 E language: ch
12-26 17:25:27.386 11819 13683 E showDishScheduleByDateList: {"breakfast":[],"date":"2023-12-26","lunch":[],"supper":[{"checkColor":false,"checkPlateArea":false,"checkShape":false,"classId":0,"confidence":1.0,"discount":0.0,"id":1,"imageId":"3c9cfba3e7a644c9808acf704fe899df","name":"[新菜1]","price":2.0,"tag":"","weight":150}]}
12-26 17:25:28.692 11819 11907 E syncSubImage: 2 
12-26 17:25:28.693 11819 11898 E syncSubImage: 2 
12-26 17:25:28.751 11819 11819 E setDishInfo: {"checkColor":false,"checkPlateArea":false,"checkShape":false,"classId":0,"confidence":1.0,"discount":0.0,"id":1,"imageId":"3c9cfba3e7a644c9808acf704fe899df","name":"[新菜1]","price":2.0,"tag":"","weight":150}
12-26 17:25:42.732 11819 12368 E syncSubImage: 0 
12-26 17:26:28.896 11819 11898 E syncSubImage: 0 
12-26 17:26:28.898 11819 11907 E syncSubImage: 0 
12-26 17:26:42.757 11819 12368 E syncSubImage: 0 
12-26 17:27:28.926 11819 11898 E syncSubImage: 0 
12-26 17:27:28.934 11819 11907 E syncSubImage: 0 
12-26 17:27:42.784 11819 12368 E syncSubImage: 0 
12-26 17:28:28.965 11819 11907 E syncSubImage: 0 
12-26 17:28:28.970 11819 11898 E syncSubImage: 0 
12-26 17:28:35.302 11819 11908 E ZyTkPaymentProvider__getAccessTokenRequest_exception: com.shifang.lib_sf_rxhttp.exception.ApiException: 连接超时  http://23.52.99.15:8087/api/token?appid=9DD8666A2F4E87D042C2071CD590BB38&appsecret=8B2DCAC4DD8ECA9E2CE14E949F31B18F
12-26 17:28:42.805 11819 12368 E syncSubImage: 0 
12-26 17:29:29.004 11819 11898 E syncSubImage: 0 
12-26 17:29:29.006 11819 11907 E syncSubImage: 0 
12-26 17:29:42.828 11819 12368 E syncSubImage: 0 
12-26 17:30:29.034 11819 11898 E syncSubImage: 0 
12-26 17:30:29.036 11819 11907 E syncSubImage: 0 
12-26 17:30:42.845 11819 12368 E syncSubImage: 0 
12-26 17:31:29.070 11819 11907 E syncSubImage: 0 
12-26 17:31:29.071 11819 11898 E syncSubImage: 0 
12-26 17:31:42.870 11819 12368 E syncSubImage: 0 
12-26 17:32:27.548 11819 11819 E setDishInfo: {"checkColor":false,"checkPlateArea":false,"checkShape":false,"classId":0,"confidence":1.0,"discount":0.0,"id":1,"imageId":"3c9cfba3e7a644c9808acf704fe899df","name":"[新菜1]","price":2.0,"tag":"","weight":150}
12-26 17:32:29.102 11819 11907 E syncSubImage: 0 
12-26 17:32:29.103 11819 11898 E syncSubImage: 0 
12-26 17:32:33.528 11819 12007 E updateProduct: {"checkColor":false,"checkPlateArea":false,"checkShape":false,"classId":0,"confidence":1.0,"discount":0.0,"id":1,"imageId":"3c9cfba3e7a644c9808acf704fe899df","name":"[新菜1]","price":2.0,"tag":"非标品","weight":150}
12-26 17:32:33.537 11819 11819 E parseDishTag: 非标品
12-26 17:32:35.537 11819 11819 E setDishInfo: {"checkColor":false,"checkPlateArea":false,"checkShape":false,"classId":0,"confidence":1.0,"discount":0.0,"id":1,"imageId":"3c9cfba3e7a644c9808acf704fe899df","name":"[新菜1]","price":2.0,"tag":"非标品","weight":150}
12-26 17:32:37.086 11819 11908 E ZyTkPaymentProvider__getCurrentNewPhotoId_Exception: com.shifang.lib_sf_rxhttp.exception.ApiException: 连接超时    http://23.52.99.15:8087/api/common/systemdocking/getaccphotofixid?access_token=
12-26 17:32:37.092 11819 11908 E ZyTkPaymentProvider__updateFace:   0  100  0
12-26 17:32:38.482 11819 11819 E TradeOrderPresenter__doSearchTradeOrder  srcUserName:  
12-26 17:32:38.482 11819 11819 E getTradeOrders:       2023-12-26 00:00:00 2023-12-26 17:35:59
12-26 17:32:38.486 11819 11819 E findTraderOrders: 1   1
12-26 17:32:38.487 11819 11819 E doSearchTradeOrder: 1  1  
12-26 17:32:38.491 11819 11819 E USBTransferUtil: 当前可用 usb 设备数量: 0
12-26 17:32:38.533 11819 14162 E ywl5320 : fbo success
12-26 17:32:38.533 11819 14162 E mali_so : encounter the first gles_error : 0x0001; gles_state_error_info : <param> is not an accepted value (gles_texturep_tex_parameteri_input_param_validation at hardware/arm/maliT760/driver/product/gles/src/texture/mali_gles_texture_helpers.c:1095)
12-26 17:32:39.210 11819 11819 E USBTransferUtil: 当前可用 usb 设备数量: 0
12-26 17:32:39.431 11819 11819 E surfaceDestroyed: ------
12-26 17:32:39.432 11819 11819 E surfaceDestroyed: ------
12-26 17:32:39.446 11819 14162 E BufferQueueProducer: [SurfaceView[com.shifang.aidish.offline/com.shifang.aidish.mvp.ui.DetectCalcActivity]#92(BLAST Consumer)92](id:2e2b00000069,api:0,p:-1,c:11819) dequeueBuffer: BufferQueue has been abandoned
