12-26 12:28:54.838 24808 25708 E recognize: 666ms   /storage/emulated/0/shifang/ai_dish/image/20231226/7e36282f-059b-4fc5-a927-b96e2b4b717d.jpg  
12-26 12:28:54.942 24808 24808 E resultDishCount: 5 个菜品
12-26 12:28:56.539 24808 25720 E innerRecognize: recognizeByFilter5
12-26 12:28:56.539 24808 25720 E recognize: 686ms   /storage/emulated/0/shifang/ai_dish/image/20231226/d87b2a08-78f2-49f0-8ad0-4c3da2678867.jpg  
12-26 12:28:56.612 24808 24808 E resultDishCount: 5 个菜品
12-26 12:28:58.251 24808 25359 E innerRecognize: recognizeByFilter5
12-26 12:28:58.251 24808 25359 E recognize: 725ms   /storage/emulated/0/shifang/ai_dish/image/20231226/01256065-2fcf-4460-aa22-e4c33e23b955.jpg  
12-26 12:28:58.353 24808 24808 E resultDishCount: 5 个菜品
12-26 12:28:59.811 24808 25555 E innerRecognize: recognizeByFilter5
12-26 12:28:59.811 24808 25555 E recognize: 661ms   /storage/emulated/0/shifang/ai_dish/image/20231226/a8223281-c407-4d80-ae3e-310e0505851a.jpg  
12-26 12:28:59.915 24808 24808 E resultDishCount: 5 个菜品
12-26 12:29:01.578 24808 25556 E innerRecognize: recognizeByFilter5
12-26 12:29:01.578 24808 25556 E recognize: 752ms   /storage/emulated/0/shifang/ai_dish/image/20231226/2127af92-3674-4e84-8c77-fbf37ab1c006.jpg  
12-26 12:29:01.656 24808 24808 E resultDishCount: 5 个菜品
12-26 12:29:03.133 24808 25577 E innerRecognize: recognizeByFilter5
12-26 12:29:03.133 24808 25577 E recognize: 665ms   /storage/emulated/0/shifang/ai_dish/image/20231226/bbc83a2d-1abc-4b78-a708-958d3f623ba9.jpg  
12-26 12:29:03.200 24808 24808 E resultDishCount: 5 个菜品
12-26 12:29:04.761 24808 25588 E innerRecognize: recognizeByFilter5
12-26 12:29:04.761 24808 25588 E recognize: 639ms   /storage/emulated/0/shifang/ai_dish/image/20231226/1ca86167-2bbf-403b-809a-8a1025b76271.jpg  
12-26 12:29:04.852 24808 24808 E resultDishCount: 5 个菜品
12-26 12:29:06.517 24808 25598 E innerRecognize: recognizeByFilter5
12-26 12:29:06.517 24808 25598 E recognize: 713ms   /storage/emulated/0/shifang/ai_dish/image/20231226/1a3d1df7-da01-495a-946d-d8dd54152534.jpg  
12-26 12:29:06.611 24808 24808 E resultDishCount: 5 个菜品
12-26 12:29:08.149 24808 25609 E innerRecognize: recognizeByFilter5
12-26 12:29:08.149 24808 25609 E recognize: 694ms   /storage/emulated/0/shifang/ai_dish/image/20231226/d12264e0-be3d-4294-8f19-a462281edd72.jpg  
12-26 12:29:08.245 24808 24808 E resultDishCount: 5 个菜品
12-26 12:29:09.931 24808 25620 E innerRecognize: recognizeByFilter5
12-26 12:29:09.931 24808 25620 E recognize: 719ms   /storage/emulated/0/shifang/ai_dish/image/20231226/dc8bbc9d-ab12-468f-b791-e856b2191fc8.jpg  
12-26 12:29:10.040 24808 24808 E resultDishCount: 5 个菜品
12-26 12:29:12.337 24808 25631 E innerRecognize: recognizeByFilter5
12-26 12:29:12.337 24808 25631 E recognize: 1473ms   /storage/emulated/0/shifang/ai_dish/image/20231226/2b7163fe-1aa0-423d-84f9-59dc49ab3d58.jpg  
12-26 12:29:20.377 24808 24808 E resultDishCount: 5 个菜品
12-26 12:29:21.092 24808 25642 E innerRecognize: recognizeByFilter5
12-26 12:29:21.092 24808 25642 E recognize: 722ms   /storage/emulated/0/shifang/ai_dish/image/20231226/b43107f0-48ae-487d-8ca7-d42881db4596.jpg  
12-26 12:29:21.656 24808 24808 E resultDishCount: 5 个菜品
12-26 12:29:22.420 24808 25653 E innerRecognize: recognizeByFilter5
12-26 12:29:22.420 24808 25653 E recognize: 779ms   /storage/emulated/0/shifang/ai_dish/image/20231226/f96af11d-8aea-4cbc-90e9-381003ec8574.jpg  
12-26 12:29:22.518 24808 24808 E resultDishCount: 5 个菜品
12-26 12:29:23.251 24808 25664 E innerRecognize: recognizeByFilter5
12-26 12:29:23.251 24808 25664 E recognize: 743ms   /storage/emulated/0/shifang/ai_dish/image/20231226/513fe13e-1e9e-431f-badd-5af4bc67fb84.jpg  
12-26 12:29:23.362 24808 24808 E resultDishCount: 5 个菜品
12-26 12:29:24.024 24808 25674 E innerRecognize: recognizeByFilter5
12-26 12:29:24.024 24808 25674 E recognize: 666ms   /storage/emulated/0/shifang/ai_dish/image/20231226/a52c22ff-35ac-4e49-b004-b3f531eca2b2.jpg  
12-26 12:29:24.124 24808 24808 E resultDishCount: 5 个菜品
12-26 12:29:24.827 24808 25685 E innerRecognize: recognizeByFilter5
12-26 12:29:24.827 24808 25685 E recognize: 705ms   /storage/emulated/0/shifang/ai_dish/image/20231226/bab7eb32-6b21-4222-8616-de519a45bf83.jpg  
12-26 12:29:24.942 24808 24808 E resultDishCount: 5 个菜品
12-26 12:29:25.640 24808 25696 E innerRecognize: recognizeByFilter5
12-26 12:29:25.640 24808 25696 E recognize: 706ms   /storage/emulated/0/shifang/ai_dish/image/20231226/7e8ab18f-0da4-4c2b-891d-1bbf9b6c0aab.jpg  
12-26 12:29:25.732 24808 24808 E resultDishCount: 5 个菜品
12-26 12:29:26.390 24808 25708 E innerRecognize: recognizeByFilter5
12-26 12:29:26.390 24808 25708 E recognize: 661ms   /storage/emulated/0/shifang/ai_dish/image/20231226/af7cde7d-1369-49ad-b041-ebf68b0b61f2.jpg  
12-26 12:29:26.504 24808 24808 E resultDishCount: 5 个菜品
12-26 12:29:27.194 24808 25720 E innerRecognize: recognizeByFilter5
12-26 12:29:27.194 24808 25720 E recognize: 694ms   /storage/emulated/0/shifang/ai_dish/image/20231226/54d700cb-c505-4415-8ff9-a68af17e8d6a.jpg  
12-26 12:29:27.276 24808 24808 E resultDishCount: 5 个菜品
12-26 12:29:28.667 24808 25359 E innerRecognize: recognizeByFilter5
12-26 12:29:28.667 24808 25359 E recognize: 732ms   /storage/emulated/0/shifang/ai_dish/image/20231226/9e03fa19-211b-49f6-93d0-9e4734771c96.jpg  
12-26 12:29:28.767 24808 24808 E resultDishCount: 5 个菜品
12-26 12:29:30.278 24808 25555 E innerRecognize: recognizeByFilter5
12-26 12:29:30.278 24808 25555 E recognize: 705ms   /storage/emulated/0/shifang/ai_dish/image/20231226/3f73651c-617f-43d8-8da0-eba7d4c76838.jpg  
12-26 12:29:30.364 24808 24808 E resultDishCount: 5 个菜品
12-26 12:29:31.944 24808 25556 E innerRecognize: recognizeByFilter5
12-26 12:29:31.944 24808 25556 E recognize: 691ms   /storage/emulated/0/shifang/ai_dish/image/20231226/6433ecc3-c33e-4415-a8a9-e1497024f7a6.jpg  
12-26 12:29:32.015 24808 24808 E resultDishCount: 5 个菜品
12-26 12:29:33.702 24808 25577 E innerRecognize: recognizeByFilter5
12-26 12:29:33.702 24808 25577 E recognize: 740ms   /storage/emulated/0/shifang/ai_dish/image/20231226/848d6e22-19b4-4822-87e8-6bc79a51389e.jpg  
12-26 12:29:33.775 24808 24808 E resultDishCount: 5 个菜品
12-26 12:29:35.342 24808 25588 E innerRecognize: recognizeByFilter5
12-26 12:29:35.342 24808 25588 E recognize: 729ms   /storage/emulated/0/shifang/ai_dish/image/20231226/917544d1-9ca6-48b5-8d69-9b504952d34f.jpg  
12-26 12:29:35.428 24808 24808 E resultDishCount: 5 个菜品
12-26 12:29:36.938 24808 25598 E innerRecognize: recognizeByFilter5
12-26 12:29:36.938 24808 25598 E recognize: 665ms   /storage/emulated/0/shifang/ai_dish/image/20231226/c1b89d36-e64b-4d78-9a36-f8d3190c8655.jpg  
12-26 12:29:37.033 24808 24808 E resultDishCount: 5 个菜品
12-26 12:29:38.665 24808 25609 E innerRecognize: recognizeByFilter5
12-26 12:29:38.665 24808 25609 E recognize: 743ms   /storage/emulated/0/shifang/ai_dish/image/20231226/8a98f773-4b89-440d-a3ad-956096c7594b.jpg  
12-26 12:29:38.748 24808 24808 E resultDishCount: 5 个菜品
12-26 12:29:40.407 24808 25620 E innerRecognize: recognizeByFilter5
12-26 12:29:40.407 24808 25620 E recognize: 752ms   /storage/emulated/0/shifang/ai_dish/image/20231226/50731fa3-3ff0-4f9b-8978-fdbb887ceaee.jpg  
12-26 12:29:40.489 24808 24808 E resultDishCount: 5 个菜品
12-26 12:29:42.016 24808 25631 E innerRecognize: recognizeByFilter5
12-26 12:29:42.016 24808 25631 E recognize: 712ms   /storage/emulated/0/shifang/ai_dish/image/20231226/9f6a500e-789a-4881-bd62-4e8e7c0cb65b.jpg  
12-26 12:29:42.105 24808 24808 E resultDishCount: 5 个菜品
12-26 12:29:43.593 24808 25642 E innerRecognize: recognizeByFilter5
12-26 12:29:43.593 24808 25642 E recognize: 616ms   /storage/emulated/0/shifang/ai_dish/image/20231226/a087fa4a-c26b-4a4c-a623-68fa12b37aca.jpg  
12-26 12:29:43.670 24808 24808 E resultDishCount: 5 个菜品
12-26 12:29:45.343 24808 25653 E innerRecognize: recognizeByFilter5
12-26 12:29:45.343 24808 25653 E recognize: 705ms   /storage/emulated/0/shifang/ai_dish/image/20231226/c407e7fa-26f3-46dc-b52a-23885690b0b5.jpg  
12-26 12:29:45.426 24808 24808 E resultDishCount: 5 个菜品
12-26 12:29:46.997 24808 25664 E innerRecognize: recognizeByFilter5
12-26 12:29:46.997 24808 25664 E recognize: 714ms   /storage/emulated/0/shifang/ai_dish/image/20231226/1aea0d0c-3a98-40e5-8dac-19ccd62cd5c3.jpg  
12-26 12:29:47.078 24808 24808 E resultDishCount: 5 个菜品
12-26 12:29:48.710 24808 25674 E innerRecognize: recognizeByFilter5
12-26 12:29:48.710 24808 25674 E recognize: 699ms   /storage/emulated/0/shifang/ai_dish/image/20231226/d3ceef5a-3ad9-4f0c-8073-280013fdfc47.jpg  
12-26 12:29:48.784 24808 24808 E resultDishCount: 5 个菜品
12-26 12:29:49.919 24808 25300 E registerBgr24: 1 
12-26 12:29:49.919 24808 25300 E FaceServer__: registerBgr24:  ErrorInfo.MOK
12-26 12:29:49.919 24808 25300 E SyncFacePresenter__addFaceLocal_register  fail: 吴彦祖  1
12-26 12:29:49.957 24808 25300 E registerBgr24: 2 
12-26 12:29:49.957 24808 25300 E FaceServer__: registerBgr24:  ErrorInfo.MOK
12-26 12:29:49.957 24808 25300 E SyncFacePresenter__addFaceLocal_register  fail: 郭富城  2
12-26 12:29:49.976 24808 25300 E registerBgr24: 3 
12-26 12:29:49.976 24808 25300 E FaceServer__: registerBgr24:  ErrorInfo.MOK
12-26 12:29:49.976 24808 25300 E SyncFacePresenter__addFaceLocal_register  fail: 谢霆锋  3
12-26 12:29:49.995 24808 25300 E registerBgr24: 4 
12-26 12:29:49.995 24808 25300 E FaceServer__: registerBgr24:  ErrorInfo.MOK
12-26 12:29:49.995 24808 25300 E SyncFacePresenter__addFaceLocal_register  fail: 摩卡  4
12-26 12:29:50.020 24808 25300 E registerBgr24: 5 
12-26 12:29:50.020 24808 25300 E FaceServer__: registerBgr24:  ErrorInfo.MOK
12-26 12:29:50.020 24808 25300 E SyncFacePresenter__addFaceLocal_register  fail: 李连杰  5
12-26 12:29:50.406 24808 25685 E innerRecognize: recognizeByFilter5
12-26 12:29:50.406 24808 25685 E recognize: 747ms   /storage/emulated/0/shifang/ai_dish/image/20231226/68fa21f4-9031-4f0f-b82d-7772007aa872.jpg  
12-26 12:29:50.507 24808 24808 E resultDishCount: 5 个菜品
12-26 12:29:52.070 24808 25696 E innerRecognize: recognizeByFilter5
12-26 12:29:52.070 24808 25696 E recognize: 742ms   /storage/emulated/0/shifang/ai_dish/image/20231226/ad103563-683c-40ed-a271-073eb939392d.jpg  
12-26 12:29:52.177 24808 24808 E resultDishCount: 5 个菜品
12-26 12:29:53.682 24808 25708 E innerRecognize: recognizeByFilter5
12-26 12:29:53.682 24808 25708 E recognize: 685ms   /storage/emulated/0/shifang/ai_dish/image/20231226/96bab208-c489-4691-a717-3345e8660f89.jpg  
12-26 12:29:53.775 24808 24808 E resultDishCount: 5 个菜品
12-26 12:29:55.387 24808 25720 E innerRecognize: recognizeByFilter5
12-26 12:29:55.387 24808 25720 E recognize: 691ms   /storage/emulated/0/shifang/ai_dish/image/20231226/4749e1c3-bf1a-44fc-8cae-77f158943160.jpg  
12-26 12:29:55.480 24808 24808 E resultDishCount: 5 个菜品
12-26 12:29:57.110 24808 25359 E innerRecognize: recognizeByFilter5
12-26 12:29:57.111 24808 25359 E recognize: 721ms   /storage/emulated/0/shifang/ai_dish/image/20231226/aba66e5a-4167-4b90-8c9a-aa8d6a8b79d8.jpg  
12-26 12:29:57.221 24808 24808 E resultDishCount: 5 个菜品
12-26 12:29:58.752 24808 25555 E innerRecognize: recognizeByFilter5
12-26 12:29:58.752 24808 25555 E recognize: 681ms   /storage/emulated/0/shifang/ai_dish/image/20231226/b78e44e4-0a8c-459d-896d-fe16edd78cd1.jpg  
12-26 12:29:58.837 24808 24808 E resultDishCount: 5 个菜品
12-26 12:30:00.474 24808 25556 E innerRecognize: recognizeByFilter5
12-26 12:30:00.474 24808 25556 E recognize: 743ms   /storage/emulated/0/shifang/ai_dish/image/20231226/989c9e3c-3076-409d-920f-3da02b2a689f.jpg  
12-26 12:30:00.579 24808 24808 E resultDishCount: 5 个菜品
12-26 12:30:02.917 24808 25577 E innerRecognize: recognizeByFilter5
12-26 12:30:02.917 24808 25577 E recognize: 666ms   /storage/emulated/0/shifang/ai_dish/image/20231226/6b3942b2-027b-4d70-aedf-82ce1c044664.jpg  
12-26 12:30:03.020 24808 24808 E resultDishCount: 5 个菜品
12-26 12:30:04.600 24808 25588 E innerRecognize: recognizeByFilter5
12-26 12:30:04.600 24808 25588 E recognize: 643ms   /storage/emulated/0/shifang/ai_dish/image/20231226/2c94ef97-dfe5-4a50-8c20-249017a02d23.jpg  
12-26 12:30:04.708 24808 24808 E resultDishCount: 5 个菜品
12-26 12:30:06.244 24808 25598 E innerRecognize: recognizeByFilter5
12-26 12:30:06.244 24808 25598 E recognize: 667ms   /storage/emulated/0/shifang/ai_dish/image/20231226/757c7e32-fe9d-4b01-99f7-fd9ae2451fdd.jpg  
12-26 12:30:06.342 24808 24808 E resultDishCount: 5 个菜品
12-26 12:30:07.901 24808 25609 E innerRecognize: recognizeByFilter5
12-26 12:30:07.901 24808 25609 E recognize: 678ms   /storage/emulated/0/shifang/ai_dish/image/20231226/1b5f4166-c2aa-4cbb-89c8-bb4bbf6acdba.jpg  
12-26 12:30:07.999 24808 24808 E resultDishCount: 5 个菜品
12-26 12:30:09.626 24808 25620 E innerRecognize: recognizeByFilter5
12-26 12:30:09.626 24808 25620 E recognize: 706ms   /storage/emulated/0/shifang/ai_dish/image/20231226/5c97fa47-7a90-45b0-8ebe-c55bae6b44e2.jpg  
12-26 12:30:09.719 24808 24808 E resultDishCount: 5 个菜品
12-26 12:30:11.315 24808 25631 E innerRecognize: recognizeByFilter5
12-26 12:30:11.315 24808 25631 E recognize: 743ms   /storage/emulated/0/shifang/ai_dish/image/20231226/7d4560ec-6df4-49cc-aa6e-1ec344ab1973.jpg  
12-26 12:30:11.405 24808 24808 E resultDishCount: 5 个菜品
12-26 12:30:12.917 24808 25642 E innerRecognize: recognizeByFilter5
12-26 12:30:12.918 24808 25642 E recognize: 689ms   /storage/emulated/0/shifang/ai_dish/image/20231226/2f867900-b85a-4408-ac2e-c09833ddd4fa.jpg  
12-26 12:30:13.002 24808 24808 E resultDishCount: 5 个菜品
12-26 12:30:14.580 24808 25653 E innerRecognize: recognizeByFilter5
12-26 12:30:14.580 24808 25653 E recognize: 650ms   /storage/emulated/0/shifang/ai_dish/image/20231226/c32c7aa1-ff71-4bf6-8f95-f07fae2d95f7.jpg  
12-26 12:30:14.690 24808 24808 E resultDishCount: 5 个菜品
12-26 12:30:16.352 24808 25664 E innerRecognize: recognizeByFilter5
12-26 12:30:16.352 24808 25664 E recognize: 705ms   /storage/emulated/0/shifang/ai_dish/image/20231226/abb1d71f-7113-415c-baed-e96d6a3bac04.jpg  
12-26 12:30:16.449 24808 24808 E resultDishCount: 5 个菜品
12-26 12:30:18.008 24808 25674 E innerRecognize: recognizeByFilter5
12-26 12:30:18.008 24808 25674 E recognize: 689ms   /storage/emulated/0/shifang/ai_dish/image/20231226/d7b33e05-d46d-408b-b573-6b44c8b0ea6d.jpg  
12-26 12:30:18.119 24808 24808 E resultDishCount: 5 个菜品
12-26 12:30:19.631 24808 25685 E innerRecognize: recognizeByFilter5
12-26 12:30:19.631 24808 25685 E recognize: 647ms   /storage/emulated/0/shifang/ai_dish/image/20231226/47ef802e-ad91-4035-94c2-8252f3286bb8.jpg  
12-26 12:30:19.735 24808 24808 E resultDishCount: 5 个菜品
12-26 12:30:21.348 24808 25696 E innerRecognize: recognizeByFilter5
12-26 12:30:21.348 24808 25696 E recognize: 669ms   /storage/emulated/0/shifang/ai_dish/image/20231226/e87bd6fe-8fc3-40b9-80e0-538b3761a4ad.jpg  
12-26 12:30:21.425 24808 24808 E resultDishCount: 5 个菜品
12-26 12:30:23.764 24808 25708 E innerRecognize: recognizeByFilter5
12-26 12:30:23.764 24808 25708 E recognize: 1464ms   /storage/emulated/0/shifang/ai_dish/image/20231226/937a2ca1-2de0-48a9-a603-73dc00897f4e.jpg  
12-26 12:30:32.016 24808 24808 E resultDishCount: 5 个菜品
12-26 12:30:32.761 24808 25720 E innerRecognize: recognizeByFilter5
12-26 12:30:32.761 24808 25720 E recognize: 751ms   /storage/emulated/0/shifang/ai_dish/image/20231226/dd2939ff-4685-49e6-a689-f3df7c2312d1.jpg  
12-26 12:30:33.307 24808 24808 E resultDishCount: 5 个菜品
12-26 12:30:33.931 24808 25359 E innerRecognize: recognizeByFilter5
12-26 12:30:33.931 24808 25359 E recognize: 633ms   /storage/emulated/0/shifang/ai_dish/image/20231226/8bc5a660-f925-4791-8ee3-a607983cb3ab.jpg  
12-26 12:30:34.043 24808 24808 E resultDishCount: 5 个菜品
12-26 12:30:34.792 24808 25555 E innerRecognize: recognizeByFilter5
12-26 12:30:34.792 24808 25555 E recognize: 762ms   /storage/emulated/0/shifang/ai_dish/image/20231226/49166819-bc5c-465e-ba80-34ebc057352b.jpg  
12-26 12:30:34.905 24808 24808 E resultDishCount: 5 个菜品
12-26 12:30:35.630 24808 25556 E innerRecognize: recognizeByFilter5
12-26 12:30:35.630 24808 25556 E recognize: 732ms   /storage/emulated/0/shifang/ai_dish/image/20231226/d709194e-6440-45e7-85b3-d5ebd05342c5.jpg  
12-26 12:30:35.701 24808 24808 E resultDishCount: 5 个菜品
12-26 12:30:36.387 24808 25577 E innerRecognize: recognizeByFilter5
12-26 12:30:36.387 24808 25577 E recognize: 684ms   /storage/emulated/0/shifang/ai_dish/image/20231226/01e72fc3-6a15-45af-9da1-252d233e8462.jpg  
12-26 12:30:36.485 24808 24808 E resultDishCount: 5 个菜品
12-26 12:30:37.186 24808 25588 E innerRecognize: recognizeByFilter5
12-26 12:30:37.186 24808 25588 E recognize: 706ms   /storage/emulated/0/shifang/ai_dish/image/20231226/e380c725-097b-4dd9-925c-1b86cf631016.jpg  
12-26 12:30:37.275 24808 24808 E resultDishCount: 5 个菜品
12-26 12:30:37.974 24808 25598 E innerRecognize: recognizeByFilter5
12-26 12:30:37.974 24808 25598 E recognize: 695ms   /storage/emulated/0/shifang/ai_dish/image/20231226/33a25146-e6a8-4e19-809f-22453f4ed6e2.jpg  
12-26 12:30:38.084 24808 24808 E resultDishCount: 5 个菜品
12-26 12:30:38.797 24808 25609 E innerRecognize: recognizeByFilter5
12-26 12:30:38.798 24808 25609 E recognize: 709ms   /storage/emulated/0/shifang/ai_dish/image/20231226/5a72fdc2-47d9-4e0f-a2b3-6366e53ee4df.jpg  
12-26 12:30:38.891 24808 24808 E resultDishCount: 5 个菜品
12-26 12:30:40.230 24808 25620 E innerRecognize: recognizeByFilter5
12-26 12:30:40.230 24808 25620 E recognize: 703ms   /storage/emulated/0/shifang/ai_dish/image/20231226/1422aad7-1597-492a-90b4-0697c5cbb6b4.jpg  
12-26 12:30:40.345 24808 24808 E resultDishCount: 5 个菜品
12-26 12:30:41.948 24808 25631 E innerRecognize: recognizeByFilter5
12-26 12:30:41.948 24808 25631 E recognize: 732ms   /storage/emulated/0/shifang/ai_dish/image/20231226/28f7c4e8-649f-4a2e-92ce-ec1aee3a8991.jpg  
12-26 12:30:42.033 24808 24808 E resultDishCount: 5 个菜品
12-26 12:30:43.701 24808 25642 E innerRecognize: recognizeByFilter5
12-26 12:30:43.701 24808 25642 E recognize: 751ms   /storage/emulated/0/shifang/ai_dish/image/20231226/e1864471-2b68-487f-8a0e-2c4b6aed8550.jpg  
12-26 12:30:43.810 24808 24808 E resultDishCount: 5 个菜品
12-26 12:30:45.331 24808 25653 E innerRecognize: recognizeByFilter5
12-26 12:30:45.332 24808 25653 E recognize: 709ms   /storage/emulated/0/shifang/ai_dish/image/20231226/39818fa8-5430-483d-93df-762b476c4760.jpg  
12-26 12:30:45.426 24808 24808 E resultDishCount: 5 个菜品
12-26 12:30:46.963 24808 25664 E innerRecognize: recognizeByFilter5
12-26 12:30:46.964 24808 25664 E recognize: 709ms   /storage/emulated/0/shifang/ai_dish/image/20231226/642a559a-cc0d-4f61-b36e-6741d5203c75.jpg  
12-26 12:30:47.059 24808 24808 E resultDishCount: 5 个菜品
12-26 12:30:48.659 24808 25674 E innerRecognize: recognizeByFilter5
12-26 12:30:48.660 24808 25674 E recognize: 739ms   /storage/emulated/0/shifang/ai_dish/image/20231226/787d8a42-6391-439e-94e5-386c3a4fa0bc.jpg  
12-26 12:30:48.765 24808 24808 E resultDishCount: 5 个菜品
12-26 12:30:50.048 24808 25300 E registerBgr24: 1 
12-26 12:30:50.048 24808 25300 E FaceServer__: registerBgr24:  ErrorInfo.MOK
12-26 12:30:50.048 24808 25300 E SyncFacePresenter__addFaceLocal_register  fail: 吴彦祖  1
12-26 12:30:50.083 24808 25300 E registerBgr24: 2 
12-26 12:30:50.083 24808 25300 E FaceServer__: registerBgr24:  ErrorInfo.MOK
12-26 12:30:50.083 24808 25300 E SyncFacePresenter__addFaceLocal_register  fail: 郭富城  2
12-26 12:30:50.111 24808 25300 E registerBgr24: 3 
12-26 12:30:50.111 24808 25300 E FaceServer__: registerBgr24:  ErrorInfo.MOK
12-26 12:30:50.111 24808 25300 E SyncFacePresenter__addFaceLocal_register  fail: 谢霆锋  3
12-26 12:30:50.125 24808 25300 E registerBgr24: 4 
12-26 12:30:50.125 24808 25300 E FaceServer__: registerBgr24:  ErrorInfo.MOK
12-26 12:30:50.125 24808 25300 E SyncFacePresenter__addFaceLocal_register  fail: 摩卡  4
12-26 12:30:50.148 24808 25300 E registerBgr24: 5 
12-26 12:30:50.148 24808 25300 E FaceServer__: registerBgr24:  ErrorInfo.MOK
12-26 12:30:50.148 24808 25300 E SyncFacePresenter__addFaceLocal_register  fail: 李连杰  5
12-26 12:30:50.376 24808 25685 E innerRecognize: recognizeByFilter5
12-26 12:30:50.376 24808 25685 E recognize: 790ms   /storage/emulated/0/shifang/ai_dish/image/20231226/c6b94a20-b967-4017-b5b3-9d65c71f30d1.jpg  
12-26 12:30:50.489 24808 24808 E resultDishCount: 5 个菜品
12-26 12:30:51.909 24808 25696 E innerRecognize: recognizeByFilter5
12-26 12:30:51.909 24808 25696 E recognize: 669ms   /storage/emulated/0/shifang/ai_dish/image/20231226/313e88e9-9ce9-42fe-a1db-4a798fb55bc0.jpg  
12-26 12:30:51.996 24808 24808 E resultDishCount: 5 个菜品
12-26 12:30:53.563 24808 25708 E innerRecognize: recognizeByFilter5
12-26 12:30:53.563 24808 25708 E recognize: 658ms   /storage/emulated/0/shifang/ai_dish/image/20231226/595559c5-edca-498a-9589-a382e5b647e4.jpg  
12-26 12:30:53.650 24808 24808 E resultDishCount: 5 个菜品
12-26 12:30:55.332 24808 25720 E innerRecognize: recognizeByFilter5
12-26 12:30:55.332 24808 25720 E recognize: 742ms   /storage/emulated/0/shifang/ai_dish/image/20231226/3590dc15-f142-43f8-ac51-d6094c4791c4.jpg  
12-26 12:30:55.444 24808 24808 E resultDishCount: 5 个菜品
12-26 12:30:56.961 24808 25359 E innerRecognize: recognizeByFilter5
12-26 12:30:56.961 24808 25359 E recognize: 712ms   /storage/emulated/0/shifang/ai_dish/image/20231226/df01d6ec-f1ad-4313-9fa4-5a20dc7f3b74.jpg  
12-26 12:30:57.046 24808 24808 E resultDishCount: 5 个菜品
12-26 12:30:58.652 24808 25555 E innerRecognize: recognizeByFilter5
12-26 12:30:58.652 24808 25555 E recognize: 715ms   /storage/emulated/0/shifang/ai_dish/image/20231226/39785f41-3f71-47ac-b4db-7327be9edb33.jpg  
12-26 12:30:58.747 24808 24808 E resultDishCount: 5 个菜品
12-26 12:31:00.260 24808 25556 E innerRecognize: recognizeByFilter5
12-26 12:31:00.260 24808 25556 E recognize: 672ms   /storage/emulated/0/shifang/ai_dish/image/20231226/abb26e19-e0c8-4539-8957-a214b3e37761.jpg  
12-26 12:31:00.363 24808 24808 E resultDishCount: 5 个菜品
12-26 12:31:02.787 24808 25577 E innerRecognize: recognizeByFilter5
12-26 12:31:02.787 24808 25577 E recognize: 684ms   /storage/emulated/0/shifang/ai_dish/image/20231226/0c283c00-e20e-4592-8021-dc5cf9b8b9ee.jpg  
12-26 12:31:02.894 24808 24808 E resultDishCount: 5 个菜品
12-26 12:31:04.548 24808 25588 E innerRecognize: recognizeByFilter5
12-26 12:31:04.548 24808 25588 E recognize: 751ms   /storage/emulated/0/shifang/ai_dish/image/20231226/66d3b707-b4ee-48f6-9094-e6561a462030.jpg  
12-26 12:31:04.672 24808 24808 E resultDishCount: 5 个菜品
12-26 12:31:06.140 24808 25598 E innerRecognize: recognizeByFilter5
12-26 12:31:06.140 24808 25598 E recognize: 683ms   /storage/emulated/0/shifang/ai_dish/image/20231226/8716eac1-1d53-4207-8926-f607b42181bf.jpg  
12-26 12:31:06.216 24808 24808 E resultDishCount: 5 个菜品
12-26 12:31:07.801 24808 25609 E innerRecognize: recognizeByFilter5
12-26 12:31:07.801 24808 25609 E recognize: 670ms   /storage/emulated/0/shifang/ai_dish/image/20231226/eefb9074-5ccd-4a43-aed7-0201e77ca66c.jpg  
12-26 12:31:07.885 24808 24808 E resultDishCount: 5 个菜品
12-26 12:31:09.453 24808 25620 E innerRecognize: recognizeByFilter5
12-26 12:31:09.453 24808 25620 E recognize: 670ms   /storage/emulated/0/shifang/ai_dish/image/20231226/2268dfbe-8409-4770-9e5b-b651ded47390.jpg  
12-26 12:31:09.555 24808 24808 E resultDishCount: 5 个菜品
12-26 12:31:11.099 24808 25631 E innerRecognize: recognizeByFilter5
12-26 12:31:11.099 24808 25631 E recognize: 655ms   /storage/emulated/0/shifang/ai_dish/image/20231226/f3ffb520-0b9f-4a67-b207-affa424eb3fc.jpg  
12-26 12:31:11.174 24808 24808 E resultDishCount: 5 个菜品
12-26 12:31:12.729 24808 25642 E innerRecognize: recognizeByFilter5
12-26 12:31:12.729 24808 25642 E recognize: 639ms   /storage/emulated/0/shifang/ai_dish/image/20231226/b6ed359d-4f39-479b-a3ce-d63e720e8f64.jpg  
12-26 12:31:12.858 24808 24808 E resultDishCount: 5 个菜品
12-26 12:31:14.404 24808 25653 E innerRecognize: recognizeByFilter5
12-26 12:31:14.404 24808 25653 E recognize: 652ms   /storage/emulated/0/shifang/ai_dish/image/20231226/c4cdde16-daa8-4777-8e4e-f365ed575d67.jpg  
12-26 12:31:14.474 24808 24808 E resultDishCount: 5 个菜品
12-26 12:31:16.087 24808 25664 E innerRecognize: recognizeByFilter5
12-26 12:31:16.087 24808 25664 E recognize: 689ms   /storage/emulated/0/shifang/ai_dish/image/20231226/76f7ad4d-5eff-4676-887f-4e16991d0501.jpg  
12-26 12:31:16.179 24808 24808 E resultDishCount: 5 个菜品
12-26 12:31:17.789 24808 25674 E innerRecognize: recognizeByFilter5
12-26 12:31:17.789 24808 25674 E recognize: 726ms   /storage/emulated/0/shifang/ai_dish/image/20231226/0961f459-f79f-4e9e-9ba9-55e82ce7db8b.jpg  
12-26 12:31:17.903 24808 24808 E resultDishCount: 5 个菜品
12-26 12:31:19.422 24808 25685 E innerRecognize: recognizeByFilter5
12-26 12:31:19.422 24808 25685 E recognize: 702ms   /storage/emulated/0/shifang/ai_dish/image/20231226/8a2d9c72-5507-4931-9d5e-d6dffe7a889c.jpg  
12-26 12:31:19.519 24808 24808 E resultDishCount: 5 个菜品
12-26 12:31:21.096 24808 25696 E innerRecognize: recognizeByFilter5
12-26 12:31:21.097 24808 25696 E recognize: 702ms   /storage/emulated/0/shifang/ai_dish/image/20231226/81f1632b-3c21-46f9-b5e6-b52a062c3571.jpg  
12-26 12:31:21.189 24808 24808 E resultDishCount: 5 个菜品
12-26 12:31:22.756 24808 25708 E innerRecognize: recognizeByFilter5
12-26 12:31:22.756 24808 25708 E recognize: 696ms   /storage/emulated/0/shifang/ai_dish/image/20231226/c52fe923-6c45-434e-a163-5b1378063f63.jpg  
12-26 12:31:22.840 24808 24808 E resultDishCount: 5 个菜品
12-26 12:31:24.370 24808 25720 E innerRecognize: recognizeByFilter5
12-26 12:31:24.370 24808 25720 E recognize: 662ms   /storage/emulated/0/shifang/ai_dish/image/20231226/ed53eae3-cb1e-4531-ade0-89aeeece160d.jpg  
12-26 12:31:24.438 24808 24808 E resultDishCount: 5 个菜品
12-26 12:31:26.089 24808 25359 E innerRecognize: recognizeByFilter5
12-26 12:31:26.089 24808 25359 E recognize: 673ms   /storage/emulated/0/shifang/ai_dish/image/20231226/896a412b-4a3e-48d8-bd34-413d71c881e5.jpg  
12-26 12:31:26.197 24808 24808 E resultDishCount: 5 个菜品
12-26 12:31:27.813 24808 25555 E innerRecognize: recognizeByFilter5
12-26 12:31:27.813 24808 25555 E recognize: 716ms   /storage/emulated/0/shifang/ai_dish/image/20231226/a5cacc3e-9df5-428a-9476-4de01d032295.jpg  
12-26 12:31:27.903 24808 24808 E resultDishCount: 5 个菜品
12-26 12:31:29.465 24808 25556 E innerRecognize: recognizeByFilter5
12-26 12:31:29.465 24808 25556 E recognize: 698ms   /storage/emulated/0/shifang/ai_dish/image/20231226/4c441cfc-cb24-4af9-9517-e892764076d3.jpg  
12-26 12:31:29.574 24808 24808 E resultDishCount: 5 个菜品
12-26 12:31:31.088 24808 25577 E innerRecognize: recognizeByFilter5
12-26 12:31:31.088 24808 25577 E recognize: 664ms   /storage/emulated/0/shifang/ai_dish/image/20231226/fe76ccac-6f04-4be9-aca8-9b6c2b0ba622.jpg  
12-26 12:31:31.189 24808 24808 E resultDishCount: 5 个菜品
12-26 12:31:32.817 24808 25588 E innerRecognize: recognizeByFilter5
12-26 12:31:32.817 24808 25588 E recognize: 728ms   /storage/emulated/0/shifang/ai_dish/image/20231226/8adea703-ca44-45b0-9dac-513eea035c19.jpg  
12-26 12:31:32.936 24808 24808 E resultDishCount: 5 个菜品
12-26 12:31:35.152 24808 25598 E innerRecognize: recognizeByFilter5
12-26 12:31:35.152 24808 25598 E recognize: 1433ms   /storage/emulated/0/shifang/ai_dish/image/20231226/c8509656-507b-460d-9d73-ed9f2ca79788.jpg  
12-26 12:31:43.974 24808 24808 E resultDishCount: 5 个菜品
12-26 12:31:44.731 24808 25609 E innerRecognize: recognizeByFilter5
12-26 12:31:44.731 24808 25609 E recognize: 762ms   /storage/emulated/0/shifang/ai_dish/image/20231226/81ec299f-33d8-4a3e-ac1b-210fbab1295f.jpg  
12-26 12:31:45.210 24808 24808 E resultDishCount: 5 个菜品
12-26 12:31:45.966 24808 25620 E innerRecognize: recognizeByFilter5
12-26 12:31:45.966 24808 25620 E recognize: 767ms   /storage/emulated/0/shifang/ai_dish/image/20231226/092895b7-4f84-4076-a8e1-9081dfc3912c.jpg  
12-26 12:31:46.071 24808 24808 E resultDishCount: 5 个菜品
12-26 12:31:46.808 24808 25631 E innerRecognize: recognizeByFilter5
12-26 12:31:46.808 24808 25631 E recognize: 750ms   /storage/emulated/0/shifang/ai_dish/image/20231226/e3d4dc7f-09f9-4426-9c9b-0aa7137c9dec.jpg  
12-26 12:31:46.897 24808 24808 E resultDishCount: 5 个菜品
12-26 12:31:47.568 24808 25642 E innerRecognize: recognizeByFilter5
12-26 12:31:47.568 24808 25642 E recognize: 684ms   /storage/emulated/0/shifang/ai_dish/image/20231226/8e88bd69-610b-4be2-b943-424c29d445c3.jpg  
12-26 12:31:47.651 24808 24808 E resultDishCount: 5 个菜品
12-26 12:31:48.367 24808 25653 E innerRecognize: recognizeByFilter5
12-26 12:31:48.368 24808 25653 E recognize: 727ms   /storage/emulated/0/shifang/ai_dish/image/20231226/b38ab260-54a6-44e2-91d5-5d2e4e1862df.jpg  
12-26 12:31:48.491 24808 24808 E resultDishCount: 5 个菜品
12-26 12:31:49.189 24808 25664 E innerRecognize: recognizeByFilter5
12-26 12:31:49.189 24808 25664 E recognize: 689ms   /storage/emulated/0/shifang/ai_dish/image/20231226/d1ab3dbb-1771-4449-a179-ceb80cab32a8.jpg  
12-26 12:31:49.285 24808 24808 E resultDishCount: 5 个菜品
12-26 12:31:50.005 24808 25674 E innerRecognize: recognizeByFilter5
12-26 12:31:50.005 24808 25674 E recognize: 721ms   /storage/emulated/0/shifang/ai_dish/image/20231226/0aa8b15d-0ce5-42ab-b657-4c1ddfaddfce.jpg  
12-26 12:31:50.075 24808 24808 E resultDishCount: 5 个菜品
12-26 12:31:50.174 24808 25300 E registerBgr24: 1 
12-26 12:31:50.174 24808 25300 E FaceServer__: registerBgr24:  ErrorInfo.MOK
12-26 12:31:50.174 24808 25300 E SyncFacePresenter__addFaceLocal_register  fail: 吴彦祖  1
12-26 12:31:50.206 24808 25300 E registerBgr24: 2 
12-26 12:31:50.207 24808 25300 E FaceServer__: registerBgr24:  ErrorInfo.MOK
12-26 12:31:50.207 24808 25300 E SyncFacePresenter__addFaceLocal_register  fail: 郭富城  2
12-26 12:31:50.222 24808 25300 E registerBgr24: 3 
12-26 12:31:50.222 24808 25300 E FaceServer__: registerBgr24:  ErrorInfo.MOK
12-26 12:31:50.222 24808 25300 E SyncFacePresenter__addFaceLocal_register  fail: 谢霆锋  3
12-26 12:31:50.247 24808 25300 E registerBgr24: 4 
12-26 12:31:50.247 24808 25300 E FaceServer__: registerBgr24:  ErrorInfo.MOK
12-26 12:31:50.247 24808 25300 E SyncFacePresenter__addFaceLocal_register  fail: 摩卡  4
12-26 12:31:50.292 24808 25300 E registerBgr24: 5 
12-26 12:31:50.292 24808 25300 E FaceServer__: registerBgr24:  ErrorInfo.MOK
12-26 12:31:50.292 24808 25300 E SyncFacePresenter__addFaceLocal_register  fail: 李连杰  5
12-26 12:31:50.771 24808 25685 E innerRecognize: recognizeByFilter5
12-26 12:31:50.771 24808 25685 E recognize: 701ms   /storage/emulated/0/shifang/ai_dish/image/20231226/91ea7186-48b3-4f94-b34d-1df0f473cf53.jpg  
12-26 12:31:50.883 24808 24808 E resultDishCount: 5 个菜品
12-26 12:31:51.532 24808 25696 E innerRecognize: recognizeByFilter5
12-26 12:31:51.532 24808 25696 E recognize: 649ms   /storage/emulated/0/shifang/ai_dish/image/20231226/9f00ce48-c4bd-4a22-9442-3dbc262b96b9.jpg  
12-26 12:31:51.637 24808 24808 E resultDishCount: 5 个菜品
12-26 12:31:53.274 24808 25708 E innerRecognize: recognizeByFilter5
12-26 12:31:53.274 24808 25708 E recognize: 676ms   /storage/emulated/0/shifang/ai_dish/image/20231226/63557dc4-e00b-4d09-80a1-723039baba4d.jpg  
12-26 12:31:53.361 24808 24808 E resultDishCount: 5 个菜品
12-26 12:31:54.907 24808 25720 E innerRecognize: recognizeByFilter5
12-26 12:31:54.907 24808 25720 E recognize: 623ms   /storage/emulated/0/shifang/ai_dish/image/20231226/032bdcfa-d1ea-42c7-ab80-59393a55292d.jpg  
12-26 12:31:55.030 24808 24808 E resultDishCount: 5 个菜品
12-26 12:31:56.654 24808 25359 E innerRecognize: recognizeByFilter5
12-26 12:31:56.654 24808 25359 E recognize: 701ms   /storage/emulated/0/shifang/ai_dish/image/20231226/afede99d-45a6-4ced-9cf0-9faa3f7d4e4e.jpg  
12-26 12:31:56.736 24808 24808 E resultDishCount: 5 个菜品
12-26 12:31:58.309 24808 25555 E innerRecognize: recognizeByFilter5
12-26 12:31:58.309 24808 25555 E recognize: 723ms   /storage/emulated/0/shifang/ai_dish/image/20231226/63a176d9-d3d0-4298-875c-8353039fb20b.jpg  
12-26 12:31:58.387 24808 24808 E resultDishCount: 5 个菜品
12-26 12:31:59.970 24808 25556 E innerRecognize: recognizeByFilter5
12-26 12:31:59.970 24808 25556 E recognize: 717ms   /storage/emulated/0/shifang/ai_dish/image/20231226/938c62cb-2606-45f0-9ade-76017cb5fb9a.jpg  
12-26 12:32:00.075 24808 24808 E resultDishCount: 5 个菜品
12-26 12:32:01.668 24808 25577 E innerRecognize: recognizeByFilter5
12-26 12:32:01.668 24808 25577 E recognize: 745ms   /storage/emulated/0/shifang/ai_dish/image/20231226/2db12262-d6c8-4689-aa35-2e4900478a85.jpg  
12-26 12:32:01.781 24808 24808 E resultDishCount: 5 个菜品
12-26 12:32:03.273 24808 25588 E innerRecognize: recognizeByFilter5
12-26 12:32:03.273 24808 25588 E recognize: 707ms   /storage/emulated/0/shifang/ai_dish/image/20231226/baa4a510-ecff-44d4-8640-4b3c1e1103bf.jpg  
12-26 12:32:03.361 24808 24808 E resultDishCount: 5 个菜品
12-26 12:32:05.012 24808 25598 E innerRecognize: recognizeByFilter5
12-26 12:32:05.012 24808 25598 E recognize: 715ms   /storage/emulated/0/shifang/ai_dish/image/20231226/d87b354e-002e-4125-9dd6-01122b0eaf7e.jpg  
12-26 12:32:05.084 24808 24808 E resultDishCount: 5 个菜品
12-26 12:32:06.658 24808 25609 E innerRecognize: recognizeByFilter5
12-26 12:32:06.658 24808 25609 E recognize: 706ms   /storage/emulated/0/shifang/ai_dish/image/20231226/adf746ca-f97d-4ba7-a296-6e7704372a3a.jpg  
12-26 12:32:06.736 24808 24808 E resultDishCount: 5 个菜品
12-26 12:32:08.252 24808 25620 E innerRecognize: recognizeByFilter5
12-26 12:32:08.252 24808 25620 E recognize: 646ms   /storage/emulated/0/shifang/ai_dish/image/20231226/d6b20799-4416-42bf-845e-eedf5aa8d81e.jpg  
12-26 12:32:08.369 24808 24808 E resultDishCount: 5 个菜品
12-26 12:32:10.016 24808 25631 E innerRecognize: recognizeByFilter5
12-26 12:32:10.017 24808 25631 E recognize: 745ms   /storage/emulated/0/shifang/ai_dish/image/20231226/734e3488-ab83-41f3-bdb4-db8af0d6437b.jpg  
12-26 12:32:10.111 24808 24808 E resultDishCount: 5 个菜品
12-26 12:32:11.709 24808 25642 E innerRecognize: recognizeByFilter5
12-26 12:32:11.709 24808 25642 E recognize: 727ms   /storage/emulated/0/shifang/ai_dish/image/20231226/69de9f68-7e09-4258-8eb7-a71b609fa50b.jpg  
12-26 12:32:11.799 24808 24808 E resultDishCount: 5 个菜品
12-26 12:32:13.394 24808 25653 E innerRecognize: recognizeByFilter5
12-26 12:32:13.394 24808 25653 E recognize: 702ms   /storage/emulated/0/shifang/ai_dish/image/20231226/e006f1cf-0ab6-451c-a49d-3ff3062d3c2a.jpg  
12-26 12:32:13.523 24808 24808 E resultDishCount: 5 个菜品
12-26 12:32:14.995 24808 25664 E innerRecognize: recognizeByFilter5
12-26 12:32:14.995 24808 25664 E recognize: 638ms   /storage/emulated/0/shifang/ai_dish/image/20231226/79a6a3db-bdb8-4fae-9399-1579f440663d.jpg  
12-26 12:32:15.084 24808 24808 E resultDishCount: 5 个菜品
12-26 12:32:16.698 24808 25674 E innerRecognize: recognizeByFilter5
12-26 12:32:16.698 24808 25674 E recognize: 684ms   /storage/emulated/0/shifang/ai_dish/image/20231226/82ec336b-49d1-40a6-aa32-3e0ff17ce40f.jpg  
12-26 12:32:16.793 24808 24808 E resultDishCount: 5 个菜品
12-26 12:32:18.401 24808 25685 E innerRecognize: recognizeByFilter5
12-26 12:32:18.401 24808 25685 E recognize: 707ms   /storage/emulated/0/shifang/ai_dish/image/20231226/4e9e6f5a-0120-45af-9dd4-0ca3f3685ed9.jpg  
12-26 12:32:18.477 24808 24808 E resultDishCount: 5 个菜品
12-26 12:32:19.994 24808 25696 E innerRecognize: recognizeByFilter5
12-26 12:32:19.994 24808 25696 E recognize: 636ms   /storage/emulated/0/shifang/ai_dish/image/20231226/eb850a83-2c2e-432b-b8bc-dc4fc3ceaced.jpg  
12-26 12:32:20.075 24808 24808 E resultDishCount: 5 个菜品
12-26 12:32:21.701 24808 25708 E innerRecognize: recognizeByFilter5
12-26 12:32:21.701 24808 25708 E recognize: 692ms   /storage/emulated/0/shifang/ai_dish/image/20231226/5664b3db-4840-4314-ad7c-0a6a57ca08f1.jpg  
12-26 12:32:21.816 24808 24808 E resultDishCount: 5 个菜品
12-26 12:32:23.361 24808 25720 E innerRecognize: recognizeByFilter5
12-26 12:32:23.361 24808 25720 E recognize: 690ms   /storage/emulated/0/shifang/ai_dish/image/20231226/4e371afb-3d11-4072-a5aa-1958938da8c7.jpg  
12-26 12:32:23.432 24808 24808 E resultDishCount: 5 个菜品
12-26 12:32:25.042 24808 25359 E innerRecognize: recognizeByFilter5
12-26 12:32:25.042 24808 25359 E recognize: 659ms   /storage/emulated/0/shifang/ai_dish/image/20231226/b1a1c1bd-1ba6-475f-82a0-fefbcfd6259c.jpg  
12-26 12:32:25.138 24808 24808 E resultDishCount: 5 个菜品
12-26 12:32:26.736 24808 25555 E innerRecognize: recognizeByFilter5
12-26 12:32:26.736 24808 25555 E recognize: 684ms   /storage/emulated/0/shifang/ai_dish/image/20231226/7b947269-6ac0-4abc-9673-3cae2ae82f02.jpg  
12-26 12:32:26.843 24808 24808 E resultDishCount: 5 个菜品
12-26 12:32:28.403 24808 25556 E innerRecognize: recognizeByFilter5
12-26 12:32:28.403 24808 25556 E recognize: 687ms   /storage/emulated/0/shifang/ai_dish/image/20231226/45324988-9828-425d-91ef-a5277ec10b99.jpg  
12-26 12:32:28.495 24808 24808 E resultDishCount: 5 个菜品
12-26 12:32:30.050 24808 25577 E innerRecognize: recognizeByFilter5
12-26 12:32:30.050 24808 25577 E recognize: 656ms   /storage/emulated/0/shifang/ai_dish/image/20231226/93771a7b-6050-4bd0-ab85-e3c457099b64.jpg  
12-26 12:32:30.147 24808 24808 E resultDishCount: 5 个菜品
12-26 12:32:31.785 24808 25588 E innerRecognize: recognizeByFilter5
12-26 12:32:31.786 24808 25588 E recognize: 709ms   /storage/emulated/0/shifang/ai_dish/image/20231226/bb398ccd-f0d1-4cfb-8879-0f53edc62a9e.jpg  
12-26 12:32:31.871 24808 24808 E resultDishCount: 5 个菜品
12-26 12:32:33.373 24808 25598 E innerRecognize: recognizeByFilter5
12-26 12:32:33.373 24808 25598 E recognize: 626ms   /storage/emulated/0/shifang/ai_dish/image/20231226/369363fc-5ebd-4133-a4af-6e83f6b37760.jpg  
12-26 12:32:33.468 24808 24808 E resultDishCount: 5 个菜品
12-26 12:32:35.150 24808 25609 E innerRecognize: recognizeByFilter5
12-26 12:32:35.150 24808 25609 E recognize: 688ms   /storage/emulated/0/shifang/ai_dish/image/20231226/e3d888ee-1dfc-4283-966d-9d2232b5e5e6.jpg  
12-26 12:32:35.245 24808 24808 E resultDishCount: 5 个菜品
12-26 12:32:36.838 24808 25620 E innerRecognize: recognizeByFilter5
12-26 12:32:36.838 24808 25620 E recognize: 668ms   /storage/emulated/0/shifang/ai_dish/image/20231226/0d9dc54f-18ba-4c17-9872-e6b890ae4450.jpg  
12-26 12:32:36.951 24808 24808 E resultDishCount: 5 个菜品
12-26 12:32:38.525 24808 25631 E innerRecognize: recognizeByFilter5
12-26 12:32:38.525 24808 25631 E recognize: 667ms   /storage/emulated/0/shifang/ai_dish/image/20231226/bae67d6e-4b9a-445b-b643-05f68a206ad2.jpg  
12-26 12:32:38.621 24808 24808 E resultDishCount: 5 个菜品
12-26 12:32:40.199 24808 25642 E innerRecognize: recognizeByFilter5
12-26 12:32:40.199 24808 25642 E recognize: 681ms   /storage/emulated/0/shifang/ai_dish/image/20231226/a612bc8b-8d3e-4f5c-be98-144d6cc3807d.jpg  
12-26 12:32:40.290 24808 24808 E resultDishCount: 5 个菜品
12-26 12:32:41.846 24808 25653 E innerRecognize: recognizeByFilter5
12-26 12:32:41.846 24808 25653 E recognize: 687ms   /storage/emulated/0/shifang/ai_dish/image/20231226/12b2a5d3-f522-48cc-b01c-1dc2d3648505.jpg  
12-26 12:32:41.947 24808 24808 E resultDishCount: 5 个菜品
12-26 12:32:43.519 24808 25664 E innerRecognize: recognizeByFilter5
12-26 12:32:43.519 24808 25664 E recognize: 709ms   /storage/emulated/0/shifang/ai_dish/image/20231226/6547553e-f438-4054-ae56-b840e82be7a3.jpg  
12-26 12:32:43.594 24808 24808 E resultDishCount: 5 个菜品
12-26 12:32:45.137 24808 25674 E innerRecognize: recognizeByFilter5
12-26 12:32:45.137 24808 25674 E recognize: 652ms   /storage/emulated/0/shifang/ai_dish/image/20231226/46a2f3d2-8128-4bae-95b7-22c966970734.jpg  
12-26 12:32:50.322 24808 25300 E registerBgr24: 1 
12-26 12:32:50.322 24808 25300 E FaceServer__: registerBgr24:  ErrorInfo.MOK
12-26 12:32:50.322 24808 25300 E SyncFacePresenter__addFaceLocal_register  fail: 吴彦祖  1
12-26 12:32:50.356 24808 25300 E registerBgr24: 2 
12-26 12:32:50.357 24808 25300 E FaceServer__: registerBgr24:  ErrorInfo.MOK
12-26 12:32:50.357 24808 25300 E SyncFacePresenter__addFaceLocal_register  fail: 郭富城  2
12-26 12:32:50.373 24808 25300 E registerBgr24: 3 
12-26 12:32:50.373 24808 25300 E FaceServer__: registerBgr24:  ErrorInfo.MOK
12-26 12:32:50.373 24808 25300 E SyncFacePresenter__addFaceLocal_register  fail: 谢霆锋  3
12-26 12:32:50.388 24808 25300 E registerBgr24: 4 
12-26 12:32:50.388 24808 25300 E FaceServer__: registerBgr24:  ErrorInfo.MOK
12-26 12:32:50.388 24808 25300 E SyncFacePresenter__addFaceLocal_register  fail: 摩卡  4
12-26 12:32:50.420 24808 25300 E registerBgr24: 5 
12-26 12:32:50.420 24808 25300 E FaceServer__: registerBgr24:  ErrorInfo.MOK
12-26 12:32:50.420 24808 25300 E SyncFacePresenter__addFaceLocal_register  fail: 李连杰  5
12-26 12:32:55.927 24808 24808 E resultDishCount: 5 个菜品
12-26 12:32:56.671 24808 25685 E innerRecognize: recognizeByFilter5
12-26 12:32:56.671 24808 25685 E recognize: 757ms   /storage/emulated/0/shifang/ai_dish/image/20231226/996103bd-11ab-4054-b2b6-73417ba69c2d.jpg  
12-26 12:32:57.238 24808 24808 E resultDishCount: 5 个菜品
12-26 12:32:57.904 24808 25696 E innerRecognize: recognizeByFilter5
12-26 12:32:57.904 24808 25696 E recognize: 674ms   /storage/emulated/0/shifang/ai_dish/image/20231226/50b9283a-eaec-41b8-b645-495c7e78056d.jpg  
12-26 12:32:58.014 24808 24808 E resultDishCount: 5 个菜品
12-26 12:32:58.694 24808 25708 E innerRecognize: recognizeByFilter5
12-26 12:32:58.694 24808 25708 E recognize: 682ms   /storage/emulated/0/shifang/ai_dish/image/20231226/5c9887cb-be28-44ef-a848-946a918189ea.jpg  
12-26 12:32:58.764 24808 24808 E resultDishCount: 5 个菜品
12-26 12:32:59.468 24808 25720 E innerRecognize: recognizeByFilter5
12-26 12:32:59.468 24808 25720 E recognize: 708ms   /storage/emulated/0/shifang/ai_dish/image/20231226/a5492281-0df5-45fd-b6f2-956213f20c35.jpg  
12-26 12:32:59.554 24808 24808 E resultDishCount: 5 个菜品
12-26 12:33:00.246 24808 25359 E innerRecognize: recognizeByFilter5
12-26 12:33:00.246 24808 25359 E recognize: 693ms   /storage/emulated/0/shifang/ai_dish/image/20231226/6b0efdb9-cb77-4038-be4c-76e680c62d4b.jpg  
12-26 12:33:00.326 24808 24808 E resultDishCount: 5 个菜品
12-26 12:33:01.018 24808 25555 E innerRecognize: recognizeByFilter5
12-26 12:33:01.019 24808 25555 E recognize: 699ms   /storage/emulated/0/shifang/ai_dish/image/20231226/1a627dff-07fc-4cc7-ac96-765370fdcb17.jpg  
12-26 12:33:01.098 24808 24808 E resultDishCount: 5 个菜品
12-26 12:33:01.766 24808 25556 E innerRecognize: recognizeByFilter5
12-26 12:33:01.767 24808 25556 E recognize: 674ms   /storage/emulated/0/shifang/ai_dish/image/20231226/c7d41c1b-d227-4f5c-870e-68221306019e.jpg  
12-26 12:33:01.835 24808 24808 E resultDishCount: 5 个菜品
12-26 12:33:02.552 24808 25577 E innerRecognize: recognizeByFilter5
12-26 12:33:02.553 24808 25577 E recognize: 711ms   /storage/emulated/0/shifang/ai_dish/image/20231226/ccd22b27-f2ad-4bc1-9c38-2f21d3a64803.jpg  
12-26 12:33:02.642 24808 24808 E resultDishCount: 5 个菜品
12-26 12:33:03.347 24808 25588 E innerRecognize: recognizeByFilter5
12-26 12:33:03.347 24808 25588 E recognize: 714ms   /storage/emulated/0/shifang/ai_dish/image/20231226/f505db2c-4c28-44cb-bc3d-72985f0198a2.jpg  
12-26 12:33:03.468 24808 24808 E resultDishCount: 5 个菜品
12-26 12:33:04.166 24808 25598 E innerRecognize: recognizeByFilter5
12-26 12:33:04.166 24808 25598 E recognize: 710ms   /storage/emulated/0/shifang/ai_dish/image/20231226/a1fc042c-8f63-42b8-a59d-d7bfa16a5082.jpg  
12-26 12:33:04.240 24808 24808 E resultDishCount: 5 个菜品
12-26 12:33:05.874 24808 25609 E innerRecognize: recognizeByFilter5
12-26 12:33:05.874 24808 25609 E recognize: 665ms   /storage/emulated/0/shifang/ai_dish/image/20231226/89dd4499-9b1b-4413-b009-abd619658bf4.jpg  
12-26 12:33:05.963 24808 24808 E resultDishCount: 5 个菜品
12-26 12:33:07.611 24808 25620 E innerRecognize: recognizeByFilter5
12-26 12:33:07.611 24808 25620 E recognize: 723ms   /storage/emulated/0/shifang/ai_dish/image/20231226/d96b4f77-1862-4f05-b28d-6cd078421de1.jpg  
12-26 12:33:07.704 24808 24808 E resultDishCount: 5 个菜品
12-26 12:33:09.308 24808 25631 E innerRecognize: recognizeByFilter5
12-26 12:33:09.308 24808 25631 E recognize: 732ms   /storage/emulated/0/shifang/ai_dish/image/20231226/0f1a1de0-8cba-4556-a5d6-e3008a6c8a41.jpg  
12-26 12:33:09.392 24808 24808 E resultDishCount: 5 个菜品
12-26 12:33:10.942 24808 25642 E innerRecognize: recognizeByFilter5
12-26 12:33:10.942 24808 25642 E recognize: 732ms   /storage/emulated/0/shifang/ai_dish/image/20231226/72a89099-ad39-4e50-8832-7b6a7807cd34.jpg  
12-26 12:33:11.026 24808 24808 E resultDishCount: 5 个菜品
12-26 12:33:12.642 24808 25653 E innerRecognize: recognizeByFilter5
12-26 12:33:12.642 24808 25653 E recognize: 724ms   /storage/emulated/0/shifang/ai_dish/image/20231226/c99b1821-8f7c-42f2-82e9-343ade137333.jpg  
12-26 12:33:12.717 24808 24808 E resultDishCount: 5 个菜品
12-26 12:33:14.358 24808 25664 E innerRecognize: recognizeByFilter5
12-26 12:33:14.358 24808 25664 E recognize: 724ms   /storage/emulated/0/shifang/ai_dish/image/20231226/c8c3dea2-0487-458a-b575-e6c146b0ca8c.jpg  
12-26 12:33:14.473 24808 24808 E resultDishCount: 5 个菜品
12-26 12:33:16.000 24808 25674 E innerRecognize: recognizeByFilter5
12-26 12:33:16.000 24808 25674 E recognize: 658ms   /storage/emulated/0/shifang/ai_dish/image/20231226/1027d5e1-297a-4f0d-8785-63fe259aa487.jpg  
12-26 12:33:16.089 24808 24808 E resultDishCount: 5 个菜品
12-26 12:33:17.693 24808 25685 E innerRecognize: recognizeByFilter5
12-26 12:33:17.693 24808 25685 E recognize: 673ms   /storage/emulated/0/shifang/ai_dish/image/20231226/15aee29f-782a-4a58-9688-1071fda5b798.jpg  
12-26 12:33:17.777 24808 24808 E resultDishCount: 5 个菜品
12-26 12:33:19.383 24808 25696 E innerRecognize: recognizeByFilter5
12-26 12:33:19.383 24808 25696 E recognize: 668ms   /storage/emulated/0/shifang/ai_dish/image/20231226/deb17205-ac3d-4837-bab0-1b4c9a226bd9.jpg  
12-26 12:33:19.482 24808 24808 E resultDishCount: 5 个菜品
12-26 12:33:21.027 24808 25708 E innerRecognize: recognizeByFilter5
12-26 12:33:21.027 24808 25708 E recognize: 655ms   /storage/emulated/0/shifang/ai_dish/image/20231226/41869a4e-7383-4b8f-a469-58c24ade0ff1.jpg  
12-26 12:33:21.116 24808 24808 E resultDishCount: 5 个菜品
12-26 12:33:22.748 24808 25720 E innerRecognize: recognizeByFilter5
12-26 12:33:22.748 24808 25720 E recognize: 703ms   /storage/emulated/0/shifang/ai_dish/image/20231226/c237ec22-15ab-43a8-9fa3-dc23c76c4a8e.jpg  
12-26 12:33:22.843 24808 24808 E resultDishCount: 5 个菜品
12-26 12:33:24.439 24808 25359 E innerRecognize: recognizeByFilter5
12-26 12:33:24.439 24808 25359 E recognize: 706ms   /storage/emulated/0/shifang/ai_dish/image/20231226/f4dc5b65-222e-43b5-9735-af4a762d7eae.jpg  
12-26 12:33:24.545 24808 24808 E resultDishCount: 5 个菜品
12-26 12:33:26.014 24808 25555 E innerRecognize: recognizeByFilter5
12-26 12:33:26.014 24808 25555 E recognize: 652ms   /storage/emulated/0/shifang/ai_dish/image/20231226/1f63a06c-69b7-4d04-8d30-782c6835fa9a.jpg  
12-26 12:33:26.125 24808 24808 E resultDishCount: 5 个菜品
12-26 12:33:27.787 24808 25556 E innerRecognize: recognizeByFilter5
12-26 12:33:27.787 24808 25556 E recognize: 722ms   /storage/emulated/0/shifang/ai_dish/image/20231226/13b34622-5748-404f-ab61-4f67b7e3fe2b.jpg  
12-26 12:33:27.866 24808 24808 E resultDishCount: 5 个菜品
12-26 12:33:29.410 24808 25577 E innerRecognize: recognizeByFilter5
12-26 12:33:29.411 24808 25577 E recognize: 650ms   /storage/emulated/0/shifang/ai_dish/image/20231226/cc103a4c-c4ee-4b5f-909c-c7682127b3e9.jpg  
12-26 12:33:29.500 24808 24808 E resultDishCount: 5 个菜品
12-26 12:33:31.110 24808 25588 E innerRecognize: recognizeByFilter5
12-26 12:33:31.110 24808 25588 E recognize: 700ms   /storage/emulated/0/shifang/ai_dish/image/20231226/8f5793e0-511b-47b6-9413-989d4c81f5b9.jpg  
12-26 12:33:31.170 24808 24808 E resultDishCount: 5 个菜品
12-26 12:33:32.857 24808 25598 E innerRecognize: recognizeByFilter5
12-26 12:33:32.857 24808 25598 E recognize: 745ms   /storage/emulated/0/shifang/ai_dish/image/20231226/08a34c47-76c7-4424-9137-953bcda399ec.jpg  
12-26 12:33:32.950 24808 24808 E resultDishCount: 5 个菜品
12-26 12:33:34.463 24808 25609 E innerRecognize: recognizeByFilter5
12-26 12:33:34.464 24808 25609 E recognize: 673ms   /storage/emulated/0/shifang/ai_dish/image/20231226/4ecbdac5-7f96-4941-8a1d-3a643c88f8d0.jpg  
12-26 12:33:34.563 24808 24808 E resultDishCount: 5 个菜品
12-26 12:33:36.144 24808 25620 E innerRecognize: recognizeByFilter5
12-26 12:33:36.144 24808 25620 E recognize: 687ms   /storage/emulated/0/shifang/ai_dish/image/20231226/b34d3f78-741c-40dc-9c62-9791e1afb8be.jpg  
12-26 12:33:36.232 24808 24808 E resultDishCount: 5 个菜品
12-26 12:33:37.813 24808 25631 E innerRecognize: recognizeByFilter5
12-26 12:33:37.813 24808 25631 E recognize: 715ms   /storage/emulated/0/shifang/ai_dish/image/20231226/bf0aab12-bc49-49fd-bcca-7ec73b4ff8b8.jpg  
12-26 12:33:37.920 24808 24808 E resultDishCount: 5 个菜品
12-26 12:33:39.448 24808 25642 E innerRecognize: recognizeByFilter5
12-26 12:33:39.448 24808 25642 E recognize: 686ms   /storage/emulated/0/shifang/ai_dish/image/20231226/675eb170-83e9-4a42-be20-9f9d3abdebcb.jpg  
12-26 12:33:39.536 24808 24808 E resultDishCount: 5 个菜品
12-26 12:33:41.091 24808 25653 E innerRecognize: recognizeByFilter5
12-26 12:33:41.091 24808 25653 E recognize: 676ms   /storage/emulated/0/shifang/ai_dish/image/20231226/2641536b-9122-45f0-9868-dd667ac0ad28.jpg  
12-26 12:33:41.170 24808 24808 E resultDishCount: 5 个菜品
12-26 12:33:42.742 24808 25664 E innerRecognize: recognizeByFilter5
12-26 12:33:42.742 24808 25664 E recognize: 655ms   /storage/emulated/0/shifang/ai_dish/image/20231226/7567e134-f980-467f-a7f5-dddbedeb845b.jpg  
12-26 12:33:42.842 24808 24808 E resultDishCount: 5 个菜品
12-26 12:33:44.508 24808 25674 E innerRecognize: recognizeByFilter5
12-26 12:33:44.508 24808 25674 E recognize: 760ms   /storage/emulated/0/shifang/ai_dish/image/20231226/2540b267-53d5-4542-a47b-e415ee69b241.jpg  
12-26 12:33:44.617 24808 24808 E resultDishCount: 5 个菜品
12-26 12:33:46.079 24808 25685 E innerRecognize: recognizeByFilter5
12-26 12:33:46.079 24808 25685 E recognize: 681ms   /storage/emulated/0/shifang/ai_dish/image/20231226/fcd042f4-e75d-4706-9794-91e020d2a0ac.jpg  
12-26 12:33:46.196 24808 24808 E resultDishCount: 5 个菜品
12-26 12:33:47.861 24808 25696 E innerRecognize: recognizeByFilter5
