12-26 11:41:20.890 24808 25609 E innerRecognize: recognizeByFilter8
12-26 11:41:20.890 24808 25609 E recognize: 984ms   /storage/emulated/0/shifang/ai_dish/image/20231226/723d1b38-b9cb-494a-87ff-09684690892b.jpg  
12-26 11:41:21.016 24808 24808 E resultDishCount: 8 个菜品
12-26 11:41:22.645 24808 25620 E innerRecognize: recognizeByFilter8
12-26 11:41:22.645 24808 25620 E recognize: 953ms   /storage/emulated/0/shifang/ai_dish/image/20231226/3cd6c0c5-f71f-4dcb-b63b-cd7eab13279c.jpg  
12-26 11:41:22.793 24808 24808 E resultDishCount: 8 个菜品
12-26 11:41:24.448 24808 25631 E innerRecognize: recognizeByFilter8
12-26 11:41:24.448 24808 25631 E recognize: 1004ms   /storage/emulated/0/shifang/ai_dish/image/20231226/4136ef06-ec41-4281-8059-7f1242af3734.jpg  
12-26 11:41:24.588 24808 24808 E resultDishCount: 8 个菜品
12-26 11:41:26.236 24808 25642 E innerRecognize: recognizeByFilter8
12-26 11:41:26.237 24808 25642 E recognize: 984ms   /storage/emulated/0/shifang/ai_dish/image/20231226/32379004-3ee7-4036-8d64-726b368f4bde.jpg  
12-26 11:41:26.349 24808 24808 E resultDishCount: 8 个菜品
12-26 11:41:28.577 24808 25653 E innerRecognize: recognizeByFilter8
12-26 11:41:28.577 24808 25653 E recognize: 1555ms   /storage/emulated/0/shifang/ai_dish/image/20231226/8fe60240-f05d-4fd5-a591-5772ba7c369c.jpg  
12-26 11:41:31.860 24808 24808 E resultDishCount: 8 个菜品
12-26 11:41:32.929 24808 25664 E innerRecognize: recognizeByFilter8
12-26 11:41:32.929 24808 25664 E recognize: 1072ms   /storage/emulated/0/shifang/ai_dish/image/20231226/51851047-7e69-402e-bb1e-081d965b8cf2.jpg  
12-26 11:41:33.170 24808 24808 E resultDishCount: 8 个菜品
12-26 11:41:34.155 24808 25674 E innerRecognize: recognizeByFilter8
12-26 11:41:34.155 24808 25674 E recognize: 978ms   /storage/emulated/0/shifang/ai_dish/image/20231226/6ae8d50e-63e4-4a31-8b0d-29164ab71bb2.jpg  
12-26 11:41:34.252 24808 24808 E resultDishCount: 8 个菜品
12-26 11:41:35.233 24808 25685 E innerRecognize: recognizeByFilter8
12-26 11:41:35.233 24808 25685 E recognize: 976ms   /storage/emulated/0/shifang/ai_dish/image/20231226/6f9a99a2-c20d-466f-a1b1-797b52089e61.jpg  
12-26 11:41:35.360 24808 24808 E resultDishCount: 8 个菜品
12-26 11:41:36.316 24808 25696 E innerRecognize: recognizeByFilter8
12-26 11:41:36.316 24808 25696 E recognize: 961ms   /storage/emulated/0/shifang/ai_dish/image/20231226/392d0368-43d5-4eb8-9720-ec6d7d4e7ba6.jpg  
12-26 11:41:36.442 24808 24808 E resultDishCount: 8 个菜品
12-26 11:41:37.369 24808 25708 E innerRecognize: recognizeByFilter8
12-26 11:41:37.369 24808 25708 E recognize: 923ms   /storage/emulated/0/shifang/ai_dish/image/20231226/64004291-0508-4847-a6fb-a58c6f5495e3.jpg  
12-26 11:41:37.461 24808 24808 E resultDishCount: 8 个菜品
12-26 11:41:39.089 24808 25720 E innerRecognize: recognizeByFilter8
12-26 11:41:39.089 24808 25720 E recognize: 930ms   /storage/emulated/0/shifang/ai_dish/image/20231226/a51ed320-f08b-4cc0-8df1-070a99cd390c.jpg  
12-26 11:41:39.202 24808 24808 E resultDishCount: 8 个菜品
12-26 11:41:40.874 24808 25359 E innerRecognize: recognizeByFilter8
12-26 11:41:40.874 24808 25359 E recognize: 1012ms   /storage/emulated/0/shifang/ai_dish/image/20231226/a3504962-c582-4a93-8ae5-d6f86a60c652.jpg  
12-26 11:41:40.980 24808 24808 E resultDishCount: 8 个菜品
12-26 11:41:42.600 24808 25555 E innerRecognize: recognizeByFilter8
12-26 11:41:42.600 24808 25555 E recognize: 984ms   /storage/emulated/0/shifang/ai_dish/image/20231226/83d621e3-7f1f-40c6-a84a-28720dddc589.jpg  
12-26 11:41:42.703 24808 24808 E resultDishCount: 8 个菜品
12-26 11:41:43.790 24808 25300 E registerBgr24: 1 
12-26 11:41:43.791 24808 25300 E FaceServer__: registerBgr24:  ErrorInfo.MOK
12-26 11:41:43.791 24808 25300 E SyncFacePresenter__addFaceLocal_register  fail: 吴彦祖  1
12-26 11:41:43.826 24808 25300 E registerBgr24: 2 
12-26 11:41:43.826 24808 25300 E FaceServer__: registerBgr24:  ErrorInfo.MOK
12-26 11:41:43.826 24808 25300 E SyncFacePresenter__addFaceLocal_register  fail: 郭富城  2
12-26 11:41:43.840 24808 25300 E registerBgr24: 3 
12-26 11:41:43.840 24808 25300 E FaceServer__: registerBgr24:  ErrorInfo.MOK
12-26 11:41:43.840 24808 25300 E SyncFacePresenter__addFaceLocal_register  fail: 谢霆锋  3
12-26 11:41:43.855 24808 25300 E registerBgr24: 4 
12-26 11:41:43.855 24808 25300 E FaceServer__: registerBgr24:  ErrorInfo.MOK
12-26 11:41:43.855 24808 25300 E SyncFacePresenter__addFaceLocal_register  fail: 摩卡  4
12-26 11:41:43.885 24808 25300 E registerBgr24: 5 
12-26 11:41:43.885 24808 25300 E FaceServer__: registerBgr24:  ErrorInfo.MOK
12-26 11:41:43.885 24808 25300 E SyncFacePresenter__addFaceLocal_register  fail: 李连杰  5
12-26 11:41:44.500 24808 25556 E innerRecognize: recognizeByFilter8
12-26 11:41:44.500 24808 25556 E recognize: 1147ms   /storage/emulated/0/shifang/ai_dish/image/20231226/ed184d3b-adf3-483f-afa0-5300e3ee70e4.jpg  
12-26 11:41:44.642 24808 24808 E resultDishCount: 8 个菜品
12-26 11:41:46.210 24808 25577 E innerRecognize: recognizeByFilter8
12-26 11:41:46.210 24808 25577 E recognize: 941ms   /storage/emulated/0/shifang/ai_dish/image/20231226/21b7eb7e-270f-4839-8d1b-11d7c9e1845d.jpg  
12-26 11:41:46.312 24808 24808 E resultDishCount: 8 个菜品
12-26 11:41:47.975 24808 25588 E innerRecognize: recognizeByFilter8
12-26 11:41:47.975 24808 25588 E recognize: 1026ms   /storage/emulated/0/shifang/ai_dish/image/20231226/d19f78e0-e01d-4414-993d-b8ddc4929105.jpg  
12-26 11:41:48.125 24808 24808 E resultDishCount: 8 个菜品
12-26 11:41:49.769 24808 25598 E innerRecognize: recognizeByFilter8
12-26 11:41:49.769 24808 25598 E recognize: 1003ms   /storage/emulated/0/shifang/ai_dish/image/20231226/ea686e40-22b9-4d12-a970-cd116cc67619.jpg  
12-26 11:41:49.889 24808 24808 E resultDishCount: 8 个菜品
12-26 11:41:51.538 24808 25609 E innerRecognize: recognizeByFilter8
12-26 11:41:51.538 24808 25609 E recognize: 981ms   /storage/emulated/0/shifang/ai_dish/image/20231226/ae77d97c-7d22-4c71-80ba-1744d73d9784.jpg  
12-26 11:41:51.679 24808 24808 E resultDishCount: 8 个菜品
12-26 11:41:53.263 24808 25620 E innerRecognize: recognizeByFilter8
12-26 11:41:53.263 24808 25620 E recognize: 942ms   /storage/emulated/0/shifang/ai_dish/image/20231226/2e462d18-bd85-41e7-8b3d-58ba6c5789b2.jpg  
12-26 11:41:53.367 24808 24808 E resultDishCount: 8 个菜品
12-26 11:41:54.931 24808 25631 E innerRecognize: recognizeByFilter8
12-26 11:41:54.931 24808 25631 E recognize: 909ms   /storage/emulated/0/shifang/ai_dish/image/20231226/cfa4532b-02c1-4a8e-aa4d-4b43c0f7ee25.jpg  
12-26 11:41:55.055 24808 24808 E resultDishCount: 8 个菜品
12-26 11:41:56.939 24808 25642 E innerRecognize: recognizeByFilter8
12-26 11:41:56.939 24808 25642 E recognize: 1050ms   /storage/emulated/0/shifang/ai_dish/image/20231226/0f9eb3ff-2ad7-48a5-b724-3674b18ed718.jpg  
12-26 11:41:57.083 24808 24808 E resultDishCount: 8 个菜品
12-26 11:41:58.737 24808 25653 E innerRecognize: recognizeByFilter8
12-26 11:41:58.737 24808 25653 E recognize: 1006ms   /storage/emulated/0/shifang/ai_dish/image/20231226/8ed7a9d4-2f68-45b6-a5a8-34abe43a654a.jpg  
12-26 11:41:58.863 24808 24808 E resultDishCount: 8 个菜品
12-26 11:42:00.482 24808 25664 E innerRecognize: recognizeByFilter8
12-26 11:42:00.482 24808 25664 E recognize: 957ms   /storage/emulated/0/shifang/ai_dish/image/20231226/83b2f69e-63dd-497c-aab0-616b849d72c5.jpg  
12-26 11:42:00.620 24808 24808 E resultDishCount: 8 个菜品
12-26 11:42:02.749 24808 25674 E innerRecognize: recognizeByFilter8
12-26 11:42:02.749 24808 25674 E recognize: 1026ms   /storage/emulated/0/shifang/ai_dish/image/20231226/323b03f0-718e-4145-b8bc-0eb861bb2705.jpg  
12-26 11:42:02.846 24808 24808 E resultDishCount: 8 个菜品
12-26 11:42:04.476 24808 25685 E innerRecognize: recognizeByFilter8
12-26 11:42:04.476 24808 25685 E recognize: 979ms   /storage/emulated/0/shifang/ai_dish/image/20231226/58f0e219-daf4-461c-89a3-32505c4ebcf2.jpg  
12-26 11:42:04.606 24808 24808 E resultDishCount: 8 个菜品
12-26 11:42:06.212 24808 25696 E innerRecognize: recognizeByFilter8
12-26 11:42:06.212 24808 25696 E recognize: 968ms   /storage/emulated/0/shifang/ai_dish/image/20231226/cc5975b3-34d6-4487-bfa2-3919c07222ce.jpg  
12-26 11:42:06.330 24808 24808 E resultDishCount: 8 个菜品
12-26 11:42:07.955 24808 25708 E innerRecognize: recognizeByFilter8
12-26 11:42:07.955 24808 25708 E recognize: 963ms   /storage/emulated/0/shifang/ai_dish/image/20231226/0c2c21ea-a08c-466e-8e54-fc4977599197.jpg  
12-26 11:42:08.071 24808 24808 E resultDishCount: 8 个菜品
12-26 11:42:09.760 24808 25720 E innerRecognize: recognizeByFilter8
12-26 11:42:09.760 24808 25720 E recognize: 1039ms   /storage/emulated/0/shifang/ai_dish/image/20231226/d6b25de0-a0fb-4f5d-a512-fbbbe2c1f5c4.jpg  
12-26 11:42:09.866 24808 24808 E resultDishCount: 8 个菜品
12-26 11:42:11.518 24808 25359 E innerRecognize: recognizeByFilter8
12-26 11:42:11.518 24808 25359 E recognize: 979ms   /storage/emulated/0/shifang/ai_dish/image/20231226/a2337bf7-3223-4a16-955c-5a6936184372.jpg  
12-26 11:42:11.646 24808 24808 E resultDishCount: 8 个菜品
12-26 11:42:13.250 24808 25555 E innerRecognize: recognizeByFilter8
12-26 11:42:13.250 24808 25555 E recognize: 945ms   /storage/emulated/0/shifang/ai_dish/image/20231226/c3855f95-f0fb-496c-8775-e84296e56af1.jpg  
12-26 11:42:13.349 24808 24808 E resultDishCount: 8 个菜品
12-26 11:42:14.933 24808 25556 E innerRecognize: recognizeByFilter8
12-26 11:42:14.933 24808 25556 E recognize: 942ms   /storage/emulated/0/shifang/ai_dish/image/20231226/592b18d0-3a72-403d-9276-5d242302246f.jpg  
12-26 11:42:15.036 24808 24808 E resultDishCount: 8 个菜品
12-26 11:42:16.646 24808 25577 E innerRecognize: recognizeByFilter8
12-26 11:42:16.646 24808 25577 E recognize: 949ms   /storage/emulated/0/shifang/ai_dish/image/20231226/6dc9c454-c0a6-4df3-b614-3d76b01a7866.jpg  
12-26 11:42:16.742 24808 24808 E resultDishCount: 8 个菜品
12-26 11:42:18.397 24808 25588 E innerRecognize: recognizeByFilter8
12-26 11:42:18.397 24808 25588 E recognize: 1010ms   /storage/emulated/0/shifang/ai_dish/image/20231226/c87808d4-f139-41a1-b3cd-943d2e0689b9.jpg  
12-26 11:42:18.519 24808 24808 E resultDishCount: 8 个菜品
12-26 11:42:20.117 24808 25598 E innerRecognize: recognizeByFilter8
12-26 11:42:20.117 24808 25598 E recognize: 936ms   /storage/emulated/0/shifang/ai_dish/image/20231226/33d3273e-59ad-4286-9683-8647d6cb021a.jpg  
12-26 11:42:20.225 24808 24808 E resultDishCount: 8 个菜品
12-26 11:42:21.827 24808 25609 E innerRecognize: recognizeByFilter8
12-26 11:42:21.827 24808 25609 E recognize: 953ms   /storage/emulated/0/shifang/ai_dish/image/20231226/76532a7a-6bd8-4910-afad-5e8bb3b9e9c7.jpg  
12-26 11:42:21.931 24808 24808 E resultDishCount: 8 个菜品
12-26 11:42:23.581 24808 25620 E innerRecognize: recognizeByFilter8
12-26 11:42:23.581 24808 25620 E recognize: 982ms   /storage/emulated/0/shifang/ai_dish/image/20231226/95cec00e-9d88-4fae-947b-5f3f66d653e0.jpg  
12-26 11:42:23.708 24808 24808 E resultDishCount: 8 个菜品
12-26 11:42:25.323 24808 25631 E innerRecognize: recognizeByFilter8
12-26 11:42:25.323 24808 25631 E recognize: 951ms   /storage/emulated/0/shifang/ai_dish/image/20231226/c4b83752-bb32-4ae0-aa5b-b0cd0dcaaeb6.jpg  
12-26 11:42:25.449 24808 24808 E resultDishCount: 8 个菜品
12-26 11:42:27.052 24808 25642 E innerRecognize: recognizeByFilter8
12-26 11:42:27.052 24808 25642 E recognize: 968ms   /storage/emulated/0/shifang/ai_dish/image/20231226/6e003acd-0840-4c0a-adc0-31e113ec2190.jpg  
12-26 11:42:27.155 24808 24808 E resultDishCount: 8 个菜品
12-26 11:42:28.786 24808 25653 E innerRecognize: recognizeByFilter8
12-26 11:42:28.786 24808 25653 E recognize: 989ms   /storage/emulated/0/shifang/ai_dish/image/20231226/94b55e8b-60b8-446e-8220-95e5bf125b5b.jpg  
12-26 11:42:28.914 24808 24808 E resultDishCount: 8 个菜品
12-26 11:42:30.514 24808 25664 E innerRecognize: recognizeByFilter8
12-26 11:42:30.514 24808 25664 E recognize: 943ms   /storage/emulated/0/shifang/ai_dish/image/20231226/6e6795b9-1d12-4705-b705-9bb4c8f02ac5.jpg  
12-26 11:42:30.620 24808 24808 E resultDishCount: 8 个菜品
12-26 11:42:32.222 24808 25674 E innerRecognize: recognizeByFilter8
12-26 11:42:32.222 24808 25674 E recognize: 946ms   /storage/emulated/0/shifang/ai_dish/image/20231226/05a2faf3-c9ff-422f-8ba5-03071a3b9454.jpg  
12-26 11:42:32.343 24808 24808 E resultDishCount: 8 个菜品
12-26 11:42:35.017 24808 25685 E innerRecognize: recognizeByFilter8
12-26 11:42:35.017 24808 25685 E recognize: 2031ms   /storage/emulated/0/shifang/ai_dish/image/20231226/d33673af-79b4-4144-befc-a246c6dae2da.jpg  
12-26 11:42:38.942 24808 24808 E resultDishCount: 8 个菜品
12-26 11:42:39.904 24808 25696 E innerRecognize: recognizeByFilter8
12-26 11:42:39.904 24808 25696 E recognize: 985ms   /storage/emulated/0/shifang/ai_dish/image/20231226/8c4ae990-07b2-40de-b083-8ec8e2f7d2bd.jpg  
12-26 11:42:40.028 24808 24808 E resultDishCount: 8 个菜品
12-26 11:42:40.923 24808 25708 E innerRecognize: recognizeByFilter8
12-26 11:42:40.923 24808 25708 E recognize: 906ms   /storage/emulated/0/shifang/ai_dish/image/20231226/4b626380-c020-4d30-8359-1f348c74dad1.jpg  
12-26 11:42:41.051 24808 24808 E resultDishCount: 8 个菜品
12-26 11:42:42.031 24808 25720 E innerRecognize: recognizeByFilter8
12-26 11:42:42.031 24808 25720 E recognize: 988ms   /storage/emulated/0/shifang/ai_dish/image/20231226/a5b7fbe9-fd7e-4570-b0a9-d709348fb01a.jpg  
12-26 11:42:42.149 24808 24808 E resultDishCount: 8 个菜品
12-26 11:42:43.078 24808 25359 E innerRecognize: recognizeByFilter8
12-26 11:42:43.078 24808 25359 E recognize: 931ms   /storage/emulated/0/shifang/ai_dish/image/20231226/57a98048-49c6-4097-96be-a6d31446ce9b.jpg  
12-26 11:42:43.224 24808 24808 E resultDishCount: 8 个菜品
12-26 11:42:43.909 24808 25300 E registerBgr24: 1 
12-26 11:42:43.910 24808 25300 E FaceServer__: registerBgr24:  ErrorInfo.MOK
12-26 11:42:43.910 24808 25300 E SyncFacePresenter__addFaceLocal_register  fail: 吴彦祖  1
12-26 11:42:43.966 24808 25300 E registerBgr24: 2 
12-26 11:42:43.966 24808 25300 E FaceServer__: registerBgr24:  ErrorInfo.MOK
12-26 11:42:43.966 24808 25300 E SyncFacePresenter__addFaceLocal_register  fail: 郭富城  2
12-26 11:42:43.998 24808 25300 E registerBgr24: 3 
12-26 11:42:43.998 24808 25300 E FaceServer__: registerBgr24:  ErrorInfo.MOK
12-26 11:42:43.998 24808 25300 E SyncFacePresenter__addFaceLocal_register  fail: 谢霆锋  3
12-26 11:42:44.017 24808 25300 E registerBgr24: 4 
12-26 11:42:44.017 24808 25300 E FaceServer__: registerBgr24:  ErrorInfo.MOK
12-26 11:42:44.017 24808 25300 E SyncFacePresenter__addFaceLocal_register  fail: 摩卡  4
12-26 11:42:44.053 24808 25300 E registerBgr24: 5 
12-26 11:42:44.053 24808 25300 E FaceServer__: registerBgr24:  ErrorInfo.MOK
12-26 11:42:44.053 24808 25300 E SyncFacePresenter__addFaceLocal_register  fail: 李连杰  5
12-26 11:42:44.258 24808 25555 E innerRecognize: recognizeByFilter8
12-26 11:42:44.258 24808 25555 E recognize: 1033ms   /storage/emulated/0/shifang/ai_dish/image/20231226/51900cf0-36ce-40cf-afc0-d14eb6ae1615.jpg  
12-26 11:42:44.372 24808 24808 E resultDishCount: 8 个菜品
12-26 11:42:45.331 24808 25556 E innerRecognize: recognizeByFilter8
12-26 11:42:45.331 24808 25556 E recognize: 972ms   /storage/emulated/0/shifang/ai_dish/image/20231226/ca4e38ee-31fd-4f53-b8c8-b45acd1c470c.jpg  
12-26 11:42:45.431 24808 24808 E resultDishCount: 8 个菜品
12-26 11:42:47.140 24808 25577 E innerRecognize: recognizeByFilter8
12-26 11:42:47.140 24808 25577 E recognize: 1049ms   /storage/emulated/0/shifang/ai_dish/image/20231226/a3ab94c5-f7d2-4c22-a6ac-002dfdb8f6dd.jpg  
12-26 11:42:47.298 24808 24808 E resultDishCount: 8 个菜品
12-26 11:42:48.963 24808 25588 E innerRecognize: recognizeByFilter8
12-26 11:42:48.963 24808 25588 E recognize: 994ms   /storage/emulated/0/shifang/ai_dish/image/20231226/8e12cab4-f1a3-4a22-b616-c26dc0c633dc.jpg  
12-26 11:42:49.079 24808 24808 E resultDishCount: 8 个菜品
12-26 11:42:50.703 24808 25598 E innerRecognize: recognizeByFilter8
12-26 11:42:50.703 24808 25598 E recognize: 967ms   /storage/emulated/0/shifang/ai_dish/image/20231226/a7778b9c-913d-4ee3-9aa4-a3c3ecf94507.jpg  
12-26 11:42:50.853 24808 24808 E resultDishCount: 8 个菜品
12-26 11:42:52.466 24808 25609 E innerRecognize: recognizeByFilter8
12-26 11:42:52.467 24808 25609 E recognize: 972ms   /storage/emulated/0/shifang/ai_dish/image/20231226/cf4879bf-bc7c-4023-ab6f-b421305e0c1a.jpg  
12-26 11:42:52.576 24808 24808 E resultDishCount: 8 个菜品
12-26 11:42:54.193 24808 25620 E innerRecognize: recognizeByFilter8
12-26 11:42:54.193 24808 25620 E recognize: 953ms   /storage/emulated/0/shifang/ai_dish/image/20231226/98544e9a-1718-43c4-99fc-6146a05d8193.jpg  
12-26 11:42:54.303 24808 24808 E resultDishCount: 8 个菜品
12-26 11:42:56.011 24808 25631 E innerRecognize: recognizeByFilter8
12-26 11:42:56.011 24808 25631 E recognize: 1060ms   /storage/emulated/0/shifang/ai_dish/image/20231226/f50cf422-d7bf-45b1-8645-df5e7bc0f568.jpg  
12-26 11:42:56.149 24808 24808 E resultDishCount: 8 个菜品
12-26 11:42:57.733 24808 25642 E innerRecognize: recognizeByFilter8
12-26 11:42:57.733 24808 25642 E recognize: 945ms   /storage/emulated/0/shifang/ai_dish/image/20231226/af3bb5e2-1724-422f-b357-725bc9a4131a.jpg  
12-26 11:42:57.855 24808 24808 E resultDishCount: 8 个菜品
12-26 11:42:59.499 24808 25653 E innerRecognize: recognizeByFilter8
12-26 11:42:59.499 24808 25653 E recognize: 979ms   /storage/emulated/0/shifang/ai_dish/image/20231226/76e694ad-e493-44af-b65a-aee6543778bb.jpg  
12-26 11:42:59.614 24808 24808 E resultDishCount: 8 个菜品
12-26 11:43:01.632 24808 25664 E innerRecognize: recognizeByFilter8
12-26 11:43:01.632 24808 25664 E recognize: 975ms   /storage/emulated/0/shifang/ai_dish/image/20231226/5074974e-82bf-4d24-bfd6-dd9f09047bb5.jpg  
12-26 11:43:01.770 24808 24808 E resultDishCount: 8 个菜品
12-26 11:43:03.318 24808 25674 E innerRecognize: recognizeByFilter8
12-26 11:43:03.318 24808 25674 E recognize: 902ms   /storage/emulated/0/shifang/ai_dish/image/20231226/576a7c6b-cb01-4bc5-8c3b-7e382ed59a44.jpg  
12-26 11:43:03.456 24808 24808 E resultDishCount: 8 个菜品
12-26 11:43:04.975 24808 25685 E innerRecognize: recognizeByFilter8
12-26 11:43:04.976 24808 25685 E recognize: 881ms   /storage/emulated/0/shifang/ai_dish/image/20231226/103d9240-cab4-43cc-8685-0d7467fc19e9.jpg  
12-26 11:43:05.090 24808 24808 E resultDishCount: 8 个菜品
12-26 11:43:06.722 24808 25696 E innerRecognize: recognizeByFilter8
12-26 11:43:06.722 24808 25696 E recognize: 964ms   /storage/emulated/0/shifang/ai_dish/image/20231226/6e6b104f-e274-49fe-9e3a-9a0de6c3ca2a.jpg  
12-26 11:43:06.816 24808 24808 E resultDishCount: 8 个菜品
12-26 11:43:08.438 24808 25708 E innerRecognize: recognizeByFilter8
12-26 11:43:08.438 24808 25708 E recognize: 966ms   /storage/emulated/0/shifang/ai_dish/image/20231226/a645c570-c94c-44c6-8cc8-3dd989a63b87.jpg  
12-26 11:43:08.520 24808 24808 E resultDishCount: 8 个菜品
12-26 11:43:10.128 24808 25720 E innerRecognize: recognizeByFilter8
12-26 11:43:10.128 24808 25720 E recognize: 969ms   /storage/emulated/0/shifang/ai_dish/image/20231226/ee697243-173c-4ae7-bbd4-d2b86512368e.jpg  
12-26 11:43:10.242 24808 24808 E resultDishCount: 8 个菜品
12-26 11:43:11.870 24808 25359 E innerRecognize: recognizeByFilter8
12-26 11:43:11.870 24808 25359 E recognize: 989ms   /storage/emulated/0/shifang/ai_dish/image/20231226/e726131c-bdaf-4429-91eb-44a88073e870.jpg  
12-26 11:43:12.002 24808 24808 E resultDishCount: 8 个菜品
12-26 11:43:13.780 24808 25555 E innerRecognize: recognizeByFilter8
12-26 11:43:13.780 24808 25555 E recognize: 1034ms   /storage/emulated/0/shifang/ai_dish/image/20231226/bbb41778-9383-412f-86ab-e294c2c00ab5.jpg  
12-26 11:43:13.907 24808 24808 E resultDishCount: 8 个菜品
12-26 11:43:15.428 24808 25556 E innerRecognize: recognizeByFilter8
12-26 11:43:15.429 24808 25556 E recognize: 869ms   /storage/emulated/0/shifang/ai_dish/image/20231226/ef99c554-3a21-4be2-a013-347ebdf9cc61.jpg  
12-26 11:43:15.521 24808 24808 E resultDishCount: 8 个菜品
12-26 11:43:17.215 24808 25577 E innerRecognize: recognizeByFilter8
12-26 11:43:17.215 24808 25577 E recognize: 988ms   /storage/emulated/0/shifang/ai_dish/image/20231226/0871a963-b5e5-43ba-bbc3-8320946ff597.jpg  
12-26 11:43:17.316 24808 24808 E resultDishCount: 8 个菜品
12-26 11:43:18.955 24808 25588 E innerRecognize: recognizeByFilter8
12-26 11:43:18.955 24808 25588 E recognize: 967ms   /storage/emulated/0/shifang/ai_dish/image/20231226/9803462e-afff-4392-aafb-ab6fb1d5cba2.jpg  
12-26 11:43:19.059 24808 24808 E resultDishCount: 8 个菜品
12-26 11:43:20.733 24808 25598 E innerRecognize: recognizeByFilter8
12-26 11:43:20.733 24808 25598 E recognize: 972ms   /storage/emulated/0/shifang/ai_dish/image/20231226/2e59c981-a57c-41ef-86bd-eb993c779254.jpg  
12-26 11:43:20.848 24808 24808 E resultDishCount: 8 个菜品
12-26 11:43:22.473 24808 25609 E innerRecognize: recognizeByFilter8
12-26 11:43:22.474 24808 25609 E recognize: 960ms   /storage/emulated/0/shifang/ai_dish/image/20231226/c9c18fb3-f9b5-4ace-8a5c-04d5becffd21.jpg  
12-26 11:43:22.594 24808 24808 E resultDishCount: 8 个菜品
12-26 11:43:24.223 24808 25620 E innerRecognize: recognizeByFilter8
12-26 11:43:24.223 24808 25620 E recognize: 965ms   /storage/emulated/0/shifang/ai_dish/image/20231226/1f3733db-d662-4bfa-8058-65cedc4be4a8.jpg  
12-26 11:43:24.354 24808 24808 E resultDishCount: 8 个菜品
12-26 11:43:25.956 24808 25631 E innerRecognize: recognizeByFilter8
12-26 11:43:25.956 24808 25631 E recognize: 957ms   /storage/emulated/0/shifang/ai_dish/image/20231226/3a77c101-fd42-4c3a-b2f4-0450d84775c8.jpg  
12-26 11:43:26.077 24808 24808 E resultDishCount: 8 个菜品
12-26 11:43:27.640 24808 25642 E innerRecognize: recognizeByFilter8
12-26 11:43:27.640 24808 25642 E recognize: 921ms   /storage/emulated/0/shifang/ai_dish/image/20231226/85beb0c4-fea3-4784-9c28-6e09b5eb67b8.jpg  
12-26 11:43:27.748 24808 24808 E resultDishCount: 8 个菜品
12-26 11:43:29.384 24808 25653 E innerRecognize: recognizeByFilter8
12-26 11:43:29.384 24808 25653 E recognize: 968ms   /storage/emulated/0/shifang/ai_dish/image/20231226/fcf81484-c4ff-42ca-9dc6-07b8e6609b28.jpg  
12-26 11:43:29.506 24808 24808 E resultDishCount: 8 个菜品
12-26 11:43:31.200 24808 25664 E innerRecognize: recognizeByFilter8
12-26 11:43:31.200 24808 25664 E recognize: 1056ms   /storage/emulated/0/shifang/ai_dish/image/20231226/3f3d4bf0-f476-4a9a-aaf8-2bf28de73463.jpg  
12-26 11:43:31.319 24808 24808 E resultDishCount: 8 个菜品
12-26 11:43:32.986 24808 25674 E innerRecognize: recognizeByFilter8
12-26 11:43:32.986 24808 25674 E recognize: 1009ms   /storage/emulated/0/shifang/ai_dish/image/20231226/4026ee6b-384b-4d2b-987a-f62371719c4b.jpg  
12-26 11:43:33.079 24808 24808 E resultDishCount: 8 个菜品
12-26 11:43:34.697 24808 25685 E innerRecognize: recognizeByFilter8
12-26 11:43:34.697 24808 25685 E recognize: 968ms   /storage/emulated/0/shifang/ai_dish/image/20231226/8d98e7e6-55df-4baf-b1d7-f09242c4b863.jpg  
12-26 11:43:34.820 24808 24808 E resultDishCount: 8 个菜品
12-26 11:43:36.453 24808 25696 E innerRecognize: recognizeByFilter8
12-26 11:43:36.453 24808 25696 E recognize: 956ms   /storage/emulated/0/shifang/ai_dish/image/20231226/a710764f-8fa7-469d-a2f9-97487b2a0aa6.jpg  
12-26 11:43:36.562 24808 24808 E resultDishCount: 8 个菜品
12-26 11:43:38.189 24808 25708 E innerRecognize: recognizeByFilter8
12-26 11:43:38.189 24808 25708 E recognize: 994ms   /storage/emulated/0/shifang/ai_dish/image/20231226/79bc4cad-3994-4474-adaf-e380ea9332d4.jpg  
12-26 11:43:38.288 24808 24808 E resultDishCount: 8 个菜品
12-26 11:43:41.093 24808 25720 E innerRecognize: recognizeByFilter8
12-26 11:43:41.093 24808 25720 E recognize: 2144ms   /storage/emulated/0/shifang/ai_dish/image/20231226/d5bc19e7-e40f-4b03-845b-e497593e909f.jpg  
12-26 11:43:44.076 24808 25300 E registerBgr24: 1 
12-26 11:43:44.076 24808 25300 E FaceServer__: registerBgr24:  ErrorInfo.MOK
12-26 11:43:44.076 24808 25300 E SyncFacePresenter__addFaceLocal_register  fail: 吴彦祖  1
12-26 11:43:44.109 24808 25300 E registerBgr24: 2 
12-26 11:43:44.109 24808 25300 E FaceServer__: registerBgr24:  ErrorInfo.MOK
12-26 11:43:44.109 24808 25300 E SyncFacePresenter__addFaceLocal_register  fail: 郭富城  2
12-26 11:43:44.122 24808 25300 E registerBgr24: 3 
12-26 11:43:44.122 24808 25300 E FaceServer__: registerBgr24:  ErrorInfo.MOK
12-26 11:43:44.122 24808 25300 E SyncFacePresenter__addFaceLocal_register  fail: 谢霆锋  3
12-26 11:43:44.136 24808 25300 E registerBgr24: 4 
12-26 11:43:44.136 24808 25300 E FaceServer__: registerBgr24:  ErrorInfo.MOK
12-26 11:43:44.136 24808 25300 E SyncFacePresenter__addFaceLocal_register  fail: 摩卡  4
12-26 11:43:44.159 24808 25300 E registerBgr24: 5 
12-26 11:43:44.159 24808 25300 E FaceServer__: registerBgr24:  ErrorInfo.MOK
12-26 11:43:44.159 24808 25300 E SyncFacePresenter__addFaceLocal_register  fail: 李连杰  5
12-26 11:43:44.347 24808 24808 E resultDishCount: 8 个菜品
12-26 11:43:45.357 24808 25359 E innerRecognize: recognizeByFilter8
12-26 11:43:45.357 24808 25359 E recognize: 1020ms   /storage/emulated/0/shifang/ai_dish/image/20231226/eab9191b-64ec-44ef-97c9-efeebf5bee2f.jpg  
12-26 11:43:45.449 24808 24808 E resultDishCount: 8 个菜品
12-26 11:43:46.399 24808 25555 E innerRecognize: recognizeByFilter8
12-26 11:43:46.399 24808 25555 E recognize: 955ms   /storage/emulated/0/shifang/ai_dish/image/20231226/92b0e5c9-afcd-4a8b-9647-eb817c627814.jpg  
12-26 11:43:46.526 24808 24808 E resultDishCount: 8 个菜品
12-26 11:43:47.438 24808 25556 E innerRecognize: recognizeByFilter8
12-26 11:43:47.438 24808 25556 E recognize: 921ms   /storage/emulated/0/shifang/ai_dish/image/20231226/4c704ade-4294-42a0-b992-ecaa1002e129.jpg  
12-26 11:43:47.531 24808 24808 E resultDishCount: 8 个菜品
12-26 11:43:48.509 24808 25577 E innerRecognize: recognizeByFilter8
12-26 11:43:48.509 24808 25577 E recognize: 983ms   /storage/emulated/0/shifang/ai_dish/image/20231226/c43a5b3c-84aa-4616-bb36-3f7314da8129.jpg  
12-26 11:43:48.609 24808 24808 E resultDishCount: 8 个菜品
12-26 11:43:49.546 24808 25588 E innerRecognize: recognizeByFilter8
12-26 11:43:49.546 24808 25588 E recognize: 953ms   /storage/emulated/0/shifang/ai_dish/image/20231226/aac6bd9d-6933-463a-a724-55f8ec5ae0ec.jpg  
12-26 11:43:49.668 24808 24808 E resultDishCount: 8 个菜品
12-26 11:43:51.244 24808 25598 E innerRecognize: recognizeByFilter8
12-26 11:43:51.244 24808 25598 E recognize: 925ms   /storage/emulated/0/shifang/ai_dish/image/20231226/1ba0847a-95ea-4bed-a930-cbbb9e530848.jpg  
12-26 11:43:51.337 24808 24808 E resultDishCount: 8 个菜品
12-26 11:43:52.963 24808 25609 E innerRecognize: recognizeByFilter8
12-26 11:43:52.963 24808 25609 E recognize: 945ms   /storage/emulated/0/shifang/ai_dish/image/20231226/635dedcf-076a-42f6-b739-b7b21dc2b909.jpg  
12-26 11:43:53.061 24808 24808 E resultDishCount: 8 个菜品
12-26 11:43:54.727 24808 25620 E innerRecognize: recognizeByFilter8
12-26 11:43:54.728 24808 25620 E recognize: 1007ms   /storage/emulated/0/shifang/ai_dish/image/20231226/9f8213fd-76f3-480d-9b27-f88cf9810d15.jpg  
12-26 11:43:54.820 24808 24808 E resultDishCount: 8 个菜品
12-26 11:43:56.422 24808 25631 E innerRecognize: recognizeByFilter8
12-26 11:43:56.422 24808 25631 E recognize: 941ms   /storage/emulated/0/shifang/ai_dish/image/20231226/29921787-0cc6-458e-98e4-38cbb668a51e.jpg  
12-26 11:43:56.544 24808 24808 E resultDishCount: 8 个菜品
12-26 11:43:58.137 24808 25642 E innerRecognize: recognizeByFilter8
12-26 11:43:58.137 24808 25642 E recognize: 937ms   /storage/emulated/0/shifang/ai_dish/image/20231226/bc948c51-92af-46d9-bc25-4ec4a7e8b306.jpg  
12-26 11:43:58.249 24808 24808 E resultDishCount: 8 个菜品
12-26 11:43:59.948 24808 25653 E innerRecognize: recognizeByFilter8
12-26 11:43:59.948 24808 25653 E recognize: 1052ms   /storage/emulated/0/shifang/ai_dish/image/20231226/1d0b7183-689c-4177-a0d6-0a8062456221.jpg  
12-26 11:44:00.063 24808 24808 E resultDishCount: 8 个菜品
12-26 11:44:01.660 24808 25664 E innerRecognize: recognizeByFilter8
12-26 11:44:01.660 24808 25664 E recognize: 939ms   /storage/emulated/0/shifang/ai_dish/image/20231226/f444351b-e23b-490f-baee-34a746532f47.jpg  
12-26 11:44:01.786 24808 24808 E resultDishCount: 8 个菜品
12-26 11:44:03.354 24808 25674 E innerRecognize: recognizeByFilter8
12-26 11:44:03.354 24808 25674 E recognize: 914ms   /storage/emulated/0/shifang/ai_dish/image/20231226/02220152-a0b2-49a1-a560-1cf42d313b50.jpg  
12-26 11:44:03.474 24808 24808 E resultDishCount: 8 个菜品
12-26 11:44:05.070 24808 25685 E innerRecognize: recognizeByFilter8
12-26 11:44:05.070 24808 25685 E recognize: 985ms   /storage/emulated/0/shifang/ai_dish/image/20231226/a12d5c7f-ec7a-4fb0-9a0b-bd17c52fb385.jpg  
12-26 11:44:05.180 24808 24808 E resultDishCount: 8 个菜品
12-26 11:44:06.749 24808 25696 E innerRecognize: recognizeByFilter8
12-26 11:44:06.749 24808 25696 E recognize: 907ms   /storage/emulated/0/shifang/ai_dish/image/20231226/c4908910-9e2b-424b-a1b2-a8f35eb4184d.jpg  
12-26 11:44:06.903 24808 24808 E resultDishCount: 8 个菜品
12-26 11:44:08.441 24808 25708 E innerRecognize: recognizeByFilter8
12-26 11:44:08.441 24808 25708 E recognize: 889ms   /storage/emulated/0/shifang/ai_dish/image/20231226/cccf24fe-8e91-4004-8385-beb17e3e450b.jpg  
12-26 11:44:08.554 24808 24808 E resultDishCount: 8 个菜品
12-26 11:44:10.163 24808 25720 E innerRecognize: recognizeByFilter8
12-26 11:44:10.163 24808 25720 E recognize: 940ms   /storage/emulated/0/shifang/ai_dish/image/20231226/c33440b0-ab69-49b3-b614-b9725d294667.jpg  
12-26 11:44:10.278 24808 24808 E resultDishCount: 8 个菜品
12-26 11:44:11.901 24808 25359 E innerRecognize: recognizeByFilter8
12-26 11:44:11.901 24808 25359 E recognize: 991ms   /storage/emulated/0/shifang/ai_dish/image/20231226/5c00249b-cae2-4816-b919-7bc251ccba80.jpg  
12-26 11:44:12.019 24808 24808 E resultDishCount: 8 个菜品
12-26 11:44:13.598 24808 25555 E innerRecognize: recognizeByFilter8
12-26 11:44:13.598 24808 25555 E recognize: 939ms   /storage/emulated/0/shifang/ai_dish/image/20231226/f9c7bed7-1c32-4627-937f-996e78b1df13.jpg  
12-26 11:44:13.715 24808 24808 E resultDishCount: 8 个菜品
12-26 11:44:15.324 24808 25556 E innerRecognize: recognizeByFilter8
12-26 11:44:15.324 24808 25556 E recognize: 945ms   /storage/emulated/0/shifang/ai_dish/image/20231226/c82b2a8f-349e-4482-9692-4d79bc786725.jpg  
12-26 11:44:15.484 24808 24808 E resultDishCount: 8 个菜品
12-26 11:44:17.137 24808 25577 E innerRecognize: recognizeByFilter8
12-26 11:44:17.137 24808 25577 E recognize: 996ms   /storage/emulated/0/shifang/ai_dish/image/20231226/4dca7b63-ecdd-448f-a9b8-ee0e6c927d4b.jpg  
12-26 11:44:17.264 24808 24808 E resultDishCount: 8 个菜品
12-26 11:44:18.882 24808 25588 E innerRecognize: recognizeByFilter8
12-26 11:44:18.882 24808 25588 E recognize: 958ms   /storage/emulated/0/shifang/ai_dish/image/20231226/d90f724a-13a9-4024-991a-c81fcf6846e8.jpg  
12-26 11:44:18.985 24808 24808 E resultDishCount: 8 个菜品
12-26 11:44:20.599 24808 25598 E innerRecognize: recognizeByFilter8
12-26 11:44:20.599 24808 25598 E recognize: 962ms   /storage/emulated/0/shifang/ai_dish/image/20231226/0d70176f-5bb5-45c9-856d-0467531adabd.jpg  
12-26 11:44:20.745 24808 24808 E resultDishCount: 8 个菜品
12-26 11:44:22.355 24808 25609 E innerRecognize: recognizeByFilter8
12-26 11:44:22.356 24808 25609 E recognize: 952ms   /storage/emulated/0/shifang/ai_dish/image/20231226/594df9da-9e14-42b7-b23b-a4bc4f97fbb8.jpg  
12-26 11:44:22.468 24808 24808 E resultDishCount: 8 个菜品
12-26 11:44:24.117 24808 25620 E innerRecognize: recognizeByFilter8
12-26 11:44:24.117 24808 25620 E recognize: 996ms   /storage/emulated/0/shifang/ai_dish/image/20231226/8013a432-f038-441c-bce3-4a10f03e66e8.jpg  
12-26 11:44:24.232 24808 24808 E resultDishCount: 8 个菜品
12-26 11:44:25.855 24808 25631 E innerRecognize: recognizeByFilter8
12-26 11:44:25.855 24808 25631 E recognize: 949ms   /storage/emulated/0/shifang/ai_dish/image/20231226/5b0a7ef6-94ba-4957-b3b2-9304990e004d.jpg  
12-26 11:44:25.951 24808 24808 E resultDishCount: 8 个菜品
12-26 11:44:27.576 24808 25642 E innerRecognize: recognizeByFilter8
12-26 11:44:27.576 24808 25642 E recognize: 998ms   /storage/emulated/0/shifang/ai_dish/image/20231226/6a32ee39-9da3-4938-b0c2-e08c8e305c67.jpg  
12-26 11:44:27.693 24808 24808 E resultDishCount: 8 个菜品
12-26 11:44:29.254 24808 25653 E innerRecognize: recognizeByFilter8
12-26 11:44:29.254 24808 25653 E recognize: 902ms   /storage/emulated/0/shifang/ai_dish/image/20231226/edcc0342-ce3f-45ee-a507-ae7d6721eb92.jpg  
12-26 11:44:29.364 24808 24808 E resultDishCount: 8 个菜品
12-26 11:44:31.036 24808 25664 E innerRecognize: recognizeByFilter8
12-26 11:44:31.036 24808 25664 E recognize: 998ms   /storage/emulated/0/shifang/ai_dish/image/20231226/068d8821-5366-4dbe-8100-955b9825b795.jpg  
12-26 11:44:31.139 24808 24808 E resultDishCount: 8 个菜品
12-26 11:44:32.768 24808 25674 E innerRecognize: recognizeByFilter8
12-26 11:44:32.768 24808 25674 E recognize: 964ms   /storage/emulated/0/shifang/ai_dish/image/20231226/389731e0-58ce-42f9-9193-29754bb10e6c.jpg  
12-26 11:44:32.863 24808 24808 E resultDishCount: 8 个菜品
12-26 11:44:34.507 24808 25685 E innerRecognize: recognizeByFilter8
12-26 11:44:34.507 24808 25685 E recognize: 993ms   /storage/emulated/0/shifang/ai_dish/image/20231226/2aa02868-b310-4e18-8d55-edb59fa122d3.jpg  
12-26 11:44:34.604 24808 24808 E resultDishCount: 8 个菜品
12-26 11:44:36.189 24808 25696 E innerRecognize: recognizeByFilter8
12-26 11:44:36.189 24808 25696 E recognize: 945ms   /storage/emulated/0/shifang/ai_dish/image/20231226/4f0b1a7a-2bd8-45b8-89c9-db50b899431c.jpg  
12-26 11:44:36.296 24808 24808 E resultDishCount: 8 个菜品
12-26 11:44:37.877 24808 25708 E innerRecognize: recognizeByFilter8
12-26 11:44:37.877 24808 25708 E recognize: 937ms   /storage/emulated/0/shifang/ai_dish/image/20231226/c1cda07c-7569-4cb0-8960-157fb32bf6a2.jpg  
12-26 11:44:37.998 24808 24808 E resultDishCount: 8 个菜品
12-26 11:44:39.664 24808 25720 E innerRecognize: recognizeByFilter8
12-26 11:44:39.664 24808 25720 E recognize: 1013ms   /storage/emulated/0/shifang/ai_dish/image/20231226/f4439c3e-e302-4f6a-8800-ecf653984f0f.jpg  
12-26 11:44:39.775 24808 24808 E resultDishCount: 8 个菜品
12-26 11:44:41.509 24808 25359 E innerRecognize: recognizeByFilter8
12-26 11:44:41.509 24808 25359 E recognize: 1093ms   /storage/emulated/0/shifang/ai_dish/image/20231226/01314a07-0afa-4817-802b-8866cbcb327a.jpg  
12-26 11:44:41.644 24808 24808 E resultDishCount: 8 个菜品
12-26 11:44:43.198 24808 25555 E innerRecognize: recognizeByFilter8
12-26 11:44:43.198 24808 25555 E recognize: 905ms   /storage/emulated/0/shifang/ai_dish/image/20231226/f8bc9f39-a01c-427b-89c9-26b3d6bc2770.jpg  
12-26 11:44:43.312 24808 24808 E resultDishCount: 8 个菜品
12-26 11:44:44.179 24808 25300 E registerBgr24: 1 
12-26 11:44:44.179 24808 25300 E FaceServer__: registerBgr24:  ErrorInfo.MOK
12-26 11:44:44.179 24808 25300 E SyncFacePresenter__addFaceLocal_register  fail: 吴彦祖  1
12-26 11:44:44.213 24808 25300 E registerBgr24: 2 
12-26 11:44:44.213 24808 25300 E FaceServer__: registerBgr24:  ErrorInfo.MOK
12-26 11:44:44.213 24808 25300 E SyncFacePresenter__addFaceLocal_register  fail: 郭富城  2
12-26 11:44:44.231 24808 25300 E registerBgr24: 3 
12-26 11:44:44.231 24808 25300 E FaceServer__: registerBgr24:  ErrorInfo.MOK
12-26 11:44:44.231 24808 25300 E SyncFacePresenter__addFaceLocal_register  fail: 谢霆锋  3
12-26 11:44:44.252 24808 25300 E registerBgr24: 4 
12-26 11:44:44.252 24808 25300 E FaceServer__: registerBgr24:  ErrorInfo.MOK
12-26 11:44:44.252 24808 25300 E SyncFacePresenter__addFaceLocal_register  fail: 摩卡  4
12-26 11:44:44.284 24808 25300 E registerBgr24: 5 
12-26 11:44:44.284 24808 25300 E FaceServer__: registerBgr24:  ErrorInfo.MOK
12-26 11:44:44.284 24808 25300 E SyncFacePresenter__addFaceLocal_register  fail: 李连杰  5
12-26 11:44:45.058 24808 25556 E innerRecognize: recognizeByFilter8
12-26 11:44:45.058 24808 25556 E recognize: 1104ms   /storage/emulated/0/shifang/ai_dish/image/20231226/d28885c8-799c-4c66-9e5c-986348c9344e.jpg  
12-26 11:44:50.772 24808 24808 E resultDishCount: 8 个菜品
12-26 11:44:51.791 24808 25577 E innerRecognize: recognizeByFilter8
12-26 11:44:51.792 24808 25577 E recognize: 1016ms   /storage/emulated/0/shifang/ai_dish/image/20231226/1572b5cc-bff3-4399-b8e5-ae0f11efccaf.jpg  
12-26 11:44:51.878 24808 24808 E resultDishCount: 8 个菜品
12-26 11:44:52.825 24808 25588 E innerRecognize: recognizeByFilter8
12-26 11:44:52.825 24808 25588 E recognize: 942ms   /storage/emulated/0/shifang/ai_dish/image/20231226/559e6ede-136f-4863-8536-4e2fd94149e0.jpg  
12-26 11:44:52.935 24808 24808 E resultDishCount: 8 个菜品
12-26 11:44:53.905 24808 25598 E innerRecognize: recognizeByFilter8
12-26 11:44:53.905 24808 25598 E recognize: 974ms   /storage/emulated/0/shifang/ai_dish/image/20231226/8128d1c4-351c-42bd-b088-06939a4c443f.jpg  
12-26 11:44:54.012 24808 24808 E resultDishCount: 8 个菜品
12-26 11:44:54.992 24808 25609 E innerRecognize: recognizeByFilter8
12-26 11:44:54.992 24808 25609 E recognize: 979ms   /storage/emulated/0/shifang/ai_dish/image/20231226/f7424b76-8e6d-4f87-abe4-47b4a6dc9e71.jpg  
12-26 11:44:55.125 24808 24808 E resultDishCount: 8 个菜品
12-26 11:44:56.021 24808 25620 E innerRecognize: recognizeByFilter8
12-26 11:44:56.021 24808 25620 E recognize: 904ms   /storage/emulated/0/shifang/ai_dish/image/20231226/4bcb65f9-e415-4e16-88da-9e7b1887c48d.jpg  
12-26 11:44:56.148 24808 24808 E resultDishCount: 8 个菜品
12-26 11:44:57.091 24808 25631 E innerRecognize: recognizeByFilter8
12-26 11:44:57.091 24808 25631 E recognize: 948ms   /storage/emulated/0/shifang/ai_dish/image/20231226/588fdaf5-24c3-4f17-9130-31086536b72f.jpg  
12-26 11:44:57.210 24808 24808 E resultDishCount: 8 个菜品
12-26 11:44:58.140 24808 25642 E innerRecognize: recognizeByFilter8
12-26 11:44:58.140 24808 25642 E recognize: 932ms   /storage/emulated/0/shifang/ai_dish/image/20231226/7a59a6d1-b623-4ac7-8ec7-69fad7316cc0.jpg  
12-26 11:44:58.270 24808 24808 E resultDishCount: 8 个菜品
12-26 11:44:59.901 24808 25653 E innerRecognize: recognizeByFilter8
12-26 11:44:59.901 24808 25653 E recognize: 994ms   /storage/emulated/0/shifang/ai_dish/image/20231226/0cb5682b-4317-46ee-b5a8-7f303a0ba41d.jpg  
12-26 11:45:00.044 24808 24808 E resultDishCount: 8 个菜品
12-26 11:45:01.661 24808 25664 E innerRecognize: recognizeByFilter8
12-26 11:45:01.661 24808 25664 E recognize: 937ms   /storage/emulated/0/shifang/ai_dish/image/20231226/67cebdcd-f9b1-4ca1-8d7e-e83106ae43ee.jpg  
12-26 11:45:01.768 24808 24808 E resultDishCount: 8 个菜品
12-26 11:45:03.426 24808 25674 E innerRecognize: recognizeByFilter8
12-26 11:45:03.426 24808 25674 E recognize: 989ms   /storage/emulated/0/shifang/ai_dish/image/20231226/f4f803d9-9096-4c1e-9d0d-6e451e2e5096.jpg  
12-26 11:45:03.545 24808 24808 E resultDishCount: 8 个菜品
12-26 11:45:05.201 24808 25685 E innerRecognize: recognizeByFilter8
12-26 11:45:05.201 24808 25685 E recognize: 995ms   /storage/emulated/0/shifang/ai_dish/image/20231226/9f976b79-adaf-4b38-b730-2ab6a5921013.jpg  
12-26 11:45:05.322 24808 24808 E resultDishCount: 8 个菜品
12-26 11:45:06.961 24808 25696 E innerRecognize: recognizeByFilter8
12-26 11:45:06.961 24808 25696 E recognize: 1010ms   /storage/emulated/0/shifang/ai_dish/image/20231226/da1c25e8-5a26-4b52-bd31-95358e7d4cba.jpg  
12-26 11:45:07.086 24808 24808 E resultDishCount: 8 个菜品
12-26 11:45:08.677 24808 25708 E innerRecognize: recognizeByFilter8
12-26 11:45:08.677 24808 25708 E recognize: 955ms   /storage/emulated/0/shifang/ai_dish/image/20231226/e01326e9-e7bc-459d-9c2d-e32b332fd34d.jpg  
12-26 11:45:08.787 24808 24808 E resultDishCount: 8 个菜品
12-26 11:45:10.426 24808 25720 E innerRecognize: recognizeByFilter8
12-26 11:45:10.426 24808 25720 E recognize: 973ms   /storage/emulated/0/shifang/ai_dish/image/20231226/7e2e6d17-db1c-4a3a-9c80-217a44a7149d.jpg  
12-26 11:45:10.534 24808 24808 E resultDishCount: 8 个菜品
12-26 11:45:12.177 24808 25359 E innerRecognize: recognizeByFilter8
12-26 11:45:12.177 24808 25359 E recognize: 991ms   /storage/emulated/0/shifang/ai_dish/image/20231226/cd995c6b-61f3-4ef1-a30f-46af7111ec3a.jpg  
12-26 11:45:12.275 24808 24808 E resultDishCount: 8 个菜品
12-26 11:45:13.851 24808 25555 E innerRecognize: recognizeByFilter8
12-26 11:45:13.851 24808 25555 E recognize: 923ms   /storage/emulated/0/shifang/ai_dish/image/20231226/6b209abd-44e2-4960-ab78-1f4c3a99b266.jpg  
12-26 11:45:13.943 24808 24808 E resultDishCount: 8 个菜品
12-26 11:45:15.486 24808 25556 E innerRecognize: recognizeByFilter8
12-26 11:45:15.486 24808 25556 E recognize: 891ms   /storage/emulated/0/shifang/ai_dish/image/20231226/97f2c3a0-e687-4229-b180-cbb1d38e289e.jpg  
12-26 11:45:15.593 24808 24808 E resultDishCount: 8 个菜品
12-26 11:45:17.282 24808 25577 E innerRecognize: recognizeByFilter8
12-26 11:45:17.282 24808 25577 E recognize: 1016ms   /storage/emulated/0/shifang/ai_dish/image/20231226/9781fc53-c61e-4eb0-8160-5ac0f2c26bb1.jpg  
12-26 11:45:17.405 24808 24808 E resultDishCount: 8 个菜品
12-26 11:45:19.028 24808 25588 E innerRecognize: recognizeByFilter8
12-26 11:45:19.028 24808 25588 E recognize: 984ms   /storage/emulated/0/shifang/ai_dish/image/20231226/f833b15c-f2c3-4a9b-8681-9aff60a5d2ca.jpg  
12-26 11:45:19.147 24808 24808 E resultDishCount: 8 个菜品
12-26 11:45:20.769 24808 25598 E innerRecognize: recognizeByFilter8
12-26 11:45:20.769 24808 25598 E recognize: 977ms   /storage/emulated/0/shifang/ai_dish/image/20231226/dd5e7578-c3b0-4db9-97ea-da307afb8362.jpg  
12-26 11:45:20.906 24808 24808 E resultDishCount: 8 个菜品
12-26 11:45:22.491 24808 25609 E innerRecognize: recognizeByFilter8
12-26 11:45:22.491 24808 25609 E recognize: 931ms   /storage/emulated/0/shifang/ai_dish/image/20231226/283b46b0-54ef-4d07-8fdd-f6cd11bdfb42.jpg  
12-26 11:45:22.612 24808 24808 E resultDishCount: 8 个菜品
12-26 11:45:24.277 24808 25620 E innerRecognize: recognizeByFilter8
12-26 11:45:24.277 24808 25620 E recognize: 1001ms   /storage/emulated/0/shifang/ai_dish/image/20231226/c3d7e9ea-7d00-46ea-bf08-b6f664b836a2.jpg  
12-26 11:45:24.390 24808 24808 E resultDishCount: 8 个菜品
12-26 11:45:26.020 24808 25631 E innerRecognize: recognizeByFilter8
12-26 11:45:26.021 24808 25631 E recognize: 958ms   /storage/emulated/0/shifang/ai_dish/image/20231226/7c967076-68c1-4de4-9235-e6dfa6c2aa37.jpg  
12-26 11:45:26.149 24808 24808 E resultDishCount: 8 个菜品
12-26 11:45:27.775 24808 25642 E innerRecognize: recognizeByFilter8
12-26 11:45:27.775 24808 25642 E recognize: 981ms   /storage/emulated/0/shifang/ai_dish/image/20231226/0a4ad7ae-bbdd-40ac-8dd5-6a1d6d950f2d.jpg  
12-26 11:45:27.874 24808 24808 E resultDishCount: 8 个菜品
12-26 11:45:29.488 24808 25653 E innerRecognize: recognizeByFilter8
12-26 11:45:29.488 24808 25653 E recognize: 972ms   /storage/emulated/0/shifang/ai_dish/image/20231226/7661aec7-bae0-4f47-aa51-7007dd77de39.jpg  
12-26 11:45:29.613 24808 24808 E resultDishCount: 8 个菜品
12-26 11:45:31.240 24808 25664 E innerRecognize: recognizeByFilter8
12-26 11:45:31.240 24808 25664 E recognize: 952ms   /storage/emulated/0/shifang/ai_dish/image/20231226/201bec7d-3363-4636-90a4-87880071f573.jpg  
12-26 11:45:31.355 24808 24808 E resultDishCount: 8 个菜品
12-26 11:45:32.972 24808 25674 E innerRecognize: recognizeByFilter8
12-26 11:45:32.972 24808 25674 E recognize: 955ms   /storage/emulated/0/shifang/ai_dish/image/20231226/e1e667d5-44e9-4bb9-882e-8729f1037566.jpg  
12-26 11:45:33.078 24808 24808 E resultDishCount: 8 个菜品
12-26 11:45:34.699 24808 25685 E innerRecognize: recognizeByFilter8
12-26 11:45:34.699 24808 25685 E recognize: 966ms   /storage/emulated/0/shifang/ai_dish/image/20231226/637e3e85-f89f-4931-a3fa-2499f60e06d7.jpg  
12-26 11:45:34.783 24808 24808 E resultDishCount: 8 个菜品
12-26 11:45:36.418 24808 25696 E innerRecognize: recognizeByFilter8
12-26 11:45:36.418 24808 25696 E recognize: 984ms   /storage/emulated/0/shifang/ai_dish/image/20231226/28250f76-5730-4253-aafe-ee4ac250205e.jpg  
12-26 11:45:36.525 24808 24808 E resultDishCount: 8 个菜品
12-26 11:45:38.184 24808 25708 E innerRecognize: recognizeByFilter8
12-26 11:45:38.184 24808 25708 E recognize: 990ms   /storage/emulated/0/shifang/ai_dish/image/20231226/0e0f603f-dd26-46c7-8739-cdb3f1a5bbc9.jpg  
12-26 11:45:38.302 24808 24808 E resultDishCount: 8 个菜品
12-26 11:45:39.877 24808 25720 E innerRecognize: recognizeByFilter8
12-26 11:45:39.877 24808 25720 E recognize: 928ms   /storage/emulated/0/shifang/ai_dish/image/20231226/afdafc4b-058c-42f9-94ca-ff02e5e2b9e9.jpg  
12-26 11:45:40.008 24808 24808 E resultDishCount: 8 个菜品
12-26 11:45:41.558 24808 25359 E innerRecognize: recognizeByFilter8
12-26 11:45:41.558 24808 25359 E recognize: 918ms   /storage/emulated/0/shifang/ai_dish/image/20231226/443d760f-11d2-4eed-9bee-cb55a29096af.jpg  
12-26 11:45:41.660 24808 24808 E resultDishCount: 8 个菜品
12-26 11:45:43.284 24808 25555 E innerRecognize: recognizeByFilter8
12-26 11:45:43.284 24808 25555 E recognize: 963ms   /storage/emulated/0/shifang/ai_dish/image/20231226/1a8eb163-98a4-440a-91d4-732d8326a020.jpg  
12-26 11:45:43.401 24808 24808 E resultDishCount: 8 个菜品
12-26 11:45:44.303 24808 25300 E registerBgr24: 1 
12-26 11:45:44.303 24808 25300 E FaceServer__: registerBgr24:  ErrorInfo.MOK
12-26 11:45:44.303 24808 25300 E SyncFacePresenter__addFaceLocal_register  fail: 吴彦祖  1
12-26 11:45:44.338 24808 25300 E registerBgr24: 2 
12-26 11:45:44.338 24808 25300 E FaceServer__: registerBgr24:  ErrorInfo.MOK
12-26 11:45:44.338 24808 25300 E SyncFacePresenter__addFaceLocal_register  fail: 郭富城  2
12-26 11:45:44.352 24808 25300 E registerBgr24: 3 
12-26 11:45:44.352 24808 25300 E FaceServer__: registerBgr24:  ErrorInfo.MOK
12-26 11:45:44.352 24808 25300 E SyncFacePresenter__addFaceLocal_register  fail: 谢霆锋  3
12-26 11:45:44.366 24808 25300 E registerBgr24: 4 
12-26 11:45:44.366 24808 25300 E FaceServer__: registerBgr24:  ErrorInfo.MOK
12-26 11:45:44.366 24808 25300 E SyncFacePresenter__addFaceLocal_register  fail: 摩卡  4
12-26 11:45:44.391 24808 25300 E registerBgr24: 5 
12-26 11:45:44.391 24808 25300 E FaceServer__: registerBgr24:  ErrorInfo.MOK
12-26 11:45:44.391 24808 25300 E SyncFacePresenter__addFaceLocal_register  fail: 李连杰  5
12-26 11:45:45.090 24808 25556 E innerRecognize: recognizeByFilter8
12-26 11:45:45.090 24808 25556 E recognize: 1036ms   /storage/emulated/0/shifang/ai_dish/image/20231226/ee80b1ce-9de8-4154-b164-f8f0a15f74a8.jpg  
12-26 11:45:45.179 24808 24808 E resultDishCount: 8 个菜品
12-26 11:45:46.919 24808 25577 E innerRecognize: recognizeByFilter8
12-26 11:45:46.919 24808 25577 E recognize: 1077ms   /storage/emulated/0/shifang/ai_dish/image/20231226/44738105-9ea2-4d5d-b506-54999d9cbdea.jpg  
12-26 11:45:47.065 24808 24808 E resultDishCount: 8 个菜品
12-26 11:45:48.628 24808 25588 E innerRecognize: recognizeByFilter8
12-26 11:45:48.628 24808 25588 E recognize: 917ms   /storage/emulated/0/shifang/ai_dish/image/20231226/ea5488b5-f48d-4445-8d46-e2a04d280dbf.jpg  
12-26 11:45:48.751 24808 24808 E resultDishCount: 8 个菜品
12-26 11:45:50.344 24808 25598 E innerRecognize: recognizeByFilter8
12-26 11:45:50.344 24808 25598 E recognize: 929ms   /storage/emulated/0/shifang/ai_dish/image/20231226/d1d5c87b-1bff-4c15-9af2-7f9e86e8c054.jpg  
12-26 11:45:50.439 24808 24808 E resultDishCount: 8 个菜品
12-26 11:45:53.206 24808 25609 E innerRecognize: recognizeByFilter8
12-26 11:45:53.207 24808 25609 E recognize: 2118ms   /storage/emulated/0/shifang/ai_dish/image/20231226/b83ee84c-1fe2-42df-858b-b5a5817acc04.jpg  
12-26 11:45:56.053 24808 24808 E resultDishCount: 8 个菜品
12-26 11:45:57.168 24808 25620 E innerRecognize: recognizeByFilter8
12-26 11:45:57.168 24808 25620 E recognize: 1121ms   /storage/emulated/0/shifang/ai_dish/image/20231226/73a81e14-c683-4a04-8743-79a7dbf087db.jpg  
12-26 11:45:57.422 24808 24808 E resultDishCount: 8 个菜品
12-26 11:45:58.372 24808 25631 E innerRecognize: recognizeByFilter8
12-26 11:45:58.372 24808 25631 E recognize: 959ms   /storage/emulated/0/shifang/ai_dish/image/20231226/5dd80d4f-8b7c-45f8-9ce9-b5019bd6e9e2.jpg  
12-26 11:45:58.468 24808 24808 E resultDishCount: 8 个菜品
12-26 11:45:59.415 24808 25642 E innerRecognize: recognizeByFilter8
12-26 11:45:59.415 24808 25642 E recognize: 949ms   /storage/emulated/0/shifang/ai_dish/image/20231226/a6b46b62-db77-4327-893e-2bccace3dbc9.jpg  
12-26 11:45:59.541 24808 24808 E resultDishCount: 8 个菜品
12-26 11:46:00.545 24808 25653 E innerRecognize: recognizeByFilter8
12-26 11:46:00.545 24808 25653 E recognize: 1018ms   /storage/emulated/0/shifang/ai_dish/image/20231226/822a23ab-e3d2-40a6-b979-fcae0d1687e4.jpg  
12-26 11:46:00.672 24808 24808 E resultDishCount: 8 个菜品
12-26 11:46:01.685 24808 25664 E innerRecognize: recognizeByFilter8
12-26 11:46:01.685 24808 25664 E recognize: 1017ms   /storage/emulated/0/shifang/ai_dish/image/20231226/593976ee-ef4f-45f9-a178-3f9a6e78db43.jpg  
12-26 11:46:01.803 24808 24808 E resultDishCount: 8 个菜品
12-26 11:46:03.493 24808 25674 E innerRecognize: recognizeByFilter8
12-26 11:46:03.493 24808 25674 E recognize: 1029ms   /storage/emulated/0/shifang/ai_dish/image/20231226/4461c0e4-9181-4a52-b382-8262b333ca42.jpg  
12-26 11:46:03.599 24808 24808 E resultDishCount: 8 个菜品
12-26 11:46:05.207 24808 25685 E innerRecognize: recognizeByFilter8
12-26 11:46:05.207 24808 25685 E recognize: 943ms   /storage/emulated/0/shifang/ai_dish/image/20231226/5a79f346-cee8-489f-a303-80fcaf87f82a.jpg  
12-26 11:46:05.322 24808 24808 E resultDishCount: 8 个菜品
12-26 11:46:06.956 24808 25696 E innerRecognize: recognizeByFilter8
12-26 11:46:06.957 24808 25696 E recognize: 1004ms   /storage/emulated/0/shifang/ai_dish/image/20231226/3019eb85-2196-4b89-b09f-4ef257151538.jpg  
12-26 11:46:07.081 24808 24808 E resultDishCount: 8 个菜品
12-26 11:46:08.665 24808 25708 E innerRecognize: recognizeByFilter8
12-26 11:46:08.665 24808 25708 E recognize: 972ms   /storage/emulated/0/shifang/ai_dish/image/20231226/4259e686-70da-4333-b7ce-65a89f272ac3.jpg  
12-26 11:46:08.787 24808 24808 E resultDishCount: 8 个菜品
12-26 11:46:10.410 24808 25720 E innerRecognize: recognizeByFilter8
12-26 11:46:10.410 24808 25720 E recognize: 976ms   /storage/emulated/0/shifang/ai_dish/image/20231226/60cf97ac-6559-4a0f-961a-befa45b93443.jpg  
12-26 11:46:10.528 24808 24808 E resultDishCount: 8 个菜品
12-26 11:46:12.119 24808 25359 E innerRecognize: recognizeByFilter8
12-26 11:46:12.119 24808 25359 E recognize: 932ms   /storage/emulated/0/shifang/ai_dish/image/20231226/9e834449-d474-4b19-8173-d56b7d1f0ab8.jpg  
12-26 11:46:12.216 24808 24808 E resultDishCount: 8 个菜品
