12-26 10:54:23.446 10387 10938 E recognize: 748ms   /storage/emulated/0/shifang/ai_dish/image/20231226/951bc35b-f624-472a-9b7d-546e4636efe0.jpg  
12-26 10:54:23.576 10387 10387 E resultDishCount: 6 个菜品
12-26 10:54:24.316 10387 10948 E innerRecognize: recognizeByFilter6
12-26 10:54:24.316 10387 10948 E recognize: 748ms   /storage/emulated/0/shifang/ai_dish/image/20231226/557db5e8-c572-4fc4-abfe-839d5dd7eaaf.jpg  
12-26 10:54:24.381 10387 10387 E resultDishCount: 6 个菜品
12-26 10:54:25.078 10387 10958 E innerRecognize: recognizeByFilter6
12-26 10:54:25.078 10387 10958 E recognize: 696ms   /storage/emulated/0/shifang/ai_dish/image/20231226/c9f0b122-6055-4b09-864c-1139217f3830.jpg  
12-26 10:54:25.168 10387 10387 E resultDishCount: 6 个菜品
12-26 10:54:25.918 10387 10967 E innerRecognize: recognizeByFilter6
12-26 10:54:25.918 10387 10967 E recognize: 763ms   /storage/emulated/0/shifang/ai_dish/image/20231226/2f16f4df-23e4-4634-8094-fc8267c9aed1.jpg  
12-26 10:54:26.012 10387 10387 E resultDishCount: 6 个菜品
12-26 10:54:26.748 10387 10976 E innerRecognize: recognizeByFilter6
12-26 10:54:26.748 10387 10976 E recognize: 737ms   /storage/emulated/0/shifang/ai_dish/image/20231226/c1bf7266-99aa-4758-8566-ffd7c3b4c720.jpg  
12-26 10:54:26.873 10387 10387 E resultDishCount: 6 个菜品
12-26 10:54:27.634 10387 10984 E innerRecognize: recognizeByFilter6
12-26 10:54:27.634 10387 10984 E recognize: 773ms   /storage/emulated/0/shifang/ai_dish/image/20231226/9eff99dd-6560-4dea-974c-c76d4720a92f.jpg  
12-26 10:54:27.735 10387 10387 E resultDishCount: 6 个菜品
12-26 10:54:28.404 10387 10993 E innerRecognize: recognizeByFilter6
12-26 10:54:28.404 10387 10993 E recognize: 669ms   /storage/emulated/0/shifang/ai_dish/image/20231226/8b7c8b83-e182-4e30-9918-1bc8538bb110.jpg  
12-26 10:54:28.489 10387 10387 E resultDishCount: 6 个菜品
12-26 10:54:29.225 10387 11003 E innerRecognize: recognizeByFilter6
12-26 10:54:29.225 10387 11003 E recognize: 748ms   /storage/emulated/0/shifang/ai_dish/image/20231226/464ab718-b384-42dc-8196-a9b3888067d0.jpg  
12-26 10:54:29.357 10387 10387 E resultDishCount: 6 个菜品
12-26 10:54:30.086 10387 11012 E innerRecognize: recognizeByFilter6
12-26 10:54:30.086 10387 11012 E recognize: 736ms   /storage/emulated/0/shifang/ai_dish/image/20231226/32896bed-2e97-4871-9645-449a86de4c77.jpg  
12-26 10:54:30.212 10387 10387 E resultDishCount: 6 个菜品
12-26 10:54:30.927 10387 10860 E innerRecognize: recognizeByFilter6
12-26 10:54:30.927 10387 10860 E recognize: 725ms   /storage/emulated/0/shifang/ai_dish/image/20231226/31edd878-99cb-4718-abd4-ed743751e327.jpg  
12-26 10:54:31.020 10387 10387 E resultDishCount: 6 个菜品
12-26 10:54:31.771 10387 10870 E innerRecognize: recognizeByFilter6
12-26 10:54:31.771 10387 10870 E recognize: 753ms   /storage/emulated/0/shifang/ai_dish/image/20231226/2422755f-568e-4d1a-8bb6-8bc3373e6971.jpg  
12-26 10:54:31.865 10387 10387 E resultDishCount: 6 个菜品
12-26 10:54:32.612 10387 10881 E innerRecognize: recognizeByFilter6
12-26 10:54:32.612 10387 10881 E recognize: 742ms   /storage/emulated/0/shifang/ai_dish/image/20231226/498fc253-23e7-4499-ae48-e7e374ed0d00.jpg  
12-26 10:54:32.708 10387 10387 E resultDishCount: 6 个菜品
12-26 10:54:33.390 10387 10891 E innerRecognize: recognizeByFilter6
12-26 10:54:33.390 10387 10891 E recognize: 692ms   /storage/emulated/0/shifang/ai_dish/image/20231226/98aa3541-706b-49bf-9809-1b011e1c4eb5.jpg  
12-26 10:54:33.480 10387 10387 E resultDishCount: 6 个菜品
12-26 10:54:34.282 10387 10900 E innerRecognize: recognizeByFilter6
12-26 10:54:34.282 10387 10900 E recognize: 805ms   /storage/emulated/0/shifang/ai_dish/image/20231226/e776e5bf-4756-46a3-be1b-0a8cc12b437a.jpg  
12-26 10:54:34.378 10387 10387 E resultDishCount: 6 个菜品
12-26 10:54:35.118 10387 10909 E innerRecognize: recognizeByFilter6
12-26 10:54:35.118 10387 10909 E recognize: 747ms   /storage/emulated/0/shifang/ai_dish/image/20231226/5e811b36-14cf-49f8-879b-977e2e645c93.jpg  
12-26 10:54:35.239 10387 10387 E resultDishCount: 6 个菜品
12-26 10:54:35.940 10387 10919 E innerRecognize: recognizeByFilter6
12-26 10:54:35.940 10387 10919 E recognize: 713ms   /storage/emulated/0/shifang/ai_dish/image/20231226/9647892f-f179-49ed-a7fc-d9fe7475a2db.jpg  
12-26 10:54:36.011 10387 10387 E resultDishCount: 6 个菜品
12-26 10:54:36.687 10387 10929 E innerRecognize: recognizeByFilter6
12-26 10:54:36.687 10387 10929 E recognize: 688ms   /storage/emulated/0/shifang/ai_dish/image/20231226/ab0fcc45-e406-4b28-90ad-740e512c193b.jpg  
12-26 10:54:36.801 10387 10387 E resultDishCount: 6 个菜品
12-26 10:54:37.483 10387 10938 E innerRecognize: recognizeByFilter6
12-26 10:54:37.483 10387 10938 E recognize: 679ms   /storage/emulated/0/shifang/ai_dish/image/20231226/4a993eb5-70e8-41c2-a023-099ae69e28b1.jpg  
12-26 10:54:37.592 10387 10387 E resultDishCount: 6 个菜品
12-26 10:54:38.272 10387 10948 E innerRecognize: recognizeByFilter6
12-26 10:54:38.272 10387 10948 E recognize: 677ms   /storage/emulated/0/shifang/ai_dish/image/20231226/5b9cd27a-4a50-45d5-bdbd-352b104829d4.jpg  
12-26 10:54:38.345 10387 10387 E resultDishCount: 6 个菜品
12-26 10:54:39.047 10387 10958 E innerRecognize: recognizeByFilter6
12-26 10:54:39.047 10387 10958 E recognize: 718ms   /storage/emulated/0/shifang/ai_dish/image/20231226/77091ec6-77f6-4b17-afd5-e5f5ba83cb2f.jpg  
12-26 10:54:39.135 10387 10387 E resultDishCount: 6 个菜品
12-26 10:54:39.907 10387 10967 E innerRecognize: recognizeByFilter6
12-26 10:54:39.907 10387 10967 E recognize: 776ms   /storage/emulated/0/shifang/ai_dish/image/20231226/320128da-a66d-433d-9114-7f752b3e49a6.jpg  
12-26 10:54:40.035 10387 10387 E resultDishCount: 6 个菜品
12-26 10:54:40.785 10387 10976 E innerRecognize: recognizeByFilter6
12-26 10:54:40.785 10387 10976 E recognize: 744ms   /storage/emulated/0/shifang/ai_dish/image/20231226/c8ab522c-6da0-4c89-88f5-b8983b3fa57d.jpg  
12-26 10:54:40.912 10387 10387 E resultDishCount: 6 个菜品
12-26 10:54:41.658 10387 10984 E innerRecognize: recognizeByFilter6
12-26 10:54:41.658 10387 10984 E recognize: 752ms   /storage/emulated/0/shifang/ai_dish/image/20231226/8fbdc493-3e44-414f-af4f-047993390bb7.jpg  
12-26 10:54:41.760 10387 10387 E resultDishCount: 6 个菜品
12-26 10:54:42.513 10387 10993 E innerRecognize: recognizeByFilter6
12-26 10:54:42.513 10387 10993 E recognize: 750ms   /storage/emulated/0/shifang/ai_dish/image/20231226/4ca26e21-9092-4a1d-8106-73ea56761d93.jpg  
12-26 10:54:42.600 10387 10387 E resultDishCount: 6 个菜品
12-26 10:54:43.385 10387 11003 E innerRecognize: recognizeByFilter6
12-26 10:54:43.385 10387 11003 E recognize: 793ms   /storage/emulated/0/shifang/ai_dish/image/20231226/2a5bfb1f-6e95-41a8-af64-2ed5679d1727.jpg  
12-26 10:54:43.462 10387 10387 E resultDishCount: 6 个菜品
12-26 10:54:44.208 10387 11012 E innerRecognize: recognizeByFilter6
12-26 10:54:44.209 10387 11012 E recognize: 745ms   /storage/emulated/0/shifang/ai_dish/image/20231226/9b381079-729c-4e62-a020-2cdb27619e7e.jpg  
12-26 10:54:44.306 10387 10387 E resultDishCount: 6 个菜品
12-26 10:54:44.976 10387 10860 E innerRecognize: recognizeByFilter6
12-26 10:54:44.976 10387 10860 E recognize: 681ms   /storage/emulated/0/shifang/ai_dish/image/20231226/19b8e346-941d-4cbf-9cfb-31c172e39b84.jpg  
12-26 10:54:45.078 10387 10387 E resultDishCount: 6 个菜品
12-26 10:54:45.796 10387 10870 E innerRecognize: recognizeByFilter6
12-26 10:54:45.796 10387 10870 E recognize: 726ms   /storage/emulated/0/shifang/ai_dish/image/20231226/0a5b10d9-a7bf-4a0f-a085-8f5215d2292e.jpg  
12-26 10:54:45.905 10387 10387 E resultDishCount: 6 个菜品
12-26 10:54:46.658 10387 10881 E innerRecognize: recognizeByFilter6
12-26 10:54:46.658 10387 10881 E recognize: 753ms   /storage/emulated/0/shifang/ai_dish/image/20231226/b93ee405-baea-4ca0-a3ea-2fb36b4edf04.jpg  
12-26 10:54:46.747 10387 10387 E resultDishCount: 6 个菜品
12-26 10:54:47.511 10387 10891 E innerRecognize: recognizeByFilter6
12-26 10:54:47.511 10387 10891 E recognize: 766ms   /storage/emulated/0/shifang/ai_dish/image/20231226/b32cdfc3-8248-4bda-b716-a8f90b8229b4.jpg  
12-26 10:54:47.614 10387 10387 E resultDishCount: 6 个菜品
12-26 10:54:48.347 10387 10900 E innerRecognize: recognizeByFilter6
12-26 10:54:48.347 10387 10900 E recognize: 739ms   /storage/emulated/0/shifang/ai_dish/image/20231226/ba07f80d-3943-4d12-b1bc-0fbc7a8b2be4.jpg  
12-26 10:54:48.453 10387 10387 E resultDishCount: 6 个菜品
12-26 10:54:49.249 10387 10909 E innerRecognize: recognizeByFilter6
12-26 10:54:49.249 10387 10909 E recognize: 799ms   /storage/emulated/0/shifang/ai_dish/image/20231226/8675a394-8ccc-4a07-acaf-503f3ff948ca.jpg  
12-26 10:54:49.338 10387 10387 E resultDishCount: 6 个菜品
12-26 10:54:50.053 10387 10919 E innerRecognize: recognizeByFilter6
12-26 10:54:50.053 10387 10919 E recognize: 705ms   /storage/emulated/0/shifang/ai_dish/image/20231226/0d2a8be7-6285-4809-b789-531bf3003c4b.jpg  
12-26 10:54:50.177 10387 10387 E resultDishCount: 6 个菜品
12-26 10:54:50.884 10387 10929 E innerRecognize: recognizeByFilter6
12-26 10:54:50.884 10387 10929 E recognize: 713ms   /storage/emulated/0/shifang/ai_dish/image/20231226/6bc20c93-e3e1-4af3-8ce2-bc9d2e7c3f89.jpg  
12-26 10:54:50.948 10387 10387 E resultDishCount: 6 个菜品
12-26 10:54:51.675 10387 10938 E innerRecognize: recognizeByFilter6
12-26 10:54:51.675 10387 10938 E recognize: 727ms   /storage/emulated/0/shifang/ai_dish/image/20231226/f15369e5-a061-431d-a05e-2b8507b64628.jpg  
12-26 10:54:51.774 10387 10387 E resultDishCount: 6 个菜品
12-26 10:54:52.479 10387 10948 E innerRecognize: recognizeByFilter6
12-26 10:54:52.479 10387 10948 E recognize: 713ms   /storage/emulated/0/shifang/ai_dish/image/20231226/36d1c3e2-1af8-43ff-b518-fb674fcdb922.jpg  
12-26 10:54:52.564 10387 10387 E resultDishCount: 6 个菜品
12-26 10:54:53.257 10387 10958 E innerRecognize: recognizeByFilter6
12-26 10:54:53.257 10387 10958 E recognize: 695ms   /storage/emulated/0/shifang/ai_dish/image/20231226/975680ac-8437-4196-a962-d3d44ba47452.jpg  
12-26 10:54:53.343 10387 10387 E resultDishCount: 6 个菜品
12-26 10:54:54.115 10387 10967 E innerRecognize: recognizeByFilter6
12-26 10:54:54.115 10387 10967 E recognize: 760ms   /storage/emulated/0/shifang/ai_dish/image/20231226/6ab10cbe-1625-4e86-90df-f39fff721e8f.jpg  
12-26 10:54:54.200 10387 10387 E resultDishCount: 6 个菜品
12-26 10:54:54.933 10387 10976 E innerRecognize: recognizeByFilter6
12-26 10:54:54.933 10387 10976 E recognize: 733ms   /storage/emulated/0/shifang/ai_dish/image/20231226/6b543cbe-0cbd-4b70-b90c-567fffd59453.jpg  
12-26 10:54:55.042 10387 10387 E resultDishCount: 6 个菜品
12-26 10:54:55.743 10387 10984 E innerRecognize: recognizeByFilter6
12-26 10:54:55.743 10387 10984 E recognize: 707ms   /storage/emulated/0/shifang/ai_dish/image/20231226/c210e94b-19ec-4187-b48c-d11579fc9e10.jpg  
12-26 10:54:55.814 10387 10387 E resultDishCount: 6 个菜品
12-26 10:54:56.576 10387 10993 E innerRecognize: recognizeByFilter6
12-26 10:54:56.576 10387 10993 E recognize: 759ms   /storage/emulated/0/shifang/ai_dish/image/20231226/3d13041f-eff3-4991-8ff4-d0524e3b6f09.jpg  
12-26 10:54:56.675 10387 10387 E resultDishCount: 6 个菜品
12-26 10:54:57.435 10387 11003 E innerRecognize: recognizeByFilter6
12-26 10:54:57.436 10387 11003 E recognize: 774ms   /storage/emulated/0/shifang/ai_dish/image/20231226/bcf749a4-13e5-4273-9583-38e4d0300863.jpg  
12-26 10:54:57.559 10387 10387 E resultDishCount: 6 个菜品
12-26 10:54:58.323 10387 11012 E innerRecognize: recognizeByFilter6
12-26 10:54:58.323 10387 11012 E recognize: 768ms   /storage/emulated/0/shifang/ai_dish/image/20231226/f602dc0b-5c41-4f33-9adb-404ab5860fe3.jpg  
12-26 10:54:58.435 10387 10387 E resultDishCount: 6 个菜品
12-26 10:54:59.161 10387 10860 E innerRecognize: recognizeByFilter6
12-26 10:54:59.162 10387 10860 E recognize: 732ms   /storage/emulated/0/shifang/ai_dish/image/20231226/1613ecd6-ecf3-4420-86c5-1f417fc616f9.jpg  
12-26 10:54:59.263 10387 10387 E resultDishCount: 6 个菜品
12-26 10:54:59.928 10387 10802 E registerBgr24: 1 
12-26 10:54:59.928 10387 10802 E FaceServer__: registerBgr24:  ErrorInfo.MOK
12-26 10:54:59.928 10387 10802 E SyncFacePresenter__addFaceLocal_register  fail: 吴彦祖  1
12-26 10:54:59.961 10387 10802 E registerBgr24: 2 
12-26 10:54:59.961 10387 10802 E FaceServer__: registerBgr24:  ErrorInfo.MOK
12-26 10:54:59.961 10387 10802 E SyncFacePresenter__addFaceLocal_register  fail: 郭富城  2
12-26 10:54:59.976 10387 10802 E registerBgr24: 3 
12-26 10:54:59.976 10387 10802 E FaceServer__: registerBgr24:  ErrorInfo.MOK
12-26 10:54:59.976 10387 10802 E SyncFacePresenter__addFaceLocal_register  fail: 谢霆锋  3
12-26 10:54:59.990 10387 10802 E registerBgr24: 4 
12-26 10:54:59.990 10387 10802 E FaceServer__: registerBgr24:  ErrorInfo.MOK
12-26 10:54:59.990 10387 10802 E SyncFacePresenter__addFaceLocal_register  fail: 摩卡  4
12-26 10:55:00.022 10387 10802 E registerBgr24: 5 
12-26 10:55:00.022 10387 10802 E FaceServer__: registerBgr24:  ErrorInfo.MOK
12-26 10:55:00.022 10387 10802 E SyncFacePresenter__addFaceLocal_register  fail: 李连杰  5
12-26 10:55:00.022 10387 10870 E innerRecognize: recognizeByFilter6
12-26 10:55:00.022 10387 10870 E recognize: 754ms   /storage/emulated/0/shifang/ai_dish/image/20231226/5d1282cf-42a9-4518-aae3-b5f856626193.jpg  
12-26 10:55:00.087 10387 10387 E resultDishCount: 6 个菜品
12-26 10:55:00.807 10387 10881 E innerRecognize: recognizeByFilter6
12-26 10:55:00.807 10387 10881 E recognize: 724ms   /storage/emulated/0/shifang/ai_dish/image/20231226/3a1cb349-42a5-44cb-be88-a8a51403404b.jpg  
12-26 10:55:00.930 10387 10387 E resultDishCount: 6 个菜品
12-26 10:55:01.596 10387 10891 E innerRecognize: recognizeByFilter6
12-26 10:55:01.596 10387 10891 E recognize: 673ms   /storage/emulated/0/shifang/ai_dish/image/20231226/b868b263-b683-49e1-8c78-a2d9bf434c0a.jpg  
12-26 10:55:01.705 10387 10387 E resultDishCount: 6 个菜品
12-26 10:55:02.387 10387 10900 E innerRecognize: recognizeByFilter6
12-26 10:55:02.387 10387 10900 E recognize: 683ms   /storage/emulated/0/shifang/ai_dish/image/20231226/a7932ff2-b195-433a-b238-50d436501ce9.jpg  
12-26 10:55:02.474 10387 10387 E resultDishCount: 6 个菜品
12-26 10:55:03.148 10387 10909 E innerRecognize: recognizeByFilter6
12-26 10:55:03.148 10387 10909 E recognize: 688ms   /storage/emulated/0/shifang/ai_dish/image/20231226/97374b6b-a367-4ab3-ac90-186237192865.jpg  
12-26 10:55:03.233 10387 10387 E resultDishCount: 6 个菜品
12-26 10:55:03.943 10387 10919 E innerRecognize: recognizeByFilter6
12-26 10:55:03.943 10387 10919 E recognize: 706ms   /storage/emulated/0/shifang/ai_dish/image/20231226/4d98b8d5-6d59-40ed-bf3d-941e7082395d.jpg  
12-26 10:55:04.054 10387 10387 E resultDishCount: 6 个菜品
12-26 10:55:04.789 10387 10929 E innerRecognize: recognizeByFilter6
12-26 10:55:04.789 10387 10929 E recognize: 733ms   /storage/emulated/0/shifang/ai_dish/image/20231226/7b9def93-60a3-4073-9b73-e605fdc0a728.jpg  
12-26 10:55:04.916 10387 10387 E resultDishCount: 6 个菜品
12-26 10:55:05.905 10387 10938 E innerRecognize: recognizeByFilter6
12-26 10:55:05.905 10387 10938 E recognize: 994ms   /storage/emulated/0/shifang/ai_dish/image/20231226/b3b4556e-5d91-4dec-8e0b-623c45789d9d.jpg  
12-26 10:55:07.575 10387 10387 E resultDishCount: 6 个菜品
12-26 10:55:08.314 10387 10948 E innerRecognize: recognizeByFilter6
12-26 10:55:08.314 10387 10948 E recognize: 738ms   /storage/emulated/0/shifang/ai_dish/image/20231226/15c6d3a3-8e4b-4dbd-bd2d-54b531d866ef.jpg  
12-26 10:55:08.399 10387 10387 E resultDishCount: 6 个菜品
12-26 10:55:09.220 10387 10958 E innerRecognize: recognizeByFilter6
12-26 10:55:09.221 10387 10958 E recognize: 825ms   /storage/emulated/0/shifang/ai_dish/image/20231226/796c0c68-e8cf-402e-bfd5-b58bb0463ce0.jpg  
12-26 10:55:09.314 10387 10387 E resultDishCount: 6 个菜品
12-26 10:55:10.114 10387 10967 E innerRecognize: recognizeByFilter6
12-26 10:55:10.114 10387 10967 E recognize: 806ms   /storage/emulated/0/shifang/ai_dish/image/20231226/f61239f0-e5c5-47df-84f8-dad694d6b8ab.jpg  
12-26 10:55:10.198 10387 10387 E resultDishCount: 6 个菜品
12-26 10:55:11.016 10387 10976 E innerRecognize: recognizeByFilter6
12-26 10:55:11.016 10387 10976 E recognize: 809ms   /storage/emulated/0/shifang/ai_dish/image/20231226/e7885a85-2182-4005-9701-1816b9bc62b7.jpg  
12-26 10:55:11.113 10387 10387 E resultDishCount: 6 个菜品
12-26 10:55:11.855 10387 10984 E innerRecognize: recognizeByFilter6
12-26 10:55:11.855 10387 10984 E recognize: 746ms   /storage/emulated/0/shifang/ai_dish/image/20231226/c0a942db-d682-4f21-ac5a-e93cfa14ec28.jpg  
12-26 10:55:11.938 10387 10387 E resultDishCount: 6 个菜品
12-26 10:55:12.756 10387 10993 E innerRecognize: recognizeByFilter6
12-26 10:55:12.756 10387 10993 E recognize: 821ms   /storage/emulated/0/shifang/ai_dish/image/20231226/c665f7d5-a553-4688-b780-2ed959668a1f.jpg  
12-26 10:55:12.833 10387 10387 E resultDishCount: 6 个菜品
12-26 10:55:13.601 10387 11003 E innerRecognize: recognizeByFilter6
12-26 10:55:13.601 10387 11003 E recognize: 775ms   /storage/emulated/0/shifang/ai_dish/image/20231226/5d0b929e-cb48-4c56-a500-3f2e795e50b7.jpg  
12-26 10:55:13.695 10387 10387 E resultDishCount: 6 个菜品
12-26 10:55:14.476 10387 11012 E innerRecognize: recognizeByFilter6
12-26 10:55:14.476 10387 11012 E recognize: 785ms   /storage/emulated/0/shifang/ai_dish/image/20231226/056938d7-171d-44c6-925c-26d563313ca7.jpg  
12-26 10:55:14.575 10387 10387 E resultDishCount: 6 个菜品
12-26 10:55:15.419 10387 10860 E innerRecognize: recognizeByFilter6
12-26 10:55:15.419 10387 10860 E recognize: 853ms   /storage/emulated/0/shifang/ai_dish/image/20231226/8fb103af-e0db-43d6-ba6d-99e386f85455.jpg  
12-26 10:55:15.544 10387 10387 E resultDishCount: 6 个菜品
12-26 10:55:16.379 10387 10870 E innerRecognize: recognizeByFilter6
12-26 10:55:16.379 10387 10870 E recognize: 848ms   /storage/emulated/0/shifang/ai_dish/image/20231226/4264bdf6-9da4-405b-acf3-f36afe70722e.jpg  
12-26 10:55:16.496 10387 10387 E resultDishCount: 6 个菜品
12-26 10:55:17.305 10387 10881 E innerRecognize: recognizeByFilter6
12-26 10:55:17.305 10387 10881 E recognize: 814ms   /storage/emulated/0/shifang/ai_dish/image/20231226/bbcea4b3-30f7-4dd6-9fc8-1f038eadf8e9.jpg  
12-26 10:55:17.411 10387 10387 E resultDishCount: 6 个菜品
12-26 10:55:18.222 10387 10891 E innerRecognize: recognizeByFilter6
12-26 10:55:18.222 10387 10891 E recognize: 813ms   /storage/emulated/0/shifang/ai_dish/image/20231226/caac1ea1-9c1e-48c7-8d3d-5d4609412663.jpg  
12-26 10:55:18.363 10387 10387 E resultDishCount: 6 个菜品
12-26 10:55:19.140 10387 10900 E innerRecognize: recognizeByFilter6
12-26 10:55:19.140 10387 10900 E recognize: 782ms   /storage/emulated/0/shifang/ai_dish/image/20231226/7adcbab9-e483-4ecf-932f-47093cd75fbb.jpg  
12-26 10:55:19.267 10387 10387 E resultDishCount: 6 个菜品
12-26 10:55:20.078 10387 10909 E innerRecognize: recognizeByFilter6
12-26 10:55:20.078 10387 10909 E recognize: 818ms   /storage/emulated/0/shifang/ai_dish/image/20231226/c6e93820-6e6a-45b5-ae02-3907d92e1083.jpg  
12-26 10:55:20.176 10387 10387 E resultDishCount: 6 个菜品
12-26 10:55:21.025 10387 10919 E innerRecognize: recognizeByFilter6
12-26 10:55:21.025 10387 10919 E recognize: 860ms   /storage/emulated/0/shifang/ai_dish/image/20231226/298168cc-b444-4bd6-90fb-644ca8310e6e.jpg  
12-26 10:55:21.127 10387 10387 E resultDishCount: 6 个菜品
12-26 10:55:21.946 10387 10929 E innerRecognize: recognizeByFilter6
12-26 10:55:21.946 10387 10929 E recognize: 824ms   /storage/emulated/0/shifang/ai_dish/image/20231226/a314ffe5-d3b8-4b53-a8f4-3d779a3d68bb.jpg  
12-26 10:55:22.061 10387 10387 E resultDishCount: 6 个菜品
12-26 10:55:22.847 10387 10938 E innerRecognize: recognizeByFilter6
12-26 10:55:22.847 10387 10938 E recognize: 788ms   /storage/emulated/0/shifang/ai_dish/image/20231226/6d8874bf-9fcb-472b-95a4-f9951814f198.jpg  
12-26 10:55:22.959 10387 10387 E resultDishCount: 6 个菜品
12-26 10:55:23.686 10387 10948 E innerRecognize: recognizeByFilter6
12-26 10:55:23.686 10387 10948 E recognize: 734ms   /storage/emulated/0/shifang/ai_dish/image/20231226/dede8f6c-5eee-45d0-97ea-a3520071c148.jpg  
12-26 10:55:23.804 10387 10387 E resultDishCount: 6 个菜品
12-26 10:55:24.591 10387 10958 E innerRecognize: recognizeByFilter6
12-26 10:55:24.591 10387 10958 E recognize: 788ms   /storage/emulated/0/shifang/ai_dish/image/20231226/274d1e39-d1ec-4eec-8dd5-64c7defbe1c2.jpg  
12-26 10:55:24.683 10387 10387 E resultDishCount: 6 个菜品
12-26 10:55:25.527 10387 10967 E innerRecognize: recognizeByFilter6
12-26 10:55:25.527 10387 10967 E recognize: 853ms   /storage/emulated/0/shifang/ai_dish/image/20231226/10a711ef-4bf8-4c3f-a268-f66f572aed6a.jpg  
12-26 10:55:25.616 10387 10387 E resultDishCount: 6 个菜品
12-26 10:55:26.412 10387 10976 E innerRecognize: recognizeByFilter6
12-26 10:55:26.412 10387 10976 E recognize: 799ms   /storage/emulated/0/shifang/ai_dish/image/20231226/1b52bd5b-0cbb-40e3-b812-de7376ec2ca4.jpg  
12-26 10:55:26.525 10387 10387 E resultDishCount: 6 个菜品
12-26 10:55:27.321 10387 10984 E innerRecognize: recognizeByFilter6
12-26 10:55:27.321 10387 10984 E recognize: 806ms   /storage/emulated/0/shifang/ai_dish/image/20231226/c67bdf10-476e-4473-b9e4-a26a47b0799c.jpg  
12-26 10:55:27.466 10387 10387 E resultDishCount: 6 个菜品
12-26 10:55:28.282 10387 10993 E innerRecognize: recognizeByFilter6
12-26 10:55:28.282 10387 10993 E recognize: 822ms   /storage/emulated/0/shifang/ai_dish/image/20231226/c7d054d8-8984-4886-b675-6a39d2db480a.jpg  
12-26 10:55:28.363 10387 10387 E resultDishCount: 6 个菜品
12-26 10:55:29.155 10387 11003 E innerRecognize: recognizeByFilter6
12-26 10:55:29.155 10387 11003 E recognize: 802ms   /storage/emulated/0/shifang/ai_dish/image/20231226/07fee232-b7ef-479a-b82e-dbafc30a81fc.jpg  
12-26 10:55:29.262 10387 10387 E resultDishCount: 6 个菜品
12-26 10:55:30.018 10387 11012 E innerRecognize: recognizeByFilter6
12-26 10:55:30.018 10387 11012 E recognize: 758ms   /storage/emulated/0/shifang/ai_dish/image/20231226/36bc5c7c-d89d-420c-a6cb-e0e02efefee0.jpg  
12-26 10:55:30.104 10387 10387 E resultDishCount: 6 个菜品
12-26 10:55:30.872 10387 10860 E innerRecognize: recognizeByFilter6
12-26 10:55:30.873 10387 10860 E recognize: 772ms   /storage/emulated/0/shifang/ai_dish/image/20231226/55585580-38aa-4a04-96d7-4d87144c149d.jpg  
12-26 10:55:30.948 10387 10387 E resultDishCount: 6 个菜品
12-26 10:55:31.725 10387 10870 E innerRecognize: recognizeByFilter6
12-26 10:55:31.725 10387 10870 E recognize: 785ms   /storage/emulated/0/shifang/ai_dish/image/20231226/ce584304-0c54-4e6e-a10a-f4a761e7edab.jpg  
12-26 10:55:31.828 10387 10387 E resultDishCount: 6 个菜品
12-26 10:55:32.595 10387 10881 E innerRecognize: recognizeByFilter6
12-26 10:55:32.595 10387 10881 E recognize: 773ms   /storage/emulated/0/shifang/ai_dish/image/20231226/0b989dd7-bdec-43ab-808a-c3f5705fecd3.jpg  
12-26 10:55:32.707 10387 10387 E resultDishCount: 6 个菜品
12-26 10:55:33.446 10387 10891 E innerRecognize: recognizeByFilter6
12-26 10:55:33.447 10387 10891 E recognize: 748ms   /storage/emulated/0/shifang/ai_dish/image/20231226/17b66d0e-af8f-45c2-bad2-4bb62e121e58.jpg  
12-26 10:55:33.569 10387 10387 E resultDishCount: 6 个菜品
12-26 10:55:34.385 10387 10900 E innerRecognize: recognizeByFilter6
12-26 10:55:34.385 10387 10900 E recognize: 824ms   /storage/emulated/0/shifang/ai_dish/image/20231226/583faf04-8a2c-4d8b-8c97-e29d44bc0315.jpg  
12-26 10:55:34.521 10387 10387 E resultDishCount: 6 个菜品
12-26 10:55:35.247 10387 10909 E innerRecognize: recognizeByFilter6
12-26 10:55:35.247 10387 10909 E recognize: 739ms   /storage/emulated/0/shifang/ai_dish/image/20231226/0f78f510-9edc-4eed-a285-6d244b13bda0.jpg  
12-26 10:55:35.328 10387 10387 E resultDishCount: 6 个菜品
12-26 10:55:36.149 10387 10919 E innerRecognize: recognizeByFilter6
12-26 10:55:36.149 10387 10919 E recognize: 824ms   /storage/emulated/0/shifang/ai_dish/image/20231226/06194108-73a4-4074-95ea-644ba8920e49.jpg  
12-26 10:55:36.244 10387 10387 E resultDishCount: 6 个菜品
12-26 10:55:37.082 10387 10929 E innerRecognize: recognizeByFilter6
12-26 10:55:37.082 10387 10929 E recognize: 842ms   /storage/emulated/0/shifang/ai_dish/image/20231226/122e4e0e-9752-4796-aea5-f4d01d545e68.jpg  
12-26 10:55:37.178 10387 10387 E resultDishCount: 6 个菜品
12-26 10:55:37.884 10387 10938 E innerRecognize: recognizeByFilter6
12-26 10:55:37.884 10387 10938 E recognize: 717ms   /storage/emulated/0/shifang/ai_dish/image/20231226/5bc85ac2-93fc-45a3-8543-44e96cef5b91.jpg  
12-26 10:55:38.021 10387 10387 E resultDishCount: 6 个菜品
12-26 10:55:38.851 10387 10948 E innerRecognize: recognizeByFilter6
12-26 10:55:38.851 10387 10948 E recognize: 841ms   /storage/emulated/0/shifang/ai_dish/image/20231226/9bf0eb77-e154-46fa-83a8-7a2084e6fd0b.jpg  
12-26 10:55:38.939 10387 10387 E resultDishCount: 6 个菜品
12-26 10:55:39.798 10387 10958 E innerRecognize: recognizeByFilter6
12-26 10:55:39.798 10387 10958 E recognize: 861ms   /storage/emulated/0/shifang/ai_dish/image/20231226/1ca612f0-23d7-4bb7-823f-da4fe6116539.jpg  
12-26 10:55:39.929 10387 10387 E resultDishCount: 6 个菜品
12-26 10:55:40.679 10387 10967 E innerRecognize: recognizeByFilter6
12-26 10:55:40.679 10387 10967 E recognize: 749ms   /storage/emulated/0/shifang/ai_dish/image/20231226/d4876a0a-a14c-40a5-a053-dba455f39157.jpg  
12-26 10:55:40.768 10387 10387 E resultDishCount: 6 个菜品
12-26 10:55:41.618 10387 10976 E innerRecognize: recognizeByFilter6
12-26 10:55:41.618 10387 10976 E recognize: 861ms   /storage/emulated/0/shifang/ai_dish/image/20231226/3de2644f-075b-4587-b6a2-b4b5d7eb5989.jpg  
12-26 10:55:41.738 10387 10387 E resultDishCount: 6 个菜品
12-26 10:55:42.520 10387 10984 E innerRecognize: recognizeByFilter6
12-26 10:55:42.520 10387 10984 E recognize: 782ms   /storage/emulated/0/shifang/ai_dish/image/20231226/7f8bc2a3-ca20-4a43-8d7a-25340414df94.jpg  
12-26 10:55:42.638 10387 10387 E resultDishCount: 6 个菜品
12-26 10:55:43.410 10387 10993 E innerRecognize: recognizeByFilter6
12-26 10:55:43.411 10387 10993 E recognize: 775ms   /storage/emulated/0/shifang/ai_dish/image/20231226/ca80284d-4cb6-4ac5-a254-013e8568f008.jpg  
12-26 10:55:43.533 10387 10387 E resultDishCount: 6 个菜品
12-26 10:55:44.343 10387 11003 E innerRecognize: recognizeByFilter6
12-26 10:55:44.344 10387 11003 E recognize: 818ms   /storage/emulated/0/shifang/ai_dish/image/20231226/c3c3439e-574b-4281-994a-fbc31b0fad6a.jpg  
12-26 10:55:44.431 10387 10387 E resultDishCount: 6 个菜品
12-26 10:55:45.246 10387 11012 E innerRecognize: recognizeByFilter6
12-26 10:55:45.247 10387 11012 E recognize: 819ms   /storage/emulated/0/shifang/ai_dish/image/20231226/072cbcd4-bb56-447c-8261-7ef70f6ef8db.jpg  
12-26 10:55:45.418 10387 10387 E resultDishCount: 6 个菜品
12-26 10:55:46.231 10387 10860 E innerRecognize: recognizeByFilter6
12-26 10:55:46.231 10387 10860 E recognize: 823ms   /storage/emulated/0/shifang/ai_dish/image/20231226/c3a25479-4a1f-4abb-8324-ed735fbc5d19.jpg  
12-26 10:55:46.317 10387 10387 E resultDishCount: 6 个菜品
12-26 10:55:47.144 10387 10870 E innerRecognize: recognizeByFilter6
12-26 10:55:47.144 10387 10870 E recognize: 829ms   /storage/emulated/0/shifang/ai_dish/image/20231226/aa2d4d7a-7fa5-44ae-a588-44cd27093e2e.jpg  
12-26 10:55:47.249 10387 10387 E resultDishCount: 6 个菜品
12-26 10:55:48.012 10387 10881 E innerRecognize: recognizeByFilter6
12-26 10:55:48.012 10387 10881 E recognize: 768ms   /storage/emulated/0/shifang/ai_dish/image/20231226/855edd50-fb3c-47b7-b72e-58c9ffd91560.jpg  
12-26 10:55:48.129 10387 10387 E resultDishCount: 6 个菜品
12-26 10:55:48.988 10387 10891 E innerRecognize: recognizeByFilter6
12-26 10:55:48.988 10387 10891 E recognize: 867ms   /storage/emulated/0/shifang/ai_dish/image/20231226/ebeca304-f119-47ed-9a78-6a4c82bb85a0.jpg  
12-26 10:55:49.099 10387 10387 E resultDishCount: 6 个菜品
12-26 10:55:49.927 10387 10900 E innerRecognize: recognizeByFilter6
12-26 10:55:49.927 10387 10900 E recognize: 815ms   /storage/emulated/0/shifang/ai_dish/image/20231226/58e11ba7-27de-4b5e-b4ac-002975ec42d3.jpg  
12-26 10:55:50.086 10387 10387 E resultDishCount: 6 个菜品
12-26 10:55:50.875 10387 10909 E innerRecognize: recognizeByFilter6
12-26 10:55:50.875 10387 10909 E recognize: 797ms   /storage/emulated/0/shifang/ai_dish/image/20231226/ce6cc1ba-c67c-4935-afee-09bacabc4c97.jpg  
12-26 10:55:50.984 10387 10387 E resultDishCount: 6 个菜品
12-26 10:55:51.794 10387 10919 E innerRecognize: recognizeByFilter6
12-26 10:55:51.794 10387 10919 E recognize: 817ms   /storage/emulated/0/shifang/ai_dish/image/20231226/dbd67e2c-b3e9-4239-ab49-ef1913d6dded.jpg  
12-26 10:55:51.901 10387 10387 E resultDishCount: 6 个菜品
12-26 10:55:52.701 10387 10929 E innerRecognize: recognizeByFilter6
12-26 10:55:52.701 10387 10929 E recognize: 799ms   /storage/emulated/0/shifang/ai_dish/image/20231226/4368af25-6894-4ea3-b902-7cf68ad49554.jpg  
12-26 10:55:52.815 10387 10387 E resultDishCount: 6 个菜品
12-26 10:55:53.633 10387 10938 E innerRecognize: recognizeByFilter6
12-26 10:55:53.633 10387 10938 E recognize: 823ms   /storage/emulated/0/shifang/ai_dish/image/20231226/9ee55f48-1a34-4633-b046-38a94da43045.jpg  
12-26 10:55:53.735 10387 10387 E resultDishCount: 6 个菜品
12-26 10:55:54.525 10387 10948 E innerRecognize: recognizeByFilter6
12-26 10:55:54.525 10387 10948 E recognize: 793ms   /storage/emulated/0/shifang/ai_dish/image/20231226/5f92f490-278f-43f4-a875-27d526605708.jpg  
12-26 10:55:54.613 10387 10387 E resultDishCount: 6 个菜品
12-26 10:55:55.374 10387 10958 E innerRecognize: recognizeByFilter6
12-26 10:55:55.374 10387 10958 E recognize: 756ms   /storage/emulated/0/shifang/ai_dish/image/20231226/4eb52310-6375-4ad5-a4db-1015428968ce.jpg  
12-26 10:55:55.457 10387 10387 E resultDishCount: 6 个菜品
12-26 10:55:56.234 10387 10967 E innerRecognize: recognizeByFilter6
12-26 10:55:56.234 10387 10967 E recognize: 780ms   /storage/emulated/0/shifang/ai_dish/image/20231226/e5ee63cf-8e4a-4d92-ba78-a96856703cb1.jpg  
12-26 10:55:56.352 10387 10387 E resultDishCount: 6 个菜品
12-26 10:55:57.111 10387 10976 E innerRecognize: recognizeByFilter6
12-26 10:55:57.111 10387 10976 E recognize: 767ms   /storage/emulated/0/shifang/ai_dish/image/20231226/e052ef92-4fa6-4dcb-990d-be22328cb0f6.jpg  
12-26 10:55:57.201 10387 10387 E resultDishCount: 6 个菜品
12-26 10:55:58.092 10387 10984 E innerRecognize: recognizeByFilter6
12-26 10:55:58.092 10387 10984 E recognize: 895ms   /storage/emulated/0/shifang/ai_dish/image/20231226/fbcf9c33-eec5-4f3d-a5aa-a92981d05e9f.jpg  
12-26 10:55:58.201 10387 10387 E resultDishCount: 6 个菜品
12-26 10:55:58.956 10387 10993 E innerRecognize: recognizeByFilter6
12-26 10:55:58.956 10387 10993 E recognize: 763ms   /storage/emulated/0/shifang/ai_dish/image/20231226/a354b946-2538-4573-b52a-46b7ebd73e8b.jpg  
12-26 10:55:59.067 10387 10387 E resultDishCount: 6 个菜品
12-26 10:55:59.869 10387 11003 E innerRecognize: recognizeByFilter6
12-26 10:55:59.869 10387 11003 E recognize: 800ms   /storage/emulated/0/shifang/ai_dish/image/20231226/00ff2c2b-54ce-44ba-b7cd-7eb11e7bdf0c.jpg  
12-26 10:55:59.996 10387 10387 E resultDishCount: 6 个菜品
12-26 10:56:00.053 10387 10802 E registerBgr24: 1 
12-26 10:56:00.053 10387 10802 E FaceServer__: registerBgr24:  ErrorInfo.MOK
12-26 10:56:00.053 10387 10802 E SyncFacePresenter__addFaceLocal_register  fail: 吴彦祖  1
12-26 10:56:00.088 10387 10802 E registerBgr24: 2 
12-26 10:56:00.088 10387 10802 E FaceServer__: registerBgr24:  ErrorInfo.MOK
12-26 10:56:00.088 10387 10802 E SyncFacePresenter__addFaceLocal_register  fail: 郭富城  2
12-26 10:56:00.107 10387 10802 E registerBgr24: 3 
12-26 10:56:00.107 10387 10802 E FaceServer__: registerBgr24:  ErrorInfo.MOK
12-26 10:56:00.107 10387 10802 E SyncFacePresenter__addFaceLocal_register  fail: 谢霆锋  3
12-26 10:56:00.121 10387 10802 E registerBgr24: 4 
12-26 10:56:00.121 10387 10802 E FaceServer__: registerBgr24:  ErrorInfo.MOK
12-26 10:56:00.121 10387 10802 E SyncFacePresenter__addFaceLocal_register  fail: 摩卡  4
12-26 10:56:00.145 10387 10802 E registerBgr24: 5 
12-26 10:56:00.145 10387 10802 E FaceServer__: registerBgr24:  ErrorInfo.MOK
12-26 10:56:00.145 10387 10802 E SyncFacePresenter__addFaceLocal_register  fail: 李连杰  5
12-26 10:56:00.771 10387 11012 E innerRecognize: recognizeByFilter6
12-26 10:56:00.771 10387 11012 E recognize: 778ms   /storage/emulated/0/shifang/ai_dish/image/20231226/f86e9808-6faf-42db-be9a-ed3ee65a2c06.jpg  
12-26 10:56:00.858 10387 10387 E resultDishCount: 6 个菜品
12-26 10:56:01.706 10387 10860 E innerRecognize: recognizeByFilter6
12-26 10:56:01.706 10387 10860 E recognize: 852ms   /storage/emulated/0/shifang/ai_dish/image/20231226/6c39b01d-aa8a-4ec4-9f9c-4932b50189bf.jpg  
12-26 10:56:01.792 10387 10387 E resultDishCount: 6 个菜品
12-26 10:56:02.585 10387 10870 E innerRecognize: recognizeByFilter6
12-26 10:56:02.585 10387 10870 E recognize: 793ms   /storage/emulated/0/shifang/ai_dish/image/20231226/d8dc8740-72e1-4836-b5ee-2de192483068.jpg  
12-26 10:56:02.689 10387 10387 E resultDishCount: 6 个菜品
12-26 10:56:03.474 10387 10881 E innerRecognize: recognizeByFilter6
12-26 10:56:03.474 10387 10881 E recognize: 793ms   /storage/emulated/0/shifang/ai_dish/image/20231226/ecb5f22c-4d76-41b7-9b4b-eb7b5951d875.jpg  
12-26 10:56:03.572 10387 10387 E resultDishCount: 6 个菜品
12-26 10:56:04.413 10387 10891 E innerRecognize: recognizeByFilter6
12-26 10:56:04.413 10387 10891 E recognize: 833ms   /storage/emulated/0/shifang/ai_dish/image/20231226/edb38f3c-e5fb-4f97-8063-2c0a850e8796.jpg  
12-26 10:56:04.507 10387 10387 E resultDishCount: 6 个菜品
12-26 10:56:05.330 10387 10900 E innerRecognize: recognizeByFilter6
12-26 10:56:05.330 10387 10900 E recognize: 825ms   /storage/emulated/0/shifang/ai_dish/image/20231226/b63de7a8-babf-4634-b25a-b425b2d8fa39.jpg  
12-26 10:56:05.404 10387 10387 E resultDishCount: 6 个菜品
12-26 10:56:06.215 10387 10909 E innerRecognize: recognizeByFilter6
12-26 10:56:06.215 10387 10909 E recognize: 808ms   /storage/emulated/0/shifang/ai_dish/image/20231226/6877a429-9bce-4631-bfd7-ffdc502ecee6.jpg  
12-26 10:56:06.334 10387 10387 E resultDishCount: 6 个菜品
12-26 10:56:07.050 10387 10919 E innerRecognize: recognizeByFilter6
12-26 10:56:07.050 10387 10919 E recognize: 728ms   /storage/emulated/0/shifang/ai_dish/image/20231226/aa81172c-709f-4f36-a863-c1ad07b1eeaa.jpg  
12-26 10:56:07.145 10387 10387 E resultDishCount: 6 个菜品
12-26 10:56:08.169 10387 10929 E innerRecognize: recognizeByFilter6
12-26 10:56:08.169 10387 10929 E recognize: 1018ms   /storage/emulated/0/shifang/ai_dish/image/20231226/46c65e67-3d64-4923-8b15-d2e849933dc3.jpg  
12-26 10:56:10.015 10387 10387 E resultDishCount: 6 个菜品
12-26 10:56:10.821 10387 10938 E innerRecognize: recognizeByFilter6
12-26 10:56:10.821 10387 10938 E recognize: 806ms   /storage/emulated/0/shifang/ai_dish/image/20231226/abe90821-3ab5-4d0a-83c7-076f1c1fa090.jpg  
12-26 10:56:10.935 10387 10387 E resultDishCount: 6 个菜品
12-26 10:56:11.785 10387 10948 E innerRecognize: recognizeByFilter6
12-26 10:56:11.785 10387 10948 E recognize: 847ms   /storage/emulated/0/shifang/ai_dish/image/20231226/c363de06-bdb7-4403-977a-bf5fc658b1f3.jpg  
12-26 10:56:11.899 10387 10387 E resultDishCount: 6 个菜品
12-26 10:56:12.683 10387 10958 E innerRecognize: recognizeByFilter6
12-26 10:56:12.683 10387 10958 E recognize: 791ms   /storage/emulated/0/shifang/ai_dish/image/20231226/cd33a25b-cfc9-4156-97e2-729a358b9fe1.jpg  
12-26 10:56:12.785 10387 10387 E resultDishCount: 6 个菜品
12-26 10:56:13.584 10387 10967 E innerRecognize: recognizeByFilter6
12-26 10:56:13.584 10387 10967 E recognize: 811ms   /storage/emulated/0/shifang/ai_dish/image/20231226/654fd0e6-9ddd-4753-aca6-b71b5747ba7b.jpg  
12-26 10:56:13.677 10387 10387 E resultDishCount: 6 个菜品
12-26 10:56:14.498 10387 10976 E innerRecognize: recognizeByFilter6
12-26 10:56:14.498 10387 10976 E recognize: 825ms   /storage/emulated/0/shifang/ai_dish/image/20231226/2d5bc54c-a3b0-43dc-b2cb-30509201c4b9.jpg  
12-26 10:56:14.610 10387 10387 E resultDishCount: 6 个菜品
12-26 10:56:15.431 10387 10984 E innerRecognize: recognizeByFilter6
12-26 10:56:15.431 10387 10984 E recognize: 822ms   /storage/emulated/0/shifang/ai_dish/image/20231226/f3ee5c08-cc30-45f0-843f-4b91bb9ca1b2.jpg  
12-26 10:56:15.510 10387 10387 E resultDishCount: 6 个菜品
12-26 10:56:16.371 10387 10993 E innerRecognize: recognizeByFilter6
12-26 10:56:16.371 10387 10993 E recognize: 856ms   /storage/emulated/0/shifang/ai_dish/image/20231226/ebdb1fad-dfbe-4549-83a5-7b68932b742a.jpg  
12-26 10:56:16.479 10387 10387 E resultDishCount: 6 个菜品
12-26 10:56:17.267 10387 11003 E innerRecognize: recognizeByFilter6
12-26 10:56:17.267 10387 11003 E recognize: 781ms   /storage/emulated/0/shifang/ai_dish/image/20231226/9f1e9e7e-28d8-4a1f-8b7d-bf9456f44d8b.jpg  
12-26 10:56:17.393 10387 10387 E resultDishCount: 6 个菜品
12-26 10:56:18.163 10387 11012 E innerRecognize: recognizeByFilter6
12-26 10:56:18.163 10387 11012 E recognize: 772ms   /storage/emulated/0/shifang/ai_dish/image/20231226/c1ec46bd-c572-4928-a458-293d8e125373.jpg  
12-26 10:56:18.282 10387 10387 E resultDishCount: 6 个菜品
12-26 10:56:19.084 10387 10860 E innerRecognize: recognizeByFilter6
12-26 10:56:19.084 10387 10860 E recognize: 799ms   /storage/emulated/0/shifang/ai_dish/image/20231226/78140851-492e-4759-a168-4e9be2549162.jpg  
12-26 10:56:19.177 10387 10387 E resultDishCount: 6 个菜品
12-26 10:56:19.991 10387 10870 E innerRecognize: recognizeByFilter6
12-26 10:56:19.991 10387 10870 E recognize: 823ms   /storage/emulated/0/shifang/ai_dish/image/20231226/4802af85-1dd2-47dc-a13c-f2f34c3af194.jpg  
12-26 10:56:20.140 10387 10387 E resultDishCount: 6 个菜品
12-26 10:56:20.959 10387 10881 E innerRecognize: recognizeByFilter6
12-26 10:56:20.959 10387 10881 E recognize: 828ms   /storage/emulated/0/shifang/ai_dish/image/20231226/c76a61e6-066e-4120-bcbd-2f8f5a516bae.jpg  
12-26 10:56:21.055 10387 10387 E resultDishCount: 6 个菜品
12-26 10:56:21.907 10387 10891 E innerRecognize: recognizeByFilter6
12-26 10:56:21.908 10387 10891 E recognize: 852ms   /storage/emulated/0/shifang/ai_dish/image/20231226/ea85d779-73af-4794-8d9d-f40caf9bd2b4.jpg  
12-26 10:56:22.061 10387 10387 E resultDishCount: 6 个菜品
12-26 10:56:22.862 10387 10900 E innerRecognize: recognizeByFilter6
12-26 10:56:22.862 10387 10900 E recognize: 805ms   /storage/emulated/0/shifang/ai_dish/image/20231226/d484b1aa-a444-47db-b866-aa164cd93eb6.jpg  
12-26 10:56:22.995 10387 10387 E resultDishCount: 6 个菜品
12-26 10:56:23.753 10387 10909 E innerRecognize: recognizeByFilter6
12-26 10:56:23.753 10387 10909 E recognize: 764ms   /storage/emulated/0/shifang/ai_dish/image/20231226/16d2c440-ed75-458d-a14a-1641006a1d4f.jpg  
12-26 10:56:23.874 10387 10387 E resultDishCount: 6 个菜品
12-26 10:56:24.699 10387 10919 E innerRecognize: recognizeByFilter6
12-26 10:56:24.699 10387 10919 E recognize: 834ms   /storage/emulated/0/shifang/ai_dish/image/20231226/d7fd33c5-5f68-423c-8bbc-66939973015a.jpg  
12-26 10:56:24.843 10387 10387 E resultDishCount: 6 个菜品
12-26 10:56:25.685 10387 10929 E innerRecognize: recognizeByFilter6
12-26 10:56:25.685 10387 10929 E recognize: 851ms   /storage/emulated/0/shifang/ai_dish/image/20231226/0043657d-1ad3-4672-8c5c-b4613e921a0d.jpg  
12-26 10:56:25.788 10387 10387 E resultDishCount: 6 个菜品
12-26 10:56:26.597 10387 10938 E innerRecognize: recognizeByFilter6
12-26 10:56:26.597 10387 10938 E recognize: 819ms   /storage/emulated/0/shifang/ai_dish/image/20231226/78670692-e422-4d86-8d74-e88af76b1357.jpg  
12-26 10:56:26.710 10387 10387 E resultDishCount: 6 个菜品
12-26 10:56:27.469 10387 10948 E innerRecognize: recognizeByFilter6
12-26 10:56:27.469 10387 10948 E recognize: 763ms   /storage/emulated/0/shifang/ai_dish/image/20231226/47f21b94-e84b-489c-af48-5ef217395e1f.jpg  
12-26 10:56:27.590 10387 10387 E resultDishCount: 6 个菜品
12-26 10:56:28.392 10387 10958 E innerRecognize: recognizeByFilter6
12-26 10:56:28.392 10387 10958 E recognize: 805ms   /storage/emulated/0/shifang/ai_dish/image/20231226/6dd9fb27-e854-46e2-9eef-8375f9c3251d.jpg  
12-26 10:56:28.488 10387 10387 E resultDishCount: 6 个菜品
12-26 10:56:29.243 10387 10967 E innerRecognize: recognizeByFilter6
12-26 10:56:29.243 10387 10967 E recognize: 763ms   /storage/emulated/0/shifang/ai_dish/image/20231226/58454514-c767-450b-bf51-1a3d1da4a702.jpg  
12-26 10:56:29.368 10387 10387 E resultDishCount: 6 个菜品
12-26 10:56:30.074 10387 10976 E innerRecognize: recognizeByFilter6
12-26 10:56:30.074 10387 10976 E recognize: 715ms   /storage/emulated/0/shifang/ai_dish/image/20231226/0c7d07b9-3d69-4f6a-a679-650fd719bd80.jpg  
12-26 10:56:30.182 10387 10387 E resultDishCount: 6 个菜品
12-26 10:56:31.006 10387 10984 E innerRecognize: recognizeByFilter6
12-26 10:56:31.006 10387 10984 E recognize: 824ms   /storage/emulated/0/shifang/ai_dish/image/20231226/749504d7-834e-4a29-bc93-7d1be23ec3ec.jpg  
12-26 10:56:31.095 10387 10387 E resultDishCount: 6 个菜品
12-26 10:56:31.908 10387 10993 E innerRecognize: recognizeByFilter6
12-26 10:56:31.908 10387 10993 E recognize: 804ms   /storage/emulated/0/shifang/ai_dish/image/20231226/6ef20fab-9e49-4cf4-88fd-b31fbff1a8b2.jpg  
12-26 10:56:32.007 10387 10387 E resultDishCount: 6 个菜品
12-26 10:56:32.801 10387 11003 E innerRecognize: recognizeByFilter6
12-26 10:56:32.801 10387 11003 E recognize: 793ms   /storage/emulated/0/shifang/ai_dish/image/20231226/226d4b23-023a-4612-83d5-ad59d043a9fe.jpg  
12-26 10:56:32.928 10387 10387 E resultDishCount: 6 个菜品
12-26 10:56:33.793 10387 11012 E innerRecognize: recognizeByFilter6
12-26 10:56:33.793 10387 11012 E recognize: 858ms   /storage/emulated/0/shifang/ai_dish/image/20231226/4bf5e8ae-9e8d-4f53-8783-489cc435090d.jpg  
12-26 10:56:33.892 10387 10387 E resultDishCount: 6 个菜品
12-26 10:56:34.704 10387 10860 E innerRecognize: recognizeByFilter6
12-26 10:56:34.704 10387 10860 E recognize: 810ms   /storage/emulated/0/shifang/ai_dish/image/20231226/8253bcc3-3e67-4ebf-b1f6-1f85fdc435c0.jpg  
12-26 10:56:34.794 10387 10387 E resultDishCount: 6 个菜品
12-26 10:56:35.623 10387 10870 E innerRecognize: recognizeByFilter6
12-26 10:56:35.623 10387 10870 E recognize: 828ms   /storage/emulated/0/shifang/ai_dish/image/20231226/f6152fe3-5a0f-4c3a-8c26-278be1227518.jpg  
12-26 10:56:35.741 10387 10387 E resultDishCount: 6 个菜品
12-26 10:56:36.595 10387 10881 E innerRecognize: recognizeByFilter6
12-26 10:56:36.595 10387 10881 E recognize: 856ms   /storage/emulated/0/shifang/ai_dish/image/20231226/e791796d-1457-45de-844d-4c6eabb9ab67.jpg  
12-26 10:56:36.675 10387 10387 E resultDishCount: 6 个菜品
12-26 10:56:37.464 10387 10891 E innerRecognize: recognizeByFilter6
12-26 10:56:37.464 10387 10891 E recognize: 781ms   /storage/emulated/0/shifang/ai_dish/image/20231226/2ef9e4d5-e4c4-4542-a3a7-34f0cb6f2c55.jpg  
12-26 10:56:37.581 10387 10387 E resultDishCount: 6 个菜品
12-26 10:56:38.350 10387 10900 E innerRecognize: recognizeByFilter6
12-26 10:56:38.350 10387 10900 E recognize: 776ms   /storage/emulated/0/shifang/ai_dish/image/20231226/b0ee41e7-9cfb-42f4-8205-859ddb6bfa6e.jpg  
12-26 10:56:38.470 10387 10387 E resultDishCount: 6 个菜品
12-26 10:56:39.264 10387 10909 E innerRecognize: recognizeByFilter6
12-26 10:56:39.264 10387 10909 E recognize: 797ms   /storage/emulated/0/shifang/ai_dish/image/20231226/7d298d80-d6c8-4b60-85fe-761dfc440de8.jpg  
12-26 10:56:39.385 10387 10387 E resultDishCount: 6 个菜品
12-26 10:56:40.116 10387 10919 E innerRecognize: recognizeByFilter6
12-26 10:56:40.117 10387 10919 E recognize: 739ms   /storage/emulated/0/shifang/ai_dish/image/20231226/fb6d2327-e3e2-4c62-b614-7140a331b118.jpg  
12-26 10:56:40.218 10387 10387 E resultDishCount: 6 个菜品
12-26 10:56:41.019 10387 10929 E innerRecognize: recognizeByFilter6
12-26 10:56:41.019 10387 10929 E recognize: 796ms   /storage/emulated/0/shifang/ai_dish/image/20231226/260b2568-6018-43dd-9a0e-d0550fb7c92c.jpg  
12-26 10:56:41.164 10387 10387 E resultDishCount: 6 个菜品
12-26 10:56:41.973 10387 10938 E innerRecognize: recognizeByFilter6
12-26 10:56:41.973 10387 10938 E recognize: 812ms   /storage/emulated/0/shifang/ai_dish/image/20231226/d85d5342-fdbf-4ff1-8342-64e4603f5d41.jpg  
12-26 10:56:42.064 10387 10387 E resultDishCount: 6 个菜品
12-26 10:56:42.931 10387 10948 E innerRecognize: recognizeByFilter6
12-26 10:56:42.931 10387 10948 E recognize: 875ms   /storage/emulated/0/shifang/ai_dish/image/20231226/41e085d2-f45e-485d-a10d-851720be6e99.jpg  
12-26 10:56:43.048 10387 10387 E resultDishCount: 6 个菜品
12-26 10:56:43.879 10387 10958 E innerRecognize: recognizeByFilter6
12-26 10:56:43.879 10387 10958 E recognize: 831ms   /storage/emulated/0/shifang/ai_dish/image/20231226/36d30068-637c-4b7f-9bf1-1a827aa99b55.jpg  
12-26 10:56:43.982 10387 10387 E resultDishCount: 6 个菜品
12-26 10:56:44.782 10387 10967 E innerRecognize: recognizeByFilter6
12-26 10:56:44.782 10387 10967 E recognize: 793ms   /storage/emulated/0/shifang/ai_dish/image/20231226/6c6816ee-caff-480a-9554-293a0b4fce18.jpg  
12-26 10:56:44.881 10387 10387 E resultDishCount: 6 个菜品
12-26 10:56:45.693 10387 10976 E innerRecognize: recognizeByFilter6
12-26 10:56:45.693 10387 10976 E recognize: 811ms   /storage/emulated/0/shifang/ai_dish/image/20231226/df3385db-aa98-4cf8-ba2a-e8d0816bfb35.jpg  
12-26 10:56:45.795 10387 10387 E resultDishCount: 6 个菜品
12-26 10:56:46.633 10387 10984 E innerRecognize: recognizeByFilter6
12-26 10:56:46.633 10387 10984 E recognize: 846ms   /storage/emulated/0/shifang/ai_dish/image/20231226/e985b868-5879-40a7-902c-222a31b8696d.jpg  
12-26 10:56:46.733 10387 10387 E resultDishCount: 6 个菜品
12-26 10:56:47.589 10387 10993 E innerRecognize: recognizeByFilter6
12-26 10:56:47.589 10387 10993 E recognize: 850ms   /storage/emulated/0/shifang/ai_dish/image/20231226/9a43bb7c-d282-4886-b442-3fbbc1fd2f80.jpg  
12-26 10:56:47.698 10387 10387 E resultDishCount: 6 个菜品
12-26 10:56:48.521 10387 11003 E innerRecognize: recognizeByFilter6
12-26 10:56:48.521 10387 11003 E recognize: 824ms   /storage/emulated/0/shifang/ai_dish/image/20231226/2eae70e3-54dd-4681-b533-4f9d6a16387b.jpg  
12-26 10:56:48.631 10387 10387 E resultDishCount: 6 个菜品
12-26 10:56:49.467 10387 11012 E innerRecognize: recognizeByFilter6
12-26 10:56:49.467 10387 11012 E recognize: 839ms   /storage/emulated/0/shifang/ai_dish/image/20231226/a37b47c8-ec40-4129-9e6a-0819d4636247.jpg  
12-26 10:56:49.601 10387 10387 E resultDishCount: 6 个菜品
12-26 10:56:50.438 10387 10860 E innerRecognize: recognizeByFilter6
12-26 10:56:50.438 10387 10860 E recognize: 844ms   /storage/emulated/0/shifang/ai_dish/image/20231226/b6ddbe93-8626-44b2-a34b-28339556bf3e.jpg  
12-26 10:56:50.552 10387 10387 E resultDishCount: 6 个菜品
12-26 10:56:51.339 10387 10870 E innerRecognize: recognizeByFilter6
12-26 10:56:51.339 10387 10870 E recognize: 790ms   /storage/emulated/0/shifang/ai_dish/image/20231226/18f29357-3416-466a-bc00-ff7a041b24c5.jpg  
12-26 10:56:51.435 10387 10387 E resultDishCount: 6 个菜品
12-26 10:56:52.219 10387 10881 E innerRecognize: recognizeByFilter6
12-26 10:56:52.219 10387 10881 E recognize: 785ms   /storage/emulated/0/shifang/ai_dish/image/20231226/f4afdca7-7965-468d-b67d-ae976a5aa2ba.jpg  
12-26 10:56:52.314 10387 10387 E resultDishCount: 6 个菜品
12-26 10:56:53.111 10387 10891 E innerRecognize: recognizeByFilter6
12-26 10:56:53.111 10387 10891 E recognize: 794ms   /storage/emulated/0/shifang/ai_dish/image/20231226/1d47eb6a-3cfe-45d4-babc-443eb8ae4371.jpg  
12-26 10:56:53.209 10387 10387 E resultDishCount: 6 个菜品
12-26 10:56:53.997 10387 10900 E innerRecognize: recognizeByFilter6
12-26 10:56:53.997 10387 10900 E recognize: 788ms   /storage/emulated/0/shifang/ai_dish/image/20231226/6b6d399d-8cea-453f-8ca1-c9d141db6e00.jpg  
12-26 10:56:54.107 10387 10387 E resultDishCount: 6 个菜品
12-26 10:56:54.892 10387 10909 E innerRecognize: recognizeByFilter6
12-26 10:56:54.892 10387 10909 E recognize: 797ms   /storage/emulated/0/shifang/ai_dish/image/20231226/86fa6984-0a2f-4821-940a-2fc5f6f30b45.jpg  
12-26 10:56:55.005 10387 10387 E resultDishCount: 6 个菜品
12-26 10:56:55.848 10387 10919 E innerRecognize: recognizeByFilter6
12-26 10:56:55.848 10387 10919 E recognize: 848ms   /storage/emulated/0/shifang/ai_dish/image/20231226/1d92a8c7-b753-4037-96ff-42666dc944e6.jpg  
12-26 10:56:55.956 10387 10387 E resultDishCount: 6 个菜品
12-26 10:56:56.734 10387 10929 E innerRecognize: recognizeByFilter6
12-26 10:56:56.734 10387 10929 E recognize: 789ms   /storage/emulated/0/shifang/ai_dish/image/20231226/c13fa521-e04b-4328-8011-23ebb024901f.jpg  
12-26 10:56:56.836 10387 10387 E resultDishCount: 6 个菜品
12-26 10:56:57.628 10387 10938 E innerRecognize: recognizeByFilter6
12-26 10:56:57.628 10387 10938 E recognize: 800ms   /storage/emulated/0/shifang/ai_dish/image/20231226/102211c5-6069-4db3-9e6d-86b19a2b0568.jpg  
12-26 10:56:57.716 10387 10387 E resultDishCount: 6 个菜品
12-26 10:56:58.521 10387 10948 E innerRecognize: recognizeByFilter6
12-26 10:56:58.521 10387 10948 E recognize: 812ms   /storage/emulated/0/shifang/ai_dish/image/20231226/9aeb5768-39a6-427e-853e-bfa7d533f15d.jpg  
12-26 10:56:58.613 10387 10387 E resultDishCount: 6 个菜品
12-26 10:56:59.411 10387 10958 E innerRecognize: recognizeByFilter6
12-26 10:56:59.411 10387 10958 E recognize: 797ms   /storage/emulated/0/shifang/ai_dish/image/20231226/aae8f3d8-d132-49fb-88b9-f0302057c159.jpg  
12-26 10:56:59.529 10387 10387 E resultDishCount: 6 个菜品
12-26 10:57:00.167 10387 10802 E registerBgr24: 1 
12-26 10:57:00.167 10387 10802 E FaceServer__: registerBgr24:  ErrorInfo.MOK
12-26 10:57:00.167 10387 10802 E SyncFacePresenter__addFaceLocal_register  fail: 吴彦祖  1
12-26 10:57:00.209 10387 10802 E registerBgr24: 2 
12-26 10:57:00.209 10387 10802 E FaceServer__: registerBgr24:  ErrorInfo.MOK
12-26 10:57:00.209 10387 10802 E SyncFacePresenter__addFaceLocal_register  fail: 郭富城  2
12-26 10:57:00.229 10387 10802 E registerBgr24: 3 
12-26 10:57:00.229 10387 10802 E FaceServer__: registerBgr24:  ErrorInfo.MOK
12-26 10:57:00.229 10387 10802 E SyncFacePresenter__addFaceLocal_register  fail: 谢霆锋  3
12-26 10:57:00.260 10387 10802 E registerBgr24: 4 
12-26 10:57:00.264 10387 10802 E FaceServer__: registerBgr24:  ErrorInfo.MOK
12-26 10:57:00.264 10387 10802 E SyncFacePresenter__addFaceLocal_register  fail: 摩卡  4
12-26 10:57:00.303 10387 10802 E registerBgr24: 5 
12-26 10:57:00.303 10387 10802 E FaceServer__: registerBgr24:  ErrorInfo.MOK
12-26 10:57:00.303 10387 10802 E SyncFacePresenter__addFaceLocal_register  fail: 李连杰  5
12-26 10:57:00.409 10387 10967 E innerRecognize: recognizeByFilter6
