12-26 11:02:35.652 10387 10891 E recognize: 831ms   /storage/emulated/0/shifang/ai_dish/image/20231226/260b2c11-84da-4304-a92c-9f180ad656e0.jpg  
12-26 11:02:35.756 10387 10387 E resultDishCount: 6 个菜品
12-26 11:02:36.574 10387 10909 E innerRecognize: recognizeByFilter6
12-26 11:02:36.575 10387 10909 E recognize: 827ms   /storage/emulated/0/shifang/ai_dish/image/20231226/db8f93bf-22e0-43c7-ad3c-7bb2632d54ae.jpg  
12-26 11:02:36.673 10387 10387 E resultDishCount: 6 个菜品
12-26 11:02:37.476 10387 10919 E innerRecognize: recognizeByFilter6
12-26 11:02:37.476 10387 10919 E recognize: 801ms   /storage/emulated/0/shifang/ai_dish/image/20231226/0b2e2d8d-e194-4660-847c-f68232cccdd6.jpg  
12-26 11:02:37.605 10387 10387 E resultDishCount: 6 个菜品
12-26 11:02:38.433 10387 10929 E innerRecognize: recognizeByFilter6
12-26 11:02:38.433 10387 10929 E recognize: 833ms   /storage/emulated/0/shifang/ai_dish/image/20231226/96cfade6-d5d7-4392-94e6-53c8f65a59df.jpg  
12-26 11:02:38.541 10387 10387 E resultDishCount: 6 个菜品
12-26 11:02:39.444 10387 10938 E innerRecognize: recognizeByFilter6
12-26 11:02:39.444 10387 10938 E recognize: 906ms   /storage/emulated/0/shifang/ai_dish/image/20231226/40b77b2a-64f5-4c07-9d6d-033245f0dbef.jpg  
12-26 11:02:39.530 10387 10387 E resultDishCount: 6 个菜品
12-26 11:02:40.329 10387 10958 E innerRecognize: recognizeByFilter6
12-26 11:02:40.329 10387 10958 E recognize: 800ms   /storage/emulated/0/shifang/ai_dish/image/20231226/d6748888-d8b3-4984-9428-5d9421db18ac.jpg  
12-26 11:02:40.442 10387 10387 E resultDishCount: 6 个菜品
12-26 11:02:41.286 10387 10948 E innerRecognize: recognizeByFilter6
12-26 11:02:41.286 10387 10948 E recognize: 848ms   /storage/emulated/0/shifang/ai_dish/image/20231226/72a9772b-e529-4b88-9a26-d28cf3e405af.jpg  
12-26 11:02:41.361 10387 10387 E resultDishCount: 6 个菜品
12-26 11:02:42.215 10387 10967 E innerRecognize: recognizeByFilter6
12-26 11:02:42.215 10387 10967 E recognize: 845ms   /storage/emulated/0/shifang/ai_dish/image/20231226/854f6c48-e960-4e21-bc5c-958976e14054.jpg  
12-26 11:02:42.311 10387 10387 E resultDishCount: 6 个菜品
12-26 11:02:43.135 10387 10984 E innerRecognize: recognizeByFilter6
12-26 11:02:43.135 10387 10984 E recognize: 816ms   /storage/emulated/0/shifang/ai_dish/image/20231226/dd4b1f8f-769e-44b2-b984-91a1a8a04695.jpg  
12-26 11:02:43.242 10387 10387 E resultDishCount: 6 个菜品
12-26 11:02:43.990 10387 10976 E innerRecognize: recognizeByFilter6
12-26 11:02:43.990 10387 10976 E recognize: 751ms   /storage/emulated/0/shifang/ai_dish/image/20231226/46f26265-4f83-4a87-af32-814b0fc876e0.jpg  
12-26 11:02:44.104 10387 10387 E resultDishCount: 6 个菜品
12-26 11:02:44.924 10387 10993 E innerRecognize: recognizeByFilter6
12-26 11:02:44.924 10387 10993 E recognize: 823ms   /storage/emulated/0/shifang/ai_dish/image/20231226/06b7f876-7872-461c-995d-a5863931b7d5.jpg  
12-26 11:02:45.039 10387 10387 E resultDishCount: 6 个菜品
12-26 11:02:45.837 10387 11003 E innerRecognize: recognizeByFilter6
12-26 11:02:45.837 10387 11003 E recognize: 794ms   /storage/emulated/0/shifang/ai_dish/image/20231226/e2bb8dab-76f1-4827-9ce2-d70ff595227a.jpg  
12-26 11:02:45.918 10387 10387 E resultDishCount: 6 个菜品
12-26 11:02:46.749 10387 11003 E innerRecognize: recognizeByFilter6
12-26 11:02:46.749 10387 11003 E recognize: 835ms   /storage/emulated/0/shifang/ai_dish/image/20231226/7353f416-c6d2-4b34-b673-775e7d90596b.jpg  
12-26 11:02:46.851 10387 10387 E resultDishCount: 6 个菜品
12-26 11:02:47.625 10387 11012 E innerRecognize: recognizeByFilter6
12-26 11:02:47.625 10387 11012 E recognize: 780ms   /storage/emulated/0/shifang/ai_dish/image/20231226/5a5aa189-9de1-4ec8-a145-738c7ff6d5ea.jpg  
12-26 11:02:47.749 10387 10387 E resultDishCount: 6 个菜品
12-26 11:02:48.570 10387 10881 E innerRecognize: recognizeByFilter6
12-26 11:02:48.570 10387 10881 E recognize: 821ms   /storage/emulated/0/shifang/ai_dish/image/20231226/9dd23585-572c-4e63-9f9a-0777fd6c75f2.jpg  
12-26 11:02:48.647 10387 10387 E resultDishCount: 6 个菜品
12-26 11:02:49.485 10387 10870 E innerRecognize: recognizeByFilter6
12-26 11:02:49.485 10387 10870 E recognize: 837ms   /storage/emulated/0/shifang/ai_dish/image/20231226/f4f46b6f-f04c-4e3e-9fb4-ccd9d7ba23c5.jpg  
12-26 11:02:49.580 10387 10387 E resultDishCount: 6 个菜品
12-26 11:02:50.379 10387 10900 E innerRecognize: recognizeByFilter6
12-26 11:02:50.379 10387 10900 E recognize: 798ms   /storage/emulated/0/shifang/ai_dish/image/20231226/5828e8e5-09ff-4ce9-9240-c9e84a441bc1.jpg  
12-26 11:02:50.478 10387 10387 E resultDishCount: 6 个菜品
12-26 11:02:51.334 10387 10891 E innerRecognize: recognizeByFilter6
12-26 11:02:51.334 10387 10891 E recognize: 847ms   /storage/emulated/0/shifang/ai_dish/image/20231226/35d89b65-2291-4ddd-8192-ba4b1ec2e0f6.jpg  
12-26 11:02:51.432 10387 10387 E resultDishCount: 6 个菜品
12-26 11:02:52.190 10387 10909 E innerRecognize: recognizeByFilter6
12-26 11:02:52.190 10387 10909 E recognize: 761ms   /storage/emulated/0/shifang/ai_dish/image/20231226/784b3822-e136-47b3-83d7-29a43914abdb.jpg  
12-26 11:02:52.291 10387 10387 E resultDishCount: 6 个菜品
12-26 11:02:53.125 10387 10919 E innerRecognize: recognizeByFilter6
12-26 11:02:53.125 10387 10919 E recognize: 846ms   /storage/emulated/0/shifang/ai_dish/image/20231226/03b75485-3ba8-4bf7-ad6e-62c9b233811e.jpg  
12-26 11:02:53.213 10387 10387 E resultDishCount: 6 个菜品
12-26 11:02:54.087 10387 10929 E innerRecognize: recognizeByFilter6
12-26 11:02:54.087 10387 10929 E recognize: 868ms   /storage/emulated/0/shifang/ai_dish/image/20231226/f53e8da4-576f-4447-9912-b900347e35d1.jpg  
12-26 11:02:54.197 10387 10387 E resultDishCount: 6 个菜品
12-26 11:02:55.059 10387 10938 E innerRecognize: recognizeByFilter6
12-26 11:02:55.059 10387 10938 E recognize: 871ms   /storage/emulated/0/shifang/ai_dish/image/20231226/6040ecf5-aa8d-4344-9378-9823ee7c67a6.jpg  
12-26 11:02:55.131 10387 10387 E resultDishCount: 6 个菜品
12-26 11:02:55.924 10387 10958 E innerRecognize: recognizeByFilter6
12-26 11:02:55.924 10387 10958 E recognize: 795ms   /storage/emulated/0/shifang/ai_dish/image/20231226/3841bfc1-a912-45c0-b5cc-4bdd21b4145f.jpg  
12-26 11:02:56.025 10387 10387 E resultDishCount: 6 个菜品
12-26 11:02:56.845 10387 10948 E innerRecognize: recognizeByFilter6
12-26 11:02:56.845 10387 10948 E recognize: 821ms   /storage/emulated/0/shifang/ai_dish/image/20231226/d5e050f4-d0e4-4c87-ab7b-e6c90f8f5c8f.jpg  
12-26 11:02:56.959 10387 10387 E resultDishCount: 6 个菜品
12-26 11:02:57.820 10387 10967 E innerRecognize: recognizeByFilter6
12-26 11:02:57.820 10387 10967 E recognize: 862ms   /storage/emulated/0/shifang/ai_dish/image/20231226/74333904-85c5-44da-8b06-1ade22d5ecf0.jpg  
12-26 11:02:57.928 10387 10387 E resultDishCount: 6 个菜品
12-26 11:02:58.792 10387 10984 E innerRecognize: recognizeByFilter6
12-26 11:02:58.792 10387 10984 E recognize: 871ms   /storage/emulated/0/shifang/ai_dish/image/20231226/861721ad-30a7-48e2-b9b7-fdf6dd82fb12.jpg  
12-26 11:02:58.898 10387 10387 E resultDishCount: 6 个菜品
12-26 11:02:59.781 10387 10976 E innerRecognize: recognizeByFilter6
12-26 11:02:59.782 10387 10976 E recognize: 885ms   /storage/emulated/0/shifang/ai_dish/image/20231226/6da8635c-14e1-4cbe-89a2-dddf05af301e.jpg  
12-26 11:02:59.870 10387 10387 E resultDishCount: 6 个菜品
12-26 11:03:00.614 10387 10976 E innerRecognize: recognizeByFilter6
12-26 11:03:00.614 10387 10976 E recognize: 745ms   /storage/emulated/0/shifang/ai_dish/image/20231226/5f767c43-6ccf-44bb-ac95-109ac05567ca.jpg  
12-26 11:03:00.729 10387 10387 E resultDishCount: 6 个菜品
12-26 11:03:00.916 10387 10802 E registerBgr24: 1 
12-26 11:03:00.916 10387 10802 E FaceServer__: registerBgr24:  ErrorInfo.MOK
12-26 11:03:00.916 10387 10802 E SyncFacePresenter__addFaceLocal_register  fail: 吴彦祖  1
12-26 11:03:00.953 10387 10802 E registerBgr24: 2 
12-26 11:03:00.953 10387 10802 E FaceServer__: registerBgr24:  ErrorInfo.MOK
12-26 11:03:00.953 10387 10802 E SyncFacePresenter__addFaceLocal_register  fail: 郭富城  2
12-26 11:03:00.974 10387 10802 E registerBgr24: 3 
12-26 11:03:00.974 10387 10802 E FaceServer__: registerBgr24:  ErrorInfo.MOK
12-26 11:03:00.974 10387 10802 E SyncFacePresenter__addFaceLocal_register  fail: 谢霆锋  3
12-26 11:03:00.989 10387 10802 E registerBgr24: 4 
12-26 11:03:00.989 10387 10802 E FaceServer__: registerBgr24:  ErrorInfo.MOK
12-26 11:03:00.989 10387 10802 E SyncFacePresenter__addFaceLocal_register  fail: 摩卡  4
12-26 11:03:01.023 10387 10802 E registerBgr24: 5 
12-26 11:03:01.023 10387 10802 E FaceServer__: registerBgr24:  ErrorInfo.MOK
12-26 11:03:01.023 10387 10802 E SyncFacePresenter__addFaceLocal_register  fail: 李连杰  5
12-26 11:03:01.629 10387 10860 E innerRecognize: recognizeByFilter6
12-26 11:03:01.629 10387 10860 E recognize: 902ms   /storage/emulated/0/shifang/ai_dish/image/20231226/2d193da2-0943-468f-b126-aac016ca7064.jpg  
12-26 11:03:01.717 10387 10387 E resultDishCount: 6 个菜品
12-26 11:03:02.584 10387 11003 E innerRecognize: recognizeByFilter6
12-26 11:03:02.584 10387 11003 E recognize: 865ms   /storage/emulated/0/shifang/ai_dish/image/20231226/4a9854d9-4b3c-4c6a-a57b-2565096ec1cf.jpg  
12-26 11:03:02.690 10387 10387 E resultDishCount: 6 个菜品
12-26 11:03:03.506 10387 11012 E innerRecognize: recognizeByFilter6
12-26 11:03:03.506 10387 11012 E recognize: 819ms   /storage/emulated/0/shifang/ai_dish/image/20231226/28b8cab7-1049-4a75-8a24-fcc32aaa1141.jpg  
12-26 11:03:03.583 10387 10387 E resultDishCount: 6 个菜品
12-26 11:03:04.413 10387 10881 E innerRecognize: recognizeByFilter6
12-26 11:03:04.413 10387 10881 E recognize: 828ms   /storage/emulated/0/shifang/ai_dish/image/20231226/baf99ff2-0d0a-412f-884a-6278760603a2.jpg  
12-26 11:03:04.517 10387 10387 E resultDishCount: 6 个菜品
12-26 11:03:05.332 10387 10870 E innerRecognize: recognizeByFilter6
12-26 11:03:05.333 10387 10870 E recognize: 829ms   /storage/emulated/0/shifang/ai_dish/image/20231226/749db1e8-3505-44fd-a28d-2105e7b20d0b.jpg  
12-26 11:03:05.451 10387 10387 E resultDishCount: 6 个菜品
12-26 11:03:06.151 10387 10900 E innerRecognize: recognizeByFilter6
12-26 11:03:06.151 10387 10900 E recognize: 707ms   /storage/emulated/0/shifang/ai_dish/image/20231226/efe6226e-d9a4-4b75-91db-9bda558e0a52.jpg  
12-26 11:03:06.223 10387 10387 E resultDishCount: 6 个菜品
12-26 11:03:07.041 10387 10891 E innerRecognize: recognizeByFilter6
12-26 11:03:07.041 10387 10891 E recognize: 808ms   /storage/emulated/0/shifang/ai_dish/image/20231226/72cf56e5-ba9b-4bee-a025-ed67c3f5a629.jpg  
12-26 11:03:07.156 10387 10387 E resultDishCount: 6 个菜品
12-26 11:03:07.931 10387 10909 E innerRecognize: recognizeByFilter6
12-26 11:03:07.931 10387 10909 E recognize: 785ms   /storage/emulated/0/shifang/ai_dish/image/20231226/078b1dcf-6133-4216-b4a9-9cc884822cbc.jpg  
12-26 11:03:08.054 10387 10387 E resultDishCount: 6 个菜品
12-26 11:03:08.832 10387 10919 E innerRecognize: recognizeByFilter6
12-26 11:03:08.832 10387 10919 E recognize: 790ms   /storage/emulated/0/shifang/ai_dish/image/20231226/d160d961-724f-4d9b-b746-393c6713d6b4.jpg  
12-26 11:03:08.934 10387 10387 E resultDishCount: 6 个菜品
12-26 11:03:09.740 10387 10929 E innerRecognize: recognizeByFilter6
12-26 11:03:09.740 10387 10929 E recognize: 810ms   /storage/emulated/0/shifang/ai_dish/image/20231226/800b324f-9e54-4bb6-b96a-e846eb191a07.jpg  
12-26 11:03:09.831 10387 10387 E resultDishCount: 6 个菜品
12-26 11:03:10.583 10387 10938 E innerRecognize: recognizeByFilter6
12-26 11:03:10.583 10387 10938 E recognize: 751ms   /storage/emulated/0/shifang/ai_dish/image/20231226/1347ea10-bace-4fc1-ae9d-4e33b5b77320.jpg  
12-26 11:03:10.676 10387 10387 E resultDishCount: 6 个菜品
12-26 11:03:11.526 10387 10958 E innerRecognize: recognizeByFilter6
12-26 11:03:11.526 10387 10958 E recognize: 845ms   /storage/emulated/0/shifang/ai_dish/image/20231226/7c4d9fee-844c-4769-ab7e-9b906f35fd59.jpg  
12-26 11:03:11.644 10387 10387 E resultDishCount: 6 个菜品
12-26 11:03:12.473 10387 10948 E innerRecognize: recognizeByFilter6
12-26 11:03:12.473 10387 10948 E recognize: 842ms   /storage/emulated/0/shifang/ai_dish/image/20231226/63ba627d-a551-4d2d-997d-84b6e5d9a68f.jpg  
12-26 11:03:12.560 10387 10387 E resultDishCount: 6 个菜品
12-26 11:03:13.403 10387 10967 E innerRecognize: recognizeByFilter6
12-26 11:03:13.403 10387 10967 E recognize: 852ms   /storage/emulated/0/shifang/ai_dish/image/20231226/4ec4e906-febe-4285-9273-f0a8458002bf.jpg  
12-26 11:03:13.512 10387 10387 E resultDishCount: 6 个菜品
12-26 11:03:14.327 10387 10984 E innerRecognize: recognizeByFilter6
12-26 11:03:14.327 10387 10984 E recognize: 822ms   /storage/emulated/0/shifang/ai_dish/image/20231226/eca91fca-6240-4d1b-977a-b50c694bfcc2.jpg  
12-26 11:03:14.427 10387 10387 E resultDishCount: 6 个菜品
12-26 11:03:15.205 10387 10993 E innerRecognize: recognizeByFilter6
12-26 11:03:15.205 10387 10993 E recognize: 783ms   /storage/emulated/0/shifang/ai_dish/image/20231226/cd9c08a0-5553-48e2-81e9-5b19ec25a1b3.jpg  
12-26 11:03:15.294 10387 10387 E resultDishCount: 6 个菜品
12-26 11:03:16.149 10387 10976 E innerRecognize: recognizeByFilter6
12-26 11:03:16.149 10387 10976 E recognize: 849ms   /storage/emulated/0/shifang/ai_dish/image/20231226/f04f79df-b9bc-4ad2-ad2e-25c86482add3.jpg  
12-26 11:03:16.258 10387 10387 E resultDishCount: 6 个菜品
12-26 11:03:17.058 10387 10860 E innerRecognize: recognizeByFilter6
12-26 11:03:17.058 10387 10860 E recognize: 801ms   /storage/emulated/0/shifang/ai_dish/image/20231226/9b10a21a-d1e8-407c-afd7-f960a1225b2e.jpg  
12-26 11:03:17.174 10387 10387 E resultDishCount: 6 个菜品
12-26 11:03:17.998 10387 11003 E innerRecognize: recognizeByFilter6
12-26 11:03:17.998 10387 11003 E recognize: 834ms   /storage/emulated/0/shifang/ai_dish/image/20231226/a32ef59f-9d3d-4f99-a5cc-3146697e77f5.jpg  
12-26 11:03:18.108 10387 10387 E resultDishCount: 6 个菜品
12-26 11:03:18.954 10387 11012 E innerRecognize: recognizeByFilter6
12-26 11:03:18.955 10387 11012 E recognize: 848ms   /storage/emulated/0/shifang/ai_dish/image/20231226/f2148be2-27aa-4e43-af86-22e5fe4c8658.jpg  
12-26 11:03:19.060 10387 10387 E resultDishCount: 6 个菜品
12-26 11:03:19.902 10387 10881 E innerRecognize: recognizeByFilter6
12-26 11:03:19.902 10387 10881 E recognize: 835ms   /storage/emulated/0/shifang/ai_dish/image/20231226/89aabb29-a746-41c2-84c3-1f1ebced9662.jpg  
12-26 11:03:19.993 10387 10387 E resultDishCount: 6 个菜品
12-26 11:03:20.819 10387 10870 E innerRecognize: recognizeByFilter6
12-26 11:03:20.819 10387 10870 E recognize: 835ms   /storage/emulated/0/shifang/ai_dish/image/20231226/4ebee25f-fbe4-4873-b3fe-1bf090947156.jpg  
12-26 11:03:20.909 10387 10387 E resultDishCount: 6 个菜品
12-26 11:03:21.737 10387 10900 E innerRecognize: recognizeByFilter6
12-26 11:03:21.737 10387 10900 E recognize: 836ms   /storage/emulated/0/shifang/ai_dish/image/20231226/f95045fe-66c5-4899-8c4d-855eb222588b.jpg  
12-26 11:03:21.860 10387 10387 E resultDishCount: 6 个菜品
12-26 11:03:22.668 10387 10900 E innerRecognize: recognizeByFilter6
12-26 11:03:22.668 10387 10900 E recognize: 820ms   /storage/emulated/0/shifang/ai_dish/image/20231226/2b55a5ee-51aa-491e-9234-3e6f9f5123a6.jpg  
12-26 11:03:22.757 10387 10387 E resultDishCount: 6 个菜品
12-26 11:03:23.540 10387 10909 E innerRecognize: recognizeByFilter6
12-26 11:03:23.540 10387 10909 E recognize: 785ms   /storage/emulated/0/shifang/ai_dish/image/20231226/86092b19-ee07-4ba4-a837-941a1666e731.jpg  
12-26 11:03:23.641 10387 10387 E resultDishCount: 6 个菜品
12-26 11:03:24.489 10387 10919 E innerRecognize: recognizeByFilter6
12-26 11:03:24.489 10387 10919 E recognize: 845ms   /storage/emulated/0/shifang/ai_dish/image/20231226/59faf3a6-9d9d-4dd9-8629-943242302382.jpg  
12-26 11:03:24.593 10387 10387 E resultDishCount: 6 个菜品
12-26 11:03:25.411 10387 10929 E innerRecognize: recognizeByFilter6
12-26 11:03:25.411 10387 10929 E recognize: 812ms   /storage/emulated/0/shifang/ai_dish/image/20231226/25df76f6-a24d-4696-afd1-21b17b999abc.jpg  
12-26 11:03:26.797 10387 10387 E resultDishCount: 6 个菜品
12-26 11:03:27.722 10387 10938 E innerRecognize: recognizeByFilter6
12-26 11:03:27.722 10387 10938 E recognize: 932ms   /storage/emulated/0/shifang/ai_dish/image/20231226/350ba469-368b-4e87-9fe4-90bfc8b8bc63.jpg  
12-26 11:03:28.413 10387 10387 E resultDishCount: 6 个菜品
12-26 11:03:29.260 10387 10958 E innerRecognize: recognizeByFilter6
12-26 11:03:29.260 10387 10958 E recognize: 850ms   /storage/emulated/0/shifang/ai_dish/image/20231226/47ad8f4a-5cf9-471a-969c-798045d6efe5.jpg  
12-26 11:03:29.400 10387 10387 E resultDishCount: 6 个菜品
12-26 11:03:30.318 10387 10948 E innerRecognize: recognizeByFilter6
12-26 11:03:30.318 10387 10948 E recognize: 921ms   /storage/emulated/0/shifang/ai_dish/image/20231226/3a8a262a-b308-4bc9-a2a2-60d15614b397.jpg  
12-26 11:03:30.407 10387 10387 E resultDishCount: 6 个菜品
12-26 11:03:31.204 10387 10967 E innerRecognize: recognizeByFilter6
12-26 11:03:31.204 10387 10967 E recognize: 790ms   /storage/emulated/0/shifang/ai_dish/image/20231226/27ca3733-29a8-4c1f-91f4-91626c4e450e.jpg  
12-26 11:03:31.303 10387 10387 E resultDishCount: 6 个菜品
12-26 11:03:32.130 10387 10984 E innerRecognize: recognizeByFilter6
12-26 11:03:32.130 10387 10984 E recognize: 822ms   /storage/emulated/0/shifang/ai_dish/image/20231226/e30d35a1-77b8-407b-948b-7ac3e2d443d9.jpg  
12-26 11:03:32.223 10387 10387 E resultDishCount: 6 个菜品
12-26 11:03:33.048 10387 10993 E innerRecognize: recognizeByFilter6
12-26 11:03:33.048 10387 10993 E recognize: 818ms   /storage/emulated/0/shifang/ai_dish/image/20231226/c0904a96-bf7f-486d-8f97-21f11a769d69.jpg  
12-26 11:03:33.170 10387 10387 E resultDishCount: 6 个菜品
12-26 11:03:33.953 10387 10976 E innerRecognize: recognizeByFilter6
12-26 11:03:33.954 10387 10976 E recognize: 797ms   /storage/emulated/0/shifang/ai_dish/image/20231226/262516a9-7669-4b25-b36c-aaa03b55ccba.jpg  
12-26 11:03:34.056 10387 10387 E resultDishCount: 6 个菜品
12-26 11:03:34.818 10387 10860 E innerRecognize: recognizeByFilter6
12-26 11:03:34.818 10387 10860 E recognize: 766ms   /storage/emulated/0/shifang/ai_dish/image/20231226/7809de6f-f071-4949-a0b8-117240946f41.jpg  
12-26 11:03:34.948 10387 10387 E resultDishCount: 6 个菜品
12-26 11:03:35.721 10387 11003 E innerRecognize: recognizeByFilter6
12-26 11:03:35.721 10387 11003 E recognize: 782ms   /storage/emulated/0/shifang/ai_dish/image/20231226/134f4551-75f2-443b-8e83-18cb68bb1b5d.jpg  
12-26 11:03:35.810 10387 10387 E resultDishCount: 6 个菜品
12-26 11:03:36.618 10387 11012 E innerRecognize: recognizeByFilter6
12-26 11:03:36.618 10387 11012 E recognize: 804ms   /storage/emulated/0/shifang/ai_dish/image/20231226/e4b8045e-b099-43f6-ab62-7cd6a6c1d556.jpg  
12-26 11:03:36.761 10387 10387 E resultDishCount: 6 个菜品
12-26 11:03:37.562 10387 10881 E innerRecognize: recognizeByFilter6
12-26 11:03:37.562 10387 10881 E recognize: 810ms   /storage/emulated/0/shifang/ai_dish/image/20231226/9970f1c5-e7f5-4bed-a8c9-ec3a8698f34d.jpg  
12-26 11:03:37.659 10387 10387 E resultDishCount: 6 个菜品
12-26 11:03:38.479 10387 10870 E innerRecognize: recognizeByFilter6
12-26 11:03:38.479 10387 10870 E recognize: 821ms   /storage/emulated/0/shifang/ai_dish/image/20231226/fe6cf5e0-a2c8-4355-a267-38a1f2400054.jpg  
12-26 11:03:38.595 10387 10387 E resultDishCount: 6 个菜品
12-26 11:03:39.444 10387 10891 E innerRecognize: recognizeByFilter6
12-26 11:03:39.444 10387 10891 E recognize: 851ms   /storage/emulated/0/shifang/ai_dish/image/20231226/d3691d13-c7a7-41fc-9565-1e34aeeee3f9.jpg  
12-26 11:03:39.528 10387 10387 E resultDishCount: 6 个菜品
12-26 11:03:40.390 10387 10900 E innerRecognize: recognizeByFilter6
12-26 11:03:40.390 10387 10900 E recognize: 866ms   /storage/emulated/0/shifang/ai_dish/image/20231226/a054e340-185e-4546-9952-dc10d0f9d41e.jpg  
12-26 11:03:40.513 10387 10387 E resultDishCount: 6 个菜品
12-26 11:03:41.324 10387 10909 E innerRecognize: recognizeByFilter6
12-26 11:03:41.324 10387 10909 E recognize: 822ms   /storage/emulated/0/shifang/ai_dish/image/20231226/821fa41b-590f-41b5-b96e-5d076b6d5053.jpg  
12-26 11:03:41.447 10387 10387 E resultDishCount: 6 个菜品
12-26 11:03:42.278 10387 10919 E innerRecognize: recognizeByFilter6
12-26 11:03:42.278 10387 10919 E recognize: 839ms   /storage/emulated/0/shifang/ai_dish/image/20231226/547e2193-e895-4f17-a298-bfffcff8a6df.jpg  
12-26 11:03:42.384 10387 10387 E resultDishCount: 6 个菜品
12-26 11:03:43.207 10387 10929 E innerRecognize: recognizeByFilter6
12-26 11:03:43.207 10387 10929 E recognize: 812ms   /storage/emulated/0/shifang/ai_dish/image/20231226/86832a36-5a0d-47dc-8a58-4f2bc7542feb.jpg  
12-26 11:03:43.314 10387 10387 E resultDishCount: 6 个菜品
12-26 11:03:44.206 10387 10938 E innerRecognize: recognizeByFilter6
12-26 11:03:44.207 10387 10938 E recognize: 898ms   /storage/emulated/0/shifang/ai_dish/image/20231226/8e566e16-4f00-46dd-9a5e-b0bd2d0f33d9.jpg  
12-26 11:03:44.319 10387 10387 E resultDishCount: 6 个菜品
12-26 11:03:45.167 10387 10958 E innerRecognize: recognizeByFilter6
12-26 11:03:45.167 10387 10958 E recognize: 858ms   /storage/emulated/0/shifang/ai_dish/image/20231226/0f6a9cf1-7986-46a0-a7f9-2459a5a7fa5e.jpg  
12-26 11:03:45.278 10387 10387 E resultDishCount: 6 个菜品
12-26 11:03:46.114 10387 10948 E innerRecognize: recognizeByFilter6
12-26 11:03:46.114 10387 10948 E recognize: 833ms   /storage/emulated/0/shifang/ai_dish/image/20231226/e05d634f-076a-4f85-ac22-67f1495e7e21.jpg  
12-26 11:03:46.225 10387 10387 E resultDishCount: 6 个菜品
12-26 11:03:47.048 10387 10967 E innerRecognize: recognizeByFilter6
12-26 11:03:47.048 10387 10967 E recognize: 816ms   /storage/emulated/0/shifang/ai_dish/image/20231226/85ca9d21-e53c-4af3-8ecb-34253cdfeaa6.jpg  
12-26 11:03:47.156 10387 10387 E resultDishCount: 6 个菜品
12-26 11:03:47.909 10387 10984 E innerRecognize: recognizeByFilter6
12-26 11:03:47.909 10387 10984 E recognize: 757ms   /storage/emulated/0/shifang/ai_dish/image/20231226/32da239b-b825-4bca-97d0-962120741d0a.jpg  
12-26 11:03:48.005 10387 10387 E resultDishCount: 6 个菜品
12-26 11:03:48.819 10387 10993 E innerRecognize: recognizeByFilter6
12-26 11:03:48.819 10387 10993 E recognize: 814ms   /storage/emulated/0/shifang/ai_dish/image/20231226/c07e5a44-c6b6-4d31-82f6-135722801915.jpg  
12-26 11:03:48.915 10387 10387 E resultDishCount: 6 个菜品
12-26 11:03:49.774 10387 10976 E innerRecognize: recognizeByFilter6
12-26 11:03:49.774 10387 10976 E recognize: 870ms   /storage/emulated/0/shifang/ai_dish/image/20231226/2241bdad-1781-4dd8-9f7d-16e93e8c9350.jpg  
12-26 11:03:49.867 10387 10387 E resultDishCount: 6 个菜品
12-26 11:03:50.631 10387 10860 E innerRecognize: recognizeByFilter6
12-26 11:03:50.631 10387 10860 E recognize: 777ms   /storage/emulated/0/shifang/ai_dish/image/20231226/aca6ad7f-5d9a-4a56-8513-f4b8500c8e8a.jpg  
12-26 11:03:50.728 10387 10387 E resultDishCount: 6 个菜品
12-26 11:03:51.537 10387 11003 E innerRecognize: recognizeByFilter6
12-26 11:03:51.537 10387 11003 E recognize: 816ms   /storage/emulated/0/shifang/ai_dish/image/20231226/ed9e2d94-26f4-4f45-93eb-63577ce4c9c1.jpg  
12-26 11:03:51.638 10387 10387 E resultDishCount: 6 个菜品
12-26 11:03:52.421 10387 11012 E innerRecognize: recognizeByFilter6
12-26 11:03:52.421 10387 11012 E recognize: 783ms   /storage/emulated/0/shifang/ai_dish/image/20231226/bb258536-b47c-4b61-aa81-162ffff1798c.jpg  
12-26 11:03:52.542 10387 10387 E resultDishCount: 6 个菜品
12-26 11:03:53.328 10387 10881 E innerRecognize: recognizeByFilter6
12-26 11:03:53.328 10387 10881 E recognize: 795ms   /storage/emulated/0/shifang/ai_dish/image/20231226/c1e00283-0750-4363-acf9-4a03704c7014.jpg  
12-26 11:03:53.475 10387 10387 E resultDishCount: 6 个菜品
12-26 11:03:54.343 10387 10870 E innerRecognize: recognizeByFilter6
12-26 11:03:54.343 10387 10870 E recognize: 877ms   /storage/emulated/0/shifang/ai_dish/image/20231226/2faba721-555d-4181-a17a-728d055cb620.jpg  
12-26 11:03:54.463 10387 10387 E resultDishCount: 6 个菜品
12-26 11:03:55.261 10387 10891 E innerRecognize: recognizeByFilter6
12-26 11:03:55.261 10387 10891 E recognize: 805ms   /storage/emulated/0/shifang/ai_dish/image/20231226/2876d832-dba4-450d-9ec3-53cabd4f18c3.jpg  
12-26 11:03:55.360 10387 10387 E resultDishCount: 6 个菜品
12-26 11:03:56.150 10387 10900 E innerRecognize: recognizeByFilter6
12-26 11:03:56.151 10387 10900 E recognize: 794ms   /storage/emulated/0/shifang/ai_dish/image/20231226/cb910282-1474-41c2-abe8-e77d7e85d742.jpg  
12-26 11:03:56.222 10387 10387 E resultDishCount: 6 个菜品
12-26 11:03:57.004 10387 10909 E innerRecognize: recognizeByFilter6
12-26 11:03:57.004 10387 10909 E recognize: 785ms   /storage/emulated/0/shifang/ai_dish/image/20231226/29811528-d81b-4b1c-a9b0-a29216bf4dba.jpg  
12-26 11:03:57.138 10387 10387 E resultDishCount: 6 个菜品
12-26 11:03:57.964 10387 10919 E innerRecognize: recognizeByFilter6
12-26 11:03:57.964 10387 10919 E recognize: 838ms   /storage/emulated/0/shifang/ai_dish/image/20231226/673bbc4b-871e-4f1b-808d-a1cf992e2b93.jpg  
12-26 11:03:58.036 10387 10387 E resultDishCount: 6 个菜品
12-26 11:03:58.892 10387 10929 E innerRecognize: recognizeByFilter6
12-26 11:03:58.892 10387 10929 E recognize: 868ms   /storage/emulated/0/shifang/ai_dish/image/20231226/e89c8f1f-4d9d-4052-bd31-81580ef1106a.jpg  
12-26 11:03:58.987 10387 10387 E resultDishCount: 6 个菜品
12-26 11:03:59.854 10387 10938 E innerRecognize: recognizeByFilter6
12-26 11:03:59.854 10387 10938 E recognize: 874ms   /storage/emulated/0/shifang/ai_dish/image/20231226/af904f61-e65a-4646-9344-757d1539ff56.jpg  
12-26 11:03:59.964 10387 10387 E resultDishCount: 6 个菜品
12-26 11:04:00.768 10387 10958 E innerRecognize: recognizeByFilter6
12-26 11:04:00.768 10387 10958 E recognize: 808ms   /storage/emulated/0/shifang/ai_dish/image/20231226/f1fa1682-ae3f-4c4f-878e-bb43337f7a62.jpg  
12-26 11:04:00.859 10387 10387 E resultDishCount: 6 个菜品
12-26 11:04:01.048 10387 10802 E registerBgr24: 1 
12-26 11:04:01.048 10387 10802 E FaceServer__: registerBgr24:  ErrorInfo.MOK
12-26 11:04:01.048 10387 10802 E SyncFacePresenter__addFaceLocal_register  fail: 吴彦祖  1
12-26 11:04:01.081 10387 10802 E registerBgr24: 2 
12-26 11:04:01.081 10387 10802 E FaceServer__: registerBgr24:  ErrorInfo.MOK
12-26 11:04:01.081 10387 10802 E SyncFacePresenter__addFaceLocal_register  fail: 郭富城  2
12-26 11:04:01.094 10387 10802 E registerBgr24: 3 
12-26 11:04:01.094 10387 10802 E FaceServer__: registerBgr24:  ErrorInfo.MOK
12-26 11:04:01.094 10387 10802 E SyncFacePresenter__addFaceLocal_register  fail: 谢霆锋  3
12-26 11:04:01.108 10387 10802 E registerBgr24: 4 
12-26 11:04:01.108 10387 10802 E FaceServer__: registerBgr24:  ErrorInfo.MOK
12-26 11:04:01.108 10387 10802 E SyncFacePresenter__addFaceLocal_register  fail: 摩卡  4
12-26 11:04:01.142 10387 10802 E registerBgr24: 5 
12-26 11:04:01.142 10387 10802 E FaceServer__: registerBgr24:  ErrorInfo.MOK
12-26 11:04:01.142 10387 10802 E SyncFacePresenter__addFaceLocal_register  fail: 李连杰  5
12-26 11:04:01.762 10387 10948 E innerRecognize: recognizeByFilter6
12-26 11:04:01.762 10387 10948 E recognize: 899ms   /storage/emulated/0/shifang/ai_dish/image/20231226/6ae24563-4fc0-4d07-b1f7-b1dc6fe901c7.jpg  
12-26 11:04:01.877 10387 10387 E resultDishCount: 6 个菜品
12-26 11:04:02.747 10387 10967 E innerRecognize: recognizeByFilter6
12-26 11:04:02.747 10387 10967 E recognize: 880ms   /storage/emulated/0/shifang/ai_dish/image/20231226/644afebf-dc88-4f89-87c5-ba4118777ba2.jpg  
12-26 11:04:02.829 10387 10387 E resultDishCount: 6 个菜品
12-26 11:04:03.634 10387 10984 E innerRecognize: recognizeByFilter6
12-26 11:04:03.635 10387 10984 E recognize: 810ms   /storage/emulated/0/shifang/ai_dish/image/20231226/a990dc02-b48d-48e4-91b0-82759f3d3b2b.jpg  
12-26 11:04:03.762 10387 10387 E resultDishCount: 6 个菜品
12-26 11:04:04.547 10387 10993 E innerRecognize: recognizeByFilter6
12-26 11:04:04.547 10387 10993 E recognize: 796ms   /storage/emulated/0/shifang/ai_dish/image/20231226/50f28489-b9e1-49ee-9550-037d038acb58.jpg  
12-26 11:04:04.661 10387 10387 E resultDishCount: 6 个菜品
12-26 11:04:05.491 10387 10976 E innerRecognize: recognizeByFilter6
12-26 11:04:05.491 10387 10976 E recognize: 831ms   /storage/emulated/0/shifang/ai_dish/image/20231226/05204540-1197-498c-b3f3-8c5d423bbe2c.jpg  
12-26 11:04:05.595 10387 10387 E resultDishCount: 6 个菜品
12-26 11:04:06.435 10387 10860 E innerRecognize: recognizeByFilter6
12-26 11:04:06.435 10387 10860 E recognize: 837ms   /storage/emulated/0/shifang/ai_dish/image/20231226/1f883f69-8c84-44a0-8da8-2b1ba5d22408.jpg  
12-26 11:04:06.563 10387 10387 E resultDishCount: 6 个菜品
12-26 11:04:07.337 10387 11003 E innerRecognize: recognizeByFilter6
12-26 11:04:07.337 10387 11003 E recognize: 776ms   /storage/emulated/0/shifang/ai_dish/image/20231226/b02438e1-e799-4773-bc41-d9f3d7356937.jpg  
12-26 11:04:07.407 10387 10387 E resultDishCount: 6 个菜品
12-26 11:04:08.238 10387 11012 E innerRecognize: recognizeByFilter6
12-26 11:04:08.238 10387 11012 E recognize: 836ms   /storage/emulated/0/shifang/ai_dish/image/20231226/d5d84723-7736-473f-8951-e12596899caa.jpg  
12-26 11:04:08.376 10387 10387 E resultDishCount: 6 个菜品
12-26 11:04:09.189 10387 10881 E innerRecognize: recognizeByFilter6
12-26 11:04:09.189 10387 10881 E recognize: 818ms   /storage/emulated/0/shifang/ai_dish/image/20231226/a9f042ea-4874-4326-9121-8928838930be.jpg  
12-26 11:04:09.314 10387 10387 E resultDishCount: 6 个菜品
12-26 11:04:10.163 10387 10870 E innerRecognize: recognizeByFilter6
12-26 11:04:10.163 10387 10870 E recognize: 851ms   /storage/emulated/0/shifang/ai_dish/image/20231226/c7895c99-1f91-4ed0-82aa-221e3fce2dd6.jpg  
12-26 11:04:10.268 10387 10387 E resultDishCount: 6 个菜品
12-26 11:04:11.120 10387 10891 E innerRecognize: recognizeByFilter6
12-26 11:04:11.120 10387 10891 E recognize: 848ms   /storage/emulated/0/shifang/ai_dish/image/20231226/7c53689b-e28d-4801-9624-c1db8153856c.jpg  
12-26 11:04:11.233 10387 10387 E resultDishCount: 6 个菜品
12-26 11:04:12.081 10387 10900 E innerRecognize: recognizeByFilter6
12-26 11:04:12.081 10387 10900 E recognize: 839ms   /storage/emulated/0/shifang/ai_dish/image/20231226/438501b1-0a24-4a43-9295-529fa1a81c9f.jpg  
12-26 11:04:12.201 10387 10387 E resultDishCount: 6 个菜品
12-26 11:04:13.001 10387 10909 E innerRecognize: recognizeByFilter6
12-26 11:04:13.001 10387 10909 E recognize: 801ms   /storage/emulated/0/shifang/ai_dish/image/20231226/8c1b771c-1176-41c8-89ed-051ef43d2ea6.jpg  
12-26 11:04:13.098 10387 10387 E resultDishCount: 6 个菜品
12-26 11:04:13.943 10387 10919 E innerRecognize: recognizeByFilter6
12-26 11:04:13.944 10387 10919 E recognize: 854ms   /storage/emulated/0/shifang/ai_dish/image/20231226/c63e783b-0fd7-48aa-a1d2-b180da8bc28c.jpg  
12-26 11:04:14.067 10387 10387 E resultDishCount: 6 个菜品
12-26 11:04:14.932 10387 10929 E innerRecognize: recognizeByFilter6
12-26 11:04:14.932 10387 10929 E recognize: 869ms   /storage/emulated/0/shifang/ai_dish/image/20231226/82a71422-122f-4687-bd0f-e1140805020c.jpg  
12-26 11:04:15.037 10387 10387 E resultDishCount: 6 个菜品
12-26 11:04:15.890 10387 10938 E innerRecognize: recognizeByFilter6
12-26 11:04:15.890 10387 10938 E recognize: 849ms   /storage/emulated/0/shifang/ai_dish/image/20231226/28d01661-8941-49ec-a286-ce5fee4db1b6.jpg  
12-26 11:04:16.029 10387 10387 E resultDishCount: 6 个菜品
12-26 11:04:16.884 10387 10958 E innerRecognize: recognizeByFilter6
12-26 11:04:16.884 10387 10958 E recognize: 854ms   /storage/emulated/0/shifang/ai_dish/image/20231226/6b1e9433-e82c-4c18-a881-b920f4845ad9.jpg  
12-26 11:04:17.030 10387 10387 E resultDishCount: 6 个菜品
12-26 11:04:17.834 10387 10948 E innerRecognize: recognizeByFilter6
12-26 11:04:17.835 10387 10948 E recognize: 810ms   /storage/emulated/0/shifang/ai_dish/image/20231226/ba0aae4a-71df-4029-a889-5ca6814435d1.jpg  
12-26 11:04:17.933 10387 10387 E resultDishCount: 6 个菜品
12-26 11:04:18.718 10387 10967 E innerRecognize: recognizeByFilter6
12-26 11:04:18.718 10387 10967 E recognize: 788ms   /storage/emulated/0/shifang/ai_dish/image/20231226/b0b042df-5faf-4ebd-aa97-f55fd8c13c75.jpg  
12-26 11:04:18.825 10387 10387 E resultDishCount: 6 个菜品
12-26 11:04:19.601 10387 10984 E innerRecognize: recognizeByFilter6
12-26 11:04:19.601 10387 10984 E recognize: 774ms   /storage/emulated/0/shifang/ai_dish/image/20231226/4d5a4728-17bf-482e-88e7-c9326de71d95.jpg  
12-26 11:04:19.723 10387 10387 E resultDishCount: 6 个菜品
12-26 11:04:20.593 10387 10993 E innerRecognize: recognizeByFilter6
12-26 11:04:20.593 10387 10993 E recognize: 867ms   /storage/emulated/0/shifang/ai_dish/image/20231226/9e0de68a-3b95-4303-85b8-8d26fcab1c42.jpg  
12-26 11:04:20.710 10387 10387 E resultDishCount: 6 个菜品
12-26 11:04:21.533 10387 10976 E innerRecognize: recognizeByFilter6
12-26 11:04:21.533 10387 10976 E recognize: 830ms   /storage/emulated/0/shifang/ai_dish/image/20231226/f71e6a53-e590-4577-9f4f-12443f054b15.jpg  
12-26 11:04:21.634 10387 10387 E resultDishCount: 6 个菜品
12-26 11:04:22.486 10387 10860 E innerRecognize: recognizeByFilter6
12-26 11:04:22.486 10387 10860 E recognize: 847ms   /storage/emulated/0/shifang/ai_dish/image/20231226/2b72c360-fc69-4b99-bc7d-375a918251f5.jpg  
12-26 11:04:22.595 10387 10387 E resultDishCount: 6 个菜品
12-26 11:04:23.418 10387 11003 E innerRecognize: recognizeByFilter6
12-26 11:04:23.418 10387 11003 E recognize: 829ms   /storage/emulated/0/shifang/ai_dish/image/20231226/edcdc0f0-707f-4b83-911f-41906a660a58.jpg  
12-26 11:04:23.499 10387 10387 E resultDishCount: 6 个菜品
12-26 11:04:24.375 10387 11012 E innerRecognize: recognizeByFilter6
12-26 11:04:24.375 10387 11012 E recognize: 871ms   /storage/emulated/0/shifang/ai_dish/image/20231226/11803d3c-5897-46e5-b981-12d143c92886.jpg  
12-26 11:04:24.524 10387 10387 E resultDishCount: 6 个菜品
12-26 11:04:25.328 10387 10881 E innerRecognize: recognizeByFilter6
12-26 11:04:25.328 10387 10881 E recognize: 819ms   /storage/emulated/0/shifang/ai_dish/image/20231226/229d8f25-9779-4eea-a1fa-720b571c7835.jpg  
12-26 11:04:25.416 10387 10387 E resultDishCount: 6 个菜品
12-26 11:04:26.261 10387 10870 E innerRecognize: recognizeByFilter6
12-26 11:04:26.261 10387 10870 E recognize: 848ms   /storage/emulated/0/shifang/ai_dish/image/20231226/d67ac418-8f4e-4581-ac1b-4709102cdbd2.jpg  
12-26 11:04:26.367 10387 10387 E resultDishCount: 6 个菜品
12-26 11:04:27.277 10387 10891 E innerRecognize: recognizeByFilter6
12-26 11:04:27.277 10387 10891 E recognize: 903ms   /storage/emulated/0/shifang/ai_dish/image/20231226/5bcc53f0-8a6d-4794-b5b9-dee8330f9673.jpg  
12-26 11:04:27.380 10387 10387 E resultDishCount: 6 个菜品
12-26 11:04:28.187 10387 10900 E innerRecognize: recognizeByFilter6
12-26 11:04:28.187 10387 10900 E recognize: 822ms   /storage/emulated/0/shifang/ai_dish/image/20231226/c81fa149-2ec9-4516-b4a8-335ccd5f6ca8.jpg  
12-26 11:04:28.254 10387 10387 E resultDishCount: 6 个菜品
12-26 11:04:29.848 10387 10909 E innerRecognize: recognizeByFilter6
12-26 11:04:29.848 10387 10909 E recognize: 1596ms   /storage/emulated/0/shifang/ai_dish/image/20231226/58ca841d-5491-467f-a5a8-e680eb765a5d.jpg  
12-26 11:04:31.503 10387 10387 E resultDishCount: 6 个菜品
12-26 11:04:32.351 10387 10919 E innerRecognize: recognizeByFilter6
12-26 11:04:32.351 10387 10919 E recognize: 859ms   /storage/emulated/0/shifang/ai_dish/image/20231226/ab3b24f9-ab73-4fc3-9339-d41ce35befe6.jpg  
12-26 11:04:32.452 10387 10387 E resultDishCount: 6 个菜品
12-26 11:04:33.294 10387 10929 E innerRecognize: recognizeByFilter6
12-26 11:04:33.294 10387 10929 E recognize: 846ms   /storage/emulated/0/shifang/ai_dish/image/20231226/686b0ff6-0eb5-4010-8787-755c9257674f.jpg  
12-26 11:04:33.404 10387 10387 E resultDishCount: 6 个菜品
12-26 11:04:34.249 10387 10938 E innerRecognize: recognizeByFilter6
12-26 11:04:34.249 10387 10938 E recognize: 838ms   /storage/emulated/0/shifang/ai_dish/image/20231226/939ea37e-bc67-4a15-9e5e-7f6345e1ea54.jpg  
12-26 11:04:34.355 10387 10387 E resultDishCount: 6 个菜品
12-26 11:04:35.185 10387 10958 E innerRecognize: recognizeByFilter6
12-26 11:04:35.185 10387 10958 E recognize: 838ms   /storage/emulated/0/shifang/ai_dish/image/20231226/0d57867d-5bf6-4bbe-8eb1-c1695db9aeb8.jpg  
12-26 11:04:35.306 10387 10387 E resultDishCount: 6 个菜品
12-26 11:04:36.166 10387 10948 E innerRecognize: recognizeByFilter6
12-26 11:04:36.167 10387 10948 E recognize: 872ms   /storage/emulated/0/shifang/ai_dish/image/20231226/9026c78f-6729-4218-8824-c30ef2f0fb17.jpg  
12-26 11:04:36.276 10387 10387 E resultDishCount: 6 个菜品
12-26 11:04:37.034 10387 10967 E innerRecognize: recognizeByFilter6
12-26 11:04:37.034 10387 10967 E recognize: 763ms   /storage/emulated/0/shifang/ai_dish/image/20231226/e2e79195-f6df-4d9d-8dc4-661c998ae18d.jpg  
12-26 11:04:37.173 10387 10387 E resultDishCount: 6 个菜品
12-26 11:04:37.997 10387 10984 E innerRecognize: recognizeByFilter6
12-26 11:04:37.997 10387 10984 E recognize: 824ms   /storage/emulated/0/shifang/ai_dish/image/20231226/fc28e140-3642-4446-a6ab-7d1245139da8.jpg  
12-26 11:04:38.108 10387 10387 E resultDishCount: 6 个菜品
12-26 11:04:38.969 10387 10993 E innerRecognize: recognizeByFilter6
12-26 11:04:38.969 10387 10993 E recognize: 852ms   /storage/emulated/0/shifang/ai_dish/image/20231226/865b5cbc-531a-4fa6-9344-cf18c2a20c58.jpg  
12-26 11:04:39.094 10387 10387 E resultDishCount: 6 个菜品
12-26 11:04:39.875 10387 10976 E innerRecognize: recognizeByFilter6
12-26 11:04:39.875 10387 10976 E recognize: 788ms   /storage/emulated/0/shifang/ai_dish/image/20231226/323108dd-c6cb-4266-aee5-36234498e5ce.jpg  
12-26 11:04:39.956 10387 10387 E resultDishCount: 6 个菜品
12-26 11:04:40.792 10387 10860 E innerRecognize: recognizeByFilter6
12-26 11:04:40.792 10387 10860 E recognize: 832ms   /storage/emulated/0/shifang/ai_dish/image/20231226/2bb2a12a-4310-4668-bb20-8f9ef01c2c8c.jpg  
12-26 11:04:40.912 10387 10387 E resultDishCount: 6 个菜品
12-26 11:04:41.691 10387 11003 E innerRecognize: recognizeByFilter6
12-26 11:04:41.691 10387 11003 E recognize: 776ms   /storage/emulated/0/shifang/ai_dish/image/20231226/e3bf7e76-dcf5-408c-b473-27c89df4bed0.jpg  
12-26 11:04:41.791 10387 10387 E resultDishCount: 6 个菜品
12-26 11:04:42.579 10387 11012 E innerRecognize: recognizeByFilter6
12-26 11:04:42.579 10387 11012 E recognize: 781ms   /storage/emulated/0/shifang/ai_dish/image/20231226/57ccd6af-1688-4246-b971-af64edec284a.jpg  
12-26 11:04:42.703 10387 10387 E resultDishCount: 6 个菜品
12-26 11:04:43.527 10387 10881 E innerRecognize: recognizeByFilter6
12-26 11:04:43.527 10387 10881 E recognize: 835ms   /storage/emulated/0/shifang/ai_dish/image/20231226/6c719ba5-49ea-43f5-8a5d-2702aa20774d.jpg  
12-26 11:04:43.637 10387 10387 E resultDishCount: 6 个菜品
12-26 11:04:44.455 10387 10881 E innerRecognize: recognizeByFilter6
12-26 11:04:44.455 10387 10881 E recognize: 827ms   /storage/emulated/0/shifang/ai_dish/image/20231226/95fe3e7d-1245-4aa2-87e2-99d624a5739e.jpg  
12-26 11:04:44.570 10387 10387 E resultDishCount: 6 个菜品
12-26 11:04:45.352 10387 10891 E innerRecognize: recognizeByFilter6
12-26 11:04:45.352 10387 10891 E recognize: 793ms   /storage/emulated/0/shifang/ai_dish/image/20231226/0eaf6ab4-49cc-40db-9407-e997a61518f3.jpg  
12-26 11:04:45.450 10387 10387 E resultDishCount: 6 个菜品
12-26 11:04:46.300 10387 10900 E innerRecognize: recognizeByFilter6
12-26 11:04:46.300 10387 10900 E recognize: 848ms   /storage/emulated/0/shifang/ai_dish/image/20231226/1e7549a8-3b68-4141-b462-7731dc24ff06.jpg  
12-26 11:04:46.419 10387 10387 E resultDishCount: 6 个菜品
12-26 11:04:47.204 10387 10909 E innerRecognize: recognizeByFilter6
12-26 11:04:47.204 10387 10909 E recognize: 792ms   /storage/emulated/0/shifang/ai_dish/image/20231226/ba71ea87-27a5-427c-abcb-02360c669c4a.jpg  
12-26 11:04:47.320 10387 10387 E resultDishCount: 6 个菜品
12-26 11:04:48.176 10387 10919 E innerRecognize: recognizeByFilter6
12-26 11:04:48.176 10387 10919 E recognize: 858ms   /storage/emulated/0/shifang/ai_dish/image/20231226/8191a99a-a427-4b9b-a079-3764745335fe.jpg  
12-26 11:04:48.252 10387 10387 E resultDishCount: 6 个菜品
12-26 11:04:49.055 10387 10929 E innerRecognize: recognizeByFilter6
12-26 11:04:49.055 10387 10929 E recognize: 805ms   /storage/emulated/0/shifang/ai_dish/image/20231226/773581b5-a6c5-47fc-9e28-eb2c0fd4ca73.jpg  
12-26 11:04:49.184 10387 10387 E resultDishCount: 6 个菜品
12-26 11:04:50.025 10387 10938 E innerRecognize: recognizeByFilter6
12-26 11:04:50.025 10387 10938 E recognize: 851ms   /storage/emulated/0/shifang/ai_dish/image/20231226/cd71e018-de88-43e9-bd5e-3c25193401b2.jpg  
12-26 11:04:50.135 10387 10387 E resultDishCount: 6 个菜品
12-26 11:04:50.974 10387 10958 E innerRecognize: recognizeByFilter6
12-26 11:04:50.974 10387 10958 E recognize: 850ms   /storage/emulated/0/shifang/ai_dish/image/20231226/e4164d1c-55b5-4e0b-bedf-affead005688.jpg  
12-26 11:04:51.069 10387 10387 E resultDishCount: 6 个菜品
12-26 11:04:51.949 10387 10948 E innerRecognize: recognizeByFilter6
12-26 11:04:51.949 10387 10948 E recognize: 877ms   /storage/emulated/0/shifang/ai_dish/image/20231226/58ebc775-4781-4c72-86e9-6e0e7b46e0c8.jpg  
12-26 11:04:52.039 10387 10387 E resultDishCount: 6 个菜品
12-26 11:04:52.841 10387 10967 E innerRecognize: recognizeByFilter6
12-26 11:04:52.841 10387 10967 E recognize: 803ms   /storage/emulated/0/shifang/ai_dish/image/20231226/251eed43-584d-491a-b7b3-b37792f73d13.jpg  
12-26 11:04:52.937 10387 10387 E resultDishCount: 6 个菜品
12-26 11:04:53.772 10387 10984 E innerRecognize: recognizeByFilter6
12-26 11:04:53.772 10387 10984 E recognize: 845ms   /storage/emulated/0/shifang/ai_dish/image/20231226/e78ad3b7-04d5-4a62-9cd2-30fe26551eca.jpg  
12-26 11:04:53.890 10387 10387 E resultDishCount: 6 个菜品
12-26 11:04:54.748 10387 10993 E innerRecognize: recognizeByFilter6
12-26 11:04:54.748 10387 10993 E recognize: 851ms   /storage/emulated/0/shifang/ai_dish/image/20231226/7e23b5e9-b541-4a55-8e66-8cf5f44e6fcc.jpg  
12-26 11:04:54.893 10387 10387 E resultDishCount: 6 个菜品
12-26 11:04:55.665 10387 10976 E innerRecognize: recognizeByFilter6
12-26 11:04:55.665 10387 10976 E recognize: 778ms   /storage/emulated/0/shifang/ai_dish/image/20231226/8f539438-d40f-4def-9ec5-58e277735424.jpg  
12-26 11:04:55.757 10387 10387 E resultDishCount: 6 个菜品
12-26 11:04:56.558 10387 10860 E innerRecognize: recognizeByFilter6
12-26 11:04:56.558 10387 10860 E recognize: 804ms   /storage/emulated/0/shifang/ai_dish/image/20231226/803a92ee-add4-4e27-928c-d0edb45bc4e5.jpg  
12-26 11:04:56.671 10387 10387 E resultDishCount: 6 个菜品
12-26 11:04:57.546 10387 11003 E innerRecognize: recognizeByFilter6
12-26 11:04:57.546 10387 11003 E recognize: 875ms   /storage/emulated/0/shifang/ai_dish/image/20231226/123a1b32-5ae1-492f-a747-2e296f34edce.jpg  
12-26 11:04:57.622 10387 10387 E resultDishCount: 6 个菜品
12-26 11:04:58.379 10387 11012 E innerRecognize: recognizeByFilter6
12-26 11:04:58.379 10387 11012 E recognize: 757ms   /storage/emulated/0/shifang/ai_dish/image/20231226/c83a4476-edf0-4c74-8ab5-19ba62c3e037.jpg  
12-26 11:04:58.503 10387 10387 E resultDishCount: 6 个菜品
12-26 11:04:59.277 10387 10870 E innerRecognize: recognizeByFilter6
12-26 11:04:59.277 10387 10870 E recognize: 787ms   /storage/emulated/0/shifang/ai_dish/image/20231226/a62d7f62-1b54-46cb-8e91-1820cfadfa31.jpg  
12-26 11:04:59.399 10387 10387 E resultDishCount: 6 个菜品
12-26 11:05:00.214 10387 10881 E innerRecognize: recognizeByFilter6
12-26 11:05:00.214 10387 10881 E recognize: 821ms   /storage/emulated/0/shifang/ai_dish/image/20231226/77a9c274-4ad3-4f22-afab-e1c1899564f1.jpg  
12-26 11:05:00.351 10387 10387 E resultDishCount: 6 个菜品
12-26 11:05:01.163 10387 10891 E innerRecognize: recognizeByFilter6
12-26 11:05:01.163 10387 10891 E recognize: 825ms   /storage/emulated/0/shifang/ai_dish/image/20231226/326bf291-728c-4681-8d16-020f137872e0.jpg  
12-26 11:05:01.167 10387 10802 E registerBgr24: 1 
12-26 11:05:01.167 10387 10802 E FaceServer__: registerBgr24:  ErrorInfo.MOK
12-26 11:05:01.167 10387 10802 E SyncFacePresenter__addFaceLocal_register  fail: 吴彦祖  1
12-26 11:05:01.207 10387 10802 E registerBgr24: 2 
12-26 11:05:01.207 10387 10802 E FaceServer__: registerBgr24:  ErrorInfo.MOK
12-26 11:05:01.207 10387 10802 E SyncFacePresenter__addFaceLocal_register  fail: 郭富城  2
12-26 11:05:01.228 10387 10802 E registerBgr24: 3 
12-26 11:05:01.228 10387 10802 E FaceServer__: registerBgr24:  ErrorInfo.MOK
12-26 11:05:01.228 10387 10802 E SyncFacePresenter__addFaceLocal_register  fail: 谢霆锋  3
12-26 11:05:01.245 10387 10802 E registerBgr24: 4 
12-26 11:05:01.245 10387 10802 E FaceServer__: registerBgr24:  ErrorInfo.MOK
12-26 11:05:01.245 10387 10802 E SyncFacePresenter__addFaceLocal_register  fail: 摩卡  4
12-26 11:05:01.267 10387 10387 E resultDishCount: 6 个菜品
12-26 11:05:01.275 10387 10802 E registerBgr24: 5 
12-26 11:05:01.275 10387 10802 E FaceServer__: registerBgr24:  ErrorInfo.MOK
12-26 11:05:01.275 10387 10802 E SyncFacePresenter__addFaceLocal_register  fail: 李连杰  5
12-26 11:05:02.045 10387 10900 E innerRecognize: recognizeByFilter6
12-26 11:05:02.045 10387 10900 E recognize: 790ms   /storage/emulated/0/shifang/ai_dish/image/20231226/ef512d40-8ad5-478e-bdb8-dbafbfbcb585.jpg  
12-26 11:05:02.132 10387 10387 E resultDishCount: 6 个菜品
12-26 11:05:02.910 10387 10909 E innerRecognize: recognizeByFilter6
12-26 11:05:02.910 10387 10909 E recognize: 773ms   /storage/emulated/0/shifang/ai_dish/image/20231226/739d2296-df50-4e9a-9026-c1f10ad03f72.jpg  
12-26 11:05:03.028 10387 10387 E resultDishCount: 6 个菜品
12-26 11:05:03.836 10387 10919 E innerRecognize: recognizeByFilter6
12-26 11:05:03.836 10387 10919 E recognize: 801ms   /storage/emulated/0/shifang/ai_dish/image/20231226/57023eca-2aa3-4b4f-8f0a-172a6f7264b7.jpg  
12-26 11:05:03.960 10387 10387 E resultDishCount: 6 个菜品
12-26 11:05:04.761 10387 10929 E innerRecognize: recognizeByFilter6
12-26 11:05:04.761 10387 10929 E recognize: 804ms   /storage/emulated/0/shifang/ai_dish/image/20231226/daea92ff-9a4f-40f6-aeb0-a407c28fc0a5.jpg  
12-26 11:05:04.839 10387 10387 E resultDishCount: 6 个菜品
12-26 11:05:05.580 10387 10938 E innerRecognize: recognizeByFilter6
12-26 11:05:05.580 10387 10938 E recognize: 749ms   /storage/emulated/0/shifang/ai_dish/image/20231226/aa39ee5c-9429-4525-9f59-841964dd9532.jpg  
12-26 11:05:05.683 10387 10387 E resultDishCount: 6 个菜品
12-26 11:05:06.485 10387 10958 E innerRecognize: recognizeByFilter6
12-26 11:05:06.486 10387 10958 E recognize: 803ms   /storage/emulated/0/shifang/ai_dish/image/20231226/086c1e43-61db-4177-b80a-f6765bac4f56.jpg  
12-26 11:05:06.581 10387 10387 E resultDishCount: 6 个菜品
12-26 11:05:07.270 10387 10948 E innerRecognize: recognizeByFilter6
12-26 11:05:07.270 10387 10948 E recognize: 691ms   /storage/emulated/0/shifang/ai_dish/image/20231226/520487b6-12c9-49b9-b93b-ac53f2c96e53.jpg  
12-26 11:05:07.335 10387 10387 E resultDishCount: 6 个菜品
12-26 11:05:35.965 10387 10967 E innerRecognize: recognizeByFilter7
12-26 11:05:35.965 10387 10967 E recognize: 817ms   /storage/emulated/0/shifang/ai_dish/image/20231226/d2d0e729-7b54-4b5c-a32c-6a1edfd47f19.jpg  
12-26 11:05:36.049 10387 10387 E resultDishCount: 7 个菜品
12-26 11:06:01.299 10387 10802 E registerBgr24: 1 
12-26 11:06:01.299 10387 10802 E FaceServer__: registerBgr24:  ErrorInfo.MOK
12-26 11:06:01.299 10387 10802 E SyncFacePresenter__addFaceLocal_register  fail: 吴彦祖  1
12-26 11:06:01.330 10387 10802 E registerBgr24: 2 
12-26 11:06:01.330 10387 10802 E FaceServer__: registerBgr24:  ErrorInfo.MOK
12-26 11:06:01.330 10387 10802 E SyncFacePresenter__addFaceLocal_register  fail: 郭富城  2
12-26 11:06:01.343 10387 10802 E registerBgr24: 3 
12-26 11:06:01.343 10387 10802 E FaceServer__: registerBgr24:  ErrorInfo.MOK
12-26 11:06:01.343 10387 10802 E SyncFacePresenter__addFaceLocal_register  fail: 谢霆锋  3
12-26 11:06:01.367 10387 10802 E registerBgr24: 4 
12-26 11:06:01.367 10387 10802 E FaceServer__: registerBgr24:  ErrorInfo.MOK
12-26 11:06:01.367 10387 10802 E SyncFacePresenter__addFaceLocal_register  fail: 摩卡  4
12-26 11:06:01.394 10387 10802 E registerBgr24: 5 
12-26 11:06:01.394 10387 10802 E FaceServer__: registerBgr24:  ErrorInfo.MOK
12-26 11:06:01.394 10387 10802 E SyncFacePresenter__addFaceLocal_register  fail: 李连杰  5
12-26 11:06:08.991 10387 10387 E surfaceDestroyed: ------
12-26 11:06:08.992 10387 10387 E surfaceDestroyed: ------
12-26 11:06:08.993 10387 10834 E BufferQueueProducer: [SurfaceView[com.shifang.aidish.offline/com.shifang.aidish.mvp.ui.DetectCalcActivity]#4(BLAST Consumer)4](id:289300000004,api:0,p:-1,c:10387) disconnect: not connected (req=1)
12-26 11:06:09.000 10387 10836 E BufferQueueProducer: [SurfaceView[]#5(BLAST Consumer)5](id:289300000006,api:0,p:-1,c:10387) dequeueBuffer: BufferQueue has no connected producer
12-26 11:06:09.000 10387 10836 E mali_so : encounter the first mali_error : 0x0002 : failed to allocate CPU memory (gles_fb_first_operation_cb at hardware/arm/maliT760/driver/product/gles/src/fb/mali_gles_fb_module_api.c:987)
12-26 11:06:09.000 10387 10836 E BufferQueueProducer: [SurfaceView[]#5(BLAST Consumer)5](id:289300000006,api:0,p:-1,c:10387) dequeueBuffer: BufferQueue has no connected producer
12-26 11:06:09.007 10387 10836 E BufferQueueProducer: [SurfaceView[]#5(BLAST Consumer)5](id:289300000006,api:0,p:-1,c:10387) disconnect: not connected (req=1)
12-26 11:06:09.052 10387 10387 E TradeOrderPresenter__doSearchTradeOrder  srcUserName:  
12-26 11:06:09.052 10387 10387 E getTradeOrders:       2023-12-26 00:00:00 2023-12-26 11:09:59
12-26 11:06:09.054 10387 10387 E findTraderOrders: 0   7
12-26 11:06:09.055 10387 10387 E doSearchTradeOrder: 0  7  
12-26 11:06:09.081 10387 17824 E ywl5320 : fbo success
12-26 11:06:09.081 10387 17824 E mali_so : encounter the first gles_error : 0x0001; gles_state_error_info : <param> is not an accepted value (gles_texturep_tex_parameteri_input_param_validation at hardware/arm/maliT760/driver/product/gles/src/texture/mali_gles_texture_helpers.c:1095)
12-26 11:06:09.102 10387 10835 E Camera1 : setPreviewTexture failed
12-26 11:06:09.102 10387 10835 E Camera  : Error 2
