12-28 09:55:42.505  1428  1428 E Tinker.TinkerManager: NOT tinker ApplicationLike object
12-28 09:55:43.731  1428  1764 E Bundle  : putString->_track_generation:null
12-28 09:55:43.892  1428  1762 E Bundle  : putString->_track_generation:null
12-28 09:55:49.194  1428  1428 E Bundle  : putString->_prefix:textclassifier/
12-28 09:55:49.194  1428  1428 E Bundle  : putString->_track_generation:null
12-28 09:55:49.208  1428  1428 E checkLicense: checkLicense
12-28 09:55:49.745  1428  1428 E checkLicense sfAuthErrorCode:      true
12-28 09:55:49.747  1428  1428 E SysEventReceiver: 重启完成
12-28 09:55:49.759  1428  1428 E paymentProviderType: {"channelName":"测试","paymentProviderType":"ppt_SF_Test"}
12-28 09:55:50.506  1428  2398 E AI_SDK__loadModel: start-----------------------------------------------
12-28 09:55:51.527  1428  2398 E AI_SDK__loadModel: 1    /storage/emulated/0/shifang/ai_dish/model/dish_v5.1.1.rk.sfm
12-28 09:55:51.529  1428  2398 E AI_SDK__loadFeature: start_loadFeature
12-28 09:55:51.586  1428  2398 E AI_SDK__loadFeature: 58 ms
12-28 09:55:51.609  1428  2398 E linker  : library "/vendor/lib64/libvpu.so" ("/vendor/lib64/libvpu.so") needed or dlopened by "/data/app/~~unplKVUzyhXbRK0sL9zfeQ==/com.shifang.aidish.offline-eaU-3Pud8hukWBfFuj_Atw==/lib/arm64/libarcsoft_face.so" is not accessible for the namespace: [name="classloader-namespace", ld_library_paths="", default_library_paths="/data/app/~~unplKVUzyhXbRK0sL9zfeQ==/com.shifang.aidish.offline-eaU-3Pud8hukWBfFuj_Atw==/lib/arm64:/data/app/~~unplKVUzyhXbRK0sL9zfeQ==/com.shifang.aidish.offline-eaU-3Pud8hukWBfFuj_Atw==/base.apk!/lib/arm64-v8a", permitted_paths="/data:/mnt/expand:/data/user/0/com.shifang.aidish.offline"]
12-28 09:55:51.730  1428  2398 E activeFaceSdk: 98310 
12-28 09:55:51.731  1428  2398 E SdkInitService_initFaceSdk: false   
12-28 09:56:30.750  1428  1428 E Bundle  : putString->_track_generation:null
12-28 09:56:30.877  1428  2612 E SyncDataService_onStartCommand: false
12-28 09:56:30.880  1428  2612 E PaymentProvider__syncData: 3 
12-28 09:56:30.976  1428  2608 E getNewVersion: null
12-28 09:56:31.773  1428  1428 E Bundle  : putString->args_tag:null
12-28 09:56:31.773  1428  1428 E Bundle  : putString->args_tag:null
12-28 09:56:31.773  1428  1428 E Bundle  : putString->args_tag:null
12-28 09:56:31.774  1428  1428 E Bundle  : putString->args_tag:null
12-28 09:56:31.833  1428  1428 E language: ch
12-28 09:56:32.031  1428  1428 E TradeOrderPresenter__doSearchTradeOrder  srcUserName:  
12-28 09:56:32.031  1428  1428 E getTradeOrders:       2023-12-28 00:00:00 2023-12-28 09:59:59
12-28 09:56:32.033  1428  1428 E findTraderOrders: 0   1
12-28 09:56:32.033  1428  1428 E doSearchTradeOrder: 0  1  
12-28 09:56:32.037  1428  1428 E USBTransferUtil: 当前可用 usb 设备数量: 0
12-28 09:56:32.378  1428  1428 E TradeOrderPresenter__doSearchTradeOrder  srcUserName:  
12-28 09:56:32.378  1428  1428 E getTradeOrders:       2023-12-28 00:00:00 2023-12-28 09:59:59
12-28 09:56:32.380  1428  1428 E findTraderOrders: 0   1
12-28 09:56:32.381  1428  1428 E doSearchTradeOrder: 0  1  
12-28 09:56:32.383  1428  1428 E USBTransferUtil: 当前可用 usb 设备数量: 0
12-28 09:56:32.412  1428  2653 E ts_scan_state_fun: 1 
12-28 09:56:32.458  1428  2656 E ywl5320 : fbo success
12-28 09:56:32.458  1428  2656 E mali_so : encounter the first gles_error : 0x0001; gles_state_error_info : <param> is not an accepted value (gles_texturep_tex_parameteri_input_param_validation at hardware/arm/maliT760/driver/product/gles/src/texture/mali_gles_texture_helpers.c:1095)
12-28 09:57:05.785  1428  1428 E surfaceDestroyed: ------
12-28 09:57:05.786  1428  1428 E surfaceDestroyed: ------
12-28 09:57:05.794  1428  2659 E BufferQueueProducer: [SurfaceView[]#7(BLAST Consumer)7](id:59400000008,api:0,p:-1,c:1428) dequeueBuffer: BufferQueue has no connected producer
12-28 09:57:05.794  1428  2659 E mali_so : encounter the first mali_error : 0x0002 : failed to allocate CPU memory (gles_fb_first_operation_cb at hardware/arm/maliT760/driver/product/gles/src/fb/mali_gles_fb_module_api.c:987)
12-28 09:57:05.794  1428  2659 E BufferQueueProducer: [SurfaceView[]#7(BLAST Consumer)7](id:59400000008,api:0,p:-1,c:1428) dequeueBuffer: BufferQueue has no connected producer
12-28 09:57:05.795  1428  2659 E BufferQueueProducer: [SurfaceView[]#7(BLAST Consumer)7](id:59400000008,api:0,p:-1,c:1428) disconnect: not connected (req=1)
12-28 09:57:05.796  1428  2656 E BufferQueueProducer: [SurfaceView[com.shifang.aidish.offline/com.shifang.aidish.mvp.ui.DetectCalcActivity]#5(BLAST Consumer)5](id:59400000005,api:0,p:-1,c:1428) dequeueBuffer: BufferQueue has been abandoned
12-28 09:57:05.796  1428  2656 E mali_so : encounter the first mali_error : 0x0002 : failed to allocate CPU memory (gles_fb_first_operation_cb at hardware/arm/maliT760/driver/product/gles/src/fb/mali_gles_fb_module_api.c:987)
12-28 09:57:05.796  1428  2656 E BufferQueueProducer: [SurfaceView[com.shifang.aidish.offline/com.shifang.aidish.mvp.ui.DetectCalcActivity]#5(BLAST Consumer)5](id:59400000005,api:0,p:-1,c:1428) dequeueBuffer: BufferQueue has been abandoned
12-28 09:57:25.693  1428  1428 E checkLicense: checkLicense
12-28 09:57:26.228  1428  1428 E checkLicense sfAuthErrorCode:      true
12-28 09:57:26.252  1428  1428 E paymentProviderType: {"channelName":"测试","paymentProviderType":"ppt_SF_Test"}
12-28 09:57:27.346  1428  2894 E getNewVersion: null
12-28 09:57:34.684  1428  1428 E Bundle  : putString->args_tag:null
12-28 09:57:34.684  1428  1428 E Bundle  : putString->args_tag:null
12-28 09:57:34.684  1428  1428 E Bundle  : putString->args_tag:null
12-28 09:57:34.684  1428  1428 E Bundle  : putString->args_tag:null
12-28 09:57:34.704  1428  1428 E language: ch
12-28 09:57:34.786  1428  1428 E TradeOrderPresenter__doSearchTradeOrder  srcUserName:  
12-28 09:57:34.786  1428  1428 E getTradeOrders:       2023-12-28 00:00:00 2023-12-28 10:00:59
12-28 09:57:34.788  1428  1428 E findTraderOrders: 0   1
12-28 09:57:34.788  1428  1428 E doSearchTradeOrder: 0  1  
12-28 09:57:34.790  1428  1428 E USBTransferUtil: 当前可用 usb 设备数量: 0
12-28 09:57:34.818  1428  2909 E ts_scan_state_fun: 1 
12-28 09:57:34.818  1428  2911 E ts_scan_state_fun: 1 
12-28 09:57:34.933  1428  2918 E ywl5320 : fbo success
12-28 09:57:34.933  1428  2918 E mali_so : encounter the first gles_error : 0x0001; gles_state_error_info : <param> is not an accepted value (gles_texturep_tex_parameteri_input_param_validation at hardware/arm/maliT760/driver/product/gles/src/texture/mali_gles_texture_helpers.c:1095)
12-28 10:01:18.878  1428  1428 E surfaceDestroyed: ------
12-28 10:01:18.879  1428  1428 E surfaceDestroyed: ------
12-28 10:01:18.879  1428  2918 E BufferQueueProducer: [SurfaceView[com.shifang.aidish.offline/com.shifang.aidish.mvp.ui.DetectCalcActivity]#14(BLAST Consumer)14](id:5940000000f,api:0,p:-1,c:1428) requestBuffer: BufferQueue has no connected producer
12-28 10:01:18.879  1428  2918 E Surface : dequeueBuffer: IGraphicBufferProducer::requestBuffer failed: -19
12-28 10:01:18.879  1428  2918 E BufferQueueProducer: [SurfaceView[com.shifang.aidish.offline/com.shifang.aidish.mvp.ui.DetectCalcActivity]#14(BLAST Consumer)14](id:5940000000f,api:0,p:-1,c:1428) cancelBuffer: BufferQueue has no connected producer
12-28 10:01:18.879  1428  2918 E mali_so : encounter the first mali_error : 0x0002 : failed to allocate CPU memory (gles_fb_first_operation_cb at hardware/arm/maliT760/driver/product/gles/src/fb/mali_gles_fb_module_api.c:987)
12-28 10:01:18.880  1428  2918 E BufferQueueProducer: [SurfaceView[com.shifang.aidish.offline/com.shifang.aidish.mvp.ui.DetectCalcActivity]#14(BLAST Consumer)14](id:5940000000f,api:0,p:-1,c:1428) dequeueBuffer: BufferQueue has no connected producer
12-28 10:01:18.881  1428  2918 E BufferQueueProducer: [SurfaceView[com.shifang.aidish.offline/com.shifang.aidish.mvp.ui.DetectCalcActivity]#14(BLAST Consumer)14](id:5940000000f,api:0,p:-1,c:1428) disconnect: not connected (req=1)
12-28 10:01:18.882  1428  2920 E BufferQueueProducer: [SurfaceView[]#15(BLAST Consumer)15](id:59400000011,api:0,p:-1,c:1428) dequeueBuffer: BufferQueue has no connected producer
12-28 10:01:18.882  1428  2920 E mali_so : encounter the first mali_error : 0x0002 : failed to allocate CPU memory (gles_fb_first_operation_cb at hardware/arm/maliT760/driver/product/gles/src/fb/mali_gles_fb_module_api.c:987)
12-28 10:01:18.885  1428  2920 E BufferQueueProducer: [SurfaceView[]#15(BLAST Consumer)15](id:59400000011,api:0,p:-1,c:1428) dequeueBuffer: BufferQueue has no connected producer
12-28 10:01:18.886  1428  2920 E BufferQueueProducer: [SurfaceView[]#15(BLAST Consumer)15](id:59400000011,api:0,p:-1,c:1428) disconnect: not connected (req=1)
12-28 10:01:18.938  1428  1428 E TradeOrderPresenter__doSearchTradeOrder  srcUserName:  
12-28 10:01:18.938  1428  1428 E getTradeOrders:       2023-12-28 00:00:00 2023-12-28 10:04:59
12-28 10:01:18.941  1428  1428 E findTraderOrders: 0   1
12-28 10:01:18.942  1428  1428 E doSearchTradeOrder: 0  1  
12-28 10:01:21.623  1428  1428 E TradeOrderPresenter__doSearchTradeOrder  srcUserName:  
12-28 10:01:21.623  1428  1428 E getTradeOrders:       2023-12-28 00:00:00 2023-12-28 10:04:59
12-28 10:01:21.629  1428  1428 E findTraderOrders: 0   1
12-28 10:01:21.631  1428  1428 E doSearchTradeOrder: 0  1  
12-28 10:01:23.203  1428  1428 E TradeOrderPresenter__doSearchTradeOrder  srcUserName:  
12-28 10:01:23.203  1428  1428 E getTradeOrders:       2023-12-28 00:00:00 2023-12-28 10:04:59
12-28 10:01:23.206  1428  1428 E findTraderOrders: 0   1
12-28 10:01:23.207  1428  1428 E doSearchTradeOrder: 0  1  
12-28 10:01:23.209  1428  1428 E USBTransferUtil: 当前可用 usb 设备数量: 0
12-28 10:01:23.265  1428  3241 E ywl5320 : fbo success
12-28 10:01:23.265  1428  3241 E mali_so : encounter the first gles_error : 0x0001; gles_state_error_info : <param> is not an accepted value (gles_texturep_tex_parameteri_input_param_validation at hardware/arm/maliT760/driver/product/gles/src/texture/mali_gles_texture_helpers.c:1095)
12-28 10:01:26.070  1428  1428 E USBTransferUtil: 当前可用 usb 设备数量: 0
12-28 10:01:26.784  1428  3261 E AI_SDK__innerRecognize: recognizeByFilter2
12-28 10:01:26.784  1428  3261 E recognize: 680ms   /storage/emulated/0/shifang/ai_dish/image/20231228/1a1388ab-caeb-4750-95be-b35e52a9abb5.jpg  
12-28 10:01:26.850  1428  1428 E resultDishCount: 2 个菜品
12-28 10:01:28.715  1428  1428 E resultDishCount: 2 个菜品
12-28 10:01:31.039  1428  1428 E doFeedbackDishes: {"products":[],"requestId":"80005666488e4cc083f9be747775c03b"}
12-28 10:01:31.044  1428  1428 E updateSchedule: {"date":"2023-12-28","lunch":""}
12-28 10:01:31.089  1428  3277 E currentDishSchedule_create: {"date":"2023-12-28","lunch":""}
12-28 10:01:35.948  1428  2905 E scanResult: NFC3173237904    
12-28 10:01:35.950  1428  3298 E setReaderCode: NFC3173237904  true    true   PAY_WAIT
12-28 10:01:35.950  1428  3298 E readIdResult: 3173237904   kCard
12-28 10:01:35.968  1428  3298 E PaymentProvider___innerPay_paymentResult: {"amount":2.0,"balance":7558.0,"fee":2.0,"params":{"beforeDiscountAmount":2.0,"discount":100.0,"orderId":"1703728895951","orders":[{"code":"-1","name":"定价商品","price":2.0,"trayOrderItemType":"INPUT"}],"ordertype":"ot_Consume","payId":"3173237904","paytype":"kCard","totalAmount":2.0},"payId":"3173237904","payStatus":"PAY_SUCCESS","payType":"kCard","paymentProviderType":"ppt_SF_Test","tradeNo":"1703728895966","userId":"testUser"}
12-28 10:01:35.969  1428  3298 E PaymentProvider__updateUserInfo: {"amount":2.0,"balance":7558.0,"fee":2.0,"params":{"beforeDiscountAmount":2.0,"discount":100.0,"orderId":"1703728895951","orders":[{"code":"-1","name":"定价商品","price":2.0,"trayOrderItemType":"INPUT"}],"ordertype":"ot_Consume","payId":"3173237904","paytype":"kCard","totalAmount":2.0},"payId":"3173237904","payStatus":"PAY_SUCCESS","payType":"kCard","paymentProviderType":"ppt_SF_Test","tradeNo":"1703728895966","userId":"testUser"}
12-28 10:01:35.978  1428  3298 E scanResult: NFC3173237904  完成
12-28 10:01:36.037  1428  1428 E TradeOrderPresenter__createTradeOrder: 1703728895966 
12-28 10:01:36.037  1428  1428 E TradeOrderPresenter__doSearchTradeOrder  srcUserName:  
12-28 10:01:36.037  1428  1428 E getTradeOrders:       2023-12-28 00:00:00 2023-12-28 10:04:59
12-28 10:01:36.039  1428  1428 E findTraderOrders: 1   2
12-28 10:01:36.040  1428  1428 E doSearchTradeOrder: 1  2  
12-28 10:01:44.753  1428  1428 E surfaceDestroyed: ------
12-28 10:01:44.754  1428  1428 E surfaceDestroyed: ------
12-28 10:01:44.756  1428  3241 E BufferQueueProducer: [SurfaceView[com.shifang.aidish.offline/com.shifang.aidish.mvp.ui.DetectCalcActivity]#19(BLAST Consumer)19](id:59400000015,api:0,p:-1,c:1428) dequeueBuffer: BufferQueue has no connected producer
12-28 10:01:44.756  1428  3241 E mali_so : encounter the first mali_error : 0x0002 : failed to allocate CPU memory (gles_fb_first_operation_cb at hardware/arm/maliT760/driver/product/gles/src/fb/mali_gles_fb_module_api.c:987)
12-28 10:01:44.758  1428  3241 E BufferQueueProducer: [SurfaceView[com.shifang.aidish.offline/com.shifang.aidish.mvp.ui.DetectCalcActivity]#19(BLAST Consumer)19](id:59400000015,api:0,p:-1,c:1428) dequeueBuffer: BufferQueue has no connected producer
12-28 10:01:44.759  1428  3241 E BufferQueueProducer: [SurfaceView[com.shifang.aidish.offline/com.shifang.aidish.mvp.ui.DetectCalcActivity]#19(BLAST Consumer)19](id:59400000015,api:0,p:-1,c:1428) disconnect: not connected (req=1)
12-28 10:01:44.769  1428  3245 E BufferQueueProducer: [SurfaceView[]#21(BLAST Consumer)21](id:59400000018,api:0,p:-1,c:1428) dequeueBuffer: BufferQueue has no connected producer
12-28 10:01:44.769  1428  3245 E mali_so : encounter the first mali_error : 0x0002 : failed to allocate CPU memory (gles_fb_first_operation_cb at hardware/arm/maliT760/driver/product/gles/src/fb/mali_gles_fb_module_api.c:987)
12-28 10:01:44.769  1428  3245 E BufferQueueProducer: [SurfaceView[]#21(BLAST Consumer)21](id:59400000018,api:0,p:-1,c:1428) dequeueBuffer: BufferQueue has no connected producer
12-28 10:01:44.770  1428  3245 E BufferQueueProducer: [SurfaceView[]#21(BLAST Consumer)21](id:59400000018,api:0,p:-1,c:1428) disconnect: not connected (req=1)
12-28 10:01:44.797  1428  1428 E TradeOrderPresenter__doSearchTradeOrder  srcUserName:  
12-28 10:01:44.797  1428  1428 E getTradeOrders:       2023-12-28 00:00:00 2023-12-28 10:04:59
12-28 10:01:44.800  1428  1428 E findTraderOrders: 1   2
12-28 10:01:44.801  1428  1428 E doSearchTradeOrder: 1  2  
12-28 10:01:44.997  1428  1428 E USBTransferUtil: 当前可用 usb 设备数量: 0
12-28 10:01:46.372  1428  1428 E getRefundTradeOrder: []     2.0
12-28 10:01:46.375  1428  1428 E refund_amount  canRefundAmount: 2.0 
12-28 10:02:18.239  1428  1428 E TradeOrderPresenter__doSearchTradeOrder  srcUserName:  
12-28 10:02:18.239  1428  1428 E getTradeOrders:       2023-12-28 00:00:00 2023-12-28 10:05:59
12-28 10:02:18.242  1428  1428 E findTraderOrders: 1   2
12-28 10:02:18.243  1428  1428 E doSearchTradeOrder: 1  2  
12-28 10:02:18.246  1428  1428 E USBTransferUtil: 当前可用 usb 设备数量: 0
12-28 10:02:18.299  1428  3360 E ywl5320 : fbo success
12-28 10:02:18.299  1428  3360 E mali_so : encounter the first gles_error : 0x0001; gles_state_error_info : <param> is not an accepted value (gles_texturep_tex_parameteri_input_param_validation at hardware/arm/maliT760/driver/product/gles/src/texture/mali_gles_texture_helpers.c:1095)
12-28 10:02:23.792  1428  1428 E surfaceDestroyed: ------
12-28 10:02:23.793  1428  1428 E surfaceDestroyed: ------
12-28 10:02:23.801  1428  3364 E BufferQueueProducer: [SurfaceView[]#28(BLAST Consumer)28](id:59400000021,api:0,p:-1,c:1428) dequeueBuffer: BufferQueue has no connected producer
12-28 10:02:23.801  1428  3364 E mali_so : encounter the first mali_error : 0x0002 : failed to allocate CPU memory (gles_fb_first_operation_cb at hardware/arm/maliT760/driver/product/gles/src/fb/mali_gles_fb_module_api.c:987)
12-28 10:02:23.801  1428  3364 E BufferQueueProducer: [SurfaceView[]#28(BLAST Consumer)28](id:59400000021,api:0,p:-1,c:1428) dequeueBuffer: BufferQueue has no connected producer
12-28 10:02:23.801  1428  3364 E BufferQueueProducer: [SurfaceView[]#28(BLAST Consumer)28](id:59400000021,api:0,p:-1,c:1428) disconnect: not connected (req=1)
12-28 10:02:23.803  1428  3360 E BufferQueueProducer: [SurfaceView[com.shifang.aidish.offline/com.shifang.aidish.mvp.ui.DetectCalcActivity]#26(BLAST Consumer)26](id:5940000001e,api:0,p:-1,c:1428) dequeueBuffer: BufferQueue has no connected producer
12-28 10:02:23.803  1428  3360 E mali_so : encounter the first mali_error : 0x0002 : failed to allocate CPU memory (gles_fb_first_operation_cb at hardware/arm/maliT760/driver/product/gles/src/fb/mali_gles_fb_module_api.c:987)
12-28 10:02:23.804  1428  3360 E BufferQueueProducer: [SurfaceView[com.shifang.aidish.offline/com.shifang.aidish.mvp.ui.DetectCalcActivity]#26(BLAST Consumer)26](id:5940000001e,api:0,p:-1,c:1428) dequeueBuffer: BufferQueue has no connected producer
12-28 10:02:23.806  1428  3360 E BufferQueueProducer: [SurfaceView[com.shifang.aidish.offline/com.shifang.aidish.mvp.ui.DetectCalcActivity]#26(BLAST Consumer)26](id:5940000001e,api:0,p:-1,c:1428) disconnect: not connected (req=1)
12-28 10:02:23.843  1428  1428 E .aidish.offlin: Invalid ID 0x00000a03.
12-28 10:04:59.806  1428  3557 E SyncDataService_onStartCommand: false
12-28 10:04:59.808  1428  3557 E PaymentProvider__syncData: 3 
12-28 10:04:59.811  1428  3556 E ywl5320 : fbo success
12-28 10:04:59.811  1428  3556 E mali_so : encounter the first gles_error : 0x0001; gles_state_error_info : <param> is not an accepted value (gles_texturep_tex_parameteri_input_param_validation at hardware/arm/maliT760/driver/product/gles/src/texture/mali_gles_texture_helpers.c:1095)
12-28 10:04:59.812  1428  3556 E onReaderCreate: 1476  830  0
12-28 10:05:00.127  1428  1428 E ----------------ACTION_MOVE: 161   475
12-28 10:05:00.145  1428  1428 E ----------------ACTION_MOVE: 161   475
12-28 10:05:00.156  1428  1428 E ----------------ACTION_MOVE: 161   475
12-28 10:05:00.190  1428  1428 E surfaceDestroyed: ------
12-28 10:05:00.206  1428  3556 E BufferQueueProducer: [SurfaceView[com.shifang.aidish.offline/com.shifang.aidish.mvp.ui.SettingActivity]#32(BLAST Consumer)32](id:59400000025,api:0,p:-1,c:1428) dequeueBuffer: BufferQueue has no connected producer
12-28 10:05:00.207  1428  3556 E BufferQueueProducer: [SurfaceView[com.shifang.aidish.offline/com.shifang.aidish.mvp.ui.SettingActivity]#32(BLAST Consumer)32](id:59400000025,api:0,p:-1,c:1428) dequeueBuffer: BufferQueue has no connected producer
12-28 10:05:00.207  1428  3556 E BufferQueueProducer: [SurfaceView[com.shifang.aidish.offline/com.shifang.aidish.mvp.ui.SettingActivity]#32(BLAST Consumer)32](id:59400000025,api:0,p:-1,c:1428) disconnect: not connected (req=1)
12-28 10:06:31.945  1428  1428 E saveRotateAngle: 0 
12-28 10:06:31.945  1428  3677 E SyncDataService_onStartCommand: false
12-28 10:06:31.946  1428  1428 E surfaceDestroyed: ------
12-28 10:06:31.946  1428  3677 E PaymentProvider__syncData: 3 
12-28 10:06:31.948  1428  3676 E ywl5320 : fbo success
12-28 10:06:31.948  1428  3676 E mali_so : encounter the first gles_error : 0x0001; gles_state_error_info : <param> is not an accepted value (gles_texturep_tex_parameteri_input_param_validation at hardware/arm/maliT760/driver/product/gles/src/texture/mali_gles_texture_helpers.c:1095)
12-28 10:06:31.949  1428  3676 E onReaderCreate: 1159  651  0
12-28 10:06:31.949  1428  3676 E BufferQueueProducer: [SurfaceView[com.shifang.aidish.offline/com.shifang.aidish.mvp.ui.SettingActivity]#34(BLAST Consumer)34](id:59400000028,api:0,p:-1,c:1428) dequeueBuffer: BufferQueue has been abandoned
12-28 10:06:31.950  1428  3676 E BufferQueueProducer: [SurfaceView[com.shifang.aidish.offline/com.shifang.aidish.mvp.ui.SettingActivity]#34(BLAST Consumer)34](id:59400000028,api:0,p:-1,c:1428) dequeueBuffer: BufferQueue has been abandoned
12-28 10:06:31.968  1428  3681 E ywl5320 : fbo success
12-28 10:06:31.969  1428  3681 E mali_so : encounter the first gles_error : 0x0001; gles_state_error_info : <param> is not an accepted value (gles_texturep_tex_parameteri_input_param_validation at hardware/arm/maliT760/driver/product/gles/src/texture/mali_gles_texture_helpers.c:1095)
12-28 10:06:31.969  1428  3681 E onReaderCreate: 1159  651  0
12-28 10:06:32.550  1428  3680 E Camera  : Error 2
12-28 10:06:35.099  1428  1428 E ----------------ACTION_MOVE: 3   58
12-28 10:06:35.117  1428  1428 E ----------------ACTION_MOVE: 3   58
12-28 10:06:35.135  1428  1428 E ----------------ACTION_MOVE: 3   58
12-28 10:06:35.153  1428  1428 E ----------------ACTION_MOVE: 4   58
12-28 10:06:35.171  1428  1428 E ----------------ACTION_MOVE: 7   58
12-28 10:06:35.189  1428  1428 E ----------------ACTION_MOVE: 12   60
12-28 10:06:35.207  1428  1428 E ----------------ACTION_MOVE: 17   62
12-28 10:06:35.225  1428  1428 E ----------------ACTION_MOVE: 24   65
12-28 10:06:35.243  1428  1428 E ----------------ACTION_MOVE: 32   68
12-28 10:06:35.261  1428  1428 E ----------------ACTION_MOVE: 43   74
12-28 10:06:35.278  1428  1428 E ----------------ACTION_MOVE: 57   81
12-28 10:06:35.296  1428  1428 E ----------------ACTION_MOVE: 68   87
12-28 10:06:35.315  1428  1428 E ----------------ACTION_MOVE: 85   98
12-28 10:06:35.332  1428  1428 E ----------------ACTION_MOVE: 98   106
12-28 10:06:35.351  1428  1428 E ----------------ACTION_MOVE: 115   117
12-28 10:06:35.368  1428  1428 E ----------------ACTION_MOVE: 126   124
12-28 10:06:35.386  1428  1428 E ----------------ACTION_MOVE: 134   130
12-28 10:06:35.404  1428  1428 E ----------------ACTION_MOVE: 141   134
12-28 10:06:35.422  1428  1428 E ----------------ACTION_MOVE: 145   137
12-28 10:06:35.440  1428  1428 E ----------------ACTION_MOVE: 151   141
12-28 10:06:35.458  1428  1428 E ----------------ACTION_MOVE: 156   144
12-28 10:06:35.476  1428  1428 E ----------------ACTION_MOVE: 164   148
12-28 10:06:35.494  1428  1428 E ----------------ACTION_MOVE: 173   153
12-28 10:06:35.512  1428  1428 E ----------------ACTION_MOVE: 185   159
12-28 10:06:35.530  1428  1428 E ----------------ACTION_MOVE: 201   168
12-28 10:06:35.548  1428  1428 E ----------------ACTION_MOVE: 210   173
12-28 10:06:35.566  1428  1428 E ----------------ACTION_MOVE: 225   182
12-28 10:06:35.585  1428  1428 E ----------------ACTION_MOVE: 233   189
12-28 10:06:35.602  1428  1428 E ----------------ACTION_MOVE: 244   196
12-28 10:06:35.620  1428  1428 E ----------------ACTION_MOVE: 252   204
12-28 10:06:35.638  1428  1428 E ----------------ACTION_MOVE: 258   208
12-28 10:06:35.655  1428  1428 E ----------------ACTION_MOVE: 262   213
12-28 10:06:35.673  1428  1428 E ----------------ACTION_MOVE: 264   214
12-28 10:06:35.692  1428  1428 E ----------------ACTION_MOVE: 267   216
12-28 10:06:35.710  1428  1428 E ----------------ACTION_MOVE: 270   219
12-28 10:06:35.727  1428  1428 E ----------------ACTION_MOVE: 278   225
12-28 10:06:35.736  1428  1428 E ----------------ACTION_MOVE: 280   227
12-28 10:06:39.259  1428  1428 E ----------------ACTION_MOVE: 307   258
12-28 10:06:39.276  1428  1428 E ----------------ACTION_MOVE: 307   258
12-28 10:06:39.295  1428  1428 E ----------------ACTION_MOVE: 307   258
12-28 10:06:39.311  1428  1428 E ----------------ACTION_MOVE: 306   256
12-28 10:06:39.328  1428  1428 E ----------------ACTION_MOVE: 305   253
12-28 10:06:39.345  1428  1428 E ----------------ACTION_MOVE: 303   246
12-28 10:06:39.364  1428  1428 E ----------------ACTION_MOVE: 300   239
12-28 10:06:39.390  1428  1428 E ----------------ACTION_MOVE: 296   232
12-28 10:06:39.408  1428  1428 E ----------------ACTION_MOVE: 294   228
12-28 10:06:39.426  1428  1428 E ----------------ACTION_MOVE: 293   226
12-28 10:06:39.444  1428  1428 E ----------------ACTION_MOVE: 291   223
12-28 10:06:39.462  1428  1428 E ----------------ACTION_MOVE: 288   220
12-28 10:06:39.480  1428  1428 E ----------------ACTION_MOVE: 283   215
12-28 10:06:39.498  1428  1428 E ----------------ACTION_MOVE: 277   207
12-28 10:06:39.516  1428  1428 E ----------------ACTION_MOVE: 267   197
12-28 10:06:39.535  1428  1428 E ----------------ACTION_MOVE: 253   186
12-28 10:06:39.551  1428  1428 E ----------------ACTION_MOVE: 243   179
12-28 10:06:39.570  1428  1428 E ----------------ACTION_MOVE: 227   168
12-28 10:06:39.587  1428  1428 E ----------------ACTION_MOVE: 217   160
12-28 10:06:39.605  1428  1428 E ----------------ACTION_MOVE: 202   151
12-28 10:06:39.623  1428  1428 E ----------------ACTION_MOVE: 193   145
12-28 10:06:39.641  1428  1428 E ----------------ACTION_MOVE: 184   140
12-28 10:06:39.659  1428  1428 E ----------------ACTION_MOVE: 176   138
12-28 10:06:39.677  1428  1428 E ----------------ACTION_MOVE: 172   137
12-28 10:06:39.695  1428  1428 E ----------------ACTION_MOVE: 167   136
12-28 10:06:39.713  1428  1428 E ----------------ACTION_MOVE: 164   136
12-28 10:06:39.731  1428  1428 E ----------------ACTION_MOVE: 162   135
12-28 10:06:39.749  1428  1428 E ----------------ACTION_MOVE: 160   135
12-28 10:06:39.767  1428  1428 E ----------------ACTION_MOVE: 157   133
12-28 10:06:39.785  1428  1428 E ----------------ACTION_MOVE: 153   131
12-28 10:06:39.803  1428  1428 E ----------------ACTION_MOVE: 150   128
12-28 10:06:39.821  1428  1428 E ----------------ACTION_MOVE: 146   124
12-28 10:06:39.839  1428  1428 E ----------------ACTION_MOVE: 143   120
12-28 10:06:39.857  1428  1428 E ----------------ACTION_MOVE: 139   114
12-28 10:06:39.875  1428  1428 E ----------------ACTION_MOVE: 135   109
12-28 10:06:39.892  1428  1428 E ----------------ACTION_MOVE: 132   104
12-28 10:06:39.910  1428  1428 E ----------------ACTION_MOVE: 126   98
12-28 10:06:39.928  1428  1428 E ----------------ACTION_MOVE: 120   96
12-28 10:06:39.946  1428  1428 E ----------------ACTION_MOVE: 109   92
12-28 10:06:39.964  1428  1428 E ----------------ACTION_MOVE: 101   90
12-28 10:06:39.982  1428  1428 E ----------------ACTION_MOVE: 92   87
12-28 10:06:40.000  1428  1428 E ----------------ACTION_MOVE: 84   84
12-28 10:06:40.018  1428  1428 E ----------------ACTION_MOVE: 77   82
12-28 10:06:40.036  1428  1428 E ----------------ACTION_MOVE: 67   78
12-28 10:06:40.054  1428  1428 E ----------------ACTION_MOVE: 60   76
12-28 10:06:40.065  1428  1428 E ----------------ACTION_MOVE: 55   74
12-28 10:06:40.377  1428  1428 E ----------------ACTION_MOVE: 46   51
12-28 10:06:40.395  1428  1428 E ----------------ACTION_MOVE: 46   51
12-28 10:06:40.413  1428  1428 E ----------------ACTION_MOVE: 46   51
12-28 10:06:40.431  1428  1428 E ----------------ACTION_MOVE: 48   52
12-28 10:06:40.449  1428  1428 E ----------------ACTION_MOVE: 50   53
12-28 10:06:40.467  1428  1428 E ----------------ACTION_MOVE: 55   55
12-28 10:06:40.485  1428  1428 E ----------------ACTION_MOVE: 59   57
12-28 10:06:40.506  1428  1428 E ----------------ACTION_MOVE: 66   61
12-28 10:06:40.521  1428  1428 E ----------------ACTION_MOVE: 70   64
12-28 10:06:40.539  1428  1428 E ----------------ACTION_MOVE: 77   69
12-28 10:06:40.557  1428  1428 E ----------------ACTION_MOVE: 86   75
12-28 10:06:40.575  1428  1428 E ----------------ACTION_MOVE: 94   80
12-28 10:06:40.593  1428  1428 E ----------------ACTION_MOVE: 106   87
12-28 10:06:40.611  1428  1428 E ----------------ACTION_MOVE: 113   93
12-28 10:06:40.629  1428  1428 E ----------------ACTION_MOVE: 124   101
12-28 10:06:40.647  1428  1428 E ----------------ACTION_MOVE: 132   106
12-28 10:06:40.665  1428  1428 E ----------------ACTION_MOVE: 140   112
12-28 10:06:40.682  1428  1428 E ----------------ACTION_MOVE: 149   117
12-28 10:06:40.700  1428  1428 E ----------------ACTION_MOVE: 155   119
12-28 10:06:40.718  1428  1428 E ----------------ACTION_MOVE: 160   121
12-28 10:06:40.736  1428  1428 E ----------------ACTION_MOVE: 163   122
12-28 10:06:40.754  1428  1428 E ----------------ACTION_MOVE: 165   123
12-28 10:06:40.772  1428  1428 E ----------------ACTION_MOVE: 166   124
12-28 10:06:40.791  1428  1428 E ----------------ACTION_MOVE: 166   124
12-28 10:06:40.808  1428  1428 E ----------------ACTION_MOVE: 166   124
12-28 10:06:40.826  1428  1428 E ----------------ACTION_MOVE: 166   124
12-28 10:06:40.844  1428  1428 E ----------------ACTION_MOVE: 166   124
12-28 10:06:40.862  1428  1428 E ----------------ACTION_MOVE: 166   124
12-28 10:06:40.868  1428  1428 E ----------------ACTION_MOVE: 166   124
12-28 10:06:41.131  1428  1428 E ----------------ACTION_MOVE: 85   122
12-28 10:06:41.149  1428  1428 E ----------------ACTION_MOVE: 85   122
12-28 10:06:41.167  1428  1428 E ----------------ACTION_MOVE: 86   122
12-28 10:06:41.185  1428  1428 E ----------------ACTION_MOVE: 90   123
12-28 10:06:41.203  1428  1428 E ----------------ACTION_MOVE: 97   124
12-28 10:06:41.221  1428  1428 E ----------------ACTION_MOVE: 113   130
12-28 10:06:41.239  1428  1428 E ----------------ACTION_MOVE: 129   138
12-28 10:06:41.257  1428  1428 E ----------------ACTION_MOVE: 152   150
12-28 10:06:41.275  1428  1428 E ----------------ACTION_MOVE: 172   162
12-28 10:06:41.293  1428  1428 E ----------------ACTION_MOVE: 190   173
12-28 10:06:41.311  1428  1428 E ----------------ACTION_MOVE: 208   185
12-28 10:06:41.329  1428  1428 E ----------------ACTION_MOVE: 218   191
12-28 10:06:41.347  1428  1428 E ----------------ACTION_MOVE: 235   202
12-28 10:06:41.365  1428  1428 E ----------------ACTION_MOVE: 246   208
12-28 10:06:41.383  1428  1428 E ----------------ACTION_MOVE: 257   213
12-28 10:06:41.401  1428  1428 E ----------------ACTION_MOVE: 266   218
12-28 10:06:41.419  1428  1428 E ----------------ACTION_MOVE: 273   220
12-28 10:06:41.437  1428  1428 E ----------------ACTION_MOVE: 283   224
12-28 10:06:41.454  1428  1428 E ----------------ACTION_MOVE: 290   227
12-28 10:06:41.472  1428  1428 E ----------------ACTION_MOVE: 301   236
12-28 10:06:41.490  1428  1428 E ----------------ACTION_MOVE: 309   244
12-28 10:06:41.508  1428  1428 E ----------------ACTION_MOVE: 318   254
12-28 10:06:41.526  1428  1428 E ----------------ACTION_MOVE: 327   263
12-28 10:06:41.544  1428  1428 E ----------------ACTION_MOVE: 333   269
12-28 10:06:41.562  1428  1428 E ----------------ACTION_MOVE: 339   273
12-28 10:06:41.580  1428  1428 E ----------------ACTION_MOVE: 342   275
12-28 10:06:41.598  1428  1428 E ----------------ACTION_MOVE: 345   275
12-28 10:06:41.616  1428  1428 E ----------------ACTION_MOVE: 347   273
12-28 10:06:41.634  1428  1428 E ----------------ACTION_MOVE: 349   273
12-28 10:06:41.652  1428  1428 E ----------------ACTION_MOVE: 350   272
12-28 10:06:41.670  1428  1428 E ----------------ACTION_MOVE: 351   272
12-28 10:06:41.688  1428  1428 E ----------------ACTION_MOVE: 353   272
12-28 10:06:41.706  1428  1428 E ----------------ACTION_MOVE: 354   272
12-28 10:06:41.724  1428  1428 E ----------------ACTION_MOVE: 356   272
12-28 10:06:41.742  1428  1428 E ----------------ACTION_MOVE: 357   273
12-28 10:06:41.760  1428  1428 E ----------------ACTION_MOVE: 359   274
12-28 10:06:41.778  1428  1428 E ----------------ACTION_MOVE: 360   274
12-28 10:06:41.796  1428  1428 E ----------------ACTION_MOVE: 362   274
12-28 10:06:41.813  1428  1428 E ----------------ACTION_MOVE: 363   274
12-28 10:06:41.831  1428  1428 E ----------------ACTION_MOVE: 364   274
12-28 10:06:41.849  1428  1428 E ----------------ACTION_MOVE: 365   274
12-28 10:06:41.867  1428  1428 E ----------------ACTION_MOVE: 366   274
12-28 10:06:41.885  1428  1428 E ----------------ACTION_MOVE: 366   274
12-28 10:06:41.903  1428  1428 E ----------------ACTION_MOVE: 368   274
12-28 10:06:41.921  1428  1428 E ----------------ACTION_MOVE: 369   275
12-28 10:06:41.939  1428  1428 E ----------------ACTION_MOVE: 371   275
12-28 10:06:41.957  1428  1428 E ----------------ACTION_MOVE: 372   275
12-28 10:06:41.976  1428  1428 E ----------------ACTION_MOVE: 373   275
12-28 10:06:41.993  1428  1428 E ----------------ACTION_MOVE: 373   275
12-28 10:06:42.011  1428  1428 E ----------------ACTION_MOVE: 373   275
12-28 10:06:42.029  1428  1428 E ----------------ACTION_MOVE: 374   275
12-28 10:06:42.047  1428  1428 E ----------------ACTION_MOVE: 374   275
12-28 10:06:42.065  1428  1428 E ----------------ACTION_MOVE: 376   275
12-28 10:06:42.083  1428  1428 E ----------------ACTION_MOVE: 377   275
12-28 10:06:42.101  1428  1428 E ----------------ACTION_MOVE: 379   276
12-28 10:06:42.119  1428  1428 E ----------------ACTION_MOVE: 380   276
12-28 10:06:42.137  1428  1428 E ----------------ACTION_MOVE: 381   276
12-28 10:06:42.155  1428  1428 E ----------------ACTION_MOVE: 382   276
12-28 10:06:42.173  1428  1428 E ----------------ACTION_MOVE: 383   276
12-28 10:06:42.191  1428  1428 E ----------------ACTION_MOVE: 383   276
12-28 10:06:42.208  1428  1428 E ----------------ACTION_MOVE: 383   276
12-28 10:06:42.226  1428  1428 E ----------------ACTION_MOVE: 384   276
12-28 10:06:42.245  1428  1428 E ----------------ACTION_MOVE: 384   276
12-28 10:06:42.262  1428  1428 E ----------------ACTION_MOVE: 384   276
12-28 10:06:42.280  1428  1428 E ----------------ACTION_MOVE: 384   276
12-28 10:06:42.298  1428  1428 E ----------------ACTION_MOVE: 385   275
12-28 10:06:42.316  1428  1428 E ----------------ACTION_MOVE: 386   275
12-28 10:06:42.334  1428  1428 E ----------------ACTION_MOVE: 387   275
12-28 10:06:42.342  1428  1428 E ----------------ACTION_MOVE: 387   275
12-28 10:06:44.680  1428  1428 E ----------------ACTION_MOVE: 378   255
12-28 10:06:44.699  1428  1428 E ----------------ACTION_MOVE: 378   255
12-28 10:06:44.715  1428  1428 E ----------------ACTION_MOVE: 378   255
12-28 10:06:44.732  1428  1428 E ----------------ACTION_MOVE: 378   255
12-28 10:06:44.749  1428  1428 E ----------------ACTION_MOVE: 378   255
12-28 10:06:44.765  1428  1428 E ----------------ACTION_MOVE: 380   255
12-28 10:06:44.776  1428  1428 E ----------------ACTION_MOVE: 381   255
12-28 10:06:44.794  1428  1428 E ----------------ACTION_MOVE: 381   257
12-28 10:06:44.812  1428  1428 E ----------------ACTION_MOVE: 382   258
12-28 10:06:44.830  1428  1428 E ----------------ACTION_MOVE: 382   259
12-28 10:06:44.848  1428  1428 E ----------------ACTION_MOVE: 382   260
12-28 10:06:44.866  1428  1428 E ----------------ACTION_MOVE: 382   260
12-28 10:06:44.884  1428  1428 E ----------------ACTION_MOVE: 382   260
12-28 10:06:44.902  1428  1428 E ----------------ACTION_MOVE: 382   260
12-28 10:06:44.919  1428  1428 E ----------------ACTION_MOVE: 382   260
12-28 10:06:44.937  1428  1428 E ----------------ACTION_MOVE: 382   261
12-28 10:06:44.955  1428  1428 E ----------------ACTION_MOVE: 382   261
12-28 10:06:44.973  1428  1428 E ----------------ACTION_MOVE: 382   261
12-28 10:06:44.991  1428  1428 E ----------------ACTION_MOVE: 381   262
12-28 10:06:45.009  1428  1428 E ----------------ACTION_MOVE: 381   263
12-28 10:06:45.027  1428  1428 E ----------------ACTION_MOVE: 380   264
12-28 10:06:45.045  1428  1428 E ----------------ACTION_MOVE: 379   265
12-28 10:06:45.063  1428  1428 E ----------------ACTION_MOVE: 378   266
12-28 10:06:45.081  1428  1428 E ----------------ACTION_MOVE: 378   267
12-28 10:06:45.099  1428  1428 E ----------------ACTION_MOVE: 376   268
12-28 10:06:45.117  1428  1428 E ----------------ACTION_MOVE: 375   268
12-28 10:06:45.135  1428  1428 E ----------------ACTION_MOVE: 374   268
12-28 10:06:45.153  1428  1428 E ----------------ACTION_MOVE: 374   268
12-28 10:06:45.171  1428  1428 E ----------------ACTION_MOVE: 372   268
12-28 10:06:45.189  1428  1428 E ----------------ACTION_MOVE: 371   267
12-28 10:06:45.207  1428  1428 E ----------------ACTION_MOVE: 369   265
12-28 10:06:45.225  1428  1428 E ----------------ACTION_MOVE: 367   264
12-28 10:06:45.243  1428  1428 E ----------------ACTION_MOVE: 366   264
12-28 10:06:45.261  1428  1428 E ----------------ACTION_MOVE: 366   264
12-28 10:06:45.279  1428  1428 E ----------------ACTION_MOVE: 366   264
12-28 10:06:45.297  1428  1428 E ----------------ACTION_MOVE: 366   264
12-28 10:06:45.314  1428  1428 E ----------------ACTION_MOVE: 366   264
12-28 10:06:45.332  1428  1428 E ----------------ACTION_MOVE: 366   264
12-28 10:06:45.348  1428  1428 E ----------------ACTION_MOVE: 366   264
12-28 10:06:46.101  1428  1428 E temp getTemplatePath :: /data/user/0/com.shifang.aidish.offline/files/dish_template/
12-28 10:06:46.102  1428  1428 E mStroedImageID: 340-212-152-98
12-28 10:06:46.103  1428  1428 E temp getTemplatePath :: /data/user/0/com.shifang.aidish.offline/files/dish_template/
12-28 10:06:47.320  1428  1428 E ----------------ACTION_MOVE: 355   288
12-28 10:06:47.338  1428  1428 E ----------------ACTION_MOVE: 355   288
12-28 10:06:47.355  1428  1428 E ----------------ACTION_MOVE: 355   288
12-28 10:06:47.371  1428  1428 E ----------------ACTION_MOVE: 355   288
12-28 10:06:47.388  1428  1428 E ----------------ACTION_MOVE: 357   287
12-28 10:06:47.397  1428  1428 E ----------------ACTION_MOVE: 358   287
12-28 10:06:47.415  1428  1428 E ----------------ACTION_MOVE: 363   287
12-28 10:06:47.433  1428  1428 E ----------------ACTION_MOVE: 368   288
12-28 10:06:47.451  1428  1428 E ----------------ACTION_MOVE: 381   292
12-28 10:06:47.469  1428  1428 E ----------------ACTION_MOVE: 392   296
12-28 10:06:47.487  1428  1428 E ----------------ACTION_MOVE: 408   302
12-28 10:06:47.507  1428  1428 E ----------------ACTION_MOVE: 425   308
12-28 10:06:47.523  1428  1428 E ----------------ACTION_MOVE: 439   313
12-28 10:06:47.541  1428  1428 E ----------------ACTION_MOVE: 458   319
12-28 10:06:47.559  1428  1428 E ----------------ACTION_MOVE: 470   323
12-28 10:06:47.577  1428  1428 E ----------------ACTION_MOVE: 488   329
12-28 10:06:47.594  1428  1428 E ----------------ACTION_MOVE: 500   333
12-28 10:06:47.612  1428  1428 E ----------------ACTION_MOVE: 514   337
12-28 10:06:47.630  1428  1428 E ----------------ACTION_MOVE: 530   340
12-28 10:06:47.648  1428  1428 E ----------------ACTION_MOVE: 542   341
12-28 10:06:47.667  1428  1428 E ----------------ACTION_MOVE: 557   341
12-28 10:06:47.684  1428  1428 E ----------------ACTION_MOVE: 568   340
12-28 10:06:47.702  1428  1428 E ----------------ACTION_MOVE: 582   337
12-28 10:06:47.720  1428  1428 E ----------------ACTION_MOVE: 592   335
12-28 10:06:47.738  1428  1428 E ----------------ACTION_MOVE: 604   333
12-28 10:06:47.756  1428  1428 E ----------------ACTION_MOVE: 616   330
12-28 10:06:47.774  1428  1428 E ----------------ACTION_MOVE: 626   327
12-28 10:06:47.792  1428  1428 E ----------------ACTION_MOVE: 638   324
12-28 10:06:47.810  1428  1428 E ----------------ACTION_MOVE: 647   322
12-28 10:06:47.830  1428  1428 E ----------------ACTION_MOVE: 660   318
12-28 10:06:47.846  1428  1428 E ----------------ACTION_MOVE: 671   314
12-28 10:06:47.864  1428  1428 E ----------------ACTION_MOVE: 682   311
12-28 10:06:47.882  1428  1428 E ----------------ACTION_MOVE: 694   306
12-28 10:06:47.900  1428  1428 E ----------------ACTION_MOVE: 701   304
12-28 10:06:47.918  1428  1428 E ----------------ACTION_MOVE: 710   302
12-28 10:06:47.936  1428  1428 E ----------------ACTION_MOVE: 716   300
12-28 10:06:47.954  1428  1428 E ----------------ACTION_MOVE: 723   298
12-28 10:06:47.971  1428  1428 E ----------------ACTION_MOVE: 727   297
12-28 10:06:47.990  1428  1428 E ----------------ACTION_MOVE: 731   297
12-28 10:06:48.007  1428  1428 E ----------------ACTION_MOVE: 734   296
12-28 10:06:48.025  1428  1428 E ----------------ACTION_MOVE: 736   295
12-28 10:06:48.043  1428  1428 E ----------------ACTION_MOVE: 736   294
12-28 10:06:48.061  1428  1428 E ----------------ACTION_MOVE: 736   294
12-28 10:06:48.079  1428  1428 E ----------------ACTION_MOVE: 736   294
12-28 10:06:48.097  1428  1428 E ----------------ACTION_MOVE: 736   294
12-28 10:06:48.115  1428  1428 E ----------------ACTION_MOVE: 736   294
12-28 10:06:48.133  1428  1428 E ----------------ACTION_MOVE: 736   294
12-28 10:06:48.151  1428  1428 E ----------------ACTION_MOVE: 736   294
12-28 10:06:48.169  1428  1428 E ----------------ACTION_MOVE: 736   294
12-28 10:06:48.187  1428  1428 E ----------------ACTION_MOVE: 736   294
12-28 10:06:48.205  1428  1428 E ----------------ACTION_MOVE: 737   292
12-28 10:06:48.223  1428  1428 E ----------------ACTION_MOVE: 737   291
12-28 10:06:48.241  1428  1428 E ----------------ACTION_MOVE: 737   289
12-28 10:06:48.259  1428  1428 E ----------------ACTION_MOVE: 737   287
12-28 10:06:48.277  1428  1428 E ----------------ACTION_MOVE: 737   285
12-28 10:06:48.295  1428  1428 E ----------------ACTION_MOVE: 737   284
12-28 10:06:48.313  1428  1428 E ----------------ACTION_MOVE: 736   283
12-28 10:06:48.332  1428  1428 E ----------------ACTION_MOVE: 736   281
12-28 10:06:48.349  1428  1428 E ----------------ACTION_MOVE: 735   280
12-28 10:06:48.366  1428  1428 E ----------------ACTION_MOVE: 734   279
12-28 10:06:48.384  1428  1428 E ----------------ACTION_MOVE: 731   277
12-28 10:06:48.402  1428  1428 E ----------------ACTION_MOVE: 729   276
12-28 10:06:48.420  1428  1428 E ----------------ACTION_MOVE: 726   275
12-28 10:06:48.438  1428  1428 E ----------------ACTION_MOVE: 723   274
12-28 10:06:48.456  1428  1428 E ----------------ACTION_MOVE: 719   272
12-28 10:06:48.474  1428  1428 E ----------------ACTION_MOVE: 716   272
12-28 10:06:48.492  1428  1428 E ----------------ACTION_MOVE: 714   271
12-28 10:06:48.511  1428  1428 E ----------------ACTION_MOVE: 712   271
12-28 10:06:48.528  1428  1428 E ----------------ACTION_MOVE: 711   271
12-28 10:06:48.546  1428  1428 E ----------------ACTION_MOVE: 710   271
12-28 10:06:48.564  1428  1428 E ----------------ACTION_MOVE: 710   271
12-28 10:06:48.582  1428  1428 E ----------------ACTION_MOVE: 710   271
12-28 10:06:48.600  1428  1428 E ----------------ACTION_MOVE: 710   271
12-28 10:06:48.618  1428  1428 E ----------------ACTION_MOVE: 710   271
12-28 10:06:48.636  1428  1428 E ----------------ACTION_MOVE: 710   271
12-28 10:06:48.654  1428  1428 E ----------------ACTION_MOVE: 710   271
12-28 10:06:48.672  1428  1428 E ----------------ACTION_MOVE: 710   271
12-28 10:06:48.690  1428  1428 E ----------------ACTION_MOVE: 710   271
12-28 10:06:48.707  1428  1428 E ----------------ACTION_MOVE: 710   272
12-28 10:06:48.725  1428  1428 E ----------------ACTION_MOVE: 710   273
12-28 10:06:48.743  1428  1428 E ----------------ACTION_MOVE: 710   273
12-28 10:06:48.761  1428  1428 E ----------------ACTION_MOVE: 709   274
12-28 10:06:48.779  1428  1428 E ----------------ACTION_MOVE: 709   274
12-28 10:06:48.797  1428  1428 E ----------------ACTION_MOVE: 708   275
12-28 10:06:48.815  1428  1428 E ----------------ACTION_MOVE: 708   275
12-28 10:06:48.833  1428  1428 E ----------------ACTION_MOVE: 708   275
12-28 10:06:48.851  1428  1428 E ----------------ACTION_MOVE: 707   276
12-28 10:06:48.869  1428  1428 E ----------------ACTION_MOVE: 707   276
12-28 10:06:48.887  1428  1428 E ----------------ACTION_MOVE: 707   277
12-28 10:06:48.905  1428  1428 E ----------------ACTION_MOVE: 707   277
12-28 10:06:48.923  1428  1428 E ----------------ACTION_MOVE: 707   278
12-28 10:06:48.941  1428  1428 E ----------------ACTION_MOVE: 708   279
12-28 10:06:48.961  1428  1428 E ----------------ACTION_MOVE: 708   280
12-28 10:06:48.977  1428  1428 E ----------------ACTION_MOVE: 709   281
12-28 10:06:48.995  1428  1428 E ----------------ACTION_MOVE: 709   281
12-28 10:06:49.013  1428  1428 E ----------------ACTION_MOVE: 709   282
12-28 10:06:49.031  1428  1428 E ----------------ACTION_MOVE: 709   282
12-28 10:06:49.049  1428  1428 E ----------------ACTION_MOVE: 710   282
12-28 10:06:49.067  1428  1428 E ----------------ACTION_MOVE: 710   282
12-28 10:06:49.085  1428  1428 E ----------------ACTION_MOVE: 710   282
12-28 10:06:49.102  1428  1428 E ----------------ACTION_MOVE: 710   282
12-28 10:06:49.120  1428  1428 E ----------------ACTION_MOVE: 710   282
12-28 10:06:49.138  1428  1428 E ----------------ACTION_MOVE: 710   282
12-28 10:06:49.156  1428  1428 E ----------------ACTION_MOVE: 710   282
12-28 10:06:49.174  1428  1428 E ----------------ACTION_MOVE: 710   282
12-28 10:06:49.192  1428  1428 E ----------------ACTION_MOVE: 710   282
12-28 10:06:49.210  1428  1428 E ----------------ACTION_MOVE: 710   282
12-28 10:06:49.216  1428  1428 E ----------------ACTION_MOVE: 710   282
12-28 10:06:49.946  1428  1428 E temp getTemplatePath :: /data/user/0/com.shifang.aidish.offline/files/dish_template/
12-28 10:06:49.948  1428  1428 E mStroedImageID: 695-206-152-98
12-28 10:06:49.948  1428  1428 E temp getTemplatePath :: /data/user/0/com.shifang.aidish.offline/files/dish_template/
12-28 10:06:51.449  1428  1428 E surfaceDestroyed: ------
12-28 10:06:51.450  1428  1428 E onDestroyView: closeCamera
12-28 10:06:51.452  1428  3681 E BufferQueueProducer: [SurfaceView[com.shifang.aidish.offline/com.shifang.aidish.mvp.ui.SettingActivity]#35(BLAST Consumer)35](id:5940000002a,api:0,p:-1,c:1428) dequeueBuffer: BufferQueue has no connected producer
12-28 10:06:51.453  1428  3681 E mali_so : encounter the first mali_error : 0x0002 : failed to allocate CPU memory (gles_fb_first_operation_cb at hardware/arm/maliT760/driver/product/gles/src/fb/mali_gles_fb_module_api.c:987)
12-28 10:06:51.453  1428  3681 E BufferQueueProducer: [SurfaceView[com.shifang.aidish.offline/com.shifang.aidish.mvp.ui.SettingActivity]#35(BLAST Consumer)35](id:5940000002a,api:0,p:-1,c:1428) dequeueBuffer: BufferQueue has no connected producer
12-28 10:06:51.459  1428  3681 E BufferQueueProducer: [SurfaceView[com.shifang.aidish.offline/com.shifang.aidish.mvp.ui.SettingActivity]#35(BLAST Consumer)35](id:5940000002a,api:0,p:-1,c:1428) disconnect: not connected (req=1)
12-28 10:06:52.819  1428  1428 E .aidish.offlin: Invalid ID 0x00000a03.
12-28 10:07:09.311  1428  1428 E .aidish.offlin: Invalid ID 0x00000a03.
12-28 10:07:10.545  1428  3773 E SyncDataService_onStartCommand: false
12-28 10:07:10.546  1428  3773 E PaymentProvider__syncData: 3 
12-28 10:07:11.035  1428  1428 E saveRotateAngle: 0 
12-28 10:07:11.036  1428  1428 E surfaceDestroyed: ------
12-28 10:07:11.059  1428  3777 E ywl5320 : fbo success
12-28 10:07:11.060  1428  3777 E mali_so : encounter the first gles_error : 0x0001; gles_state_error_info : <param> is not an accepted value (gles_texturep_tex_parameteri_input_param_validation at hardware/arm/maliT760/driver/product/gles/src/texture/mali_gles_texture_helpers.c:1095)
12-28 10:07:11.060  1428  3777 E onReaderCreate: 1159  651  0
12-28 10:07:11.838  1428  1428 E surfaceDestroyed: ------
12-28 10:07:11.839  1428  1428 E onDestroyView: closeCamera
12-28 10:07:11.852  1428  3777 E BufferQueueProducer: [SurfaceView[com.shifang.aidish.offline/com.shifang.aidish.mvp.ui.SettingActivity]#39(BLAST Consumer)39](id:5940000002f,api:0,p:-1,c:1428) dequeueBuffer: BufferQueue has been abandoned
12-28 10:07:11.855  1428  3777 E mali_so : encounter the first mali_error : 0x0002 : failed to allocate CPU memory (gles_fb_first_operation_cb at hardware/arm/maliT760/driver/product/gles/src/fb/mali_gles_fb_module_api.c:987)
12-28 10:07:11.856  1428  3777 E BufferQueueProducer: [SurfaceView[com.shifang.aidish.offline/com.shifang.aidish.mvp.ui.SettingActivity]#39(BLAST Consumer)39](id:5940000002f,api:0,p:-1,c:1428) dequeueBuffer: BufferQueue has been abandoned
12-28 10:07:11.868  1428  3790 E ywl5320 : fbo success
12-28 10:07:11.869  1428  3790 E mali_so : encounter the first gles_error : 0x0001; gles_state_error_info : <param> is not an accepted value (gles_texturep_tex_parameteri_input_param_validation at hardware/arm/maliT760/driver/product/gles/src/texture/mali_gles_texture_helpers.c:1095)
12-28 10:07:11.870  1428  3790 E onReaderCreate: 1476  830  0
12-28 10:07:11.892  1428  3778 E Camera1 : setPreviewTexture failed
12-28 10:07:11.893  1428  3778 E Camera  : Error 2
12-28 10:07:12.589  1428  1428 E surfaceDestroyed: ------
12-28 10:07:12.594  1428  3790 E BufferQueueProducer: [SurfaceView[com.shifang.aidish.offline/com.shifang.aidish.mvp.ui.SettingActivity]#40(BLAST Consumer)40](id:59400000031,api:0,p:-1,c:1428) dequeueBuffer: BufferQueue has no connected producer
12-28 10:07:12.596  1428  3790 E BufferQueueProducer: [SurfaceView[com.shifang.aidish.offline/com.shifang.aidish.mvp.ui.SettingActivity]#40(BLAST Consumer)40](id:59400000031,api:0,p:-1,c:1428) dequeueBuffer: BufferQueue has no connected producer
12-28 10:07:12.596  1428  3790 E BufferQueueProducer: [SurfaceView[com.shifang.aidish.offline/com.shifang.aidish.mvp.ui.SettingActivity]#40(BLAST Consumer)40](id:59400000031,api:0,p:-1,c:1428) disconnect: not connected (req=1)
12-28 10:07:13.296  1428  1428 E TradeOrderPresenter__doSearchTradeOrder  srcUserName:  
12-28 10:07:13.297  1428  1428 E getTradeOrders:       2023-12-28 00:00:00 2023-12-28 10:10:59
12-28 10:07:13.307  1428  1428 E findTraderOrders: 1   2
12-28 10:07:13.309  1428  1428 E doSearchTradeOrder: 1  2  
12-28 10:07:13.312  1428  1428 E USBTransferUtil: 当前可用 usb 设备数量: 0
12-28 10:07:13.356  1428  3804 E ywl5320 : fbo success
12-28 10:07:13.356  1428  3804 E mali_so : encounter the first gles_error : 0x0001; gles_state_error_info : <param> is not an accepted value (gles_texturep_tex_parameteri_input_param_validation at hardware/arm/maliT760/driver/product/gles/src/texture/mali_gles_texture_helpers.c:1095)
12-28 10:07:20.425  1428  1428 E USBTransferUtil: 当前可用 usb 设备数量: 0
12-28 10:07:20.819  1428  3853 E AI_SDK__innerRecognize: recognizeByFilter2
12-28 10:07:20.819  1428  3853 E recognize: 359ms   /storage/emulated/0/shifang/ai_dish/image/20231228/3b4955b7-95e6-450e-ab8e-0f6e4c893a1d.jpg  
12-28 10:07:20.900  1428  1428 E resultDishCount: 2 个菜品
12-28 10:11:19.826  1428  1428 E resultDishCount: 2 个菜品
12-28 10:11:21.539  1428  1428 E resultDishCount: 2 个菜品
12-28 10:11:23.081  1428  1428 E processSearchInput:     0
