12-27 09:07:44.396  1883  1883 E Tinker.TinkerManager: NOT tinker ApplicationLike object
12-27 09:07:44.534  1883  1915 E Bundle  : putString->_track_generation:null
12-27 09:07:44.637  1883  1915 E Bundle  : putString->_track_generation:null
12-27 09:07:45.991  1883  1883 E Bundle  : putString->_prefix:textclassifier/
12-27 09:07:45.991  1883  1883 E Bundle  : putString->_track_generation:null
12-27 09:07:46.006  1883  1883 E checkLicense: checkLicense
12-27 09:07:46.550  1883  1883 E checkLicense sfAuthErrorCode:      true
12-27 09:07:46.552  1883  1883 E SysEventReceiver: 重启完成
12-27 09:07:46.563  1883  1883 E paymentProviderType: {"channelName":"测试","paymentProviderType":"ppt_SF_Test"}
12-27 09:07:47.192  1883  2382 E loadModel: ---true
12-27 09:07:48.218  1883  2382 E loadModel: 1    /storage/emulated/0/shifang/ai_dish/model/dish_v5.1.1.rk.sfm
12-27 09:07:48.250  1883  2382 E linker  : library "/vendor/lib64/libvpu.so" ("/vendor/lib64/libvpu.so") needed or dlopened by "/data/app/~~yw0SHc6wyqxW-Ab8dJ1TUg==/com.shifang.aidish.offline-ms9WJMmDuF9gAFk-LUJe3g==/lib/arm64/libarcsoft_face.so" is not accessible for the namespace: [name="classloader-namespace", ld_library_paths="", default_library_paths="/data/app/~~yw0SHc6wyqxW-Ab8dJ1TUg==/com.shifang.aidish.offline-ms9WJMmDuF9gAFk-LUJe3g==/lib/arm64:/data/app/~~yw0SHc6wyqxW-Ab8dJ1TUg==/com.shifang.aidish.offline-ms9WJMmDuF9gAFk-LUJe3g==/base.apk!/lib/arm64-v8a", permitted_paths="/data:/mnt/expand:/data/user/0/com.shifang.aidish.offline"]
12-27 09:07:48.402  1883  2382 E activeFaceSdk: 98310 
12-27 09:07:48.402  1883  2382 E SdkInitService_initFaceSdk: false   
12-27 10:46:21.020  1883  1883 E Bundle  : putString->_track_generation:null
12-27 10:46:21.141  1883  9297 E SyncDataService_onStartCommand: false
12-27 10:46:21.144  1883  9297 E PaymentProvider__syncData: 11 
12-27 10:46:21.147  1883  9305 E syncSubImage: 0 
12-27 10:46:21.251  1883  9293 E getNewVersion: null
12-27 10:46:24.515  1883  1883 E Bundle  : putString->args_tag:null
12-27 10:46:24.515  1883  1883 E Bundle  : putString->args_tag:null
12-27 10:46:24.515  1883  1883 E Bundle  : putString->args_tag:null
12-27 10:46:24.516  1883  1883 E Bundle  : putString->args_tag:null
12-27 10:46:24.570  1883  1883 E language: ch
12-27 10:46:24.753  1883  1883 E TradeOrderPresenter__doSearchTradeOrder  srcUserName:  
12-27 10:46:24.753  1883  1883 E getTradeOrders:       2023-12-27 00:00:00 2023-12-27 10:49:59
12-27 10:46:24.760  1883  1883 E findTraderOrders: 0   5
12-27 10:46:24.761  1883  1883 E doSearchTradeOrder: 0  5  
12-27 10:46:24.764  1883  1883 E USBTransferUtil: 当前可用 usb 设备数量: 0
12-27 10:46:25.089  1883  1883 E TradeOrderPresenter__doSearchTradeOrder  srcUserName:  
12-27 10:46:25.089  1883  1883 E getTradeOrders:       2023-12-27 00:00:00 2023-12-27 10:49:59
12-27 10:46:25.095  1883  1883 E findTraderOrders: 0   5
12-27 10:46:25.096  1883  1883 E doSearchTradeOrder: 0  5  
12-27 10:46:25.098  1883  1883 E USBTransferUtil: 当前可用 usb 设备数量: 0
12-27 10:46:25.115  1883  9338 E ts_scan_state_fun: 1 
12-27 10:46:25.152  1883  9341 E ywl5320 : fbo success
12-27 10:46:25.152  1883  9341 E mali_so : encounter the first gles_error : 0x0001; gles_state_error_info : <param> is not an accepted value (gles_texturep_tex_parameteri_input_param_validation at hardware/arm/maliT760/driver/product/gles/src/texture/mali_gles_texture_helpers.c:1095)
12-27 10:46:26.233  1883  1883 E USBTransferUtil: 当前可用 usb 设备数量: 0
12-27 10:46:27.233  1883  9369 E innerRecognize: recognizeByFilter2
12-27 10:46:27.233  1883  9369 E recognize: 424ms   /storage/emulated/0/shifang/ai_dish/image/20231227/7fd8aa91-43a0-4237-970c-6d1b75491924.jpg  
12-27 10:46:27.336  1883  1883 E resultDishCount: 2 个菜品
12-27 10:46:32.277  1883  1883 E USBTransferUtil: 当前可用 usb 设备数量: 0
12-27 10:46:32.701  1883  9385 E innerRecognize: recognizeByFilter2
12-27 10:46:32.701  1883  9385 E recognize: 389ms   /storage/emulated/0/shifang/ai_dish/image/20231227/abd7dd3e-c856-4216-823f-eefcfd91018a.jpg  
12-27 10:46:32.745  1883  1883 E resultDishCount: 2 个菜品
12-27 10:46:58.121  1883  1883 E surfaceDestroyed: ------
12-27 10:46:58.122  1883  9341 E BufferQueueProducer: [SurfaceView[com.shifang.aidish.offline/com.shifang.aidish.mvp.ui.DetectCalcActivity]#5(BLAST Consumer)5](id:75b00000005,api:0,p:-1,c:1883) dequeueBuffer: BufferQueue has no connected producer
12-27 10:46:58.122  1883  9341 E mali_so : encounter the first mali_error : 0x0002 : failed to allocate CPU memory (gles_fb_first_operation_cb at hardware/arm/maliT760/driver/product/gles/src/fb/mali_gles_fb_module_api.c:987)
12-27 10:46:58.122  1883  9341 E BufferQueueProducer: [SurfaceView[com.shifang.aidish.offline/com.shifang.aidish.mvp.ui.DetectCalcActivity]#5(BLAST Consumer)5](id:75b00000005,api:0,p:-1,c:1883) dequeueBuffer: BufferQueue has no connected producer
12-27 10:46:58.123  1883  9341 E BufferQueueProducer: [SurfaceView[com.shifang.aidish.offline/com.shifang.aidish.mvp.ui.DetectCalcActivity]#5(BLAST Consumer)5](id:75b00000005,api:0,p:-1,c:1883) disconnect: not connected (req=1)
12-27 10:46:58.123  1883  1883 E surfaceDestroyed: ------
12-27 10:46:58.131  1883  9343 E BufferQueueProducer: [SurfaceView[]#6(BLAST Consumer)6](id:75b00000007,api:0,p:-1,c:1883) dequeueBuffer: BufferQueue has no connected producer
12-27 10:46:58.131  1883  9343 E mali_so : encounter the first mali_error : 0x0002 : failed to allocate CPU memory (gles_fb_first_operation_cb at hardware/arm/maliT760/driver/product/gles/src/fb/mali_gles_fb_module_api.c:987)
12-27 10:46:58.131  1883  9343 E BufferQueueProducer: [SurfaceView[]#6(BLAST Consumer)6](id:75b00000007,api:0,p:-1,c:1883) dequeueBuffer: BufferQueue has no connected producer
12-27 10:46:58.132  1883  9343 E BufferQueueProducer: [SurfaceView[]#6(BLAST Consumer)6](id:75b00000007,api:0,p:-1,c:1883) disconnect: not connected (req=1)
12-27 10:46:58.249  1883  1883 E TradeOrderPresenter__doSearchTradeOrder  srcUserName:  
12-27 10:46:58.249  1883  1883 E getTradeOrders:       2023-12-27 00:00:00 2023-12-27 10:49:59
12-27 10:46:58.255  1883  1883 E findTraderOrders: 0   5
12-27 10:46:58.257  1883  1883 E doSearchTradeOrder: 0  5  
12-27 10:46:58.259  1883  1883 E USBTransferUtil: 当前可用 usb 设备数量: 0
12-27 10:46:58.299  1883  9580 E ywl5320 : fbo success
12-27 10:46:58.299  1883  9580 E mali_so : encounter the first gles_error : 0x0001; gles_state_error_info : <param> is not an accepted value (gles_texturep_tex_parameteri_input_param_validation at hardware/arm/maliT760/driver/product/gles/src/texture/mali_gles_texture_helpers.c:1095)
12-27 10:46:58.986  1883  1883 E USBTransferUtil: 当前可用 usb 设备数量: 0
12-27 10:46:59.714  1883  1883 E USBTransferUtil: 当前可用 usb 设备数量: 0
12-27 10:46:59.955  1883  9597 E innerRecognize: recognizeByFilter2
12-27 10:46:59.955  1883  9597 E recognize: 425ms   /storage/emulated/0/shifang/ai_dish/image/20231227/ec1e7acd-3c7e-4106-8175-d2f186cd01ef.jpg  
12-27 10:47:00.035  1883  1883 E resultDishCount: 2 个菜品
12-27 10:47:00.385  1883  9598 E innerRecognize: recognizeByFilter2
12-27 10:47:00.385  1883  9598 E recognize: 363ms   /storage/emulated/0/shifang/ai_dish/image/20231227/1d1a60bc-f39a-414b-86cd-291ccacd90d8.jpg  
12-27 10:47:00.446  1883  1883 E resultDishCount: 2 个菜品
12-27 10:47:02.139  1883  1883 E USBTransferUtil: 当前可用 usb 设备数量: 0
12-27 10:47:02.574  1883  9611 E innerRecognize: recognizeByFilter2
12-27 10:47:02.574  1883  9611 E recognize: 393ms   /storage/emulated/0/shifang/ai_dish/image/20231227/7c9614c0-ca11-47f1-84c7-e482ae390f7f.jpg  
12-27 10:47:02.641  1883  1883 E resultDishCount: 2 个菜品
12-27 10:47:04.335  1883  1883 E USBTransferUtil: 当前可用 usb 设备数量: 0
12-27 10:47:04.802  1883  9617 E innerRecognize: recognizeByFilter2
12-27 10:47:04.802  1883  9617 E recognize: 427ms   /storage/emulated/0/shifang/ai_dish/image/20231227/a8054b86-f415-4d98-b77a-4f7f89c37dc6.jpg  
12-27 10:47:04.855  1883  1883 E resultDishCount: 2 个菜品
12-27 10:47:06.521  1883  1883 E USBTransferUtil: 当前可用 usb 设备数量: 0
12-27 10:47:06.902  1883  9623 E innerRecognize: recognizeByFilter2
12-27 10:47:06.902  1883  9623 E recognize: 346ms   /storage/emulated/0/shifang/ai_dish/image/20231227/843b4cc6-dd4f-4ea6-9398-b0768703b7a0.jpg  
12-27 10:47:06.970  1883  1883 E resultDishCount: 2 个菜品
12-27 10:47:08.645  1883  1883 E USBTransferUtil: 当前可用 usb 设备数量: 0
12-27 10:47:09.020  1883  9631 E innerRecognize: recognizeByFilter2
12-27 10:47:09.020  1883  9631 E recognize: 335ms   /storage/emulated/0/shifang/ai_dish/image/20231227/6ddc35e4-87ca-4c42-8005-4937edf46a7f.jpg  
12-27 10:47:09.068  1883  1883 E resultDishCount: 2 个菜品
12-27 10:47:09.716  1883  1883 E USBTransferUtil: 当前可用 usb 设备数量: 0
12-27 10:47:10.119  1883  9636 E innerRecognize: recognizeByFilter2
12-27 10:47:10.120  1883  9636 E recognize: 358ms   /storage/emulated/0/shifang/ai_dish/image/20231227/04a212e9-1ff3-40f6-8052-fb07bb2dfbe0.jpg  
12-27 10:47:10.185  1883  1883 E resultDishCount: 2 个菜品
12-27 10:47:11.851  1883  1883 E USBTransferUtil: 当前可用 usb 设备数量: 0
12-27 10:47:12.245  1883  9642 E innerRecognize: recognizeByFilter2
12-27 10:47:12.245  1883  9642 E recognize: 358ms   /storage/emulated/0/shifang/ai_dish/image/20231227/fd9d5b1f-0c7c-408d-a304-57f42385c4ad.jpg  
12-27 10:47:12.279  1883  1883 E resultDishCount: 2 个菜品
12-27 10:47:13.960  1883  1883 E USBTransferUtil: 当前可用 usb 设备数量: 0
12-27 10:47:14.342  1883  9648 E innerRecognize: recognizeByFilter2
12-27 10:47:14.342  1883  9648 E recognize: 336ms   /storage/emulated/0/shifang/ai_dish/image/20231227/31a93794-b709-4f3d-88d1-7e001851446b.jpg  
12-27 10:47:14.392  1883  1883 E resultDishCount: 2 个菜品
12-27 10:47:15.028  1883  1883 E USBTransferUtil: 当前可用 usb 设备数量: 0
12-27 10:47:15.495  1883  9653 E innerRecognize: recognizeByFilter2
12-27 10:47:15.495  1883  9653 E recognize: 418ms   /storage/emulated/0/shifang/ai_dish/image/20231227/0b387578-70ae-4aac-bd2e-8fa948d3e507.jpg  
12-27 10:47:15.535  1883  1883 E resultDishCount: 2 个菜品
12-27 10:47:17.209  1883  1883 E USBTransferUtil: 当前可用 usb 设备数量: 0
12-27 10:47:17.623  1883  9659 E innerRecognize: recognizeByFilter2
12-27 10:47:17.623  1883  9659 E recognize: 365ms   /storage/emulated/0/shifang/ai_dish/image/20231227/4329130f-f8dd-4518-bcd1-ea4058a68c72.jpg  
12-27 10:47:17.670  1883  1883 E resultDishCount: 2 个菜品
12-27 10:47:19.338  1883  1883 E USBTransferUtil: 当前可用 usb 设备数量: 0
12-27 10:47:19.728  1883  9665 E innerRecognize: recognizeByFilter2
12-27 10:47:19.729  1883  9665 E recognize: 353ms   /storage/emulated/0/shifang/ai_dish/image/20231227/419e345e-e9d3-485e-bfd9-73c361cad8d3.jpg  
12-27 10:47:19.783  1883  1883 E resultDishCount: 2 个菜品
12-27 10:47:21.162  1883  9305 E syncSubImage: 14 
12-27 10:47:21.458  1883  1883 E USBTransferUtil: 当前可用 usb 设备数量: 0
12-27 10:47:21.826  1883  9673 E innerRecognize: recognizeByFilter2
12-27 10:47:21.826  1883  9673 E recognize: 319ms   /storage/emulated/0/shifang/ai_dish/image/20231227/76be08b1-bff7-4b4e-be02-4b69286def0f.jpg  
12-27 10:47:21.858  1883  1883 E resultDishCount: 2 个菜品
12-27 10:47:23.520  1883  1883 E USBTransferUtil: 当前可用 usb 设备数量: 0
12-27 10:47:23.909  1883  9679 E innerRecognize: recognizeByFilter2
12-27 10:47:23.909  1883  9679 E recognize: 358ms   /storage/emulated/0/shifang/ai_dish/image/20231227/84f75836-89a3-49f6-8396-5cd0abb13755.jpg  
12-27 10:47:23.950  1883  1883 E resultDishCount: 2 个菜品
12-27 10:47:25.621  1883  1883 E USBTransferUtil: 当前可用 usb 设备数量: 0
12-27 10:47:25.977  1883  9685 E innerRecognize: recognizeByFilter2
12-27 10:47:25.977  1883  9685 E recognize: 330ms   /storage/emulated/0/shifang/ai_dish/image/20231227/4b841dd2-7ed9-417a-a278-9a460051876a.jpg  
12-27 10:47:26.013  1883  1883 E resultDishCount: 2 个菜品
12-27 10:47:27.666  1883  1883 E USBTransferUtil: 当前可用 usb 设备数量: 0
12-27 10:47:28.079  1883  9369 E innerRecognize: recognizeByFilter2
12-27 10:47:28.079  1883  9369 E recognize: 387ms   /storage/emulated/0/shifang/ai_dish/image/20231227/40475ba3-3579-4a11-a2fd-87467f9afa60.jpg  
12-27 10:47:28.139  1883  1883 E resultDishCount: 2 个菜品
12-27 10:47:29.805  1883  1883 E USBTransferUtil: 当前可用 usb 设备数量: 0
12-27 10:47:30.200  1883  9385 E innerRecognize: recognizeByFilter2
12-27 10:47:30.200  1883  9385 E recognize: 357ms   /storage/emulated/0/shifang/ai_dish/image/20231227/89e4082f-db70-42b3-8b65-b2e19fd09902.jpg  
12-27 10:47:30.252  1883  1883 E resultDishCount: 2 个菜品
12-27 10:47:31.910  1883  1883 E USBTransferUtil: 当前可用 usb 设备数量: 0
12-27 10:47:32.309  1883  9597 E innerRecognize: recognizeByFilter2
12-27 10:47:32.309  1883  9597 E recognize: 372ms   /storage/emulated/0/shifang/ai_dish/image/20231227/0d632163-7670-412d-bfff-d981e2b0d280.jpg  
12-27 10:47:32.343  1883  1883 E resultDishCount: 2 个菜品
12-27 10:47:34.009  1883  1883 E USBTransferUtil: 当前可用 usb 设备数量: 0
12-27 10:47:34.434  1883  9598 E innerRecognize: recognizeByFilter2
12-27 10:47:34.434  1883  9598 E recognize: 385ms   /storage/emulated/0/shifang/ai_dish/image/20231227/98fe4d16-7184-4012-88e1-e42694c3fcfb.jpg  
12-27 10:47:34.469  1883  1883 E resultDishCount: 2 个菜品
12-27 10:47:36.106  1883  1883 E USBTransferUtil: 当前可用 usb 设备数量: 0
12-27 10:47:36.507  1883  9611 E innerRecognize: recognizeByFilter2
12-27 10:47:36.507  1883  9611 E recognize: 360ms   /storage/emulated/0/shifang/ai_dish/image/20231227/6b444256-d00b-4a2f-9418-1d1de42cf8ed.jpg  
12-27 10:47:36.552  1883  1883 E resultDishCount: 2 个菜品
12-27 10:47:38.210  1883  1883 E USBTransferUtil: 当前可用 usb 设备数量: 0
12-27 10:47:38.690  1883  9617 E innerRecognize: recognizeByFilter2
12-27 10:47:38.690  1883  9617 E recognize: 420ms   /storage/emulated/0/shifang/ai_dish/image/20231227/d4ce7e6c-ebfb-4a99-a679-3c76890774c0.jpg  
12-27 10:47:38.723  1883  1883 E resultDishCount: 2 个菜品
12-27 10:47:40.406  1883  1883 E USBTransferUtil: 当前可用 usb 设备数量: 0
12-27 10:47:40.845  1883  9623 E innerRecognize: recognizeByFilter2
12-27 10:47:40.845  1883  9623 E recognize: 388ms   /storage/emulated/0/shifang/ai_dish/image/20231227/d6204848-3e8c-4e9f-9cc1-c292ab6266c0.jpg  
12-27 10:47:40.891  1883  1883 E resultDishCount: 2 个菜品
12-27 10:47:41.512  1883  1883 E USBTransferUtil: 当前可用 usb 设备数量: 0
12-27 10:47:41.878  1883  9631 E innerRecognize: recognizeByFilter2
12-27 10:47:41.878  1883  9631 E recognize: 337ms   /storage/emulated/0/shifang/ai_dish/image/20231227/862c6b5f-ee7f-4f0d-84d8-06fe4de56fb1.jpg  
12-27 10:47:41.930  1883  1883 E resultDishCount: 2 个菜品
12-27 10:47:43.640  1883  1883 E USBTransferUtil: 当前可用 usb 设备数量: 0
12-27 10:47:44.040  1883  9636 E innerRecognize: recognizeByFilter2
12-27 10:47:44.040  1883  9636 E recognize: 372ms   /storage/emulated/0/shifang/ai_dish/image/20231227/01b98577-fa29-490b-a47a-3526956af343.jpg  
12-27 10:47:44.090  1883  1883 E resultDishCount: 2 个菜品
12-27 10:47:45.764  1883  1883 E USBTransferUtil: 当前可用 usb 设备数量: 0
12-27 10:47:46.145  1883  9642 E innerRecognize: recognizeByFilter2
12-27 10:47:46.145  1883  9642 E recognize: 355ms   /storage/emulated/0/shifang/ai_dish/image/20231227/4a18632e-3931-431c-b7c7-bbadfaa99c74.jpg  
12-27 10:47:46.193  1883  1883 E resultDishCount: 2 个菜品
12-27 10:47:47.890  1883  1883 E USBTransferUtil: 当前可用 usb 设备数量: 0
12-27 10:47:48.291  1883  9648 E innerRecognize: recognizeByFilter2
12-27 10:47:48.292  1883  9648 E recognize: 354ms   /storage/emulated/0/shifang/ai_dish/image/20231227/840a8b2d-ae4c-4598-92c2-48ffcc2dc577.jpg  
12-27 10:47:48.340  1883  1883 E resultDishCount: 2 个菜品
12-27 10:47:49.983  1883  1883 E USBTransferUtil: 当前可用 usb 设备数量: 0
12-27 10:47:50.422  1883  9653 E innerRecognize: recognizeByFilter2
12-27 10:47:50.422  1883  9653 E recognize: 399ms   /storage/emulated/0/shifang/ai_dish/image/20231227/2f971bf2-6e94-4f25-beee-b3e7f5e49ed7.jpg  
12-27 10:47:50.486  1883  1883 E resultDishCount: 2 个菜品
12-27 10:47:52.118  1883  1883 E USBTransferUtil: 当前可用 usb 设备数量: 0
12-27 10:47:52.496  1883  9659 E innerRecognize: recognizeByFilter2
12-27 10:47:52.496  1883  9659 E recognize: 333ms   /storage/emulated/0/shifang/ai_dish/image/20231227/c3ae224e-5ae7-49ed-86b0-b6cd7197c743.jpg  
12-27 10:47:52.530  1883  1883 E resultDishCount: 2 个菜品
12-27 10:47:54.220  1883  1883 E USBTransferUtil: 当前可用 usb 设备数量: 0
12-27 10:47:54.620  1883  9665 E innerRecognize: recognizeByFilter2
12-27 10:47:54.620  1883  9665 E recognize: 360ms   /storage/emulated/0/shifang/ai_dish/image/20231227/0080baf7-9fea-426a-8873-2c92f6f3e4f0.jpg  
12-27 10:47:54.669  1883  1883 E resultDishCount: 2 个菜品
12-27 10:47:56.359  1883  1883 E USBTransferUtil: 当前可用 usb 设备数量: 0
12-27 10:47:56.848  1883  9673 E innerRecognize: recognizeByFilter2
12-27 10:47:56.848  1883  9673 E recognize: 444ms   /storage/emulated/0/shifang/ai_dish/image/20231227/47e420ce-bc0c-4305-8d18-16716a673875.jpg  
12-27 10:47:56.911  1883  1883 E resultDishCount: 2 个菜品
12-27 10:47:58.566  1883  1883 E USBTransferUtil: 当前可用 usb 设备数量: 0
12-27 10:47:59.002  1883  9679 E innerRecognize: recognizeByFilter2
12-27 10:47:59.002  1883  9679 E recognize: 399ms   /storage/emulated/0/shifang/ai_dish/image/20231227/ff389e80-d626-49e7-a773-34b8a77a5b68.jpg  
12-27 10:47:59.057  1883  1883 E resultDishCount: 2 个菜品
12-27 10:48:00.745  1883  1883 E USBTransferUtil: 当前可用 usb 设备数量: 0
12-27 10:48:01.239  1883  9685 E innerRecognize: recognizeByFilter3
12-27 10:48:01.239  1883  9685 E recognize: 459ms   /storage/emulated/0/shifang/ai_dish/image/20231227/fd8f63bc-a563-430e-be43-a4ed05ed382d.jpg  
12-27 10:48:01.285  1883  1883 E resultDishCount: 3 个菜品
12-27 10:48:02.945  1883  1883 E USBTransferUtil: 当前可用 usb 设备数量: 0
12-27 10:48:03.287  1883  9369 E innerRecognize: recognizeByFilter2
12-27 10:48:03.287  1883  9369 E recognize: 317ms   /storage/emulated/0/shifang/ai_dish/image/20231227/b44645c4-cb74-43fb-96f9-ff4fdda2a023.jpg  
12-27 10:48:03.338  1883  1883 E resultDishCount: 2 个菜品
12-27 10:48:05.015  1883  1883 E USBTransferUtil: 当前可用 usb 设备数量: 0
12-27 10:48:05.361  1883  9385 E innerRecognize: recognizeByFilter2
12-27 10:48:05.361  1883  9385 E recognize: 313ms   /storage/emulated/0/shifang/ai_dish/image/20231227/43d6bad2-7794-4844-b89e-bf8e8556f721.jpg  
12-27 10:48:05.390  1883  1883 E resultDishCount: 2 个菜品
12-27 10:48:07.648  1883  1883 E USBTransferUtil: 当前可用 usb 设备数量: 0
12-27 10:48:08.052  1883  9597 E innerRecognize: recognizeByFilter2
12-27 10:48:08.052  1883  9597 E recognize: 356ms   /storage/emulated/0/shifang/ai_dish/image/20231227/95d83d0d-2758-4377-9bbc-1934c73f912a.jpg  
12-27 10:48:08.109  1883  1883 E resultDishCount: 2 个菜品
12-27 10:48:10.222  1883  1883 E USBTransferUtil: 当前可用 usb 设备数量: 0
12-27 10:48:10.624  1883  9598 E innerRecognize: recognizeByFilter2
12-27 10:48:10.624  1883  9598 E recognize: 359ms   /storage/emulated/0/shifang/ai_dish/image/20231227/93d0eef5-8b22-4126-a630-725f835b7d18.jpg  
12-27 10:48:10.651  1883  1883 E resultDishCount: 2 个菜品
12-27 10:48:12.609  1883  1883 E USBTransferUtil: 当前可用 usb 设备数量: 0
12-27 10:48:12.995  1883  9611 E innerRecognize: recognizeByFilter2
12-27 10:48:12.995  1883  9611 E recognize: 333ms   /storage/emulated/0/shifang/ai_dish/image/20231227/c0633e52-23c6-4f8f-8f84-c37bdff428da.jpg  
12-27 10:48:13.039  1883  1883 E resultDishCount: 2 个菜品
12-27 10:48:14.705  1883  1883 E USBTransferUtil: 当前可用 usb 设备数量: 0
12-27 10:48:15.081  1883  9617 E innerRecognize: recognizeByFilter2
12-27 10:48:15.081  1883  9617 E recognize: 338ms   /storage/emulated/0/shifang/ai_dish/image/20231227/2ce5d574-6f74-4a14-9795-fdb863f3de10.jpg  
12-27 10:48:15.115  1883  1883 E resultDishCount: 2 个菜品
12-27 10:48:16.821  1883  1883 E USBTransferUtil: 当前可用 usb 设备数量: 0
12-27 10:48:17.236  1883  9623 E innerRecognize: recognizeByFilter2
12-27 10:48:17.236  1883  9623 E recognize: 387ms   /storage/emulated/0/shifang/ai_dish/image/20231227/ee025713-77b6-4be4-a858-64fe0140b65f.jpg  
12-27 10:48:17.269  1883  1883 E resultDishCount: 2 个菜品
12-27 10:48:18.959  1883  1883 E USBTransferUtil: 当前可用 usb 设备数量: 0
12-27 10:48:19.366  1883  9631 E innerRecognize: recognizeByFilter2
12-27 10:48:19.366  1883  9631 E recognize: 362ms   /storage/emulated/0/shifang/ai_dish/image/20231227/d0482557-d1ea-4a77-a9df-016705ebd1f2.jpg  
12-27 10:48:19.417  1883  1883 E resultDishCount: 2 个菜品
12-27 10:48:21.086  1883  1883 E USBTransferUtil: 当前可用 usb 设备数量: 0
12-27 10:48:21.458  1883  9636 E innerRecognize: recognizeByFilter2
12-27 10:48:21.458  1883  9636 E recognize: 341ms   /storage/emulated/0/shifang/ai_dish/image/20231227/7adcda81-cce1-4ecf-92fe-d6c5fc55ff3b.jpg  
12-27 10:48:21.513  1883  1883 E resultDishCount: 2 个菜品
12-27 10:48:21.655  1883  9305 E syncSubImage: 29 
12-27 10:48:23.169  1883  1883 E USBTransferUtil: 当前可用 usb 设备数量: 0
12-27 10:48:23.599  1883  9642 E innerRecognize: recognizeByFilter2
12-27 10:48:23.599  1883  9642 E recognize: 386ms   /storage/emulated/0/shifang/ai_dish/image/20231227/86e0d24a-9b76-41bf-9c5d-394519a91f11.jpg  
12-27 10:48:23.660  1883  1883 E resultDishCount: 2 个菜品
12-27 10:48:25.322  1883  1883 E USBTransferUtil: 当前可用 usb 设备数量: 0
12-27 10:48:25.741  1883  9648 E innerRecognize: recognizeByFilter2
12-27 10:48:25.741  1883  9648 E recognize: 368ms   /storage/emulated/0/shifang/ai_dish/image/20231227/ca36907d-5345-4962-9069-ee7b1deb519e.jpg  
12-27 10:48:25.805  1883  1883 E resultDishCount: 2 个菜品
12-27 10:48:26.437  1883  1883 E USBTransferUtil: 当前可用 usb 设备数量: 0
12-27 10:48:26.846  1883  9653 E innerRecognize: recognizeByFilter2
12-27 10:48:26.846  1883  9653 E recognize: 383ms   /storage/emulated/0/shifang/ai_dish/image/20231227/0a37f0e6-75ed-43bf-a577-7b444956948a.jpg  
12-27 10:48:26.902  1883  1883 E resultDishCount: 2 个菜品
12-27 10:48:28.549  1883  1883 E USBTransferUtil: 当前可用 usb 设备数量: 0
12-27 10:48:28.968  1883  9659 E innerRecognize: recognizeByFilter2
12-27 10:48:28.968  1883  9659 E recognize: 380ms   /storage/emulated/0/shifang/ai_dish/image/20231227/fde94ea8-d733-4d4b-b817-a450f5c67316.jpg  
12-27 10:48:29.036  1883  1883 E resultDishCount: 2 个菜品
12-27 10:48:30.686  1883  1883 E USBTransferUtil: 当前可用 usb 设备数量: 0
12-27 10:48:31.076  1883  9665 E innerRecognize: recognizeByFilter2
12-27 10:48:31.076  1883  9665 E recognize: 353ms   /storage/emulated/0/shifang/ai_dish/image/20231227/4a9202ac-bab2-4b5c-bb0a-f976ecf79135.jpg  
12-27 10:48:31.117  1883  1883 E resultDishCount: 2 个菜品
12-27 10:48:32.765  1883  1883 E USBTransferUtil: 当前可用 usb 设备数量: 0
12-27 10:48:33.175  1883  9673 E innerRecognize: recognizeByFilter2
12-27 10:48:33.175  1883  9673 E recognize: 388ms   /storage/emulated/0/shifang/ai_dish/image/20231227/18c3a16c-bc56-4d5a-8406-171bc39aa24f.jpg  
12-27 10:48:33.224  1883  1883 E resultDishCount: 2 个菜品
12-27 10:48:34.885  1883  1883 E USBTransferUtil: 当前可用 usb 设备数量: 0
12-27 10:48:35.278  1883  9679 E innerRecognize: recognizeByFilter2
12-27 10:48:35.278  1883  9679 E recognize: 362ms   /storage/emulated/0/shifang/ai_dish/image/20231227/e93deca1-27e9-4447-be26-b5b1ad324b5d.jpg  
12-27 10:48:35.312  1883  1883 E resultDishCount: 2 个菜品
12-27 10:48:36.989  1883  1883 E USBTransferUtil: 当前可用 usb 设备数量: 0
12-27 10:48:37.391  1883  9685 E innerRecognize: recognizeByFilter2
12-27 10:48:37.391  1883  9685 E recognize: 364ms   /storage/emulated/0/shifang/ai_dish/image/20231227/d7f28ce3-b89c-4987-b28d-214f19dcaff9.jpg  
12-27 10:48:37.453  1883  1883 E resultDishCount: 2 个菜品
12-27 10:48:39.103  1883  1883 E USBTransferUtil: 当前可用 usb 设备数量: 0
12-27 10:48:39.521  1883  9369 E innerRecognize: recognizeByFilter2
12-27 10:48:39.521  1883  9369 E recognize: 382ms   /storage/emulated/0/shifang/ai_dish/image/20231227/22c61592-346c-4ea8-9e1e-939a8bfae4fe.jpg  
12-27 10:48:39.556  1883  1883 E resultDishCount: 2 个菜品
12-27 10:48:41.206  1883  1883 E USBTransferUtil: 当前可用 usb 设备数量: 0
12-27 10:48:41.714  1883  9385 E innerRecognize: recognizeByFilter3
12-27 10:48:41.714  1883  9385 E recognize: 484ms   /storage/emulated/0/shifang/ai_dish/image/20231227/1a8a895e-5b7b-468c-bfdb-45fbb00ffc0b.jpg  
12-27 10:48:41.757  1883  1883 E resultDishCount: 3 个菜品
12-27 10:48:43.411  1883  1883 E USBTransferUtil: 当前可用 usb 设备数量: 0
12-27 10:48:43.767  1883  9597 E innerRecognize: recognizeByFilter2
12-27 10:48:43.767  1883  9597 E recognize: 330ms   /storage/emulated/0/shifang/ai_dish/image/20231227/48b31d48-d371-46f8-84aa-1f8664c3c63f.jpg  
12-27 10:48:43.816  1883  1883 E resultDishCount: 2 个菜品
12-27 10:48:45.483  1883  1883 E USBTransferUtil: 当前可用 usb 设备数量: 0
12-27 10:48:45.864  1883  9598 E innerRecognize: recognizeByFilter2
12-27 10:48:45.864  1883  9598 E recognize: 348ms   /storage/emulated/0/shifang/ai_dish/image/20231227/5d38f912-0f34-4c22-81d6-e0c720db8edc.jpg  
12-27 10:48:45.916  1883  1883 E resultDishCount: 2 个菜品
12-27 10:48:47.581  1883  1883 E USBTransferUtil: 当前可用 usb 设备数量: 0
12-27 10:48:48.012  1883  9611 E innerRecognize: recognizeByFilter2
12-27 10:48:48.012  1883  9611 E recognize: 394ms   /storage/emulated/0/shifang/ai_dish/image/20231227/46d661e1-c964-4603-9606-9113a1c7760d.jpg  
12-27 10:48:48.057  1883  1883 E resultDishCount: 2 个菜品
12-27 10:48:49.719  1883  1883 E USBTransferUtil: 当前可用 usb 设备数量: 0
12-27 10:48:50.177  1883  9617 E innerRecognize: recognizeByFilter2
12-27 10:48:50.177  1883  9617 E recognize: 416ms   /storage/emulated/0/shifang/ai_dish/image/20231227/b4fbe27c-da8c-4c47-818b-f9e646d2ed41.jpg  
12-27 10:48:50.244  1883  1883 E resultDishCount: 2 个菜品
12-27 10:48:50.865  1883  1883 E USBTransferUtil: 当前可用 usb 设备数量: 0
12-27 10:48:51.312  1883  9623 E innerRecognize: recognizeByFilter2
12-27 10:48:51.312  1883  9623 E recognize: 412ms   /storage/emulated/0/shifang/ai_dish/image/20231227/a5770ea7-c6da-473a-af64-3067e8dd9f9d.jpg  
12-27 10:48:51.348  1883  1883 E resultDishCount: 2 个菜品
12-27 10:48:53.000  1883  1883 E USBTransferUtil: 当前可用 usb 设备数量: 0
12-27 10:48:53.365  1883  9631 E innerRecognize: recognizeByFilter2
12-27 10:48:53.365  1883  9631 E recognize: 341ms   /storage/emulated/0/shifang/ai_dish/image/20231227/cbc2de72-bcd8-4760-bb31-529a386417e8.jpg  
12-27 10:48:53.421  1883  1883 E resultDishCount: 2 个菜品
12-27 10:48:55.081  1883  1883 E USBTransferUtil: 当前可用 usb 设备数量: 0
12-27 10:48:55.510  1883  9636 E innerRecognize: recognizeByFilter2
12-27 10:48:55.510  1883  9636 E recognize: 406ms   /storage/emulated/0/shifang/ai_dish/image/20231227/92b1597c-7c18-4776-8b10-51f0ab6cab3e.jpg  
12-27 10:48:55.550  1883  1883 E resultDishCount: 2 个菜品
12-27 10:48:57.199  1883  1883 E USBTransferUtil: 当前可用 usb 设备数量: 0
12-27 10:48:57.636  1883  9642 E innerRecognize: recognizeByFilter2
12-27 10:48:57.637  1883  9642 E recognize: 399ms   /storage/emulated/0/shifang/ai_dish/image/20231227/9283cf09-909e-4537-b9db-fe494b81d65e.jpg  
12-27 10:48:57.687  1883  1883 E resultDishCount: 2 个菜品
12-27 10:48:59.336  1883  1883 E USBTransferUtil: 当前可用 usb 设备数量: 0
12-27 10:48:59.785  1883  9648 E innerRecognize: recognizeByFilter2
12-27 10:48:59.785  1883  9648 E recognize: 410ms   /storage/emulated/0/shifang/ai_dish/image/20231227/7b0bcbfa-b0db-4680-a17b-5eb9d9eb4eec.jpg  
12-27 10:48:59.824  1883  1883 E resultDishCount: 2 个菜品
12-27 10:49:01.561  1883  1883 E USBTransferUtil: 当前可用 usb 设备数量: 0
12-27 10:49:01.922  1883  9653 E innerRecognize: recognizeByFilter2
12-27 10:49:01.922  1883  9653 E recognize: 336ms   /storage/emulated/0/shifang/ai_dish/image/20231227/4e8306da-b2cf-4c75-b39c-755f3eda1521.jpg  
12-27 10:49:01.967  1883  1883 E resultDishCount: 2 个菜品
12-27 10:49:03.631  1883  1883 E USBTransferUtil: 当前可用 usb 设备数量: 0
12-27 10:49:04.059  1883  9659 E innerRecognize: recognizeByFilter2
12-27 10:49:04.059  1883  9659 E recognize: 394ms   /storage/emulated/0/shifang/ai_dish/image/20231227/7d046d3e-0f43-4097-8e2d-62fc3bbbfd33.jpg  
12-27 10:49:04.091  1883  1883 E resultDishCount: 2 个菜品
12-27 10:49:05.739  1883  1883 E USBTransferUtil: 当前可用 usb 设备数量: 0
12-27 10:49:06.189  1883  9665 E innerRecognize: recognizeByFilter2
12-27 10:49:06.189  1883  9665 E recognize: 418ms   /storage/emulated/0/shifang/ai_dish/image/20231227/14983cb1-8c00-4c81-b32c-cd7f905c9c4b.jpg  
12-27 10:49:06.213  1883  1883 E resultDishCount: 2 个菜品
12-27 10:49:07.882  1883  1883 E USBTransferUtil: 当前可用 usb 设备数量: 0
12-27 10:49:08.304  1883  9673 E innerRecognize: recognizeByFilter2
12-27 10:49:08.304  1883  9673 E recognize: 381ms   /storage/emulated/0/shifang/ai_dish/image/20231227/bac4d0d5-e39e-46d8-9ec6-116f2e8e13ed.jpg  
12-27 10:49:08.353  1883  1883 E resultDishCount: 2 个菜品
12-27 10:49:10.017  1883  1883 E USBTransferUtil: 当前可用 usb 设备数量: 0
12-27 10:49:10.413  1883  9679 E innerRecognize: recognizeByFilter2
12-27 10:49:10.413  1883  9679 E recognize: 358ms   /storage/emulated/0/shifang/ai_dish/image/20231227/3c164703-ec19-4ae1-afa8-bfd7900ea5f1.jpg  
12-27 10:49:10.446  1883  1883 E resultDishCount: 2 个菜品
12-27 10:49:12.124  1883  1883 E USBTransferUtil: 当前可用 usb 设备数量: 0
12-27 10:49:12.561  1883  9685 E innerRecognize: recognizeByFilter2
12-27 10:49:12.561  1883  9685 E recognize: 380ms   /storage/emulated/0/shifang/ai_dish/image/20231227/690cf0e1-d6b0-4d35-957a-faf012727cdd.jpg  
12-27 10:49:12.592  1883  1883 E resultDishCount: 2 个菜品
12-27 10:49:14.239  1883  1883 E USBTransferUtil: 当前可用 usb 设备数量: 0
12-27 10:49:14.646  1883  9369 E innerRecognize: recognizeByFilter2
12-27 10:49:14.646  1883  9369 E recognize: 367ms   /storage/emulated/0/shifang/ai_dish/image/20231227/aa64b8ac-d301-441d-aba5-f87d7040a2d9.jpg  
12-27 10:49:14.684  1883  1883 E resultDishCount: 2 个菜品
12-27 10:49:16.339  1883  1883 E USBTransferUtil: 当前可用 usb 设备数量: 0
12-27 10:49:16.700  1883  9385 E innerRecognize: recognizeByFilter2
12-27 10:49:16.700  1883  9385 E recognize: 339ms   /storage/emulated/0/shifang/ai_dish/image/20231227/0e147c2e-bd15-494d-bc48-4b639f4c29e9.jpg  
12-27 10:49:16.730  1883  1883 E resultDishCount: 2 个菜品
12-27 10:49:18.402  1883  1883 E USBTransferUtil: 当前可用 usb 设备数量: 0
12-27 10:49:18.825  1883  9597 E innerRecognize: recognizeByFilter2
12-27 10:49:18.825  1883  9597 E recognize: 385ms   /storage/emulated/0/shifang/ai_dish/image/20231227/319ac5a7-1fd2-478b-a8a4-c3dd6d95feea.jpg  
12-27 10:49:18.867  1883  1883 E resultDishCount: 2 个菜品
12-27 10:49:20.557  1883  1883 E USBTransferUtil: 当前可用 usb 设备数量: 0
12-27 10:49:20.962  1883  9598 E innerRecognize: recognizeByFilter2
12-27 10:49:20.962  1883  9598 E recognize: 382ms   /storage/emulated/0/shifang/ai_dish/image/20231227/2420aa74-2adb-4130-b8b9-2db1df561259.jpg  
12-27 10:49:20.994  1883  1883 E resultDishCount: 2 个菜品
12-27 10:49:22.482  1883  9305 E syncSubImage: 29 
12-27 10:49:22.656  1883  1883 E USBTransferUtil: 当前可用 usb 设备数量: 0
12-27 10:49:23.028  1883  9611 E innerRecognize: recognizeByFilter2
12-27 10:49:23.028  1883  9611 E recognize: 349ms   /storage/emulated/0/shifang/ai_dish/image/20231227/36b934ad-a4b2-490d-b33e-d7fb5b7e5773.jpg  
12-27 10:49:23.319  1883  1883 E resultDishCount: 2 个菜品
12-27 10:49:24.382  1883  1883 E USBTransferUtil: 当前可用 usb 设备数量: 0
12-27 10:49:24.832  1883  9617 E innerRecognize: recognizeByFilter2
12-27 10:49:24.832  1883  9617 E recognize: 410ms   /storage/emulated/0/shifang/ai_dish/image/20231227/30d68562-a499-4e47-b6c6-681013f5cc8a.jpg  
12-27 10:49:24.881  1883  1883 E resultDishCount: 2 个菜品
12-27 10:49:26.574  1883  1883 E USBTransferUtil: 当前可用 usb 设备数量: 0
12-27 10:49:26.966  1883  9623 E innerRecognize: recognizeByFilter2
12-27 10:49:26.966  1883  9623 E recognize: 342ms   /storage/emulated/0/shifang/ai_dish/image/20231227/6beb3d96-6a1d-410e-b7b1-ba477262f275.jpg  
12-27 10:49:26.999  1883  1883 E resultDishCount: 2 个菜品
12-27 10:49:28.678  1883  1883 E USBTransferUtil: 当前可用 usb 设备数量: 0
12-27 10:49:29.099  1883  9631 E innerRecognize: recognizeByFilter2
12-27 10:49:29.099  1883  9631 E recognize: 373ms   /storage/emulated/0/shifang/ai_dish/image/20231227/0ce86b27-9ff6-41d2-880e-c5e3584ad3f4.jpg  
12-27 10:49:29.144  1883  1883 E resultDishCount: 2 个菜品
12-27 10:49:30.794  1883  1883 E USBTransferUtil: 当前可用 usb 设备数量: 0
12-27 10:49:31.197  1883  9636 E innerRecognize: recognizeByFilter2
12-27 10:49:31.197  1883  9636 E recognize: 375ms   /storage/emulated/0/shifang/ai_dish/image/20231227/421c9ca4-c062-440a-8747-d1ab7c7a22b9.jpg  
12-27 10:49:31.232  1883  1883 E resultDishCount: 2 个菜品
12-27 10:49:32.926  1883  1883 E USBTransferUtil: 当前可用 usb 设备数量: 0
12-27 10:49:33.379  1883  9642 E innerRecognize: recognizeByFilter2
12-27 10:49:33.379  1883  9642 E recognize: 431ms   /storage/emulated/0/shifang/ai_dish/image/20231227/29cc881c-3cf7-4828-bec2-822978ed773c.jpg  
12-27 10:49:33.429  1883  1883 E resultDishCount: 2 个菜品
12-27 10:49:35.080  1883  1883 E USBTransferUtil: 当前可用 usb 设备数量: 0
12-27 10:49:35.466  1883  9648 E innerRecognize: recognizeByFilter2
12-27 10:49:35.466  1883  9648 E recognize: 362ms   /storage/emulated/0/shifang/ai_dish/image/20231227/3b0bb269-9d24-400b-a90b-0dcf150609af.jpg  
12-27 10:49:35.500  1883  1883 E resultDishCount: 2 个菜品
12-27 10:49:37.169  1883  1883 E USBTransferUtil: 当前可用 usb 设备数量: 0
12-27 10:49:37.602  1883  9653 E innerRecognize: recognizeByFilter2
12-27 10:49:37.602  1883  9653 E recognize: 386ms   /storage/emulated/0/shifang/ai_dish/image/20231227/c8e205fe-f5b7-482e-b9dd-ee9347bc829b.jpg  
12-27 10:49:37.628  1883  1883 E resultDishCount: 2 个菜品
12-27 10:49:39.283  1883  1883 E USBTransferUtil: 当前可用 usb 设备数量: 0
12-27 10:49:39.713  1883  9659 E innerRecognize: recognizeByFilter2
12-27 10:49:39.713  1883  9659 E recognize: 391ms   /storage/emulated/0/shifang/ai_dish/image/20231227/8d634107-1f31-4612-972e-9a3b8f277f92.jpg  
12-27 10:49:39.764  1883  1883 E resultDishCount: 2 个菜品
12-27 10:49:41.457  1883  1883 E USBTransferUtil: 当前可用 usb 设备数量: 0
12-27 10:49:42.042  1883  9665 E innerRecognize: recognizeByFilter3
12-27 10:49:42.042  1883  9665 E recognize: 544ms   /storage/emulated/0/shifang/ai_dish/image/20231227/da0ba377-6b44-4b64-aa81-41a0d69a087b.jpg  
12-27 10:49:42.070  1883  1883 E resultDishCount: 3 个菜品
12-27 10:49:43.126  1883  1883 E USBTransferUtil: 当前可用 usb 设备数量: 0
12-27 10:49:43.525  1883  9673 E innerRecognize: recognizeByFilter2
12-27 10:49:43.525  1883  9673 E recognize: 367ms   /storage/emulated/0/shifang/ai_dish/image/20231227/969e587a-8713-4d53-a716-8875275e4c83.jpg  
12-27 10:49:43.561  1883  1883 E resultDishCount: 2 个菜品
12-27 10:49:45.249  1883  1883 E USBTransferUtil: 当前可用 usb 设备数量: 0
12-27 10:49:45.668  1883  9679 E innerRecognize: recognizeByFilter2
12-27 10:49:45.668  1883  9679 E recognize: 377ms   /storage/emulated/0/shifang/ai_dish/image/20231227/94a9eefd-e787-41ea-b054-42ebc51fbe94.jpg  
12-27 10:49:45.713  1883  1883 E resultDishCount: 2 个菜品
12-27 10:49:47.440  1883  1883 E USBTransferUtil: 当前可用 usb 设备数量: 0
12-27 10:49:47.901  1883  9685 E innerRecognize: recognizeByFilter2
12-27 10:49:47.902  1883  9685 E recognize: 436ms   /storage/emulated/0/shifang/ai_dish/image/20231227/3ef89c49-a126-466d-9123-0ecb106f419e.jpg  
12-27 10:49:47.960  1883  1883 E resultDishCount: 2 个菜品
12-27 10:49:49.605  1883  1883 E USBTransferUtil: 当前可用 usb 设备数量: 0
12-27 10:49:49.997  1883  9369 E innerRecognize: recognizeByFilter2
12-27 10:49:49.997  1883  9369 E recognize: 364ms   /storage/emulated/0/shifang/ai_dish/image/20231227/6ee9eeb5-d1c7-46f3-b977-f1634fd45ed2.jpg  
12-27 10:49:50.024  1883  1883 E resultDishCount: 2 个菜品
12-27 10:49:51.706  1883  1883 E USBTransferUtil: 当前可用 usb 设备数量: 0
12-27 10:49:52.116  1883  9385 E innerRecognize: recognizeByFilter2
12-27 10:49:52.116  1883  9385 E recognize: 385ms   /storage/emulated/0/shifang/ai_dish/image/20231227/7a1939de-8d55-4449-8676-419acf0a80f2.jpg  
12-27 10:49:52.151  1883  1883 E resultDishCount: 2 个菜品
12-27 10:49:53.814  1883  1883 E USBTransferUtil: 当前可用 usb 设备数量: 0
12-27 10:49:54.230  1883  9597 E innerRecognize: recognizeByFilter2
12-27 10:49:54.230  1883  9597 E recognize: 368ms   /storage/emulated/0/shifang/ai_dish/image/20231227/6c72fdd8-fae1-4ce2-ae8c-8952082b7b46.jpg  
12-27 10:49:54.257  1883  1883 E resultDishCount: 2 个菜品
12-27 10:49:55.931  1883  1883 E USBTransferUtil: 当前可用 usb 设备数量: 0
12-27 10:49:56.373  1883  9598 E innerRecognize: recognizeByFilter2
12-27 10:49:56.373  1883  9598 E recognize: 395ms   /storage/emulated/0/shifang/ai_dish/image/20231227/b85756a4-c2ba-4bf3-b337-d2b23d7efcb9.jpg  
12-27 10:49:56.407  1883  1883 E resultDishCount: 2 个菜品
12-27 10:49:58.044  1883  1883 E USBTransferUtil: 当前可用 usb 设备数量: 0
12-27 10:49:58.542  1883  9611 E innerRecognize: recognizeByFilter2
12-27 10:49:58.542  1883  9611 E recognize: 463ms   /storage/emulated/0/shifang/ai_dish/image/20231227/89e7912e-a1eb-454e-98e8-e58240b8fc08.jpg  
12-27 10:49:58.594  1883  1883 E resultDishCount: 2 个菜品
12-27 10:50:00.650  1883  1883 E USBTransferUtil: 当前可用 usb 设备数量: 0
12-27 10:50:01.028  1883  9617 E innerRecognize: recognizeByFilter2
12-27 10:50:01.028  1883  9617 E recognize: 347ms   /storage/emulated/0/shifang/ai_dish/image/20231227/496ee007-f047-4a5c-a1bd-804670a1245d.jpg  
12-27 10:50:01.088  1883  1883 E resultDishCount: 2 个菜品
12-27 10:50:02.753  1883  1883 E USBTransferUtil: 当前可用 usb 设备数量: 0
12-27 10:50:03.201  1883  9623 E innerRecognize: recognizeByFilter2
12-27 10:50:03.201  1883  9623 E recognize: 399ms   /storage/emulated/0/shifang/ai_dish/image/20231227/765d579d-10c8-4331-aa57-68a845469f6b.jpg  
12-27 10:50:03.229  1883  1883 E resultDishCount: 2 个菜品
12-27 10:50:04.901  1883  1883 E USBTransferUtil: 当前可用 usb 设备数量: 0
12-27 10:50:05.294  1883  9631 E innerRecognize: recognizeByFilter2
12-27 10:50:05.294  1883  9631 E recognize: 362ms   /storage/emulated/0/shifang/ai_dish/image/20231227/2204f487-8a2d-40ea-9658-56d39820b0fa.jpg  
12-27 10:50:05.329  1883  1883 E resultDishCount: 2 个菜品
12-27 10:50:07.002  1883  1883 E USBTransferUtil: 当前可用 usb 设备数量: 0
12-27 10:50:07.392  1883  9636 E innerRecognize: recognizeByFilter2
12-27 10:50:07.392  1883  9636 E recognize: 364ms   /storage/emulated/0/shifang/ai_dish/image/20231227/0009a3f4-d938-4269-9fdc-397d92cef3cd.jpg  
12-27 10:50:07.437  1883  1883 E resultDishCount: 2 个菜品
12-27 10:50:09.084  1883  1883 E USBTransferUtil: 当前可用 usb 设备数量: 0
12-27 10:50:09.535  1883  9642 E innerRecognize: recognizeByFilter2
12-27 10:50:09.535  1883  9642 E recognize: 415ms   /storage/emulated/0/shifang/ai_dish/image/20231227/5862509d-17b3-4c61-b8df-e4e3909752d4.jpg  
12-27 10:50:09.572  1883  1883 E resultDishCount: 2 个菜品
12-27 10:50:11.220  1883  1883 E USBTransferUtil: 当前可用 usb 设备数量: 0
12-27 10:50:11.625  1883  9648 E innerRecognize: recognizeByFilter2
12-27 10:50:11.625  1883  9648 E recognize: 382ms   /storage/emulated/0/shifang/ai_dish/image/20231227/35a7e744-5da3-4cd8-bb01-960810091c21.jpg  
12-27 10:50:11.673  1883  1883 E resultDishCount: 2 个菜品
12-27 10:50:13.321  1883  1883 E USBTransferUtil: 当前可用 usb 设备数量: 0
12-27 10:50:13.724  1883  9653 E innerRecognize: recognizeByFilter2
12-27 10:50:13.725  1883  9653 E recognize: 380ms   /storage/emulated/0/shifang/ai_dish/image/20231227/9b23ea08-a2ac-40fb-bba7-3de6febe3d82.jpg  
12-27 10:50:13.767  1883  1883 E resultDishCount: 2 个菜品
12-27 10:50:15.422  1883  1883 E USBTransferUtil: 当前可用 usb 设备数量: 0
12-27 10:50:15.845  1883  9659 E innerRecognize: recognizeByFilter2
12-27 10:50:15.845  1883  9659 E recognize: 386ms   /storage/emulated/0/shifang/ai_dish/image/20231227/e8a89024-73ac-4490-bcfa-bcb43cab7a78.jpg  
12-27 10:50:15.893  1883  1883 E resultDishCount: 2 个菜品
12-27 10:50:17.540  1883  1883 E USBTransferUtil: 当前可用 usb 设备数量: 0
12-27 10:50:17.935  1883  9665 E innerRecognize: recognizeByFilter2
12-27 10:50:17.935  1883  9665 E recognize: 372ms   /storage/emulated/0/shifang/ai_dish/image/20231227/02368ade-cfd3-4a74-aa83-27d233323f17.jpg  
12-27 10:50:17.968  1883  1883 E resultDishCount: 2 个菜品
12-27 10:50:19.627  1883  1883 E USBTransferUtil: 当前可用 usb 设备数量: 0
12-27 10:50:20.059  1883  9673 E innerRecognize: recognizeByFilter2
12-27 10:50:20.059  1883  9673 E recognize: 373ms   /storage/emulated/0/shifang/ai_dish/image/20231227/4c95cf12-3294-4491-815d-9f3c9fe336f7.jpg  
12-27 10:50:20.124  1883  1883 E resultDishCount: 2 个菜品
12-27 10:50:21.782  1883  1883 E USBTransferUtil: 当前可用 usb 设备数量: 0
12-27 10:50:22.199  1883  9679 E innerRecognize: recognizeByFilter2
12-27 10:50:22.199  1883  9679 E recognize: 368ms   /storage/emulated/0/shifang/ai_dish/image/20231227/edc40c02-3414-4569-8753-7804e2a3a831.jpg  
12-27 10:50:22.243  1883  1883 E resultDishCount: 2 个菜品
12-27 10:50:23.317  1883  9305 E syncSubImage: 29 
12-27 10:50:23.878  1883  1883 E USBTransferUtil: 当前可用 usb 设备数量: 0
12-27 10:50:24.281  1883  9685 E innerRecognize: recognizeByFilter2
12-27 10:50:24.281  1883  9685 E recognize: 380ms   /storage/emulated/0/shifang/ai_dish/image/20231227/7ec4d215-9b66-45d3-87bc-4ec106d9cf50.jpg  
12-27 10:50:24.313  1883  1883 E resultDishCount: 2 个菜品
12-27 10:50:26.002  1883  1883 E USBTransferUtil: 当前可用 usb 设备数量: 0
12-27 10:50:26.446  1883  9369 E innerRecognize: recognizeByFilter2
12-27 10:50:26.446  1883  9369 E recognize: 400ms   /storage/emulated/0/shifang/ai_dish/image/20231227/d2c50a9f-2bf3-48f8-b809-e5d790f9c044.jpg  
12-27 10:50:26.478  1883  1883 E resultDishCount: 2 个菜品
12-27 10:50:28.150  1883  1883 E USBTransferUtil: 当前可用 usb 设备数量: 0
12-27 10:50:28.524  1883  9385 E innerRecognize: recognizeByFilter2
12-27 10:50:28.524  1883  9385 E recognize: 350ms   /storage/emulated/0/shifang/ai_dish/image/20231227/e0f20474-ffbe-4dac-8b42-a3a6e6862931.jpg  
12-27 10:50:28.561  1883  1883 E resultDishCount: 2 个菜品
12-27 10:50:30.203  1883  1883 E USBTransferUtil: 当前可用 usb 设备数量: 0
12-27 10:50:30.615  1883  9597 E innerRecognize: recognizeByFilter2
12-27 10:50:30.615  1883  9597 E recognize: 366ms   /storage/emulated/0/shifang/ai_dish/image/20231227/b1d75d87-ef2e-4b47-ac40-47b1caac197b.jpg  
12-27 10:50:30.668  1883  1883 E resultDishCount: 2 个菜品
12-27 10:50:32.333  1883  1883 E USBTransferUtil: 当前可用 usb 设备数量: 0
12-27 10:50:32.761  1883  9598 E innerRecognize: recognizeByFilter2
12-27 10:50:32.761  1883  9598 E recognize: 392ms   /storage/emulated/0/shifang/ai_dish/image/20231227/a658f853-1f36-4a40-a70a-fd2316f9dfb0.jpg  
12-27 10:50:32.798  1883  1883 E resultDishCount: 2 个菜品
12-27 10:50:34.471  1883  1883 E USBTransferUtil: 当前可用 usb 设备数量: 0
12-27 10:50:34.880  1883  9611 E innerRecognize: recognizeByFilter2
12-27 10:50:34.880  1883  9611 E recognize: 374ms   /storage/emulated/0/shifang/ai_dish/image/20231227/54b004c9-f106-481e-9d3a-f73edfd298e9.jpg  
12-27 10:50:34.918  1883  1883 E resultDishCount: 2 个菜品
12-27 10:50:36.570  1883  1883 E USBTransferUtil: 当前可用 usb 设备数量: 0
12-27 10:50:36.958  1883  9617 E innerRecognize: recognizeByFilter2
12-27 10:50:36.958  1883  9617 E recognize: 347ms   /storage/emulated/0/shifang/ai_dish/image/20231227/8fbeb9aa-701f-4564-b77d-ba2de794011e.jpg  
12-27 10:50:36.993  1883  1883 E resultDishCount: 2 个菜品
12-27 10:50:38.635  1883  1883 E USBTransferUtil: 当前可用 usb 设备数量: 0
12-27 10:50:39.052  1883  9623 E innerRecognize: recognizeByFilter2
12-27 10:50:39.052  1883  9623 E recognize: 383ms   /storage/emulated/0/shifang/ai_dish/image/20231227/90d3a6c3-ebf4-4451-bca3-d92b3cae6d1a.jpg  
12-27 10:50:39.081  1883  1883 E resultDishCount: 2 个菜品
12-27 10:50:40.736  1883  1883 E USBTransferUtil: 当前可用 usb 设备数量: 0
12-27 10:50:41.142  1883  9631 E innerRecognize: recognizeByFilter2
12-27 10:50:41.142  1883  9631 E recognize: 385ms   /storage/emulated/0/shifang/ai_dish/image/20231227/5c6adb57-a238-440a-8a69-766b9486fd0e.jpg  
12-27 10:50:41.172  1883  1883 E resultDishCount: 2 个菜品
12-27 10:50:42.842  1883  1883 E USBTransferUtil: 当前可用 usb 设备数量: 0
12-27 10:50:43.280  1883  9636 E innerRecognize: recognizeByFilter2
12-27 10:50:43.280  1883  9636 E recognize: 394ms   /storage/emulated/0/shifang/ai_dish/image/20231227/d829b200-c026-4e66-8dd9-d60d08cd4480.jpg  
12-27 10:50:43.306  1883  1883 E resultDishCount: 2 个菜品
12-27 10:50:44.954  1883  1883 E USBTransferUtil: 当前可用 usb 设备数量: 0
12-27 10:50:45.457  1883  9642 E innerRecognize: recognizeByFilter2
12-27 10:50:45.457  1883  9642 E recognize: 461ms   /storage/emulated/0/shifang/ai_dish/image/20231227/7b19b527-93d0-49d1-b054-a5d7cad637e0.jpg  
12-27 10:50:45.508  1883  1883 E resultDishCount: 2 个菜品
12-27 10:50:47.165  1883  1883 E USBTransferUtil: 当前可用 usb 设备数量: 0
12-27 10:50:47.729  1883  9648 E innerRecognize: recognizeByFilter3
12-27 10:50:47.729  1883  9648 E recognize: 519ms   /storage/emulated/0/shifang/ai_dish/image/20231227/058cd72c-d7d2-4650-8b58-7f7c2ae5f3c6.jpg  
12-27 10:50:47.770  1883  1883 E resultDishCount: 3 个菜品
12-27 10:50:49.407  1883  1883 E USBTransferUtil: 当前可用 usb 设备数量: 0
12-27 10:50:49.811  1883  9653 E innerRecognize: recognizeByFilter2
12-27 10:50:49.811  1883  9653 E recognize: 371ms   /storage/emulated/0/shifang/ai_dish/image/20231227/78f0ed91-d393-410f-a128-70a1ee8cedac.jpg  
12-27 10:50:49.840  1883  1883 E resultDishCount: 2 个菜品
12-27 10:50:51.532  1883  1883 E USBTransferUtil: 当前可用 usb 设备数量: 0
12-27 10:50:51.988  1883  9659 E innerRecognize: recognizeByFilter2
12-27 10:50:51.988  1883  9659 E recognize: 412ms   /storage/emulated/0/shifang/ai_dish/image/20231227/fe380c28-9480-48e1-ab5f-60d823caa731.jpg  
12-27 10:50:52.015  1883  1883 E resultDishCount: 2 个菜品
12-27 10:50:53.661  1883  1883 E USBTransferUtil: 当前可用 usb 设备数量: 0
12-27 10:50:54.079  1883  9665 E innerRecognize: recognizeByFilter2
12-27 10:50:54.079  1883  9665 E recognize: 396ms   /storage/emulated/0/shifang/ai_dish/image/20231227/c164c2db-a6bd-49fc-8fad-0471ca7557e9.jpg  
12-27 10:50:54.108  1883  1883 E resultDishCount: 2 个菜品
12-27 10:50:55.787  1883  1883 E USBTransferUtil: 当前可用 usb 设备数量: 0
12-27 10:50:56.186  1883  9673 E innerRecognize: recognizeByFilter2
12-27 10:50:56.186  1883  9673 E recognize: 367ms   /storage/emulated/0/shifang/ai_dish/image/20231227/5204333a-418f-4613-95bb-d50d72053227.jpg  
12-27 10:50:56.210  1883  1883 E resultDishCount: 2 个菜品
12-27 10:50:57.885  1883  1883 E USBTransferUtil: 当前可用 usb 设备数量: 0
12-27 10:50:58.319  1883  9679 E innerRecognize: recognizeByFilter2
12-27 10:50:58.319  1883  9679 E recognize: 394ms   /storage/emulated/0/shifang/ai_dish/image/20231227/05862f91-38a2-4a94-b1b9-9742760bcb25.jpg  
12-27 10:50:58.346  1883  1883 E resultDishCount: 2 个菜品
12-27 10:51:00.020  1883  1883 E USBTransferUtil: 当前可用 usb 设备数量: 0
12-27 10:51:00.461  1883  9685 E innerRecognize: recognizeByFilter2
12-27 10:51:00.461  1883  9685 E recognize: 399ms   /storage/emulated/0/shifang/ai_dish/image/20231227/e334fabc-44be-4be7-964f-3245ad88f4dd.jpg  
12-27 10:51:00.486  1883  1883 E resultDishCount: 2 个菜品
12-27 10:51:02.141  1883  1883 E USBTransferUtil: 当前可用 usb 设备数量: 0
12-27 10:51:02.595  1883  9369 E innerRecognize: recognizeByFilter2
12-27 10:51:02.595  1883  9369 E recognize: 393ms   /storage/emulated/0/shifang/ai_dish/image/20231227/822efbe5-2c0b-4aa8-8635-61059ac8286d.jpg  
12-27 10:51:02.622  1883  1883 E resultDishCount: 2 个菜品
12-27 10:51:04.273  1883  1883 E USBTransferUtil: 当前可用 usb 设备数量: 0
12-27 10:51:04.722  1883  9385 E innerRecognize: recognizeByFilter2
12-27 10:51:04.722  1883  9385 E recognize: 412ms   /storage/emulated/0/shifang/ai_dish/image/20231227/914c4bcd-cc18-4b6b-a4cf-d70d18ae3797.jpg  
12-27 10:51:04.782  1883  1883 E resultDishCount: 2 个菜品
12-27 10:51:06.482  1883  1883 E USBTransferUtil: 当前可用 usb 设备数量: 0
12-27 10:51:06.924  1883  9597 E innerRecognize: recognizeByFilter2
12-27 10:51:06.925  1883  9597 E recognize: 404ms   /storage/emulated/0/shifang/ai_dish/image/20231227/0af5aea9-1b7d-4b26-a142-4550b382a828.jpg  
12-27 10:51:06.962  1883  1883 E resultDishCount: 2 个菜品
12-27 10:51:08.621  1883  1883 E USBTransferUtil: 当前可用 usb 设备数量: 0
12-27 10:51:09.035  1883  9598 E innerRecognize: recognizeByFilter2
12-27 10:51:09.035  1883  9598 E recognize: 370ms   /storage/emulated/0/shifang/ai_dish/image/20231227/f9623607-ffa9-45cf-be3d-e15084c6f830.jpg  
12-27 10:51:09.081  1883  1883 E resultDishCount: 2 个菜品
12-27 10:51:10.735  1883  1883 E USBTransferUtil: 当前可用 usb 设备数量: 0
12-27 10:51:11.148  1883  9611 E innerRecognize: recognizeByFilter2
12-27 10:51:11.149  1883  9611 E recognize: 378ms   /storage/emulated/0/shifang/ai_dish/image/20231227/4181e733-cfc1-4b3e-9a32-39ae31015c37.jpg  
12-27 10:51:11.201  1883  1883 E resultDishCount: 2 个菜品
12-27 10:51:12.852  1883  1883 E USBTransferUtil: 当前可用 usb 设备数量: 0
12-27 10:51:13.310  1883  9617 E innerRecognize: recognizeByFilter2
12-27 10:51:13.310  1883  9617 E recognize: 418ms   /storage/emulated/0/shifang/ai_dish/image/20231227/8f370a64-d31a-4f3b-883b-a0977530bd82.jpg  
12-27 10:51:13.336  1883  1883 E resultDishCount: 2 个菜品
12-27 10:51:15.008  1883  1883 E USBTransferUtil: 当前可用 usb 设备数量: 0
12-27 10:51:15.419  1883  9623 E innerRecognize: recognizeByFilter2
12-27 10:51:15.419  1883  9623 E recognize: 377ms   /storage/emulated/0/shifang/ai_dish/image/20231227/84c7f32a-a60a-4246-8f7b-c06821ce3965.jpg  
12-27 10:51:15.455  1883  1883 E resultDishCount: 2 个菜品
12-27 10:51:17.109  1883  1883 E USBTransferUtil: 当前可用 usb 设备数量: 0
12-27 10:51:17.509  1883  9631 E innerRecognize: recognizeByFilter2
12-27 10:51:17.509  1883  9631 E recognize: 369ms   /storage/emulated/0/shifang/ai_dish/image/20231227/81e2d2a6-6705-43cb-ba00-45f39357a50c.jpg  
12-27 10:51:17.539  1883  1883 E resultDishCount: 2 个菜品
12-27 10:51:19.190  1883  1883 E USBTransferUtil: 当前可用 usb 设备数量: 0
12-27 10:51:19.637  1883  9636 E innerRecognize: recognizeByFilter2
12-27 10:51:19.637  1883  9636 E recognize: 393ms   /storage/emulated/0/shifang/ai_dish/image/20231227/26d547a3-230a-429e-9750-4181879edf1a.jpg  
12-27 10:51:19.692  1883  1883 E resultDishCount: 2 个菜品
12-27 10:51:21.347  1883  1883 E USBTransferUtil: 当前可用 usb 设备数量: 0
12-27 10:51:21.747  1883  9642 E innerRecognize: recognizeByFilter2
12-27 10:51:21.747  1883  9642 E recognize: 356ms   /storage/emulated/0/shifang/ai_dish/image/20231227/5ceca90c-a10c-4dca-bf4d-142ab1965c8b.jpg  
12-27 10:51:21.794  1883  1883 E resultDishCount: 2 个菜品
12-27 10:51:23.464  1883  1883 E USBTransferUtil: 当前可用 usb 设备数量: 0
12-27 10:51:23.875  1883  9648 E innerRecognize: recognizeByFilter2
12-27 10:51:23.875  1883  9648 E recognize: 376ms   /storage/emulated/0/shifang/ai_dish/image/20231227/a3f30d94-4c31-487c-bd69-156895a05939.jpg  
12-27 10:51:23.910  1883  1883 E resultDishCount: 2 个菜品
12-27 10:51:24.208  1883  9305 E syncSubImage: 29 
