12-26 17:32:39.446 11819 14162 E mali_so : encounter the first mali_error : 0x0002 : failed to allocate CPU memory (gles_fb_first_operation_cb at hardware/arm/maliT760/driver/product/gles/src/fb/mali_gles_fb_module_api.c:987)
12-26 17:32:39.446 11819 14162 E BufferQueueProducer: [SurfaceView[com.shifang.aidish.offline/com.shifang.aidish.mvp.ui.DetectCalcActivity]#92(BLAST Consumer)92](id:2e2b00000069,api:0,p:-1,c:11819) dequeueBuffer: BufferQueue has been abandoned
12-26 17:32:39.446 11819 14164 E BufferQueueProducer: [SurfaceView[]#93(BLAST Consumer)93](id:2e2b0000006b,api:0,p:-1,c:11819) dequeueBuffer: BufferQueue has no connected producer
12-26 17:32:39.446 11819 14164 E mali_so : encounter the first mali_error : 0x0002 : failed to allocate CPU memory (gles_fb_first_operation_cb at hardware/arm/maliT760/driver/product/gles/src/fb/mali_gles_fb_module_api.c:987)
12-26 17:32:39.446 11819 14164 E BufferQueueProducer: [SurfaceView[]#93(BLAST Consumer)93](id:2e2b0000006b,api:0,p:-1,c:11819) dequeueBuffer: BufferQueue has no connected producer
12-26 17:32:39.448 11819 14164 E BufferQueueProducer: [SurfaceView[]#93(BLAST Consumer)93](id:2e2b0000006b,api:0,p:-1,c:11819) disconnect: not connected (req=1)
12-26 17:32:39.507 11819 11819 E language: ch
12-26 17:32:39.585 11819 11819 E parseDishTag: 非标品
12-26 17:32:39.590 11819 14183 E showDishScheduleByDateList: {"breakfast":[],"date":"2023-12-26","lunch":[],"supper":[{"checkColor":false,"checkPlateArea":false,"checkShape":false,"classId":0,"confidence":1.0,"discount":0.0,"id":1,"imageId":"3c9cfba3e7a644c9808acf704fe899df","name":"[新菜1]","price":2.0,"tag":"非标品","weight":150}]}
12-26 17:32:40.003 11819 14178 E innerRecognize: recognizeByFilter6
12-26 17:32:40.003 11819 14178 E recognize: 549ms   /storage/emulated/0/shifang/ai_dish/image/20231226/674dbea1-0bd7-47fb-a1bb-6564625e79c0.jpg  
12-26 17:32:40.593 11819 11819 E setDishInfo: {"checkColor":false,"checkPlateArea":false,"checkShape":false,"classId":0,"confidence":1.0,"discount":0.0,"id":1,"imageId":"3c9cfba3e7a644c9808acf704fe899df","name":"[新菜1]","price":2.0,"tag":"非标品","weight":150}
12-26 17:32:42.896 11819 12368 E syncSubImage: 1 
12-26 17:33:29.125 11819 11907 E syncSubImage: 0 
12-26 17:33:29.129 11819 11898 E syncSubImage: 0 
12-26 17:33:42.968 11819 12368 E syncSubImage: 0 
12-26 17:34:29.150 11819 11907 E syncSubImage: 0 
12-26 17:34:29.162 11819 11898 E syncSubImage: 0 
12-26 17:34:42.995 11819 12368 E syncSubImage: 0 
12-26 17:35:29.189 11819 11898 E syncSubImage: 0 
12-26 17:35:29.191 11819 11907 E syncSubImage: 0 
12-26 17:35:43.017 11819 12368 E syncSubImage: 0 
12-26 17:36:29.221 11819 11907 E syncSubImage: 0 
12-26 17:36:29.223 11819 11898 E syncSubImage: 0 
12-26 17:36:43.040 11819 12368 E syncSubImage: 0 
12-26 17:37:29.253 11819 11898 E syncSubImage: 0 
12-26 17:37:29.256 11819 11907 E syncSubImage: 0 
12-26 17:37:38.812 11819 11908 E ZyTkPaymentProvider__getAccessTokenRequest_exception: com.shifang.lib_sf_rxhttp.exception.ApiException: 连接超时  http://23.52.99.15:8087/api/token?appid=9DD8666A2F4E87D042C2071CD590BB38&appsecret=8B2DCAC4DD8ECA9E2CE14E949F31B18F
12-26 17:37:43.060 11819 12368 E syncSubImage: 0 
12-26 17:37:43.931 11819 11819 E setDishInfo: {"checkColor":false,"checkPlateArea":false,"checkShape":false,"classId":0,"confidence":1.0,"discount":0.0,"id":1,"imageId":"3c9cfba3e7a644c9808acf704fe899df","name":"[新菜1]","price":2.0,"tag":"非标品","weight":150}
12-26 17:38:29.275 11819 11898 E syncSubImage: 0 
12-26 17:38:29.278 11819 11907 E syncSubImage: 0 
12-26 17:38:43.079 11819 12368 E syncSubImage: 0 
12-26 17:39:29.303 11819 11907 E syncSubImage: 0 
12-26 17:39:29.306 11819 11898 E syncSubImage: 0 
12-26 17:39:43.104 11819 12368 E syncSubImage: 0 
12-26 17:40:29.333 11819 11898 E syncSubImage: 0 
12-26 17:40:29.334 11819 11907 E syncSubImage: 0 
12-26 17:40:43.126 11819 12368 E syncSubImage: 0 
12-26 17:41:29.360 11819 11907 E syncSubImage: 0 
12-26 17:41:29.364 11819 11898 E syncSubImage: 0 
12-26 17:41:40.568 11819 11908 E ZyTkPaymentProvider__getCurrentNewPhotoId_Exception: com.shifang.lib_sf_rxhttp.exception.ApiException: 连接超时    http://23.52.99.15:8087/api/common/systemdocking/getaccphotofixid?access_token=
12-26 17:41:40.572 11819 11908 E ZyTkPaymentProvider__updateFace:   0  100  0
12-26 17:41:43.146 11819 12368 E syncSubImage: 0 
12-26 17:42:29.384 11819 11898 E syncSubImage: 0 
12-26 17:42:29.391 11819 11907 E syncSubImage: 0 
12-26 17:42:43.173 11819 12368 E syncSubImage: 0 
12-26 17:43:29.409 11819 11898 E syncSubImage: 0 
12-26 17:43:29.417 11819 11907 E syncSubImage: 0 
12-26 17:43:43.196 11819 12368 E syncSubImage: 0 
12-26 17:44:29.442 11819 11898 E syncSubImage: 0 
12-26 17:44:29.443 11819 11907 E syncSubImage: 0 
12-26 17:44:43.213 11819 12368 E syncSubImage: 0 
12-26 17:45:14.743 11819 11819 E TradeOrderPresenter__doSearchTradeOrder  srcUserName:  
12-26 17:45:14.743 11819 11819 E getTradeOrders:       2023-12-26 00:00:00 2023-12-26 17:48:59
12-26 17:45:14.747 11819 11819 E findTraderOrders: 1   1
12-26 17:45:14.749 11819 11819 E doSearchTradeOrder: 1  1  
12-26 17:45:14.752 11819 11819 E USBTransferUtil: 当前可用 usb 设备数量: 0
12-26 17:45:14.810 11819 14950 E ywl5320 : fbo success
12-26 17:45:14.810 11819 14950 E mali_so : encounter the first gles_error : 0x0001; gles_state_error_info : <param> is not an accepted value (gles_texturep_tex_parameteri_input_param_validation at hardware/arm/maliT760/driver/product/gles/src/texture/mali_gles_texture_helpers.c:1095)
12-26 17:45:15.552 11819 11819 E USBTransferUtil: 当前可用 usb 设备数量: 0
12-26 17:45:16.292 11819 14966 E innerRecognize: recognizeByFilter5
12-26 17:45:16.292 11819 14966 E recognize: 478ms   /storage/emulated/0/shifang/ai_dish/image/20231226/a67b8ea9-c44d-43de-b08e-ae535dd96e0a.jpg  
12-26 17:45:16.365 11819 11819 E resultDishCount: 5 个菜品
12-26 17:45:18.848 11819 11819 E surfaceDestroyed: ------
12-26 17:45:18.848 11819 14950 E BufferQueueProducer: [SurfaceView[com.shifang.aidish.offline/com.shifang.aidish.mvp.ui.DetectCalcActivity]#101(BLAST Consumer)101](id:2e2b00000073,api:0,p:-1,c:11819) dequeueBuffer: BufferQueue has been abandoned
12-26 17:45:18.848 11819 14950 E mali_so : encounter the first mali_error : 0x0002 : failed to allocate CPU memory (gles_fb_first_operation_cb at hardware/arm/maliT760/driver/product/gles/src/fb/mali_gles_fb_module_api.c:987)
12-26 17:45:18.849 11819 14950 E BufferQueueProducer: [SurfaceView[com.shifang.aidish.offline/com.shifang.aidish.mvp.ui.DetectCalcActivity]#101(BLAST Consumer)101](id:2e2b00000073,api:0,p:-1,c:11819) dequeueBuffer: BufferQueue has been abandoned
12-26 17:45:18.849 11819 11819 E surfaceDestroyed: ------
12-26 17:45:18.865 11819 14953 E BufferQueueProducer: [SurfaceView[]#102(BLAST Consumer)102](id:2e2b00000075,api:0,p:-1,c:11819) dequeueBuffer: BufferQueue has been abandoned
12-26 17:45:18.865 11819 14953 E mali_so : encounter the first mali_error : 0x0002 : failed to allocate CPU memory (gles_fb_first_operation_cb at hardware/arm/maliT760/driver/product/gles/src/fb/mali_gles_fb_module_api.c:987)
12-26 17:45:18.865 11819 14953 E BufferQueueProducer: [SurfaceView[]#102(BLAST Consumer)102](id:2e2b00000075,api:0,p:-1,c:11819) dequeueBuffer: BufferQueue has been abandoned
12-26 17:45:18.895 11819 11819 E .aidish.offlin: Invalid ID 0x00000a03.
12-26 17:45:20.672 11819 11819 E .aidish.offlin: Invalid ID 0x00000a03.
12-26 17:45:20.697 11819 14994 E SyncDataService_onStartCommand: false
12-26 17:45:20.698 11819 14994 E PaymentProvider__syncData: 1 
12-26 17:45:29.461 11819 11898 E syncSubImage: 1 
12-26 17:45:29.482 11819 11907 E syncSubImage: 1 
12-26 17:45:43.237 11819 12368 E syncSubImage: 0 
12-26 17:46:29.565 11819 11898 E syncSubImage: 0 
12-26 17:46:29.565 11819 11907 E syncSubImage: 0 
12-26 17:46:42.288 11819 11908 E ZyTkPaymentProvider__getAccessTokenRequest_exception: com.shifang.lib_sf_rxhttp.exception.ApiException: 连接超时  http://23.52.99.15:8087/api/token?appid=9DD8666A2F4E87D042C2071CD590BB38&appsecret=8B2DCAC4DD8ECA9E2CE14E949F31B18F
12-26 17:46:43.262 11819 12368 E syncSubImage: 0 
12-26 17:47:29.594 11819 11898 E syncSubImage: 0 
12-26 17:47:29.596 11819 11907 E syncSubImage: 0 
12-26 17:47:43.290 11819 12368 E syncSubImage: 0 
12-26 17:48:29.626 11819 11898 E syncSubImage: 0 
12-26 17:48:29.630 11819 11907 E syncSubImage: 0 
12-26 17:48:43.305 11819 12368 E syncSubImage: 0 
12-26 17:49:29.645 11819 11898 E syncSubImage: 0 
12-26 17:49:29.650 11819 11907 E syncSubImage: 0 
12-26 17:49:43.330 11819 12368 E syncSubImage: 0 
12-26 17:50:29.674 11819 11898 E syncSubImage: 0 
12-26 17:50:29.681 11819 11907 E syncSubImage: 0 
12-26 17:50:35.522 11819 15308 E SyncDataService_onStartCommand: false
12-26 17:50:35.523 11819 15308 E PaymentProvider__syncData: 1 
12-26 17:50:37.137 11819 11819 E .aidish.offlin: Invalid ID 0x00000a03.
12-26 17:50:43.348 11819 12368 E syncSubImage: 0 
12-26 17:50:44.045 11819 11908 E ZyTkPaymentProvider__getCurrentNewPhotoId_Exception: com.shifang.lib_sf_rxhttp.exception.ApiException: 连接超时    http://23.52.99.15:8087/api/common/systemdocking/getaccphotofixid?access_token=
12-26 17:50:44.049 11819 11908 E ZyTkPaymentProvider__updateFace:   0  100  0
12-26 17:51:29.709 11819 11907 E syncSubImage: 0 
12-26 17:51:29.713 11819 11898 E syncSubImage: 0 
12-26 17:51:43.374 11819 12368 E syncSubImage: 0 
12-26 17:52:29.742 11819 11898 E syncSubImage: 0 
12-26 17:52:29.744 11819 11907 E syncSubImage: 0 
12-26 17:52:43.399 11819 12368 E syncSubImage: 0 
12-26 17:53:08.110 11819 15461 E SyncDataService_onStartCommand: false
12-26 17:53:08.112 11819 15461 E PaymentProvider__syncData: 1 
12-26 17:53:29.775 11819 11907 E syncSubImage: 0 
12-26 17:53:29.777 11819 11898 E syncSubImage: 0 
12-26 17:53:43.422 11819 12368 E syncSubImage: 0 
12-26 17:54:29.804 11819 11907 E syncSubImage: 0 
12-26 17:54:29.805 11819 11898 E syncSubImage: 0 
12-26 17:54:43.440 11819 12368 E syncSubImage: 0 
12-26 17:55:29.836 11819 11907 E syncSubImage: 0 
12-26 17:55:29.837 11819 11898 E syncSubImage: 0 
12-26 17:55:43.464 11819 12368 E syncSubImage: 0 
12-26 17:55:45.788 11819 11908 E ZyTkPaymentProvider__getAccessTokenRequest_exception: com.shifang.lib_sf_rxhttp.exception.ApiException: 连接超时  http://23.52.99.15:8087/api/token?appid=9DD8666A2F4E87D042C2071CD590BB38&appsecret=8B2DCAC4DD8ECA9E2CE14E949F31B18F
12-26 17:56:29.857 11819 11898 E syncSubImage: 0 
12-26 17:56:29.864 11819 11907 E syncSubImage: 0 
12-26 17:56:43.491 11819 12368 E syncSubImage: 0 
12-26 17:57:29.886 11819 11898 E syncSubImage: 0 
12-26 17:57:29.890 11819 11907 E syncSubImage: 0 
12-26 17:57:43.518 11819 12368 E syncSubImage: 0 
12-26 17:58:29.922 11819 11898 E syncSubImage: 0 
12-26 17:58:29.925 11819 11907 E syncSubImage: 0 
12-26 17:58:43.543 11819 12368 E syncSubImage: 0 
12-26 17:59:29.956 11819 11907 E syncSubImage: 0 
12-26 17:59:29.960 11819 11898 E syncSubImage: 0 
12-26 17:59:43.567 11819 12368 E syncSubImage: 0 
12-26 17:59:47.530 11819 11908 E ZyTkPaymentProvider__getCurrentNewPhotoId_Exception: com.shifang.lib_sf_rxhttp.exception.ApiException: 连接超时    http://23.52.99.15:8087/api/common/systemdocking/getaccphotofixid?access_token=
12-26 17:59:47.537 11819 11908 E ZyTkPaymentProvider__updateFace:   0  100  0
12-26 18:00:29.980 11819 11898 E syncSubImage: 0 
12-26 18:00:29.982 11819 11907 E syncSubImage: 0 
12-26 18:00:43.590 11819 12368 E syncSubImage: 0 
12-26 18:01:30.003 11819 11898 E syncSubImage: 0 
12-26 18:01:30.009 11819 11907 E syncSubImage: 0 
12-26 18:01:43.613 11819 12368 E syncSubImage: 0 
12-26 18:02:30.045 11819 11907 E syncSubImage: 0 
12-26 18:02:43.637 11819 12368 E syncSubImage: 0 
12-26 18:03:30.059 11819 11907 E syncSubImage: 0 
12-26 18:03:30.061 11819 11898 E syncSubImage: 0 
12-26 18:03:43.659 11819 12368 E syncSubImage: 0 
12-26 18:04:30.092 11819 11898 E syncSubImage: 0 
12-26 18:04:30.096 11819 11907 E syncSubImage: 0 
12-26 18:04:43.688 11819 12368 E syncSubImage: 0 
12-26 18:04:49.289 11819 11908 E ZyTkPaymentProvider__getAccessTokenRequest_exception: com.shifang.lib_sf_rxhttp.exception.ApiException: 连接超时  http://23.52.99.15:8087/api/token?appid=9DD8666A2F4E87D042C2071CD590BB38&appsecret=8B2DCAC4DD8ECA9E2CE14E949F31B18F
12-26 18:04:59.797 11819 16198 E ywl5320 : fbo success
12-26 18:04:59.798 11819 16198 E mali_so : encounter the first gles_error : 0x0001; gles_state_error_info : <param> is not an accepted value (gles_texturep_tex_parameteri_input_param_validation at hardware/arm/maliT760/driver/product/gles/src/texture/mali_gles_texture_helpers.c:1095)
12-26 18:04:59.799 11819 16198 E onReaderCreate: 1159  651  0
12-26 18:04:59.801 11819 11819 E saveRotateAngle: 0 
12-26 18:04:59.802 11819 11819 E surfaceDestroyed: ------
12-26 18:04:59.802 11819 11819 E Surface : freeAllBuffers: 1 buffers were freed while being dequeued!
12-26 18:04:59.804 11819 16198 E Surface : getSlotFromBufferLocked: unknown buffer: 0x7080417d70
12-26 18:04:59.804 11819 16198 E Surface : freeAllBuffers: 1 buffers were freed while being dequeued!
12-26 18:04:59.822 11819 16202 E ywl5320 : fbo success
12-26 18:04:59.822 11819 16202 E mali_so : encounter the first gles_error : 0x0001; gles_state_error_info : <param> is not an accepted value (gles_texturep_tex_parameteri_input_param_validation at hardware/arm/maliT760/driver/product/gles/src/texture/mali_gles_texture_helpers.c:1095)
12-26 18:04:59.823 11819 16202 E onReaderCreate: 1159  651  0
12-26 18:04:59.877 11819 16199 E Camera  : Error 2
12-26 18:05:03.010 11819 11819 E temp getTemplatePath :: /data/user/0/com.shifang.aidish.offline/files/dish_template/
12-26 18:05:30.124 11819 11907 E syncSubImage: 0 
12-26 18:05:30.132 11819 11898 E syncSubImage: 0 
12-26 18:05:43.704 11819 12368 E syncSubImage: 0 
12-26 18:06:08.457 11819 11819 E temp getTemplatePath :: /data/user/0/com.shifang.aidish.offline/files/dish_template/
12-26 18:06:30.160 11819 11907 E syncSubImage: 0 
12-26 18:06:30.161 11819 11898 E syncSubImage: 0 
12-26 18:06:43.718 11819 12368 E syncSubImage: 0 
12-26 18:07:30.179 11819 11898 E syncSubImage: 0 
12-26 18:07:30.180 11819 11907 E syncSubImage: 0 
12-26 18:07:43.729 11819 12368 E syncSubImage: 0 
12-26 18:08:04.942 11819 11819 E surfaceDestroyed: ------
12-26 18:08:04.942 11819 11819 E onDestroyView: closeCamera
12-26 18:08:04.953 11819 16202 E BufferQueueProducer: [SurfaceView[com.shifang.aidish.offline/com.shifang.aidish.mvp.ui.SettingActivity]#123(BLAST Consumer)123](id:2e2b0000008b,api:0,p:-1,c:11819) dequeueBuffer: BufferQueue has no connected producer
12-26 18:08:04.953 11819 16202 E mali_so : encounter the first mali_error : 0x0002 : failed to allocate CPU memory (gles_fb_first_operation_cb at hardware/arm/maliT760/driver/product/gles/src/fb/mali_gles_fb_module_api.c:987)
12-26 18:08:04.953 11819 16202 E BufferQueueProducer: [SurfaceView[com.shifang.aidish.offline/com.shifang.aidish.mvp.ui.SettingActivity]#123(BLAST Consumer)123](id:2e2b0000008b,api:0,p:-1,c:11819) dequeueBuffer: BufferQueue has no connected producer
12-26 18:08:04.954 11819 16202 E BufferQueueProducer: [SurfaceView[com.shifang.aidish.offline/com.shifang.aidish.mvp.ui.SettingActivity]#123(BLAST Consumer)123](id:2e2b0000008b,api:0,p:-1,c:11819) disconnect: not connected (req=1)
12-26 18:08:04.975 11819 16423 E ywl5320 : fbo success
12-26 18:08:04.975 11819 16423 E mali_so : encounter the first gles_error : 0x0001; gles_state_error_info : <param> is not an accepted value (gles_texturep_tex_parameteri_input_param_validation at hardware/arm/maliT760/driver/product/gles/src/texture/mali_gles_texture_helpers.c:1095)
12-26 18:08:04.976 11819 16423 E onReaderCreate: 1476  830  0
12-26 18:08:05.042 11819 16203 E Camera1 : setPreviewTexture failed
12-26 18:08:05.043 11819 16203 E Camera  : Error 2
12-26 18:08:30.214 11819 11907 E syncSubImage: 0 
12-26 18:08:30.218 11819 11898 E syncSubImage: 0 
12-26 18:08:43.740 11819 12368 E syncSubImage: 0 
12-26 18:08:51.020 11819 11908 E ZyTkPaymentProvider__getCurrentNewPhotoId_Exception: com.shifang.lib_sf_rxhttp.exception.ApiException: 连接超时    http://23.52.99.15:8087/api/common/systemdocking/getaccphotofixid?access_token=
12-26 18:08:51.028 11819 11908 E ZyTkPaymentProvider__updateFace:   0  100  0
12-26 18:09:30.246 11819 11898 E syncSubImage: 0 
12-26 18:09:30.247 11819 11907 E syncSubImage: 0 
12-26 18:09:43.760 11819 12368 E syncSubImage: 0 
12-26 18:10:30.266 11819 11907 E syncSubImage: 0 
12-26 18:10:30.268 11819 11898 E syncSubImage: 0 
12-26 18:10:43.786 11819 12368 E syncSubImage: 0 
12-26 18:11:30.302 11819 11907 E syncSubImage: 0 
12-26 18:11:30.303 11819 11898 E syncSubImage: 0 
12-26 18:11:43.802 11819 12368 E syncSubImage: 0 
12-26 18:12:30.316 11819 11907 E syncSubImage: 0 
12-26 18:12:30.322 11819 11898 E syncSubImage: 0 
12-26 18:12:43.820 11819 12368 E syncSubImage: 0 
12-26 18:13:30.347 11819 11907 E syncSubImage: 0 
12-26 18:13:30.349 11819 11898 E syncSubImage: 0 
12-26 18:13:43.837 11819 12368 E syncSubImage: 0 
12-26 18:13:52.777 11819 11908 E ZyTkPaymentProvider__getAccessTokenRequest_exception: com.shifang.lib_sf_rxhttp.exception.ApiException: 连接超时  http://23.52.99.15:8087/api/token?appid=9DD8666A2F4E87D042C2071CD590BB38&appsecret=8B2DCAC4DD8ECA9E2CE14E949F31B18F
12-26 18:14:30.369 11819 11907 E syncSubImage: 0 
12-26 18:14:30.375 11819 11898 E syncSubImage: 0 
12-26 18:14:43.851 11819 12368 E syncSubImage: 0 
12-26 18:15:30.388 11819 11898 E syncSubImage: 0 
12-26 18:15:30.391 11819 11907 E syncSubImage: 0 
12-26 18:15:43.865 11819 12368 E syncSubImage: 0 
12-26 18:16:30.413 11819 11898 E syncSubImage: 0 
12-26 18:16:30.416 11819 11907 E syncSubImage: 0 
12-26 18:16:43.882 11819 12368 E syncSubImage: 0 
12-26 18:17:30.428 11819 11907 E syncSubImage: 0 
12-26 18:17:30.429 11819 11898 E syncSubImage: 0 
12-26 18:17:43.905 11819 12368 E syncSubImage: 0 
12-26 18:17:54.550 11819 11908 E ZyTkPaymentProvider__getCurrentNewPhotoId_Exception: com.shifang.lib_sf_rxhttp.exception.ApiException: 连接超时    http://23.52.99.15:8087/api/common/systemdocking/getaccphotofixid?access_token=
12-26 18:17:54.554 11819 11908 E ZyTkPaymentProvider__updateFace:   0  100  0
12-26 18:18:30.454 11819 11898 E syncSubImage: 0 
12-26 18:18:30.459 11819 11907 E syncSubImage: 0 
12-26 18:18:43.917 11819 12368 E syncSubImage: 0 
12-26 18:19:30.472 11819 11907 E syncSubImage: 0 
12-26 18:19:30.476 11819 11898 E syncSubImage: 0 
12-26 18:19:43.942 11819 12368 E syncSubImage: 0 
12-26 18:20:30.489 11819 11907 E syncSubImage: 0 
12-26 18:20:30.493 11819 11898 E syncSubImage: 0 
12-26 18:20:43.959 11819 12368 E syncSubImage: 0 
12-26 18:21:30.514 11819 11898 E syncSubImage: 0 
12-26 18:21:30.517 11819 11907 E syncSubImage: 0 
12-26 18:21:43.974 11819 12368 E syncSubImage: 0 
12-26 18:22:30.541 11819 11898 E syncSubImage: 0 
12-26 18:22:30.543 11819 11907 E syncSubImage: 0 
12-26 18:22:43.988 11819 12368 E syncSubImage: 0 
12-26 18:22:56.319 11819 11908 E ZyTkPaymentProvider__getAccessTokenRequest_exception: com.shifang.lib_sf_rxhttp.exception.ApiException: 连接超时  http://23.52.99.15:8087/api/token?appid=9DD8666A2F4E87D042C2071CD590BB38&appsecret=8B2DCAC4DD8ECA9E2CE14E949F31B18F
12-26 18:23:30.563 11819 11898 E syncSubImage: 0 
12-26 18:23:30.564 11819 11907 E syncSubImage: 0 
12-26 18:23:44.003 11819 12368 E syncSubImage: 0 
12-26 18:24:30.575 11819 11907 E syncSubImage: 0 
12-26 18:24:30.581 11819 11898 E syncSubImage: 0 
12-26 18:24:44.016 11819 12368 E syncSubImage: 0 
12-26 18:25:30.597 11819 11907 E syncSubImage: 0 
12-26 18:25:30.603 11819 11898 E syncSubImage: 0 
12-26 18:25:44.027 11819 12368 E syncSubImage: 0 
12-26 18:26:30.614 11819 11907 E syncSubImage: 0 
12-26 18:26:30.619 11819 11898 E syncSubImage: 0 
12-26 18:26:44.046 11819 12368 E syncSubImage: 0 
12-26 18:26:58.082 11819 11908 E ZyTkPaymentProvider__getCurrentNewPhotoId_Exception: com.shifang.lib_sf_rxhttp.exception.ApiException: 连接超时    http://23.52.99.15:8087/api/common/systemdocking/getaccphotofixid?access_token=
12-26 18:26:58.088 11819 11908 E ZyTkPaymentProvider__updateFace:   0  100  0
12-26 18:27:30.651 11819 11898 E syncSubImage: 0 
12-26 18:27:30.655 11819 11907 E syncSubImage: 0 
12-26 18:27:44.080 11819 12368 E syncSubImage: 0 
12-26 18:28:30.698 11819 11898 E syncSubImage: 0 
12-26 18:28:30.698 11819 11907 E syncSubImage: 0 
12-26 18:28:44.116 11819 12368 E syncSubImage: 0 
12-26 18:29:30.718 11819 11898 E syncSubImage: 0 
12-26 18:29:30.725 11819 11907 E syncSubImage: 0 
12-26 18:29:44.131 11819 12368 E syncSubImage: 0 
12-26 18:30:30.745 11819 11898 E syncSubImage: 0 
12-26 18:30:30.753 11819 11907 E syncSubImage: 0 
12-26 18:30:44.159 11819 12368 E syncSubImage: 0 
12-26 18:31:30.770 11819 11898 E syncSubImage: 0 
12-26 18:31:30.773 11819 11907 E syncSubImage: 0 
12-26 18:31:44.189 11819 12368 E syncSubImage: 0 
12-26 18:31:59.799 11819 11908 E ZyTkPaymentProvider__getAccessTokenRequest_exception: com.shifang.lib_sf_rxhttp.exception.ApiException: 连接超时  http://23.52.99.15:8087/api/token?appid=9DD8666A2F4E87D042C2071CD590BB38&appsecret=8B2DCAC4DD8ECA9E2CE14E949F31B18F
12-26 18:32:30.790 11819 11898 E syncSubImage: 0 
12-26 18:32:30.792 11819 11907 E syncSubImage: 0 
12-26 18:32:44.216 11819 12368 E syncSubImage: 0 
12-26 18:33:30.816 11819 11907 E syncSubImage: 0 
12-26 18:33:30.819 11819 11898 E syncSubImage: 0 
12-26 18:33:44.232 11819 12368 E syncSubImage: 0 
12-26 18:34:30.845 11819 11898 E syncSubImage: 0 
12-26 18:34:30.846 11819 11907 E syncSubImage: 0 
12-26 18:34:44.257 11819 12368 E syncSubImage: 0 
12-26 18:35:30.880 11819 11907 E syncSubImage: 0 
12-26 18:35:30.883 11819 11898 E syncSubImage: 0 
12-26 18:35:44.277 11819 12368 E syncSubImage: 0 
12-26 18:36:01.543 11819 11908 E ZyTkPaymentProvider__getCurrentNewPhotoId_Exception: com.shifang.lib_sf_rxhttp.exception.ApiException: 连接超时    http://23.52.99.15:8087/api/common/systemdocking/getaccphotofixid?access_token=
12-26 18:36:01.547 11819 11908 E ZyTkPaymentProvider__updateFace:   0  100  0
12-26 18:36:30.902 11819 11907 E syncSubImage: 0 
12-26 18:36:30.908 11819 11898 E syncSubImage: 0 
12-26 18:36:44.305 11819 12368 E syncSubImage: 0 
12-26 18:37:30.926 11819 11907 E syncSubImage: 0 
12-26 18:37:30.931 11819 11898 E syncSubImage: 0 
12-26 18:37:44.319 11819 12368 E syncSubImage: 0 
12-26 18:38:30.951 11819 11907 E syncSubImage: 0 
12-26 18:38:30.956 11819 11898 E syncSubImage: 0 
12-26 18:38:44.341 11819 12368 E syncSubImage: 0 
12-26 18:39:30.986 11819 11898 E syncSubImage: 0 
12-26 18:39:30.987 11819 11907 E syncSubImage: 0 
12-26 18:39:44.353 11819 12368 E syncSubImage: 0 
12-26 18:40:31.001 11819 11898 E syncSubImage: 0 
12-26 18:40:31.003 11819 11907 E syncSubImage: 0 
12-26 18:40:44.379 11819 12368 E syncSubImage: 0 
12-26 18:41:03.309 11819 11908 E ZyTkPaymentProvider__getAccessTokenRequest_exception: com.shifang.lib_sf_rxhttp.exception.ApiException: 连接超时  http://23.52.99.15:8087/api/token?appid=9DD8666A2F4E87D042C2071CD590BB38&appsecret=8B2DCAC4DD8ECA9E2CE14E949F31B18F
12-26 18:41:31.020 11819 11907 E syncSubImage: 0 
12-26 18:41:31.022 11819 11898 E syncSubImage: 0 
12-26 18:41:44.397 11819 12368 E syncSubImage: 0 
12-26 18:42:31.036 11819 11898 E syncSubImage: 0 
12-26 18:42:31.038 11819 11907 E syncSubImage: 0 
12-26 18:42:44.414 11819 12368 E syncSubImage: 0 
12-26 18:43:31.053 11819 11907 E syncSubImage: 0 
12-26 18:43:31.054 11819 11898 E syncSubImage: 0 
12-26 18:43:44.430 11819 12368 E syncSubImage: 0 
12-26 18:44:31.080 11819 11907 E syncSubImage: 0 
12-26 18:44:31.082 11819 11898 E syncSubImage: 0 
12-26 18:44:44.452 11819 12368 E syncSubImage: 0 
12-26 18:45:05.071 11819 11908 E ZyTkPaymentProvider__getCurrentNewPhotoId_Exception: com.shifang.lib_sf_rxhttp.exception.ApiException: 连接超时    http://23.52.99.15:8087/api/common/systemdocking/getaccphotofixid?access_token=
12-26 18:45:05.074 11819 11908 E ZyTkPaymentProvider__updateFace:   0  100  0
12-26 18:45:31.104 11819 11907 E syncSubImage: 0 
12-26 18:45:31.106 11819 11898 E syncSubImage: 0 
12-26 18:45:44.470 11819 12368 E syncSubImage: 0 
12-26 18:46:31.123 11819 11907 E syncSubImage: 0 
12-26 18:46:31.125 11819 11898 E syncSubImage: 0 
12-26 18:46:44.486 11819 12368 E syncSubImage: 0 
12-26 18:47:31.146 11819 11898 E syncSubImage: 0 
12-26 18:47:31.147 11819 11907 E syncSubImage: 0 
12-26 18:47:44.511 11819 12368 E syncSubImage: 0 
12-26 18:48:31.166 11819 11898 E syncSubImage: 0 
12-26 18:48:31.167 11819 11907 E syncSubImage: 0 
12-26 18:48:44.531 11819 12368 E syncSubImage: 0 
12-26 18:49:31.197 11819 11898 E syncSubImage: 0 
12-26 18:49:31.214 11819 11907 E syncSubImage: 0 
12-26 18:49:44.564 11819 12368 E syncSubImage: 0 
12-26 18:50:06.770 11819 11908 E ZyTkPaymentProvider__getAccessTokenRequest_exception: com.shifang.lib_sf_rxhttp.exception.ApiException: 连接超时  http://23.52.99.15:8087/api/token?appid=9DD8666A2F4E87D042C2071CD590BB38&appsecret=8B2DCAC4DD8ECA9E2CE14E949F31B18F
12-26 18:50:31.226 11819 11898 E syncSubImage: 0 
12-26 18:50:31.231 11819 11907 E syncSubImage: 0 
12-26 18:50:44.587 11819 12368 E syncSubImage: 0 
12-26 18:51:31.247 11819 11898 E syncSubImage: 0 
12-26 18:51:31.252 11819 11907 E syncSubImage: 0 
12-26 18:51:44.606 11819 12368 E syncSubImage: 0 
12-26 18:52:31.262 11819 11898 E syncSubImage: 0 
12-26 18:52:31.267 11819 11907 E syncSubImage: 0 
12-26 18:52:44.624 11819 12368 E syncSubImage: 0 
12-26 18:53:31.283 11819 11898 E syncSubImage: 0 
12-26 18:53:31.289 11819 11907 E syncSubImage: 0 
12-26 18:53:44.639 11819 12368 E syncSubImage: 0 
12-26 18:54:08.534 11819 11908 E ZyTkPaymentProvider__getCurrentNewPhotoId_Exception: com.shifang.lib_sf_rxhttp.exception.ApiException: 连接超时    http://23.52.99.15:8087/api/common/systemdocking/getaccphotofixid?access_token=
12-26 18:54:08.538 11819 11908 E ZyTkPaymentProvider__updateFace:   0  100  0
12-26 18:54:31.313 11819 11907 E syncSubImage: 0 
12-26 18:54:31.316 11819 11898 E syncSubImage: 0 
12-26 18:54:44.661 11819 12368 E syncSubImage: 0 
12-26 18:55:31.342 11819 11907 E syncSubImage: 0 
12-26 18:55:31.343 11819 11898 E syncSubImage: 0 
12-26 18:55:44.682 11819 12368 E syncSubImage: 0 
12-26 18:56:31.358 11819 11898 E syncSubImage: 0 
12-26 18:56:31.360 11819 11907 E syncSubImage: 0 
12-26 18:56:44.710 11819 12368 E syncSubImage: 0 
12-26 18:57:31.381 11819 11907 E syncSubImage: 0 
12-26 18:57:31.382 11819 11898 E syncSubImage: 0 
12-26 18:57:44.740 11819 12368 E syncSubImage: 0 
12-26 18:58:31.394 11819 11907 E syncSubImage: 0 
12-26 18:58:31.398 11819 11898 E syncSubImage: 0 
12-26 18:58:44.762 11819 12368 E syncSubImage: 0 
12-26 18:59:10.226 11819 11908 E ZyTkPaymentProvider__getAccessTokenRequest_exception: com.shifang.lib_sf_rxhttp.exception.ApiException: 连接超时  http://23.52.99.15:8087/api/token?appid=9DD8666A2F4E87D042C2071CD590BB38&appsecret=8B2DCAC4DD8ECA9E2CE14E949F31B18F
12-26 18:59:31.414 11819 11898 E syncSubImage: 0 
12-26 18:59:31.415 11819 11907 E syncSubImage: 0 
12-26 18:59:44.776 11819 12368 E syncSubImage: 0 
12-26 19:00:31.424 11819 11907 E syncSubImage: 0 
12-26 19:00:31.429 11819 11898 E syncSubImage: 0 
12-26 19:00:44.791 11819 12368 E syncSubImage: 0 
12-26 19:01:31.445 11819 11907 E syncSubImage: 0 
12-26 19:01:31.447 11819 11898 E syncSubImage: 0 
12-26 19:01:44.813 11819 12368 E syncSubImage: 0 
12-26 19:02:31.460 11819 11898 E syncSubImage: 0 
12-26 19:02:31.463 11819 11907 E syncSubImage: 0 
12-26 19:02:44.833 11819 12368 E syncSubImage: 0 
12-26 19:03:11.956 11819 11908 E ZyTkPaymentProvider__getCurrentNewPhotoId_Exception: com.shifang.lib_sf_rxhttp.exception.ApiException: 连接超时    http://23.52.99.15:8087/api/common/systemdocking/getaccphotofixid?access_token=
12-26 19:03:11.962 11819 11908 E ZyTkPaymentProvider__updateFace:   0  100  0
12-26 19:03:31.489 11819 11898 E syncSubImage: 0 
12-26 19:03:31.490 11819 11907 E syncSubImage: 0 
12-26 19:03:44.854 11819 12368 E syncSubImage: 0 
12-26 19:04:31.506 11819 11898 E syncSubImage: 0 
12-26 19:04:31.509 11819 11907 E syncSubImage: 0 
12-26 19:04:44.882 11819 12368 E syncSubImage: 0 
12-26 19:05:31.522 11819 11898 E syncSubImage: 0 
12-26 19:05:31.530 11819 11907 E syncSubImage: 0 
12-26 19:05:44.903 11819 12368 E syncSubImage: 0 
12-26 19:06:31.545 11819 11898 E syncSubImage: 0 
12-26 19:06:31.553 11819 11907 E syncSubImage: 0 
12-26 19:06:44.919 11819 12368 E syncSubImage: 0 
12-26 19:07:31.570 11819 11898 E syncSubImage: 0 
12-26 19:07:31.572 11819 11907 E syncSubImage: 0 
12-26 19:07:44.936 11819 12368 E syncSubImage: 0 
12-26 19:08:13.708 11819 11908 E ZyTkPaymentProvider__getAccessTokenRequest_exception: com.shifang.lib_sf_rxhttp.exception.ApiException: 连接超时  http://23.52.99.15:8087/api/token?appid=9DD8666A2F4E87D042C2071CD590BB38&appsecret=8B2DCAC4DD8ECA9E2CE14E949F31B18F
12-26 19:08:31.587 11819 11898 E syncSubImage: 0 
12-26 19:08:31.590 11819 11907 E syncSubImage: 0 
12-26 19:08:44.951 11819 12368 E syncSubImage: 0 
12-26 19:09:31.604 11819 11898 E syncSubImage: 0 
12-26 19:09:31.609 11819 11907 E syncSubImage: 0 
12-26 19:09:44.968 11819 12368 E syncSubImage: 0 
12-26 19:10:31.626 11819 11898 E syncSubImage: 0 
12-26 19:10:31.635 11819 11907 E syncSubImage: 0 
12-26 19:10:44.985 11819 12368 E syncSubImage: 0 
12-26 19:11:31.643 11819 11898 E syncSubImage: 0 
12-26 19:11:31.648 11819 11907 E syncSubImage: 0 
12-26 19:11:44.997 11819 12368 E syncSubImage: 0 
12-26 19:12:15.470 11819 11908 E ZyTkPaymentProvider__getCurrentNewPhotoId_Exception: com.shifang.lib_sf_rxhttp.exception.ApiException: 连接超时    http://23.52.99.15:8087/api/common/systemdocking/getaccphotofixid?access_token=
12-26 19:12:15.483 11819 11908 E ZyTkPaymentProvider__updateFace:   0  100  0
12-26 19:12:31.671 11819 11907 E syncSubImage: 0 
12-26 19:12:31.673 11819 11898 E syncSubImage: 0 
12-26 19:12:45.016 11819 12368 E syncSubImage: 0 
12-26 19:13:31.694 11819 11898 E syncSubImage: 0 
12-26 19:13:31.695 11819 11907 E syncSubImage: 0 
12-26 19:13:45.041 11819 12368 E syncSubImage: 0 
12-26 19:14:31.727 11819 11907 E syncSubImage: 0 
12-26 19:14:31.729 11819 11898 E syncSubImage: 0 
12-26 19:14:45.052 11819 12368 E syncSubImage: 0 
12-26 19:15:31.748 11819 11907 E syncSubImage: 0 
12-26 19:15:31.753 11819 11898 E syncSubImage: 0 
12-26 19:15:45.067 11819 12368 E syncSubImage: 0 
12-26 19:16:31.776 11819 11907 E syncSubImage: 0 
12-26 19:16:31.777 11819 11898 E syncSubImage: 0 
12-26 19:16:45.086 11819 12368 E syncSubImage: 0 
12-26 19:17:17.249 11819 11908 E ZyTkPaymentProvider__getAccessTokenRequest_exception: com.shifang.lib_sf_rxhttp.exception.ApiException: 连接超时  http://23.52.99.15:8087/api/token?appid=9DD8666A2F4E87D042C2071CD590BB38&appsecret=8B2DCAC4DD8ECA9E2CE14E949F31B18F
12-26 19:17:31.798 11819 11907 E syncSubImage: 0 
12-26 19:17:31.799 11819 11898 E syncSubImage: 0 
12-26 19:17:45.100 11819 12368 E syncSubImage: 0 
12-26 19:18:31.809 11819 11907 E syncSubImage: 0 
12-26 19:18:31.811 11819 11898 E syncSubImage: 0 
12-26 19:18:45.115 11819 12368 E syncSubImage: 0 
12-26 19:19:31.822 11819 11907 E syncSubImage: 0 
12-26 19:19:31.825 11819 11898 E syncSubImage: 0 
12-26 19:19:45.142 11819 12368 E syncSubImage: 0 
12-26 19:20:17.703 11819 11819 E surfaceDestroyed: ------
12-26 19:20:17.714 11819 16423 E BufferQueueProducer: [SurfaceView[com.shifang.aidish.offline/com.shifang.aidish.mvp.ui.SettingActivity]#128(BLAST Consumer)128](id:2e2b00000091,api:0,p:-1,c:11819) dequeueBuffer: BufferQueue has no connected producer
12-26 19:20:17.714 11819 16423 E mali_so : encounter the first mali_error : 0x0002 : failed to allocate CPU memory (gles_fb_first_operation_cb at hardware/arm/maliT760/driver/product/gles/src/fb/mali_gles_fb_module_api.c:987)
12-26 19:20:17.714 11819 16423 E BufferQueueProducer: [SurfaceView[com.shifang.aidish.offline/com.shifang.aidish.mvp.ui.SettingActivity]#128(BLAST Consumer)128](id:2e2b00000091,api:0,p:-1,c:11819) dequeueBuffer: BufferQueue has no connected producer
12-26 19:20:17.719 11819 11819 E TradeOrderPresenter__doSearchTradeOrder  srcUserName:  
12-26 19:20:17.719 11819 11819 E getTradeOrders:       2023-12-26 00:00:00 2023-12-26 19:23:59
12-26 19:20:17.724 11819 11819 E findTraderOrders: 1   1
12-26 19:20:17.725 11819 11819 E doSearchTradeOrder: 1  1  
12-26 19:20:17.727 11819 11819 E USBTransferUtil: 当前可用 usb 设备数量: 0
12-26 19:20:17.770 11819 20859 E ywl5320 : fbo success
12-26 19:20:17.770 11819 20859 E mali_so : encounter the first gles_error : 0x0001; gles_state_error_info : <param> is not an accepted value (gles_texturep_tex_parameteri_input_param_validation at hardware/arm/maliT760/driver/product/gles/src/texture/mali_gles_texture_helpers.c:1095)
12-26 19:20:17.784 11819 16424 E Camera1 : setPreviewTexture failed
12-26 19:20:17.784 11819 16424 E Camera  : Error 2
12-26 19:20:23.962 11819 11819 E USBTransferUtil: 当前可用 usb 设备数量: 0
12-26 19:20:24.916 11819 20888 E innerRecognize: recognizeByFilter9
12-26 19:20:24.916 11819 20888 E recognize: 682ms   /storage/emulated/0/shifang/ai_dish/image/20231226/57b9a5be-4188-442e-8cfb-5506d42772d1.jpg  
12-26 19:20:24.989 11819 11819 E resultDishCount: 9 个菜品
12-26 19:20:27.655 11819 11819 E USBTransferUtil: 当前可用 usb 设备数量: 0
12-26 19:20:28.503 11819 20904 E innerRecognize: recognizeByFilter10
12-26 19:20:28.503 11819 20904 E recognize: 778ms   /storage/emulated/0/shifang/ai_dish/image/20231226/901b7a91-8a69-4599-841f-9e11b761d039.jpg  
12-26 19:20:28.550 11819 11819 E resultDishCount: 10 个菜品
12-26 19:20:31.840 11819 11907 E syncSubImage: 2 
12-26 19:20:31.840 11819 11898 E syncSubImage: 2 
12-26 19:20:37.879 11819 11819 E USBTransferUtil: 当前可用 usb 设备数量: 0
12-26 19:20:38.675 11819 20928 E innerRecognize: recognizeByFilter9
12-26 19:20:38.675 11819 20928 E recognize: 745ms   /storage/emulated/0/shifang/ai_dish/image/20231226/db5d2c7d-a98e-4afd-9b13-f5361a06e0e7.jpg  
12-26 19:20:38.719 11819 11819 E resultDishCount: 9 个菜品
12-26 19:20:45.175 11819 12368 E syncSubImage: 1 
12-26 19:20:47.356 11819 11819 E USBTransferUtil: 当前可用 usb 设备数量: 0
12-26 19:20:48.236 11819 11983 E innerRecognize: recognizeByFilter10
12-26 19:20:48.236 11819 11983 E recognize: 813ms   /storage/emulated/0/shifang/ai_dish/image/20231226/5885b5dc-3d42-4c19-922a-9122cf33e4f8.jpg  
12-26 19:20:48.281 11819 11819 E resultDishCount: 10 个菜品
12-26 19:20:55.096 11819 11819 E USBTransferUtil: 当前可用 usb 设备数量: 0
12-26 19:20:55.896 11819 12035 E innerRecognize: recognizeByFilter10
12-26 19:20:55.896 11819 12035 E recognize: 748ms   /storage/emulated/0/shifang/ai_dish/image/20231226/b03dd09f-d7bf-46c2-9308-9383830a66c2.jpg  
12-26 19:20:55.938 11819 11819 E resultDishCount: 10 个菜品
12-26 19:21:19.013 11819 11908 E ZyTkPaymentProvider__getCurrentNewPhotoId_Exception: com.shifang.lib_sf_rxhttp.exception.ApiException: 连接超时    http://23.52.99.15:8087/api/common/systemdocking/getaccphotofixid?access_token=
12-26 19:21:19.015 11819 11908 E ZyTkPaymentProvider__updateFace:   0  100  0
12-26 19:21:22.060 11819 11819 E USBTransferUtil: 当前可用 usb 设备数量: 0
12-26 19:21:22.943 11819 12087 E innerRecognize: recognizeByFilter12
12-26 19:21:22.943 11819 12087 E recognize: 857ms   /storage/emulated/0/shifang/ai_dish/image/20231226/19dd8114-305e-483d-9df2-559256684825.jpg  
12-26 19:21:22.981 11819 11819 E resultDishCount: 12 个菜品
12-26 19:21:25.037 11819 11819 E resultDishCount: 12 个菜品
12-26 19:21:31.992 11819 11898 E syncSubImage: 3 
12-26 19:21:32.032 11819 11907 E syncSubImage: 1 
12-26 19:21:37.426 11819 21053 E updateProductFeature: 2   bec3fefca01148178406bf802f779bbe   {"classId":1,"cropImagePath":"/storage/emulated/0/shifang/ai_dish/image//20231226/19dd8114-305e-483d-9df2-559256684825.jpg_4.jpg","operation":"CREATE","posIndex":4,"predictClassId":1,"productName":"可乐","tag":""}
12-26 19:21:37.460 11819 11819 E doUploadProductImg success: /storage/emulated/0/Android/shifangfood/dish_image.jpg
12-26 19:21:37.460 11819 11819 E uploadProductImgSuccess: 可乐  764b02cb23724fc892e219a9a94f0f8a 2
12-26 19:21:37.919 11819 21053 E updateProductFeature: {"classId":1,"cropImagePath":"/storage/emulated/0/shifang/ai_dish/image//20231226/19dd8114-305e-483d-9df2-559256684825.jpg_4.jpg","operation":"CREATE","posIndex":4,"predictClassId":1,"productName":"可乐","tag":""}
12-26 19:21:37.925 11819 21053 E updateDishSchedule: 2 
12-26 19:21:37.927 11819 21053 E currentDishSchedule_update: {"date":"2023-12-26","id":1,"supper":"1,2"}
12-26 19:21:37.940 11819 21053 E dishScheduleVO: 可乐  2  {"date":"2023-12-26","id":1,"supper":"1,2"}
12-26 19:21:37.958 11819 11819 E resultDishCount: 12 个菜品
12-26 19:21:39.329 11819 11819 E processSearchInput:     0
12-26 19:21:39.346 11819 11819 E resultDishCount: 12 个菜品
12-26 19:21:45.213 11819 12368 E syncSubImage: 0 
12-26 19:22:04.183 11819 21098 E updateProductFeature: 3   bec3fefca01148178406bf802f779bbe   {"classId":2,"cropImagePath":"/storage/emulated/0/shifang/ai_dish/image//20231226/19dd8114-305e-483d-9df2-559256684825.jpg_0.jpg","operation":"CREATE","posIndex":0,"predictClassId":0,"productName":"菠萝面包","tag":""}
12-26 19:22:04.211 11819 11819 E doUploadProductImg success: /storage/emulated/0/Android/shifangfood/dish_image.jpg
12-26 19:22:04.211 11819 11819 E uploadProductImgSuccess: 菠萝面包  f4d8ae6aec8d41ba96ad4c3aea22a51a 3
12-26 19:22:04.652 11819 21098 E updateProductFeature: {"classId":2,"cropImagePath":"/storage/emulated/0/shifang/ai_dish/image//20231226/19dd8114-305e-483d-9df2-559256684825.jpg_0.jpg","operation":"CREATE","posIndex":0,"predictClassId":0,"productName":"菠萝面包","tag":""}
12-26 19:22:04.659 11819 21098 E updateDishSchedule: 2 
12-26 19:22:04.660 11819 21098 E currentDishSchedule_update: {"date":"2023-12-26","id":1,"supper":"1,2,3"}
12-26 19:22:04.672 11819 21098 E dishScheduleVO: 菠萝面包  3  {"date":"2023-12-26","id":1,"supper":"1,2,3"}
12-26 19:22:04.690 11819 11819 E resultDishCount: 12 个菜品
12-26 19:22:07.298 11819 11819 E processSearchInput:     2
12-26 19:22:07.309 11819 11819 E resultDishCount: 12 个菜品
12-26 19:22:17.189 11819 21117 E updateProductFeature: 4   bec3fefca01148178406bf802f779bbe   {"classId":3,"cropImagePath":"/storage/emulated/0/shifang/ai_dish/image//20231226/19dd8114-305e-483d-9df2-559256684825.jpg_2.jpg","operation":"CREATE","posIndex":2,"predictClassId":0,"productName":"水蜜桃","tag":""}
12-26 19:22:17.216 11819 11819 E doUploadProductImg success: /storage/emulated/0/Android/shifangfood/dish_image.jpg
12-26 19:22:17.216 11819 11819 E uploadProductImgSuccess: 水蜜桃  3dfe1164deb442689373b23d1042a2b5 4
12-26 19:22:17.649 11819 21117 E updateProductFeature: {"classId":3,"cropImagePath":"/storage/emulated/0/shifang/ai_dish/image//20231226/19dd8114-305e-483d-9df2-559256684825.jpg_2.jpg","operation":"CREATE","posIndex":2,"predictClassId":0,"productName":"水蜜桃","tag":""}
12-26 19:22:17.653 11819 21117 E updateDishSchedule: 2 
12-26 19:22:17.654 11819 21117 E currentDishSchedule_update: {"date":"2023-12-26","id":1,"supper":"1,2,3,4"}
12-26 19:22:17.665 11819 21117 E dishScheduleVO: 水蜜桃  4  {"date":"2023-12-26","id":1,"supper":"1,2,3,4"}
12-26 19:22:17.676 11819 11819 E resultDishCount: 12 个菜品
12-26 19:22:20.074 11819 11819 E resultDishCount: 12 个菜品
12-26 19:22:21.476 11819 11819 E processSearchInput:     3
12-26 19:22:32.173 11819 11898 E syncSubImage: 0 
12-26 19:22:32.174 11819 11907 E syncSubImage: 0 
12-26 19:22:34.884 11819 11819 E USBTransferUtil: 当前可用 usb 设备数量: 0
12-26 19:22:35.849 11819 12131 E innerRecognize: recognizeByFilter12
12-26 19:22:35.849 11819 12131 E recognize: 903ms   /storage/emulated/0/shifang/ai_dish/image/20231226/0061183e-ecf6-40e7-8ff6-a2f1cc620339.jpg  
12-26 19:22:35.917 11819 11819 E resultDishCount: 12 个菜品
12-26 19:22:38.704 11819 11819 E processSearchInput:     4
12-26 19:22:38.718 11819 11819 E resultDishCount: 12 个菜品
12-26 19:22:45.228 11819 12368 E syncSubImage: 1 
12-26 19:22:49.663 11819 21171 E updateProductFeature: 5   5ece3f4c4d764309b8f4eebc7eca9fac   {"classId":4,"cropImagePath":"/storage/emulated/0/shifang/ai_dish/image//20231226/0061183e-ecf6-40e7-8ff6-a2f1cc620339.jpg_5.jpg","operation":"CREATE","posIndex":5,"predictClassId":1,"productName":"酸奶","tag":""}
12-26 19:22:49.686 11819 11819 E doUploadProductImg success: /storage/emulated/0/Android/shifangfood/dish_image.jpg
12-26 19:22:49.686 11819 11819 E uploadProductImgSuccess: 酸奶  52f91c39c10042ceb06d1d053e91532f 5
12-26 19:22:50.142 11819 21171 E updateProductFeature: {"classId":4,"cropImagePath":"/storage/emulated/0/shifang/ai_dish/image//20231226/0061183e-ecf6-40e7-8ff6-a2f1cc620339.jpg_5.jpg","operation":"CREATE","posIndex":5,"predictClassId":1,"productName":"酸奶","tag":""}
12-26 19:22:50.146 11819 21171 E updateDishSchedule: 2 
12-26 19:22:50.147 11819 21171 E currentDishSchedule_update: {"date":"2023-12-26","id":1,"supper":"1,2,3,4,5"}
12-26 19:22:50.164 11819 21171 E dishScheduleVO: 酸奶  5  {"date":"2023-12-26","id":1,"supper":"1,2,3,4,5"}
12-26 19:22:50.185 11819 11819 E resultDishCount: 12 个菜品
12-26 19:22:51.183 11819 11819 E resultDishCount: 12 个菜品
12-26 19:23:00.002 11819 21186 E updateProductFeature: 6   5ece3f4c4d764309b8f4eebc7eca9fac   {"classId":5,"cropImagePath":"/storage/emulated/0/shifang/ai_dish/image//20231226/0061183e-ecf6-40e7-8ff6-a2f1cc620339.jpg_1.jpg","operation":"CREATE","posIndex":1,"predictClassId":5,"productName":"冰红茶","tag":""}
12-26 19:23:00.034 11819 11819 E doUploadProductImg success: /storage/emulated/0/Android/shifangfood/dish_image.jpg
12-26 19:23:00.034 11819 11819 E uploadProductImgSuccess: 冰红茶  81312a6c88d946d9b21b3e2f73f7f515 6
12-26 19:23:00.473 11819 21186 E updateProductFeature: {"classId":5,"cropImagePath":"/storage/emulated/0/shifang/ai_dish/image//20231226/0061183e-ecf6-40e7-8ff6-a2f1cc620339.jpg_1.jpg","operation":"CREATE","posIndex":1,"predictClassId":5,"productName":"冰红茶","tag":""}
12-26 19:23:00.479 11819 21186 E updateDishSchedule: 2 
12-26 19:23:00.481 11819 21186 E currentDishSchedule_update: {"date":"2023-12-26","id":1,"supper":"1,2,3,4,5,6"}
12-26 19:23:00.495 11819 21186 E dishScheduleVO: 冰红茶  6  {"date":"2023-12-26","id":1,"supper":"1,2,3,4,5,6"}
12-26 19:23:00.521 11819 11819 E resultDishCount: 12 个菜品
12-26 19:23:01.400 11819 11819 E processSearchInput:     4
12-26 19:23:01.412 11819 11819 E resultDishCount: 12 个菜品
12-26 19:23:13.068 11819 21205 E updateProductFeature: 7   5ece3f4c4d764309b8f4eebc7eca9fac   {"classId":6,"cropImagePath":"/storage/emulated/0/shifang/ai_dish/image//20231226/0061183e-ecf6-40e7-8ff6-a2f1cc620339.jpg_11.jpg","operation":"CREATE","posIndex":11,"predictClassId":3,"productName":"蛋黄派","tag":""}
12-26 19:23:13.099 11819 11819 E doUploadProductImg success: /storage/emulated/0/Android/shifangfood/dish_image.jpg
12-26 19:23:13.099 11819 11819 E uploadProductImgSuccess: 蛋黄派  a730b7793c43412c8541a35283c73bac 7
12-26 19:23:13.555 11819 21205 E updateProductFeature: {"classId":6,"cropImagePath":"/storage/emulated/0/shifang/ai_dish/image//20231226/0061183e-ecf6-40e7-8ff6-a2f1cc620339.jpg_11.jpg","operation":"CREATE","posIndex":11,"predictClassId":3,"productName":"蛋黄派","tag":""}
12-26 19:23:13.557 11819 21205 E updateDishSchedule: 2 
12-26 19:23:13.558 11819 21205 E currentDishSchedule_update: {"date":"2023-12-26","id":1,"supper":"1,2,3,4,5,6,7"}
12-26 19:23:13.567 11819 21205 E dishScheduleVO: 蛋黄派  7  {"date":"2023-12-26","id":1,"supper":"1,2,3,4,5,6,7"}
12-26 19:23:13.582 11819 11819 E resultDishCount: 12 个菜品
12-26 19:23:14.633 11819 11819 E resultDishCount: 12 个菜品
12-26 19:23:30.789 11819 21227 E updateProductFeature: 8   5ece3f4c4d764309b8f4eebc7eca9fac   {"classId":7,"cropImagePath":"/storage/emulated/0/shifang/ai_dish/image//20231226/0061183e-ecf6-40e7-8ff6-a2f1cc620339.jpg_7.jpg","operation":"CREATE","posIndex":7,"predictClassId":7,"productName":"香肠","tag":""}
12-26 19:23:30.817 11819 11819 E doUploadProductImg success: /storage/emulated/0/Android/shifangfood/dish_image.jpg
12-26 19:23:30.817 11819 11819 E uploadProductImgSuccess: 香肠  5b4477fd2ac04e3ebd467da78782279c 8
12-26 19:23:31.255 11819 21227 E updateProductFeature: {"classId":7,"cropImagePath":"/storage/emulated/0/shifang/ai_dish/image//20231226/0061183e-ecf6-40e7-8ff6-a2f1cc620339.jpg_7.jpg","operation":"CREATE","posIndex":7,"predictClassId":7,"productName":"香肠","tag":""}
12-26 19:23:31.261 11819 21227 E updateDishSchedule: 2 
12-26 19:23:31.262 11819 21227 E currentDishSchedule_update: {"date":"2023-12-26","id":1,"supper":"1,2,3,4,5,6,7,8"}
12-26 19:23:31.277 11819 21227 E dishScheduleVO: 香肠  8  {"date":"2023-12-26","id":1,"supper":"1,2,3,4,5,6,7,8"}
12-26 19:23:31.308 11819 11819 E resultDishCount: 12 个菜品
12-26 19:23:32.194 11819 11907 E syncSubImage: 0 
12-26 19:23:32.196 11819 11898 E syncSubImage: 0 
12-26 19:23:32.732 11819 11819 E resultDishCount: 12 个菜品
12-26 19:23:38.859 11819 11819 E USBTransferUtil: 当前可用 usb 设备数量: 0
12-26 19:23:39.603 11819 12294 E innerRecognize: recognizeByFilter8
12-26 19:23:39.603 11819 12294 E recognize: 712ms   /storage/emulated/0/shifang/ai_dish/image/20231226/76dc9cde-dc15-4021-ac2b-aa75b3637a71.jpg  
12-26 19:23:39.684 11819 11819 E resultDishCount: 8 个菜品
12-26 19:23:45.289 11819 12368 E syncSubImage: 1 
12-26 19:23:54.182 11819 11819 E USBTransferUtil: 当前可用 usb 设备数量: 0
12-26 19:23:55.087 11819 12398 E innerRecognize: recognizeByFilter11
12-26 19:23:55.087 11819 12398 E recognize: 859ms   /storage/emulated/0/shifang/ai_dish/image/20231226/05fcb785-caa8-4b7b-96db-81a180e08a0d.jpg  
12-26 19:23:55.173 11819 11819 E resultDishCount: 11 个菜品
12-26 19:23:57.414 11819 11819 E processSearchInput:     6
12-26 19:23:57.424 11819 11819 E resultDishCount: 11 个菜品
12-26 19:24:08.854 11819 21295 E updateProductFeature: 9   1e9aaa4b87e247799513b78503cdb1c1   {"classId":8,"cropImagePath":"/storage/emulated/0/shifang/ai_dish/image//20231226/05fcb785-caa8-4b7b-96db-81a180e08a0d.jpg_8.jpg","operation":"CREATE","posIndex":8,"predictClassId":6,"productName":"玫瑰饼","tag":""}
12-26 19:24:08.880 11819 11819 E doUploadProductImg success: /storage/emulated/0/Android/shifangfood/dish_image.jpg
12-26 19:24:08.880 11819 11819 E uploadProductImgSuccess: 玫瑰饼  56eeb9cab74c497fad6ece1404586519 9
12-26 19:24:09.333 11819 21295 E updateProductFeature: {"classId":8,"cropImagePath":"/storage/emulated/0/shifang/ai_dish/image//20231226/05fcb785-caa8-4b7b-96db-81a180e08a0d.jpg_8.jpg","operation":"CREATE","posIndex":8,"predictClassId":6,"productName":"玫瑰饼","tag":""}
12-26 19:24:09.338 11819 21295 E updateDishSchedule: 2 
12-26 19:24:09.339 11819 21295 E currentDishSchedule_update: {"date":"2023-12-26","id":1,"supper":"1,2,3,4,5,6,7,8,9"}
12-26 19:24:09.351 11819 21295 E dishScheduleVO: 玫瑰饼  9  {"date":"2023-12-26","id":1,"supper":"1,2,3,4,5,6,7,8,9"}
12-26 19:24:09.378 11819 11819 E resultDishCount: 11 个菜品
12-26 19:24:14.004 11819 11819 E USBTransferUtil: 当前可用 usb 设备数量: 0
12-26 19:24:14.902 11819 12437 E innerRecognize: recognizeByFilter10
12-26 19:24:14.902 11819 12437 E recognize: 840ms   /storage/emulated/0/shifang/ai_dish/image/20231226/41cc942d-ac90-4ad4-b3fc-17d9bc8e334d.jpg  
12-26 19:24:14.983 11819 11819 E resultDishCount: 10 个菜品
12-26 19:24:15.810 11819 11819 E processSearchInput:     8
12-26 19:24:15.827 11819 11819 E resultDishCount: 10 个菜品
12-26 19:24:25.493 11819 21328 E updateProductFeature: 10   2c344ce2d1d541d5a2cba70aad0041cc   {"classId":9,"cropImagePath":"/storage/emulated/0/shifang/ai_dish/image//20231226/41cc942d-ac90-4ad4-b3fc-17d9bc8e334d.jpg_6.jpg","operation":"CREATE","posIndex":6,"predictClassId":8,"productName":"干脆面","tag":""}
12-26 19:24:25.520 11819 11819 E doUploadProductImg success: /storage/emulated/0/Android/shifangfood/dish_image.jpg
12-26 19:24:25.521 11819 11819 E uploadProductImgSuccess: 干脆面  b902e739f13a45a7b4ac95a7dc949893 10
12-26 19:24:25.995 11819 21328 E updateProductFeature: {"classId":9,"cropImagePath":"/storage/emulated/0/shifang/ai_dish/image//20231226/41cc942d-ac90-4ad4-b3fc-17d9bc8e334d.jpg_6.jpg","operation":"CREATE","posIndex":6,"predictClassId":8,"productName":"干脆面","tag":""}
12-26 19:24:26.003 11819 21328 E updateDishSchedule: 2 
12-26 19:24:26.009 11819 21328 E currentDishSchedule_update: {"date":"2023-12-26","id":1,"supper":"1,2,3,4,5,6,7,8,9,10"}
12-26 19:24:26.039 11819 21328 E dishScheduleVO: 干脆面  10  {"date":"2023-12-26","id":1,"supper":"1,2,3,4,5,6,7,8,9,10"}
12-26 19:24:26.071 11819 11819 E resultDishCount: 10 个菜品
12-26 19:24:30.842 11819 11819 E processSearchInput:     9
12-26 19:24:30.852 11819 11819 E resultDishCount: 10 个菜品
12-26 19:24:32.213 11819 11907 E syncSubImage: 2 
12-26 19:24:32.262 11819 11898 E syncSubImage: 0 
12-26 19:24:41.343 11819 21349 E updateProductFeature: 11   2c344ce2d1d541d5a2cba70aad0041cc   {"classId":10,"cropImagePath":"/storage/emulated/0/shifang/ai_dish/image//20231226/41cc942d-ac90-4ad4-b3fc-17d9bc8e334d.jpg_0.jpg","operation":"CREATE","posIndex":0,"predictClassId":6,"productName":"农夫山泉","tag":""}
12-26 19:24:41.361 11819 11819 E doUploadProductImg success: /storage/emulated/0/Android/shifangfood/dish_image.jpg
12-26 19:24:41.361 11819 11819 E uploadProductImgSuccess: 农夫山泉  beaf1614f0b444afbdbe353c32fb6b0a 11
12-26 19:24:41.811 11819 21349 E updateProductFeature: {"classId":10,"cropImagePath":"/storage/emulated/0/shifang/ai_dish/image//20231226/41cc942d-ac90-4ad4-b3fc-17d9bc8e334d.jpg_0.jpg","operation":"CREATE","posIndex":0,"predictClassId":6,"productName":"农夫山泉","tag":""}
12-26 19:24:41.817 11819 21349 E updateDishSchedule: 2 
12-26 19:24:41.819 11819 21349 E currentDishSchedule_update: {"date":"2023-12-26","id":1,"supper":"1,2,3,4,5,6,7,8,9,10,11"}
12-26 19:24:41.832 11819 21349 E dishScheduleVO: 农夫山泉  11  {"date":"2023-12-26","id":1,"supper":"1,2,3,4,5,6,7,8,9,10,11"}
12-26 19:24:41.859 11819 11819 E resultDishCount: 10 个菜品
12-26 19:24:45.375 11819 12368 E syncSubImage: 0 
