12-27 10:56:37.521  1883  9617 E recognize: 368ms   /storage/emulated/0/shifang/ai_dish/image/20231227/95527b22-e35c-4677-95a2-3fae87d699a9.jpg  
12-27 10:56:37.552  1883  1883 E resultDishCount: 2 个菜品
12-27 10:56:38.209  1883  1883 E USBTransferUtil: 当前可用 usb 设备数量: 0
12-27 10:56:38.644  1883  9623 E innerRecognize: recognizeByFilter2
12-27 10:56:38.644  1883  9623 E recognize: 385ms   /storage/emulated/0/shifang/ai_dish/image/20231227/8be2c183-2708-41d7-9b84-b205c62250c9.jpg  
12-27 10:56:38.666  1883  1883 E resultDishCount: 2 个菜品
12-27 10:56:39.302  1883  1883 E USBTransferUtil: 当前可用 usb 设备数量: 0
12-27 10:56:39.769  1883  9631 E innerRecognize: recognizeByFilter2
12-27 10:56:39.769  1883  9631 E recognize: 412ms   /storage/emulated/0/shifang/ai_dish/image/20231227/10835a31-db57-4e6c-a804-2c46c1abd6be.jpg  
12-27 10:56:39.802  1883  1883 E resultDishCount: 2 个菜品
12-27 10:56:41.476  1883  1883 E USBTransferUtil: 当前可用 usb 设备数量: 0
12-27 10:56:41.892  1883  9636 E innerRecognize: recognizeByFilter2
12-27 10:56:41.892  1883  9636 E recognize: 381ms   /storage/emulated/0/shifang/ai_dish/image/20231227/aa2c469c-fd15-49e3-ba3a-e37cc3522b3f.jpg  
12-27 10:56:41.921  1883  1883 E resultDishCount: 2 个菜品
12-27 10:56:42.618  1883  1883 E USBTransferUtil: 当前可用 usb 设备数量: 0
12-27 10:56:43.036  1883  9642 E innerRecognize: recognizeByFilter2
12-27 10:56:43.036  1883  9642 E recognize: 383ms   /storage/emulated/0/shifang/ai_dish/image/20231227/03ae6859-fd90-4189-8859-e56663468323.jpg  
12-27 10:56:43.082  1883  1883 E resultDishCount: 2 个菜品
12-27 10:56:44.759  1883  1883 E USBTransferUtil: 当前可用 usb 设备数量: 0
12-27 10:56:45.170  1883  9648 E innerRecognize: recognizeByFilter2
12-27 10:56:45.170  1883  9648 E recognize: 380ms   /storage/emulated/0/shifang/ai_dish/image/20231227/e3b96dbc-571b-4c6d-bc99-cc2df2657bad.jpg  
12-27 10:56:45.219  1883  1883 E resultDishCount: 2 个菜品
12-27 10:56:46.872  1883  1883 E USBTransferUtil: 当前可用 usb 设备数量: 0
12-27 10:56:47.325  1883  9653 E innerRecognize: recognizeByFilter2
12-27 10:56:47.325  1883  9653 E recognize: 415ms   /storage/emulated/0/shifang/ai_dish/image/20231227/b0d40d92-d6ba-4dba-bad6-1a80d8431ac5.jpg  
12-27 10:56:47.355  1883  1883 E resultDishCount: 2 个菜品
12-27 10:56:49.029  1883  1883 E USBTransferUtil: 当前可用 usb 设备数量: 0
12-27 10:56:49.438  1883  9659 E innerRecognize: recognizeByFilter2
12-27 10:56:49.438  1883  9659 E recognize: 384ms   /storage/emulated/0/shifang/ai_dish/image/20231227/a9bbb39a-f120-41c9-8fe2-840233cd0833.jpg  
12-27 10:56:49.462  1883  1883 E resultDishCount: 2 个菜品
12-27 10:56:51.148  1883  1883 E USBTransferUtil: 当前可用 usb 设备数量: 0
12-27 10:56:51.589  1883  9665 E innerRecognize: recognizeByFilter2
12-27 10:56:51.589  1883  9665 E recognize: 392ms   /storage/emulated/0/shifang/ai_dish/image/20231227/ded2b1fa-4375-4a9e-bdeb-d1ebb81bd202.jpg  
12-27 10:56:51.627  1883  1883 E resultDishCount: 2 个菜品
12-27 10:56:53.374  1883  1883 E USBTransferUtil: 当前可用 usb 设备数量: 0
12-27 10:56:53.779  1883  9673 E innerRecognize: recognizeByFilter2
12-27 10:56:53.779  1883  9673 E recognize: 378ms   /storage/emulated/0/shifang/ai_dish/image/20231227/ef3cb7ec-a4f6-461c-9525-b893905e60ba.jpg  
12-27 10:56:53.806  1883  1883 E resultDishCount: 2 个菜品
12-27 10:56:55.456  1883  1883 E USBTransferUtil: 当前可用 usb 设备数量: 0
12-27 10:56:55.977  1883  9679 E innerRecognize: recognizeByFilter3
12-27 10:56:55.978  1883  9679 E recognize: 473ms   /storage/emulated/0/shifang/ai_dish/image/20231227/6466ee9e-e347-4d63-8d4b-99666c706323.jpg  
12-27 10:56:56.008  1883  1883 E resultDishCount: 3 个菜品
12-27 10:56:57.681  1883  1883 E USBTransferUtil: 当前可用 usb 设备数量: 0
12-27 10:56:58.082  1883  9685 E innerRecognize: recognizeByFilter2
12-27 10:56:58.082  1883  9685 E recognize: 369ms   /storage/emulated/0/shifang/ai_dish/image/20231227/9cc138b3-2c8b-4eb8-94cd-268d0a8890b7.jpg  
12-27 10:56:58.108  1883  1883 E resultDishCount: 2 个菜品
12-27 10:56:59.763  1883  1883 E USBTransferUtil: 当前可用 usb 设备数量: 0
12-27 10:57:00.202  1883  9369 E innerRecognize: recognizeByFilter2
12-27 10:57:00.202  1883  9369 E recognize: 402ms   /storage/emulated/0/shifang/ai_dish/image/20231227/a791eac0-f89d-4053-93a8-4e492f069f35.jpg  
12-27 10:57:00.230  1883  1883 E resultDishCount: 2 个菜品
12-27 10:57:02.132  1883  1883 E USBTransferUtil: 当前可用 usb 设备数量: 0
12-27 10:57:02.565  1883  9385 E innerRecognize: recognizeByFilter2
12-27 10:57:02.565  1883  9385 E recognize: 388ms   /storage/emulated/0/shifang/ai_dish/image/20231227/7be4323d-1909-4a1d-8916-e5a785d8937d.jpg  
12-27 10:57:02.597  1883  1883 E resultDishCount: 2 个菜品
12-27 10:57:04.324  1883  1883 E USBTransferUtil: 当前可用 usb 设备数量: 0
12-27 10:57:04.717  1883  9597 E innerRecognize: recognizeByFilter2
12-27 10:57:04.717  1883  9597 E recognize: 366ms   /storage/emulated/0/shifang/ai_dish/image/20231227/a3d68c5d-7b02-42be-96f0-59cb59e18901.jpg  
12-27 10:57:04.760  1883  1883 E resultDishCount: 2 个菜品
12-27 10:57:06.427  1883  1883 E USBTransferUtil: 当前可用 usb 设备数量: 0
12-27 10:57:06.832  1883  9598 E innerRecognize: recognizeByFilter2
12-27 10:57:06.832  1883  9598 E recognize: 363ms   /storage/emulated/0/shifang/ai_dish/image/20231227/953b5f6b-db83-4233-95cc-0921474ed988.jpg  
12-27 10:57:06.870  1883  1883 E resultDishCount: 2 个菜品
12-27 10:57:08.583  1883  1883 E USBTransferUtil: 当前可用 usb 设备数量: 0
12-27 10:57:08.966  1883  9611 E innerRecognize: recognizeByFilter2
12-27 10:57:08.966  1883  9611 E recognize: 336ms   /storage/emulated/0/shifang/ai_dish/image/20231227/21af1014-6458-48a0-bcd8-599b52de0b0c.jpg  
12-27 10:57:09.008  1883  1883 E resultDishCount: 2 个菜品
12-27 10:57:10.679  1883  1883 E USBTransferUtil: 当前可用 usb 设备数量: 0
12-27 10:57:11.079  1883  9617 E innerRecognize: recognizeByFilter2
12-27 10:57:11.079  1883  9617 E recognize: 377ms   /storage/emulated/0/shifang/ai_dish/image/20231227/2d5466ef-8a89-4be7-9645-c563ec9703a0.jpg  
12-27 10:57:11.106  1883  1883 E resultDishCount: 2 个菜品
12-27 10:57:12.779  1883  1883 E USBTransferUtil: 当前可用 usb 设备数量: 0
12-27 10:57:13.196  1883  9623 E innerRecognize: recognizeByFilter2
12-27 10:57:13.196  1883  9623 E recognize: 381ms   /storage/emulated/0/shifang/ai_dish/image/20231227/47d0996d-9601-429b-9175-d2cc5fe1c47b.jpg  
12-27 10:57:13.225  1883  1883 E resultDishCount: 2 个菜品
12-27 10:57:14.915  1883  1883 E USBTransferUtil: 当前可用 usb 设备数量: 0
12-27 10:57:15.328  1883  9631 E innerRecognize: recognizeByFilter2
12-27 10:57:15.328  1883  9631 E recognize: 382ms   /storage/emulated/0/shifang/ai_dish/image/20231227/e8bccf29-13d4-4f50-9b49-d63987aa055c.jpg  
12-27 10:57:15.350  1883  1883 E resultDishCount: 2 个菜品
12-27 10:57:17.183  1883  1883 E USBTransferUtil: 当前可用 usb 设备数量: 0
12-27 10:57:17.593  1883  9636 E innerRecognize: recognizeByFilter2
12-27 10:57:17.593  1883  9636 E recognize: 351ms   /storage/emulated/0/shifang/ai_dish/image/20231227/7500130d-6b92-454b-92b4-e2c904b64b56.jpg  
12-27 10:57:17.623  1883  1883 E resultDishCount: 2 个菜品
12-27 10:57:19.277  1883  1883 E USBTransferUtil: 当前可用 usb 设备数量: 0
12-27 10:57:19.661  1883  9642 E innerRecognize: recognizeByFilter2
12-27 10:57:19.661  1883  9642 E recognize: 359ms   /storage/emulated/0/shifang/ai_dish/image/20231227/b714bbdb-8beb-4512-a99a-1b9b99c80efb.jpg  
12-27 10:57:19.712  1883  1883 E resultDishCount: 2 个菜品
12-27 10:57:21.361  1883  1883 E USBTransferUtil: 当前可用 usb 设备数量: 0
12-27 10:57:21.783  1883  9648 E innerRecognize: recognizeByFilter2
12-27 10:57:21.783  1883  9648 E recognize: 387ms   /storage/emulated/0/shifang/ai_dish/image/20231227/99c9013e-df00-4a79-b2ab-5325d78b27ea.jpg  
12-27 10:57:21.836  1883  1883 E resultDishCount: 2 个菜品
12-27 10:57:23.478  1883  1883 E USBTransferUtil: 当前可用 usb 设备数量: 0
12-27 10:57:23.866  1883  9653 E innerRecognize: recognizeByFilter2
12-27 10:57:23.866  1883  9653 E recognize: 366ms   /storage/emulated/0/shifang/ai_dish/image/20231227/233701fc-ef38-47ae-9465-925ed870ed89.jpg  
12-27 10:57:23.907  1883  1883 E resultDishCount: 2 个菜品
12-27 10:57:25.562  1883  1883 E USBTransferUtil: 当前可用 usb 设备数量: 0
12-27 10:57:25.936  1883  9659 E innerRecognize: recognizeByFilter2
12-27 10:57:25.936  1883  9659 E recognize: 338ms   /storage/emulated/0/shifang/ai_dish/image/20231227/fa1430ac-8d63-4317-83e5-639bca28eef5.jpg  
12-27 10:57:25.959  1883  1883 E resultDishCount: 2 个菜品
12-27 10:57:27.608  1883  1883 E USBTransferUtil: 当前可用 usb 设备数量: 0
12-27 10:57:28.016  1883  9665 E innerRecognize: recognizeByFilter2
12-27 10:57:28.016  1883  9665 E recognize: 374ms   /storage/emulated/0/shifang/ai_dish/image/20231227/842219fb-64cf-4586-ab75-e7070b1c1a20.jpg  
12-27 10:57:28.064  1883  1883 E resultDishCount: 2 个菜品
12-27 10:57:29.212  1883  9305 E syncSubImage: 30 
12-27 10:57:29.708  1883  1883 E USBTransferUtil: 当前可用 usb 设备数量: 0
12-27 10:57:30.164  1883  9673 E innerRecognize: recognizeByFilter2
12-27 10:57:30.164  1883  9673 E recognize: 416ms   /storage/emulated/0/shifang/ai_dish/image/20231227/ccfabc26-a6d4-4352-844f-81886b04305f.jpg  
12-27 10:57:30.209  1883  1883 E resultDishCount: 2 个菜品
12-27 10:57:31.886  1883  1883 E USBTransferUtil: 当前可用 usb 设备数量: 0
12-27 10:57:32.320  1883  9679 E innerRecognize: recognizeByFilter2
12-27 10:57:32.320  1883  9679 E recognize: 394ms   /storage/emulated/0/shifang/ai_dish/image/20231227/3d2b4b37-ffcb-43f6-85c6-a6dad262db9f.jpg  
12-27 10:57:32.345  1883  1883 E resultDishCount: 2 个菜品
12-27 10:57:34.000  1883  1883 E USBTransferUtil: 当前可用 usb 设备数量: 0
12-27 10:57:34.420  1883  9685 E innerRecognize: recognizeByFilter2
12-27 10:57:34.420  1883  9685 E recognize: 376ms   /storage/emulated/0/shifang/ai_dish/image/20231227/a0cf38be-0958-4987-a39b-740516e90496.jpg  
12-27 10:57:34.464  1883  1883 E resultDishCount: 2 个菜品
12-27 10:57:36.153  1883  1883 E USBTransferUtil: 当前可用 usb 设备数量: 0
12-27 10:57:36.642  1883  9369 E innerRecognize: recognizeByFilter2
12-27 10:57:36.642  1883  9369 E recognize: 440ms   /storage/emulated/0/shifang/ai_dish/image/20231227/07a1f0ce-9d93-4f99-9e9a-6b2ec7716031.jpg  
12-27 10:57:36.674  1883  1883 E resultDishCount: 2 个菜品
12-27 10:57:38.404  1883  1883 E USBTransferUtil: 当前可用 usb 设备数量: 0
12-27 10:57:38.852  1883  9385 E innerRecognize: recognizeByFilter2
12-27 10:57:38.852  1883  9385 E recognize: 398ms   /storage/emulated/0/shifang/ai_dish/image/20231227/ab204d8a-0d18-4a45-9081-afee4749040e.jpg  
12-27 10:57:38.898  1883  1883 E resultDishCount: 2 个菜品
12-27 10:57:40.660  1883  1883 E USBTransferUtil: 当前可用 usb 设备数量: 0
12-27 10:57:41.048  1883  9597 E innerRecognize: recognizeByFilter2
12-27 10:57:41.049  1883  9597 E recognize: 353ms   /storage/emulated/0/shifang/ai_dish/image/20231227/e2184f9e-1660-4590-b16d-f79715b53f47.jpg  
12-27 10:57:41.074  1883  1883 E resultDishCount: 2 个菜品
12-27 10:57:42.749  1883  1883 E USBTransferUtil: 当前可用 usb 设备数量: 0
12-27 10:57:43.140  1883  9598 E innerRecognize: recognizeByFilter2
12-27 10:57:43.140  1883  9598 E recognize: 365ms   /storage/emulated/0/shifang/ai_dish/image/20231227/92344500-23ee-4bcb-b98f-40d2fcc75d82.jpg  
12-27 10:57:43.180  1883  1883 E resultDishCount: 2 个菜品
12-27 10:57:44.812  1883  1883 E USBTransferUtil: 当前可用 usb 设备数量: 0
12-27 10:57:45.245  1883  9611 E innerRecognize: recognizeByFilter2
12-27 10:57:45.245  1883  9611 E recognize: 402ms   /storage/emulated/0/shifang/ai_dish/image/20231227/db30a81f-9a4c-4168-9b36-9844e125eb68.jpg  
12-27 10:57:45.279  1883  1883 E resultDishCount: 2 个菜品
12-27 10:57:46.949  1883  1883 E USBTransferUtil: 当前可用 usb 设备数量: 0
12-27 10:57:47.454  1883  9617 E innerRecognize: recognizeByFilter3
12-27 10:57:47.454  1883  9617 E recognize: 462ms   /storage/emulated/0/shifang/ai_dish/image/20231227/d99d6ee3-da90-444e-85d0-35e5d51a5de5.jpg  
12-27 10:57:47.498  1883  1883 E resultDishCount: 3 个菜品
12-27 10:57:49.151  1883  1883 E USBTransferUtil: 当前可用 usb 设备数量: 0
12-27 10:57:49.585  1883  9623 E innerRecognize: recognizeByFilter2
12-27 10:57:49.585  1883  9623 E recognize: 403ms   /storage/emulated/0/shifang/ai_dish/image/20231227/70506719-ec6c-4af2-a635-b4b70e219790.jpg  
12-27 10:57:49.622  1883  1883 E resultDishCount: 2 个菜品
12-27 10:57:51.298  1883  1883 E USBTransferUtil: 当前可用 usb 设备数量: 0
12-27 10:57:51.715  1883  9631 E innerRecognize: recognizeByFilter2
12-27 10:57:51.715  1883  9631 E recognize: 382ms   /storage/emulated/0/shifang/ai_dish/image/20231227/ca36bc93-f743-49c9-a5ea-bf81d5c9ce3d.jpg  
12-27 10:57:51.752  1883  1883 E resultDishCount: 2 个菜品
12-27 10:57:52.383  1883  1883 E USBTransferUtil: 当前可用 usb 设备数量: 0
12-27 10:57:52.824  1883  9636 E innerRecognize: recognizeByFilter2
12-27 10:57:52.824  1883  9636 E recognize: 399ms   /storage/emulated/0/shifang/ai_dish/image/20231227/e6a1b8f6-2fc3-4be3-857f-ffd30789081d.jpg  
12-27 10:57:52.868  1883  1883 E resultDishCount: 2 个菜品
12-27 10:57:54.556  1883  1883 E USBTransferUtil: 当前可用 usb 设备数量: 0
12-27 10:57:54.936  1883  9642 E innerRecognize: recognizeByFilter2
12-27 10:57:54.936  1883  9642 E recognize: 358ms   /storage/emulated/0/shifang/ai_dish/image/20231227/d5de6090-cbe6-4062-a0f0-89c355bd629c.jpg  
12-27 10:57:54.972  1883  1883 E resultDishCount: 2 个菜品
12-27 10:57:56.625  1883  1883 E USBTransferUtil: 当前可用 usb 设备数量: 0
12-27 10:57:57.040  1883  9648 E innerRecognize: recognizeByFilter2
12-27 10:57:57.040  1883  9648 E recognize: 367ms   /storage/emulated/0/shifang/ai_dish/image/20231227/66a84fce-83a8-4a68-9fa4-5820bf399802.jpg  
12-27 10:57:57.085  1883  1883 E resultDishCount: 2 个菜品
12-27 10:57:58.777  1883  1883 E USBTransferUtil: 当前可用 usb 设备数量: 0
12-27 10:57:59.201  1883  9653 E innerRecognize: recognizeByFilter2
12-27 10:57:59.201  1883  9653 E recognize: 387ms   /storage/emulated/0/shifang/ai_dish/image/20231227/36b62a58-539e-42d9-be3a-319b418ada66.jpg  
12-27 10:57:59.268  1883  1883 E resultDishCount: 2 个菜品
12-27 10:58:00.913  1883  1883 E USBTransferUtil: 当前可用 usb 设备数量: 0
12-27 10:58:01.296  1883  9659 E innerRecognize: recognizeByFilter2
12-27 10:58:01.296  1883  9659 E recognize: 362ms   /storage/emulated/0/shifang/ai_dish/image/20231227/1dc0e872-db5f-40de-aadf-794a1ef084c9.jpg  
12-27 10:58:01.322  1883  1883 E resultDishCount: 2 个菜品
12-27 10:58:03.016  1883  1883 E USBTransferUtil: 当前可用 usb 设备数量: 0
12-27 10:58:03.395  1883  9665 E innerRecognize: recognizeByFilter2
12-27 10:58:03.395  1883  9665 E recognize: 339ms   /storage/emulated/0/shifang/ai_dish/image/20231227/7c81ffe7-0f0c-451f-bd19-59e9a16aa527.jpg  
12-27 10:58:03.428  1883  1883 E resultDishCount: 2 个菜品
12-27 10:58:05.113  1883  1883 E USBTransferUtil: 当前可用 usb 设备数量: 0
12-27 10:58:05.464  1883  9673 E innerRecognize: recognizeByFilter2
12-27 10:58:05.464  1883  9673 E recognize: 316ms   /storage/emulated/0/shifang/ai_dish/image/20231227/b9133a45-26b7-48a5-8c57-728f3fa88a8f.jpg  
12-27 10:58:05.494  1883  1883 E resultDishCount: 2 个菜品
12-27 10:58:07.158  1883  1883 E USBTransferUtil: 当前可用 usb 设备数量: 0
12-27 10:58:07.601  1883  9679 E innerRecognize: recognizeByFilter2
12-27 10:58:07.601  1883  9679 E recognize: 412ms   /storage/emulated/0/shifang/ai_dish/image/20231227/527b5d4a-a675-4dbf-ad4b-601ba19714b3.jpg  
12-27 10:58:07.641  1883  1883 E resultDishCount: 2 个菜品
12-27 10:58:09.320  1883  1883 E USBTransferUtil: 当前可用 usb 设备数量: 0
12-27 10:58:09.740  1883  9685 E innerRecognize: recognizeByFilter2
12-27 10:58:09.740  1883  9685 E recognize: 393ms   /storage/emulated/0/shifang/ai_dish/image/20231227/ccf21209-9487-4596-a3a7-c2b2338a19f7.jpg  
12-27 10:58:09.767  1883  1883 E resultDishCount: 2 个菜品
12-27 10:58:11.451  1883  1883 E USBTransferUtil: 当前可用 usb 设备数量: 0
12-27 10:58:11.943  1883  9369 E innerRecognize: recognizeByFilter3
12-27 10:58:11.943  1883  9369 E recognize: 458ms   /storage/emulated/0/shifang/ai_dish/image/20231227/924a58f2-4d65-46e0-89f1-a8afbfc8e476.jpg  
12-27 10:58:11.972  1883  1883 E resultDishCount: 3 个菜品
12-27 10:58:13.623  1883  1883 E USBTransferUtil: 当前可用 usb 设备数量: 0
12-27 10:58:14.009  1883  9385 E innerRecognize: recognizeByFilter2
12-27 10:58:14.010  1883  9385 E recognize: 365ms   /storage/emulated/0/shifang/ai_dish/image/20231227/77144e9a-15aa-4828-8062-f89797b3953f.jpg  
12-27 10:58:14.051  1883  1883 E resultDishCount: 2 个菜品
12-27 10:58:15.707  1883  1883 E USBTransferUtil: 当前可用 usb 设备数量: 0
12-27 10:58:15.918  1883  1883 E surfaceDestroyed: ------
12-27 10:58:15.918  1883  9580 E BufferQueueProducer: [SurfaceView[com.shifang.aidish.offline/com.shifang.aidish.mvp.ui.DetectCalcActivity]#7(BLAST Consumer)7](id:75b00000008,api:0,p:-1,c:1883) dequeueBuffer: BufferQueue has no connected producer
12-27 10:58:15.918  1883  9580 E mali_so : encounter the first mali_error : 0x0002 : failed to allocate CPU memory (gles_fb_first_operation_cb at hardware/arm/maliT760/driver/product/gles/src/fb/mali_gles_fb_module_api.c:987)
12-27 10:58:15.919  1883  9580 E BufferQueueProducer: [SurfaceView[com.shifang.aidish.offline/com.shifang.aidish.mvp.ui.DetectCalcActivity]#7(BLAST Consumer)7](id:75b00000008,api:0,p:-1,c:1883) dequeueBuffer: BufferQueue has no connected producer
12-27 10:58:15.919  1883  9580 E BufferQueueProducer: [SurfaceView[com.shifang.aidish.offline/com.shifang.aidish.mvp.ui.DetectCalcActivity]#7(BLAST Consumer)7](id:75b00000008,api:0,p:-1,c:1883) disconnect: not connected (req=1)
12-27 10:58:15.919  1883  1883 E surfaceDestroyed: ------
12-27 10:58:15.927  1883  9583 E BufferQueueProducer: [SurfaceView[]#8(BLAST Consumer)8](id:75b0000000a,api:0,p:-1,c:1883) dequeueBuffer: BufferQueue has no connected producer
12-27 10:58:15.927  1883  9583 E mali_so : encounter the first mali_error : 0x0002 : failed to allocate CPU memory (gles_fb_first_operation_cb at hardware/arm/maliT760/driver/product/gles/src/fb/mali_gles_fb_module_api.c:987)
12-27 10:58:15.927  1883  9583 E BufferQueueProducer: [SurfaceView[]#8(BLAST Consumer)8](id:75b0000000a,api:0,p:-1,c:1883) dequeueBuffer: BufferQueue has no connected producer
12-27 10:58:15.928  1883  9583 E BufferQueueProducer: [SurfaceView[]#8(BLAST Consumer)8](id:75b0000000a,api:0,p:-1,c:1883) disconnect: not connected (req=1)
12-27 10:58:16.066  1883 11285 E getNewVersion: null
12-27 10:58:16.190  1883  9597 E innerRecognize: recognizeByFilter2
12-27 10:58:16.190  1883  9597 E recognize: 442ms   /storage/emulated/0/shifang/ai_dish/image/20231227/658c81f3-71cf-4239-8c77-b698a1dfc39a.jpg  
