12-26 11:36:32.431 24808 25664 E innerRecognize: recognizeByFilter8
12-26 11:36:32.431 24808 25664 E recognize: 895ms   /storage/emulated/0/shifang/ai_dish/image/20231226/d48b775e-217c-4525-9525-d9cece5bb042.jpg  
12-26 11:36:32.544 24808 24808 E resultDishCount: 8 个菜品
12-26 11:36:34.103 24808 25674 E innerRecognize: recognizeByFilter8
12-26 11:36:34.103 24808 25674 E recognize: 901ms   /storage/emulated/0/shifang/ai_dish/image/20231226/51d9f84a-6fa0-4e3c-8ba3-9f3b6675f3c6.jpg  
12-26 11:36:34.214 24808 24808 E resultDishCount: 8 个菜品
12-26 11:36:35.736 24808 25685 E innerRecognize: recognizeByFilter8
12-26 11:36:35.736 24808 25685 E recognize: 888ms   /storage/emulated/0/shifang/ai_dish/image/20231226/2df24d3e-caee-4f4a-89a2-96a40ae8b63b.jpg  
12-26 11:36:35.865 24808 24808 E resultDishCount: 8 个菜品
12-26 11:36:37.439 24808 25696 E innerRecognize: recognizeByFilter8
12-26 11:36:37.439 24808 25696 E recognize: 880ms   /storage/emulated/0/shifang/ai_dish/image/20231226/3b585965-9051-4c9b-969f-9c91666c2e72.jpg  
12-26 11:36:37.535 24808 24808 E resultDishCount: 8 个菜品
12-26 11:36:39.060 24808 25708 E innerRecognize: recognizeByFilter8
12-26 11:36:39.060 24808 25708 E recognize: 813ms   /storage/emulated/0/shifang/ai_dish/image/20231226/a6f25faf-f3c9-40a0-b110-4542adc890b8.jpg  
12-26 11:36:39.171 24808 24808 E resultDishCount: 8 个菜品
12-26 11:36:40.877 24808 25720 E innerRecognize: recognizeByFilter8
12-26 11:36:40.877 24808 25720 E recognize: 861ms   /storage/emulated/0/shifang/ai_dish/image/20231226/4474ea8f-00be-439d-9fd0-5ab789531195.jpg  
12-26 11:36:40.982 24808 24808 E resultDishCount: 8 个菜品
12-26 11:36:42.636 24808 25359 E innerRecognize: recognizeByFilter8
12-26 11:36:42.636 24808 25359 E recognize: 928ms   /storage/emulated/0/shifang/ai_dish/image/20231226/a3acefdc-23d3-4f84-aaf6-af75a537bedc.jpg  
12-26 11:36:42.759 24808 24808 E resultDishCount: 8 个菜品
12-26 11:36:43.179 24808 25300 E registerBgr24: 1 
12-26 11:36:43.179 24808 25300 E FaceServer__: registerBgr24:  ErrorInfo.MOK
12-26 11:36:43.179 24808 25300 E SyncFacePresenter__addFaceLocal_register  fail: 吴彦祖  1
12-26 11:36:43.213 24808 25300 E registerBgr24: 2 
12-26 11:36:43.213 24808 25300 E FaceServer__: registerBgr24:  ErrorInfo.MOK
12-26 11:36:43.213 24808 25300 E SyncFacePresenter__addFaceLocal_register  fail: 郭富城  2
12-26 11:36:43.226 24808 25300 E registerBgr24: 3 
12-26 11:36:43.226 24808 25300 E FaceServer__: registerBgr24:  ErrorInfo.MOK
12-26 11:36:43.226 24808 25300 E SyncFacePresenter__addFaceLocal_register  fail: 谢霆锋  3
12-26 11:36:43.240 24808 25300 E registerBgr24: 4 
12-26 11:36:43.240 24808 25300 E FaceServer__: registerBgr24:  ErrorInfo.MOK
12-26 11:36:43.240 24808 25300 E SyncFacePresenter__addFaceLocal_register  fail: 摩卡  4
12-26 11:36:43.266 24808 25300 E registerBgr24: 5 
12-26 11:36:43.266 24808 25300 E FaceServer__: registerBgr24:  ErrorInfo.MOK
12-26 11:36:43.266 24808 25300 E SyncFacePresenter__addFaceLocal_register  fail: 李连杰  5
12-26 11:36:44.276 24808 25555 E innerRecognize: recognizeByFilter8
12-26 11:36:44.276 24808 25555 E recognize: 854ms   /storage/emulated/0/shifang/ai_dish/image/20231226/5cddfc66-cfba-4144-9a72-384bc0ba5f9a.jpg  
12-26 11:36:44.393 24808 24808 E resultDishCount: 8 个菜品
12-26 11:36:45.912 24808 25556 E innerRecognize: recognizeByFilter8
12-26 11:36:45.912 24808 25556 E recognize: 839ms   /storage/emulated/0/shifang/ai_dish/image/20231226/0c32f143-7327-43d6-8397-22cabb109a75.jpg  
12-26 11:36:46.026 24808 24808 E resultDishCount: 8 个菜品
12-26 11:36:47.699 24808 25577 E innerRecognize: recognizeByFilter8
12-26 11:36:47.699 24808 25577 E recognize: 913ms   /storage/emulated/0/shifang/ai_dish/image/20231226/4927383a-cc0d-410a-8835-ac80bdb200d7.jpg  
12-26 11:36:47.806 24808 24808 E resultDishCount: 8 个菜品
12-26 11:36:49.395 24808 25588 E innerRecognize: recognizeByFilter8
12-26 11:36:49.395 24808 25588 E recognize: 873ms   /storage/emulated/0/shifang/ai_dish/image/20231226/ef7d173b-56da-421a-975e-f9401c587969.jpg  
12-26 11:36:49.510 24808 24808 E resultDishCount: 8 个菜品
12-26 11:36:51.060 24808 25598 E innerRecognize: recognizeByFilter8
12-26 11:36:51.060 24808 25598 E recognize: 851ms   /storage/emulated/0/shifang/ai_dish/image/20231226/1471b24b-4a21-4b24-81d0-f539223adf7a.jpg  
12-26 11:36:51.179 24808 24808 E resultDishCount: 8 个菜品
12-26 11:36:52.751 24808 25609 E innerRecognize: recognizeByFilter8
12-26 11:36:52.751 24808 25609 E recognize: 865ms   /storage/emulated/0/shifang/ai_dish/image/20231226/1d60e853-54e6-4034-ada7-83d56f971fdb.jpg  
12-26 11:36:52.850 24808 24808 E resultDishCount: 8 个菜品
12-26 11:36:54.462 24808 25620 E innerRecognize: recognizeByFilter8
12-26 11:36:54.462 24808 25620 E recognize: 914ms   /storage/emulated/0/shifang/ai_dish/image/20231226/ebca48fd-ea98-4351-bed1-a52fadd5ff3c.jpg  
12-26 11:36:54.541 24808 24808 E resultDishCount: 8 个菜品
12-26 11:36:56.146 24808 25631 E innerRecognize: recognizeByFilter8
12-26 11:36:56.146 24808 25631 E recognize: 875ms   /storage/emulated/0/shifang/ai_dish/image/20231226/52ef0dc7-e217-44fe-a756-94a8d246a564.jpg  
12-26 11:36:56.224 24808 24808 E resultDishCount: 8 个菜品
12-26 11:36:57.813 24808 25642 E innerRecognize: recognizeByFilter8
12-26 11:36:57.813 24808 25642 E recognize: 849ms   /storage/emulated/0/shifang/ai_dish/image/20231226/2a9d42d5-055b-4ad7-abc9-8f40c35905ac.jpg  
12-26 11:36:57.930 24808 24808 E resultDishCount: 8 个菜品
12-26 11:36:59.486 24808 25653 E innerRecognize: recognizeByFilter8
12-26 11:36:59.486 24808 25653 E recognize: 825ms   /storage/emulated/0/shifang/ai_dish/image/20231226/c7aa6c37-c5ed-413c-ad5f-4a3bc389222c.jpg  
12-26 11:36:59.581 24808 24808 E resultDishCount: 8 个菜品
12-26 11:37:01.520 24808 25664 E innerRecognize: recognizeByFilter8
12-26 11:37:01.520 24808 25664 E recognize: 869ms   /storage/emulated/0/shifang/ai_dish/image/20231226/b062a996-07a3-43b0-b2e9-d5e39c50867c.jpg  
12-26 11:37:01.610 24808 24808 E resultDishCount: 8 个菜品
12-26 11:37:03.235 24808 25674 E innerRecognize: recognizeByFilter8
12-26 11:37:03.235 24808 25674 E recognize: 906ms   /storage/emulated/0/shifang/ai_dish/image/20231226/77c0864d-c85a-4ed3-8a24-0892dc0aa642.jpg  
12-26 11:37:03.369 24808 24808 E resultDishCount: 8 个菜品
12-26 11:37:04.918 24808 25685 E innerRecognize: recognizeByFilter8
12-26 11:37:04.918 24808 25685 E recognize: 901ms   /storage/emulated/0/shifang/ai_dish/image/20231226/2dc558a9-dd05-494b-9054-a303d4612e23.jpg  
12-26 11:37:05.039 24808 24808 E resultDishCount: 8 个菜品
12-26 11:37:06.611 24808 25696 E innerRecognize: recognizeByFilter8
12-26 11:37:06.611 24808 25696 E recognize: 906ms   /storage/emulated/0/shifang/ai_dish/image/20231226/af4229c0-eefe-4659-90d6-299b7bb2ab20.jpg  
12-26 11:37:06.727 24808 24808 E resultDishCount: 8 个菜品
12-26 11:37:09.405 24808 25708 E innerRecognize: recognizeByFilter8
12-26 11:37:09.405 24808 25708 E recognize: 2029ms   /storage/emulated/0/shifang/ai_dish/image/20231226/450cbe29-e518-47d0-93fb-8b176472e5f9.jpg  
12-26 11:37:11.294 24808 24808 E resultDishCount: 8 个菜品
12-26 11:37:12.208 24808 25720 E innerRecognize: recognizeByFilter8
12-26 11:37:12.208 24808 25720 E recognize: 920ms   /storage/emulated/0/shifang/ai_dish/image/20231226/94fab2e8-6f05-4e0d-be95-d78d616dab77.jpg  
12-26 11:37:12.296 24808 24808 E resultDishCount: 8 个菜品
12-26 11:37:13.263 24808 25359 E innerRecognize: recognizeByFilter8
12-26 11:37:13.263 24808 25359 E recognize: 969ms   /storage/emulated/0/shifang/ai_dish/image/20231226/ec36e6c6-3ee6-42a7-88b5-793cb5f350f2.jpg  
12-26 11:37:13.369 24808 24808 E resultDishCount: 8 个菜品
12-26 11:37:14.223 24808 25555 E innerRecognize: recognizeByFilter8
12-26 11:37:14.223 24808 25555 E recognize: 859ms   /storage/emulated/0/shifang/ai_dish/image/20231226/1bf78e63-1e70-434c-bf2b-94a45b836ec0.jpg  
12-26 11:37:14.304 24808 24808 E resultDishCount: 8 个菜品
12-26 11:37:15.905 24808 25556 E innerRecognize: recognizeByFilter8
12-26 11:37:15.905 24808 25556 E recognize: 859ms   /storage/emulated/0/shifang/ai_dish/image/20231226/2fce16ae-68b8-41d4-bf14-dd3d3c26389a.jpg  
12-26 11:37:16.002 24808 24808 E resultDishCount: 8 个菜品
12-26 11:37:17.625 24808 25577 E innerRecognize: recognizeByFilter8
12-26 11:37:17.625 24808 25577 E recognize: 905ms   /storage/emulated/0/shifang/ai_dish/image/20231226/eee83e1d-f401-4039-aa58-f62aa6527453.jpg  
12-26 11:37:17.733 24808 24808 E resultDishCount: 8 个菜品
12-26 11:37:19.300 24808 25588 E innerRecognize: recognizeByFilter8
12-26 11:37:19.300 24808 25588 E recognize: 890ms   /storage/emulated/0/shifang/ai_dish/image/20231226/ae41ecd7-436a-4f36-9104-1c33be583444.jpg  
12-26 11:37:19.419 24808 24808 E resultDishCount: 8 个菜品
12-26 11:37:21.029 24808 25598 E innerRecognize: recognizeByFilter8
12-26 11:37:21.029 24808 25598 E recognize: 908ms   /storage/emulated/0/shifang/ai_dish/image/20231226/2b1b50e5-19a9-448b-9a36-bfff062f57ad.jpg  
12-26 11:37:21.107 24808 24808 E resultDishCount: 8 个菜品
12-26 11:37:22.699 24808 25609 E innerRecognize: recognizeByFilter8
12-26 11:37:22.699 24808 25609 E recognize: 894ms   /storage/emulated/0/shifang/ai_dish/image/20231226/8411a0c8-0062-4b74-9a93-8c07f5ca5173.jpg  
12-26 11:37:22.813 24808 24808 E resultDishCount: 8 个菜品
12-26 11:37:24.310 24808 25620 E innerRecognize: recognizeByFilter8
12-26 11:37:24.310 24808 25620 E recognize: 834ms   /storage/emulated/0/shifang/ai_dish/image/20231226/2bc229cc-84b0-4fad-a367-2736ff1b6d87.jpg  
12-26 11:37:24.393 24808 24808 E resultDishCount: 8 个菜品
12-26 11:37:26.083 24808 25631 E innerRecognize: recognizeByFilter8
12-26 11:37:26.083 24808 25631 E recognize: 907ms   /storage/emulated/0/shifang/ai_dish/image/20231226/08cda344-7250-4809-ad00-59a8a2c35715.jpg  
12-26 11:37:26.224 24808 24808 E resultDishCount: 8 个菜品
12-26 11:37:27.770 24808 25642 E innerRecognize: recognizeByFilter8
12-26 11:37:27.770 24808 25642 E recognize: 874ms   /storage/emulated/0/shifang/ai_dish/image/20231226/2d7334e9-960d-4554-8def-fc3a79d56ad4.jpg  
12-26 11:37:27.893 24808 24808 E resultDishCount: 8 个菜品
12-26 11:37:29.464 24808 25653 E innerRecognize: recognizeByFilter8
12-26 11:37:29.464 24808 25653 E recognize: 883ms   /storage/emulated/0/shifang/ai_dish/image/20231226/b66d4124-5b60-4e17-8a97-737efb218cc0.jpg  
12-26 11:37:29.563 24808 24808 E resultDishCount: 8 个菜品
12-26 11:37:31.186 24808 25664 E innerRecognize: recognizeByFilter8
12-26 11:37:31.186 24808 25664 E recognize: 930ms   /storage/emulated/0/shifang/ai_dish/image/20231226/1da8dcc8-ca44-4b00-84b1-1981a4414c28.jpg  
12-26 11:37:31.322 24808 24808 E resultDishCount: 8 个菜品
12-26 11:37:32.788 24808 25674 E innerRecognize: recognizeByFilter8
12-26 11:37:32.788 24808 25674 E recognize: 833ms   /storage/emulated/0/shifang/ai_dish/image/20231226/8f676768-0e0f-41e6-b75a-a58d6aee9bcc.jpg  
12-26 11:37:32.884 24808 24808 E resultDishCount: 8 个菜品
12-26 11:37:34.521 24808 25685 E innerRecognize: recognizeByFilter8
12-26 11:37:34.521 24808 25685 E recognize: 858ms   /storage/emulated/0/shifang/ai_dish/image/20231226/e465addd-47af-4a93-bc04-3de80db1ac33.jpg  
12-26 11:37:34.644 24808 24808 E resultDishCount: 8 个菜品
12-26 11:37:36.326 24808 25696 E innerRecognize: recognizeByFilter8
12-26 11:37:36.326 24808 25696 E recognize: 885ms   /storage/emulated/0/shifang/ai_dish/image/20231226/4683af8d-9d9d-4036-907f-f8cdd9ded299.jpg  
12-26 11:37:36.439 24808 24808 E resultDishCount: 8 个菜品
12-26 11:37:37.922 24808 25708 E innerRecognize: recognizeByFilter8
12-26 11:37:37.922 24808 25708 E recognize: 849ms   /storage/emulated/0/shifang/ai_dish/image/20231226/d6c26e22-d89e-480d-8c47-c3eed67d68ac.jpg  
12-26 11:37:38.020 24808 24808 E resultDishCount: 8 个菜品
12-26 11:37:39.549 24808 25720 E innerRecognize: recognizeByFilter8
12-26 11:37:39.549 24808 25720 E recognize: 812ms   /storage/emulated/0/shifang/ai_dish/image/20231226/8639029c-9fdf-476b-9579-dadcdf067a93.jpg  
12-26 11:37:39.653 24808 24808 E resultDishCount: 8 个菜品
12-26 11:37:41.362 24808 25359 E innerRecognize: recognizeByFilter8
12-26 11:37:41.362 24808 25359 E recognize: 905ms   /storage/emulated/0/shifang/ai_dish/image/20231226/2aa3bd77-80b0-4645-b192-e0189f376d9f.jpg  
12-26 11:37:41.484 24808 24808 E resultDishCount: 8 个菜品
12-26 11:37:43.057 24808 25555 E innerRecognize: recognizeByFilter8
12-26 11:37:43.057 24808 25555 E recognize: 913ms   /storage/emulated/0/shifang/ai_dish/image/20231226/03e9d59c-7e41-4300-a67c-160fa8c9af30.jpg  
12-26 11:37:43.172 24808 24808 E resultDishCount: 8 个菜品
12-26 11:37:43.292 24808 25300 E registerBgr24: 1 
12-26 11:37:43.292 24808 25300 E FaceServer__: registerBgr24:  ErrorInfo.MOK
12-26 11:37:43.292 24808 25300 E SyncFacePresenter__addFaceLocal_register  fail: 吴彦祖  1
12-26 11:37:43.332 24808 25300 E registerBgr24: 2 
12-26 11:37:43.332 24808 25300 E FaceServer__: registerBgr24:  ErrorInfo.MOK
12-26 11:37:43.332 24808 25300 E SyncFacePresenter__addFaceLocal_register  fail: 郭富城  2
12-26 11:37:43.345 24808 25300 E registerBgr24: 3 
12-26 11:37:43.345 24808 25300 E FaceServer__: registerBgr24:  ErrorInfo.MOK
12-26 11:37:43.345 24808 25300 E SyncFacePresenter__addFaceLocal_register  fail: 谢霆锋  3
12-26 11:37:43.360 24808 25300 E registerBgr24: 4 
12-26 11:37:43.360 24808 25300 E FaceServer__: registerBgr24:  ErrorInfo.MOK
12-26 11:37:43.360 24808 25300 E SyncFacePresenter__addFaceLocal_register  fail: 摩卡  4
12-26 11:37:43.391 24808 25300 E registerBgr24: 5 
12-26 11:37:43.391 24808 25300 E FaceServer__: registerBgr24:  ErrorInfo.MOK
12-26 11:37:43.391 24808 25300 E SyncFacePresenter__addFaceLocal_register  fail: 李连杰  5
12-26 11:37:44.792 24808 25556 E innerRecognize: recognizeByFilter8
12-26 11:37:44.793 24808 25556 E recognize: 957ms   /storage/emulated/0/shifang/ai_dish/image/20231226/63a6dfe2-1f38-48b0-8775-a55c6d9c8378.jpg  
12-26 11:37:44.931 24808 24808 E resultDishCount: 8 个菜品
12-26 11:37:46.451 24808 25577 E innerRecognize: recognizeByFilter8
12-26 11:37:46.451 24808 25577 E recognize: 872ms   /storage/emulated/0/shifang/ai_dish/image/20231226/bf73a59d-1643-4271-843a-1e1efb73f403.jpg  
12-26 11:37:46.547 24808 24808 E resultDishCount: 8 个菜品
12-26 11:37:48.141 24808 25588 E innerRecognize: recognizeByFilter8
12-26 11:37:48.141 24808 25588 E recognize: 879ms   /storage/emulated/0/shifang/ai_dish/image/20231226/fdefec0b-d2b5-455c-89d8-a3bb43de5d66.jpg  
12-26 11:37:48.218 24808 24808 E resultDishCount: 8 个菜品
12-26 11:37:49.905 24808 25598 E innerRecognize: recognizeByFilter8
12-26 11:37:49.905 24808 25598 E recognize: 904ms   /storage/emulated/0/shifang/ai_dish/image/20231226/070c27e1-7098-481a-ae2d-8df3fadcd43e.jpg  
12-26 11:37:50.014 24808 24808 E resultDishCount: 8 个菜品
12-26 11:37:51.607 24808 25609 E innerRecognize: recognizeByFilter8
12-26 11:37:51.607 24808 25609 E recognize: 889ms   /storage/emulated/0/shifang/ai_dish/image/20231226/8f73324b-ae3d-4ee9-9dac-2486a7334046.jpg  
12-26 11:37:51.717 24808 24808 E resultDishCount: 8 个菜品
12-26 11:37:53.350 24808 25620 E innerRecognize: recognizeByFilter8
12-26 11:37:53.350 24808 25620 E recognize: 912ms   /storage/emulated/0/shifang/ai_dish/image/20231226/0c99bd55-f60e-4e8d-a8d5-c3a352a8d95d.jpg  
12-26 11:37:53.441 24808 24808 E resultDishCount: 8 个菜品
12-26 11:37:54.928 24808 25631 E innerRecognize: recognizeByFilter8
12-26 11:37:54.928 24808 25631 E recognize: 859ms   /storage/emulated/0/shifang/ai_dish/image/20231226/96c8c4c1-a689-4abb-934a-189323b774ae.jpg  
12-26 11:37:55.021 24808 24808 E resultDishCount: 8 个菜品
12-26 11:37:56.584 24808 25642 E innerRecognize: recognizeByFilter8
12-26 11:37:56.584 24808 25642 E recognize: 827ms   /storage/emulated/0/shifang/ai_dish/image/20231226/3a86f394-f9f3-4878-a873-1d3e74039627.jpg  
12-26 11:37:56.693 24808 24808 E resultDishCount: 8 个菜品
12-26 11:37:58.286 24808 25653 E innerRecognize: recognizeByFilter8
12-26 11:37:58.286 24808 25653 E recognize: 850ms   /storage/emulated/0/shifang/ai_dish/image/20231226/1525991d-6586-4d91-a52c-72e2d45c25c2.jpg  
12-26 11:37:58.403 24808 24808 E resultDishCount: 8 个菜品
12-26 11:38:00.104 24808 25664 E innerRecognize: recognizeByFilter8
12-26 11:38:00.104 24808 25664 E recognize: 903ms   /storage/emulated/0/shifang/ai_dish/image/20231226/2f7bce9c-92fe-4385-9633-79cfba78d75d.jpg  
12-26 11:38:00.195 24808 24808 E resultDishCount: 8 个菜品
12-26 11:38:02.035 24808 25674 E innerRecognize: recognizeByFilter8
12-26 11:38:02.035 24808 25674 E recognize: 909ms   /storage/emulated/0/shifang/ai_dish/image/20231226/8e9607fa-73dd-4c5b-841e-a0ab1c44fa05.jpg  
12-26 11:38:02.134 24808 24808 E resultDishCount: 8 个菜品
12-26 11:38:03.688 24808 25685 E innerRecognize: recognizeByFilter8
12-26 11:38:03.688 24808 25685 E recognize: 877ms   /storage/emulated/0/shifang/ai_dish/image/20231226/62a40a80-caab-42c9-b720-46b2936ffb01.jpg  
12-26 11:38:03.800 24808 24808 E resultDishCount: 8 个菜品
12-26 11:38:05.331 24808 25696 E innerRecognize: recognizeByFilter8
12-26 11:38:05.331 24808 25696 E recognize: 850ms   /storage/emulated/0/shifang/ai_dish/image/20231226/4e73be2e-8ab8-4216-a448-f1ad0dae165a.jpg  
12-26 11:38:05.416 24808 24808 E resultDishCount: 8 个菜品
12-26 11:38:07.043 24808 25708 E innerRecognize: recognizeByFilter8
12-26 11:38:07.043 24808 25708 E recognize: 874ms   /storage/emulated/0/shifang/ai_dish/image/20231226/6eb504da-3d90-40ae-ab74-4f968695350e.jpg  
12-26 11:38:07.141 24808 24808 E resultDishCount: 8 个菜品
12-26 11:38:08.712 24808 25720 E innerRecognize: recognizeByFilter8
12-26 11:38:08.712 24808 25720 E recognize: 869ms   /storage/emulated/0/shifang/ai_dish/image/20231226/134f060f-711f-4e38-b131-058ff7118956.jpg  
12-26 11:38:08.827 24808 24808 E resultDishCount: 8 个菜品
12-26 11:38:10.458 24808 25359 E innerRecognize: recognizeByFilter8
12-26 11:38:10.458 24808 25359 E recognize: 910ms   /storage/emulated/0/shifang/ai_dish/image/20231226/4c3f3c1e-305b-4d02-ac3c-c4ddfe735f95.jpg  
12-26 11:38:10.572 24808 24808 E resultDishCount: 8 个菜品
12-26 11:38:12.177 24808 25555 E innerRecognize: recognizeByFilter8
12-26 11:38:12.177 24808 25555 E recognize: 974ms   /storage/emulated/0/shifang/ai_dish/image/20231226/37dd3877-2691-4726-81a7-b7df5413edad.jpg  
12-26 11:38:16.196 24808 24808 E resultDishCount: 8 个菜品
12-26 11:38:17.111 24808 25556 E innerRecognize: recognizeByFilter8
12-26 11:38:17.111 24808 25556 E recognize: 934ms   /storage/emulated/0/shifang/ai_dish/image/20231226/634b4f50-d8cf-464b-8f8a-fcf9edca9c19.jpg  
12-26 11:38:17.229 24808 24808 E resultDishCount: 8 个菜品
12-26 11:38:18.048 24808 25577 E innerRecognize: recognizeByFilter8
12-26 11:38:18.048 24808 25577 E recognize: 828ms   /storage/emulated/0/shifang/ai_dish/image/20231226/40fb911b-0ea9-4524-8133-58a5359d6472.jpg  
12-26 11:38:18.162 24808 24808 E resultDishCount: 8 个菜品
12-26 11:38:19.146 24808 25588 E innerRecognize: recognizeByFilter8
12-26 11:38:19.147 24808 25588 E recognize: 992ms   /storage/emulated/0/shifang/ai_dish/image/20231226/30642f4b-3ead-4bcb-83cb-bf0eca3a42f0.jpg  
12-26 11:38:19.241 24808 24808 E resultDishCount: 8 个菜品
12-26 11:38:20.078 24808 25598 E innerRecognize: recognizeByFilter8
12-26 11:38:20.078 24808 25598 E recognize: 833ms   /storage/emulated/0/shifang/ai_dish/image/20231226/fe6c19e2-90cc-4961-9f0d-a43b754b9b1c.jpg  
12-26 11:38:20.209 24808 24808 E resultDishCount: 8 个菜品
12-26 11:38:21.853 24808 25609 E innerRecognize: recognizeByFilter8
12-26 11:38:21.853 24808 25609 E recognize: 888ms   /storage/emulated/0/shifang/ai_dish/image/20231226/c10ab7a1-c283-484e-ae70-8b2b89465090.jpg  
12-26 11:38:21.986 24808 24808 E resultDishCount: 8 个菜品
12-26 11:38:23.591 24808 25620 E innerRecognize: recognizeByFilter8
12-26 11:38:23.591 24808 25620 E recognize: 944ms   /storage/emulated/0/shifang/ai_dish/image/20231226/b2cadb74-d50e-495b-9f8b-df742bba6671.jpg  
12-26 11:38:23.711 24808 24808 E resultDishCount: 8 个菜品
12-26 11:38:25.262 24808 25631 E innerRecognize: recognizeByFilter8
12-26 11:38:25.262 24808 25631 E recognize: 923ms   /storage/emulated/0/shifang/ai_dish/image/20231226/98eb0e22-3c4f-403a-b235-abadbe78c5bd.jpg  
12-26 11:38:25.361 24808 24808 E resultDishCount: 8 个菜品
12-26 11:38:26.987 24808 25642 E innerRecognize: recognizeByFilter8
12-26 11:38:26.987 24808 25642 E recognize: 931ms   /storage/emulated/0/shifang/ai_dish/image/20231226/c9633990-24be-417c-9e56-77f7d27f0cee.jpg  
12-26 11:38:27.130 24808 24808 E resultDishCount: 8 个菜品
12-26 11:38:28.787 24808 25653 E innerRecognize: recognizeByFilter8
12-26 11:38:28.787 24808 25653 E recognize: 1009ms   /storage/emulated/0/shifang/ai_dish/image/20231226/cedd6390-0caf-4b3e-89e8-117ee120006b.jpg  
12-26 11:38:28.916 24808 24808 E resultDishCount: 8 个菜品
12-26 11:38:30.498 24808 25664 E innerRecognize: recognizeByFilter8
12-26 11:38:30.498 24808 25664 E recognize: 925ms   /storage/emulated/0/shifang/ai_dish/image/20231226/a74bb327-17a4-4e1e-9bd0-e208cf8761f7.jpg  
12-26 11:38:30.622 24808 24808 E resultDishCount: 8 个菜品
12-26 11:38:32.196 24808 25674 E innerRecognize: recognizeByFilter8
12-26 11:38:32.196 24808 25674 E recognize: 932ms   /storage/emulated/0/shifang/ai_dish/image/20231226/370d1b94-565e-4061-9f77-1e3204cd535c.jpg  
12-26 11:38:32.291 24808 24808 E resultDishCount: 8 个菜品
12-26 11:38:33.885 24808 25685 E innerRecognize: recognizeByFilter8
12-26 11:38:33.885 24808 25685 E recognize: 935ms   /storage/emulated/0/shifang/ai_dish/image/20231226/f2feedc9-ab04-4050-8a38-688f7bef7259.jpg  
12-26 11:38:33.980 24808 24808 E resultDishCount: 8 个菜品
12-26 11:38:35.580 24808 25696 E innerRecognize: recognizeByFilter8
12-26 11:38:35.580 24808 25696 E recognize: 937ms   /storage/emulated/0/shifang/ai_dish/image/20231226/b89e56ce-3861-485b-9d81-5f5e75f9bc58.jpg  
12-26 11:38:35.703 24808 24808 E resultDishCount: 8 个菜品
12-26 11:38:37.300 24808 25708 E innerRecognize: recognizeByFilter8
12-26 11:38:37.301 24808 25708 E recognize: 945ms   /storage/emulated/0/shifang/ai_dish/image/20231226/d37e04a9-18e9-4737-85ad-f8f1e9534058.jpg  
12-26 11:38:37.426 24808 24808 E resultDishCount: 8 个菜品
12-26 11:38:39.058 24808 25720 E innerRecognize: recognizeByFilter8
12-26 11:38:39.058 24808 25720 E recognize: 940ms   /storage/emulated/0/shifang/ai_dish/image/20231226/53106f01-478c-4a2e-aec1-5ed95b903ff6.jpg  
12-26 11:38:39.168 24808 24808 E resultDishCount: 8 个菜品
12-26 11:38:40.815 24808 25359 E innerRecognize: recognizeByFilter8
12-26 11:38:40.815 24808 25359 E recognize: 968ms   /storage/emulated/0/shifang/ai_dish/image/20231226/130f10e6-bd5d-46a8-bbaf-789c972554db.jpg  
12-26 11:38:40.945 24808 24808 E resultDishCount: 8 个菜品
12-26 11:38:42.528 24808 25555 E innerRecognize: recognizeByFilter8
12-26 11:38:42.528 24808 25555 E recognize: 932ms   /storage/emulated/0/shifang/ai_dish/image/20231226/4832fd23-d073-4f70-b72d-aa9def7bea42.jpg  
12-26 11:38:42.654 24808 24808 E resultDishCount: 8 个菜品
12-26 11:38:43.415 24808 25300 E registerBgr24: 1 
12-26 11:38:43.415 24808 25300 E FaceServer__: registerBgr24:  ErrorInfo.MOK
12-26 11:38:43.415 24808 25300 E SyncFacePresenter__addFaceLocal_register  fail: 吴彦祖  1
12-26 11:38:43.452 24808 25300 E registerBgr24: 2 
12-26 11:38:43.452 24808 25300 E FaceServer__: registerBgr24:  ErrorInfo.MOK
12-26 11:38:43.452 24808 25300 E SyncFacePresenter__addFaceLocal_register  fail: 郭富城  2
12-26 11:38:43.466 24808 25300 E registerBgr24: 3 
12-26 11:38:43.466 24808 25300 E FaceServer__: registerBgr24:  ErrorInfo.MOK
12-26 11:38:43.466 24808 25300 E SyncFacePresenter__addFaceLocal_register  fail: 谢霆锋  3
12-26 11:38:43.481 24808 25300 E registerBgr24: 4 
12-26 11:38:43.481 24808 25300 E FaceServer__: registerBgr24:  ErrorInfo.MOK
12-26 11:38:43.481 24808 25300 E SyncFacePresenter__addFaceLocal_register  fail: 摩卡  4
12-26 11:38:43.512 24808 25300 E registerBgr24: 5 
12-26 11:38:43.512 24808 25300 E FaceServer__: registerBgr24:  ErrorInfo.MOK
12-26 11:38:43.512 24808 25300 E SyncFacePresenter__addFaceLocal_register  fail: 李连杰  5
12-26 11:38:44.247 24808 25556 E innerRecognize: recognizeByFilter8
12-26 11:38:44.247 24808 25556 E recognize: 927ms   /storage/emulated/0/shifang/ai_dish/image/20231226/f69281ca-2e68-422d-a07e-2c3bf93a88dc.jpg  
12-26 11:38:44.410 24808 24808 E resultDishCount: 8 个菜品
12-26 11:38:46.032 24808 25577 E innerRecognize: recognizeByFilter8
12-26 11:38:46.032 24808 25577 E recognize: 978ms   /storage/emulated/0/shifang/ai_dish/image/20231226/754db474-91dd-49fb-b1e8-83f651e4e2fc.jpg  
12-26 11:38:46.151 24808 24808 E resultDishCount: 8 个菜品
12-26 11:38:47.759 24808 25588 E innerRecognize: recognizeByFilter8
12-26 11:38:47.759 24808 25588 E recognize: 972ms   /storage/emulated/0/shifang/ai_dish/image/20231226/2acc32d7-9450-4043-8c45-91dab716bd59.jpg  
12-26 11:38:47.876 24808 24808 E resultDishCount: 8 个菜品
12-26 11:38:49.496 24808 25598 E innerRecognize: recognizeByFilter8
12-26 11:38:49.496 24808 25598 E recognize: 940ms   /storage/emulated/0/shifang/ai_dish/image/20231226/0e09b076-1b57-451f-9031-2826e3f45519.jpg  
12-26 11:38:49.634 24808 24808 E resultDishCount: 8 个菜品
12-26 11:38:51.261 24808 25609 E innerRecognize: recognizeByFilter8
12-26 11:38:51.261 24808 25609 E recognize: 988ms   /storage/emulated/0/shifang/ai_dish/image/20231226/1269612f-9bbc-4105-a255-4e2981779466.jpg  
12-26 11:38:51.376 24808 24808 E resultDishCount: 8 个菜品
12-26 11:38:53.014 24808 25620 E innerRecognize: recognizeByFilter8
12-26 11:38:53.014 24808 25620 E recognize: 977ms   /storage/emulated/0/shifang/ai_dish/image/20231226/af47d3db-ffe5-4785-a447-92dffdfeddeb.jpg  
12-26 11:38:53.135 24808 24808 E resultDishCount: 8 个菜品
12-26 11:38:54.770 24808 25631 E innerRecognize: recognizeByFilter8
12-26 11:38:54.770 24808 25631 E recognize: 999ms   /storage/emulated/0/shifang/ai_dish/image/20231226/5d8ce430-94f7-4557-b896-2e180311cf66.jpg  
12-26 11:38:54.877 24808 24808 E resultDishCount: 8 个菜品
12-26 11:38:56.459 24808 25642 E innerRecognize: recognizeByFilter8
12-26 11:38:56.459 24808 25642 E recognize: 914ms   /storage/emulated/0/shifang/ai_dish/image/20231226/65fdd9f6-8b09-4efa-817b-77118fc43e73.jpg  
12-26 11:38:56.600 24808 24808 E resultDishCount: 8 个菜品
12-26 11:38:58.183 24808 25653 E innerRecognize: recognizeByFilter8
12-26 11:38:58.183 24808 25653 E recognize: 940ms   /storage/emulated/0/shifang/ai_dish/image/20231226/329da647-4882-4935-b6d2-f08b4f8a75d5.jpg  
12-26 11:38:58.306 24808 24808 E resultDishCount: 8 个菜品
12-26 11:38:59.973 24808 25664 E innerRecognize: recognizeByFilter8
12-26 11:38:59.973 24808 25664 E recognize: 1007ms   /storage/emulated/0/shifang/ai_dish/image/20231226/1b2c925e-3483-472f-8a31-4d5d7c215e6b.jpg  
12-26 11:39:00.101 24808 24808 E resultDishCount: 8 个菜品
12-26 11:39:01.694 24808 25674 E innerRecognize: recognizeByFilter8
12-26 11:39:01.694 24808 25674 E recognize: 958ms   /storage/emulated/0/shifang/ai_dish/image/20231226/8ce40bfe-be18-4dd2-b6c1-fb1834716a61.jpg  
12-26 11:39:01.807 24808 24808 E resultDishCount: 8 个菜品
12-26 11:39:03.426 24808 25685 E innerRecognize: recognizeByFilter8
12-26 11:39:03.426 24808 25685 E recognize: 965ms   /storage/emulated/0/shifang/ai_dish/image/20231226/68d6433d-33b2-4b36-abab-9be2303da200.jpg  
12-26 11:39:03.551 24808 24808 E resultDishCount: 8 个菜品
12-26 11:39:05.172 24808 25696 E innerRecognize: recognizeByFilter8
12-26 11:39:05.172 24808 25696 E recognize: 954ms   /storage/emulated/0/shifang/ai_dish/image/20231226/f26d88a0-cce7-44e8-bd90-00bafb961714.jpg  
12-26 11:39:05.289 24808 24808 E resultDishCount: 8 个菜品
12-26 11:39:06.951 24808 25708 E innerRecognize: recognizeByFilter8
12-26 11:39:06.951 24808 25708 E recognize: 992ms   /storage/emulated/0/shifang/ai_dish/image/20231226/ad0abe82-b4cf-4df2-b859-570753a09752.jpg  
12-26 11:39:07.049 24808 24808 E resultDishCount: 8 个菜品
12-26 11:39:08.627 24808 25720 E innerRecognize: recognizeByFilter8
12-26 11:39:08.627 24808 25720 E recognize: 951ms   /storage/emulated/0/shifang/ai_dish/image/20231226/fed9014e-c63d-4748-a172-cf4b5beb1036.jpg  
12-26 11:39:08.741 24808 24808 E resultDishCount: 8 个菜品
12-26 11:39:10.347 24808 25359 E innerRecognize: recognizeByFilter8
12-26 11:39:10.347 24808 25359 E recognize: 949ms   /storage/emulated/0/shifang/ai_dish/image/20231226/b124c1b8-6dc8-49f0-92f5-7328ec3383a3.jpg  
12-26 11:39:10.442 24808 24808 E resultDishCount: 8 个菜品
12-26 11:39:12.024 24808 25555 E innerRecognize: recognizeByFilter8
12-26 11:39:12.024 24808 25555 E recognize: 955ms   /storage/emulated/0/shifang/ai_dish/image/20231226/cc710fbb-af92-4a03-8f3f-752119fe0375.jpg  
12-26 11:39:12.130 24808 24808 E resultDishCount: 8 个菜品
12-26 11:39:13.757 24808 25556 E innerRecognize: recognizeByFilter8
12-26 11:39:13.757 24808 25556 E recognize: 991ms   /storage/emulated/0/shifang/ai_dish/image/20231226/92f36018-1bd8-4669-b57b-782a506865c9.jpg  
12-26 11:39:13.856 24808 24808 E resultDishCount: 8 个菜品
12-26 11:39:15.517 24808 25577 E innerRecognize: recognizeByFilter8
12-26 11:39:15.517 24808 25577 E recognize: 1018ms   /storage/emulated/0/shifang/ai_dish/image/20231226/fb054a1c-041f-4e27-9c02-8279d3106e8b.jpg  
12-26 11:39:15.631 24808 24808 E resultDishCount: 8 个菜品
12-26 11:39:17.807 24808 25588 E innerRecognize: recognizeByFilter8
12-26 11:39:17.807 24808 25588 E recognize: 1528ms   /storage/emulated/0/shifang/ai_dish/image/20231226/2591c80d-2edf-4172-a780-255e4a84c531.jpg  
12-26 11:39:22.004 24808 24808 E resultDishCount: 8 个菜品
12-26 11:39:22.880 24808 25598 E innerRecognize: recognizeByFilter8
12-26 11:39:22.880 24808 25598 E recognize: 885ms   /storage/emulated/0/shifang/ai_dish/image/20231226/fc0f4c89-65db-4b40-a85b-d9abbae40e7e.jpg  
12-26 11:39:22.961 24808 24808 E resultDishCount: 8 个菜品
12-26 11:39:23.834 24808 25609 E innerRecognize: recognizeByFilter8
12-26 11:39:23.834 24808 25609 E recognize: 877ms   /storage/emulated/0/shifang/ai_dish/image/20231226/336879c1-e393-4070-89a4-d12d72142863.jpg  
12-26 11:39:23.925 24808 24808 E resultDishCount: 8 个菜品
12-26 11:39:24.870 24808 25620 E innerRecognize: recognizeByFilter8
12-26 11:39:24.870 24808 25620 E recognize: 937ms   /storage/emulated/0/shifang/ai_dish/image/20231226/f5e82fb6-e0ca-42da-ad52-8be54144ef63.jpg  
12-26 11:39:24.984 24808 24808 E resultDishCount: 8 个菜品
12-26 11:39:25.985 24808 25631 E innerRecognize: recognizeByFilter8
12-26 11:39:25.985 24808 25631 E recognize: 1008ms   /storage/emulated/0/shifang/ai_dish/image/20231226/e4696c7c-af2d-419b-a41b-f2bf364668aa.jpg  
12-26 11:39:26.133 24808 24808 E resultDishCount: 8 个菜品
12-26 11:39:27.139 24808 25642 E innerRecognize: recognizeByFilter8
12-26 11:39:27.139 24808 25642 E recognize: 1009ms   /storage/emulated/0/shifang/ai_dish/image/20231226/dd32e7f9-2ec0-493f-b4fe-6451035a2f5c.jpg  
12-26 11:39:27.264 24808 24808 E resultDishCount: 8 个菜品
12-26 11:39:28.239 24808 25653 E innerRecognize: recognizeByFilter8
12-26 11:39:28.239 24808 25653 E recognize: 978ms   /storage/emulated/0/shifang/ai_dish/image/20231226/59f8fadd-482c-413d-9fa2-4d75a30721f3.jpg  
12-26 11:39:28.359 24808 24808 E resultDishCount: 8 个菜品
12-26 11:39:29.920 24808 25664 E innerRecognize: recognizeByFilter8
12-26 11:39:29.920 24808 25664 E recognize: 927ms   /storage/emulated/0/shifang/ai_dish/image/20231226/58fc494a-ddb3-44ad-a23f-0458dd5854f9.jpg  
12-26 11:39:30.068 24808 24808 E resultDishCount: 8 个菜品
12-26 11:39:31.628 24808 25674 E innerRecognize: recognizeByFilter8
12-26 11:39:31.628 24808 25674 E recognize: 923ms   /storage/emulated/0/shifang/ai_dish/image/20231226/ba1131fc-5ff0-459a-8dd3-203d659300af.jpg  
12-26 11:39:31.776 24808 24808 E resultDishCount: 8 个菜品
12-26 11:39:33.452 24808 25685 E innerRecognize: recognizeByFilter8
12-26 11:39:33.452 24808 25685 E recognize: 1023ms   /storage/emulated/0/shifang/ai_dish/image/20231226/2661c3ff-66b7-4da7-8d7b-03fd8afefbc1.jpg  
12-26 11:39:33.601 24808 24808 E resultDishCount: 8 个菜品
12-26 11:39:35.192 24808 25696 E innerRecognize: recognizeByFilter8
12-26 11:39:35.192 24808 25696 E recognize: 943ms   /storage/emulated/0/shifang/ai_dish/image/20231226/e720865a-8bf7-4c41-9a64-ea61725607b9.jpg  
12-26 11:39:35.343 24808 24808 E resultDishCount: 8 个菜品
12-26 11:39:36.999 24808 25708 E innerRecognize: recognizeByFilter8
12-26 11:39:36.999 24808 25708 E recognize: 989ms   /storage/emulated/0/shifang/ai_dish/image/20231226/31bb5422-5b64-4a8a-a2cc-d1874dd881ab.jpg  
12-26 11:39:37.105 24808 24808 E resultDishCount: 8 个菜品
12-26 11:39:38.736 24808 25720 E innerRecognize: recognizeByFilter8
12-26 11:39:38.736 24808 25720 E recognize: 982ms   /storage/emulated/0/shifang/ai_dish/image/20231226/32f809f3-9d85-4c55-9034-ac9b1ed877ed.jpg  
12-26 11:39:38.865 24808 24808 E resultDishCount: 8 个菜品
12-26 11:39:40.459 24808 25359 E innerRecognize: recognizeByFilter8
12-26 11:39:40.459 24808 25359 E recognize: 944ms   /storage/emulated/0/shifang/ai_dish/image/20231226/03c78d37-8505-4b0d-acf8-8155a58b7589.jpg  
12-26 11:39:40.567 24808 24808 E resultDishCount: 8 个菜品
12-26 11:39:42.266 24808 25555 E innerRecognize: recognizeByFilter8
12-26 11:39:42.266 24808 25555 E recognize: 1042ms   /storage/emulated/0/shifang/ai_dish/image/20231226/7f4968c2-4448-4ce5-bc54-4581c8dcde7c.jpg  
12-26 11:39:42.399 24808 24808 E resultDishCount: 8 个菜品
12-26 11:39:43.533 24808 25300 E registerBgr24: 1 
12-26 11:39:43.533 24808 25300 E FaceServer__: registerBgr24:  ErrorInfo.MOK
12-26 11:39:43.533 24808 25300 E SyncFacePresenter__addFaceLocal_register  fail: 吴彦祖  1
12-26 11:39:43.566 24808 25300 E registerBgr24: 2 
12-26 11:39:43.566 24808 25300 E FaceServer__: registerBgr24:  ErrorInfo.MOK
12-26 11:39:43.566 24808 25300 E SyncFacePresenter__addFaceLocal_register  fail: 郭富城  2
12-26 11:39:43.580 24808 25300 E registerBgr24: 3 
12-26 11:39:43.580 24808 25300 E FaceServer__: registerBgr24:  ErrorInfo.MOK
12-26 11:39:43.580 24808 25300 E SyncFacePresenter__addFaceLocal_register  fail: 谢霆锋  3
12-26 11:39:43.597 24808 25300 E registerBgr24: 4 
12-26 11:39:43.597 24808 25300 E FaceServer__: registerBgr24:  ErrorInfo.MOK
12-26 11:39:43.597 24808 25300 E SyncFacePresenter__addFaceLocal_register  fail: 摩卡  4
12-26 11:39:43.631 24808 25300 E registerBgr24: 5 
12-26 11:39:43.631 24808 25300 E FaceServer__: registerBgr24:  ErrorInfo.MOK
12-26 11:39:43.631 24808 25300 E SyncFacePresenter__addFaceLocal_register  fail: 李连杰  5
12-26 11:39:44.103 24808 25556 E innerRecognize: recognizeByFilter8
12-26 11:39:44.103 24808 25556 E recognize: 1043ms   /storage/emulated/0/shifang/ai_dish/image/20231226/67441200-8d72-4c80-8a47-265575e4ff58.jpg  
12-26 11:39:44.266 24808 24808 E resultDishCount: 8 个菜品
12-26 11:39:45.910 24808 25577 E innerRecognize: recognizeByFilter8
12-26 11:39:45.911 24808 25577 E recognize: 996ms   /storage/emulated/0/shifang/ai_dish/image/20231226/904c83dc-f82b-45c3-bb1a-bd7350a0bedf.jpg  
12-26 11:39:46.079 24808 24808 E resultDishCount: 8 个菜品
12-26 11:39:47.626 24808 25588 E innerRecognize: recognizeByFilter8
12-26 11:39:47.626 24808 25588 E recognize: 891ms   /storage/emulated/0/shifang/ai_dish/image/20231226/39b81966-af43-43fa-a8dd-b439b5ce469e.jpg  
12-26 11:39:47.749 24808 24808 E resultDishCount: 8 个菜品
12-26 11:39:49.399 24808 25598 E innerRecognize: recognizeByFilter8
12-26 11:39:49.399 24808 25598 E recognize: 946ms   /storage/emulated/0/shifang/ai_dish/image/20231226/921abe28-3a0d-41ad-9063-ed553fd75a9a.jpg  
12-26 11:39:49.508 24808 24808 E resultDishCount: 8 个菜品
12-26 11:39:51.151 24808 25609 E innerRecognize: recognizeByFilter8
12-26 11:39:51.151 24808 25609 E recognize: 992ms   /storage/emulated/0/shifang/ai_dish/image/20231226/92fba998-5473-429b-b880-baf01fc62ba8.jpg  
12-26 11:39:51.271 24808 24808 E resultDishCount: 8 个菜品
12-26 11:39:52.842 24808 25620 E innerRecognize: recognizeByFilter8
12-26 11:39:52.842 24808 25620 E recognize: 923ms   /storage/emulated/0/shifang/ai_dish/image/20231226/c6a7dc3b-0965-4eb1-971a-f5f554553b54.jpg  
12-26 11:39:52.937 24808 24808 E resultDishCount: 8 个菜品
12-26 11:39:54.588 24808 25631 E innerRecognize: recognizeByFilter8
12-26 11:39:54.588 24808 25631 E recognize: 938ms   /storage/emulated/0/shifang/ai_dish/image/20231226/48c33b74-9f32-4f68-b2f6-70dd8a2b048a.jpg  
12-26 11:39:54.714 24808 24808 E resultDishCount: 8 个菜品
12-26 11:39:56.452 24808 25642 E innerRecognize: recognizeByFilter8
12-26 11:39:56.452 24808 25642 E recognize: 1026ms   /storage/emulated/0/shifang/ai_dish/image/20231226/d68952b8-7ee5-46cd-8d47-acaa28bb1fa7.jpg  
12-26 11:39:56.564 24808 24808 E resultDishCount: 8 个菜品
12-26 11:39:58.150 24808 25653 E innerRecognize: recognizeByFilter8
12-26 11:39:58.150 24808 25653 E recognize: 950ms   /storage/emulated/0/shifang/ai_dish/image/20231226/3d0945a8-a95f-42a1-83f4-dd1d52a5ed40.jpg  
12-26 11:39:58.251 24808 24808 E resultDishCount: 8 个菜品
12-26 11:39:59.889 24808 25664 E innerRecognize: recognizeByFilter8
12-26 11:39:59.889 24808 25664 E recognize: 983ms   /storage/emulated/0/shifang/ai_dish/image/20231226/c30c365f-7c3a-43d3-b529-4c475a95c048.jpg  
12-26 11:39:59.985 24808 24808 E resultDishCount: 8 个菜品
12-26 11:40:01.592 24808 25674 E innerRecognize: recognizeByFilter8
12-26 11:40:01.592 24808 25674 E recognize: 954ms   /storage/emulated/0/shifang/ai_dish/image/20231226/28b1430b-f4bc-402c-ae52-93bac106c939.jpg  
12-26 11:40:01.680 24808 24808 E resultDishCount: 8 个菜品
12-26 11:40:03.307 24808 25685 E innerRecognize: recognizeByFilter8
12-26 11:40:03.307 24808 25685 E recognize: 970ms   /storage/emulated/0/shifang/ai_dish/image/20231226/9230f1b2-e4a8-4b36-b244-177507d07ffa.jpg  
12-26 11:40:03.411 24808 24808 E resultDishCount: 8 个菜品
12-26 11:40:05.005 24808 25696 E innerRecognize: recognizeByFilter8
12-26 11:40:05.005 24808 25696 E recognize: 944ms   /storage/emulated/0/shifang/ai_dish/image/20231226/6217a544-1a4b-4a9f-8b0b-5aabfaede7d0.jpg  
12-26 11:40:05.111 24808 24808 E resultDishCount: 8 个菜品
12-26 11:40:06.723 24808 25708 E innerRecognize: recognizeByFilter8
12-26 11:40:06.723 24808 25708 E recognize: 980ms   /storage/emulated/0/shifang/ai_dish/image/20231226/28a498f9-2a79-45e1-a283-65258364695b.jpg  
12-26 11:40:06.869 24808 24808 E resultDishCount: 8 个菜品
12-26 11:40:08.530 24808 25720 E innerRecognize: recognizeByFilter8
12-26 11:40:08.530 24808 25720 E recognize: 1005ms   /storage/emulated/0/shifang/ai_dish/image/20231226/036ac60d-0da6-4545-b84b-058575a553af.jpg  
12-26 11:40:08.628 24808 24808 E resultDishCount: 8 个菜品
12-26 11:40:10.279 24808 25359 E innerRecognize: recognizeByFilter8
12-26 11:40:10.279 24808 25359 E recognize: 982ms   /storage/emulated/0/shifang/ai_dish/image/20231226/6ea18569-6a66-48d2-808b-2614d0412102.jpg  
12-26 11:40:10.371 24808 24808 E resultDishCount: 8 个菜品
12-26 11:40:11.951 24808 25555 E innerRecognize: recognizeByFilter8
12-26 11:40:11.951 24808 25555 E recognize: 943ms   /storage/emulated/0/shifang/ai_dish/image/20231226/62ab5bb5-e8a0-432c-a9b7-2656a3cc77fe.jpg  
12-26 11:40:12.058 24808 24808 E resultDishCount: 8 个菜品
12-26 11:40:13.748 24808 25556 E innerRecognize: recognizeByFilter8
12-26 11:40:13.748 24808 25556 E recognize: 1026ms   /storage/emulated/0/shifang/ai_dish/image/20231226/49346a44-cc66-47f1-8607-77db025a3cc0.jpg  
12-26 11:40:13.853 24808 24808 E resultDishCount: 8 个菜品
12-26 11:40:15.504 24808 25577 E innerRecognize: recognizeByFilter8
12-26 11:40:15.504 24808 25577 E recognize: 1013ms   /storage/emulated/0/shifang/ai_dish/image/20231226/a3b89c5f-d3b4-47fb-8402-e9f1c4c64a57.jpg  
12-26 11:40:15.612 24808 24808 E resultDishCount: 8 个菜品
12-26 11:40:17.247 24808 25588 E innerRecognize: recognizeByFilter8
12-26 11:40:17.247 24808 25588 E recognize: 992ms   /storage/emulated/0/shifang/ai_dish/image/20231226/82487d69-319b-4a93-baa0-af8497309a7c.jpg  
12-26 11:40:17.371 24808 24808 E resultDishCount: 8 个菜品
12-26 11:40:19.010 24808 25598 E innerRecognize: recognizeByFilter8
12-26 11:40:19.010 24808 25598 E recognize: 1001ms   /storage/emulated/0/shifang/ai_dish/image/20231226/339c2d04-fc4e-442d-b59d-1d1eb30e7317.jpg  
12-26 11:40:19.132 24808 24808 E resultDishCount: 8 个菜品
12-26 11:40:20.746 24808 25609 E innerRecognize: recognizeByFilter8
12-26 11:40:20.746 24808 25609 E recognize: 971ms   /storage/emulated/0/shifang/ai_dish/image/20231226/563424e3-4acc-4af0-9fd4-bb231b00e0b2.jpg  
12-26 11:40:20.855 24808 24808 E resultDishCount: 8 个菜品
12-26 11:40:22.919 24808 25620 E innerRecognize: recognizeByFilter8
12-26 11:40:22.919 24808 25620 E recognize: 1381ms   /storage/emulated/0/shifang/ai_dish/image/20231226/5c0ce221-c962-4ecc-bd8e-37f211dc856b.jpg  
12-26 11:40:27.210 24808 24808 E resultDishCount: 8 个菜品
12-26 11:40:28.193 24808 25631 E innerRecognize: recognizeByFilter8
12-26 11:40:28.194 24808 25631 E recognize: 985ms   /storage/emulated/0/shifang/ai_dish/image/20231226/5d543629-4b64-4811-a90e-c8528701b187.jpg  
12-26 11:40:28.325 24808 24808 E resultDishCount: 8 个菜品
12-26 11:40:29.317 24808 25642 E innerRecognize: recognizeByFilter8
12-26 11:40:29.317 24808 25642 E recognize: 995ms   /storage/emulated/0/shifang/ai_dish/image/20231226/cdf74e36-355f-42ff-b555-4dc021baf168.jpg  
12-26 11:40:29.419 24808 24808 E resultDishCount: 8 个菜品
12-26 11:40:30.390 24808 25653 E innerRecognize: recognizeByFilter8
12-26 11:40:30.391 24808 25653 E recognize: 972ms   /storage/emulated/0/shifang/ai_dish/image/20231226/0afbac19-a437-4eae-977a-5189bfdbdd18.jpg  
12-26 11:40:30.531 24808 24808 E resultDishCount: 8 个菜品
12-26 11:40:31.500 24808 25664 E innerRecognize: recognizeByFilter8
12-26 11:40:31.500 24808 25664 E recognize: 976ms   /storage/emulated/0/shifang/ai_dish/image/20231226/29ca44a2-ca51-49d2-9506-bb9cbdf9885f.jpg  
12-26 11:40:31.626 24808 24808 E resultDishCount: 8 个菜品
12-26 11:40:32.610 24808 25674 E innerRecognize: recognizeByFilter8
12-26 11:40:32.610 24808 25674 E recognize: 990ms   /storage/emulated/0/shifang/ai_dish/image/20231226/4a35c57e-c25e-4af7-af02-737dbce455c1.jpg  
12-26 11:40:32.746 24808 24808 E resultDishCount: 8 个菜品
12-26 11:40:33.740 24808 25685 E innerRecognize: recognizeByFilter8
12-26 11:40:33.741 24808 25685 E recognize: 998ms   /storage/emulated/0/shifang/ai_dish/image/20231226/4e588d7f-ff4c-4293-8699-d035f48c1ea2.jpg  
12-26 11:40:33.871 24808 24808 E resultDishCount: 8 个菜品
12-26 11:40:35.464 24808 25696 E innerRecognize: recognizeByFilter8
12-26 11:40:35.464 24808 25696 E recognize: 937ms   /storage/emulated/0/shifang/ai_dish/image/20231226/201539f0-798d-493e-8f53-2cbf7ec89a6e.jpg  
12-26 11:40:35.594 24808 24808 E resultDishCount: 8 个菜品
12-26 11:40:37.225 24808 25708 E innerRecognize: recognizeByFilter8
12-26 11:40:37.225 24808 25708 E recognize: 1003ms   /storage/emulated/0/shifang/ai_dish/image/20231226/13b0d42e-afe9-4044-b0c6-77e6ef0b62c7.jpg  
12-26 11:40:37.335 24808 24808 E resultDishCount: 8 个菜品
12-26 11:40:38.940 24808 25720 E innerRecognize: recognizeByFilter8
12-26 11:40:38.940 24808 25720 E recognize: 931ms   /storage/emulated/0/shifang/ai_dish/image/20231226/a8e8e6b6-db4b-4c0e-95bc-c7d488892d8e.jpg  
12-26 11:40:39.059 24808 24808 E resultDishCount: 8 个菜品
12-26 11:40:40.671 24808 25359 E innerRecognize: recognizeByFilter8
12-26 11:40:40.671 24808 25359 E recognize: 970ms   /storage/emulated/0/shifang/ai_dish/image/20231226/6c09be80-92a8-4ec0-a671-65962065f253.jpg  
12-26 11:40:40.764 24808 24808 E resultDishCount: 8 个菜品
12-26 11:40:42.422 24808 25555 E innerRecognize: recognizeByFilter8
12-26 11:40:42.422 24808 25555 E recognize: 982ms   /storage/emulated/0/shifang/ai_dish/image/20231226/d10c288b-5945-42c4-9b08-f8706c38fe42.jpg  
12-26 11:40:42.542 24808 24808 E resultDishCount: 8 个菜品
12-26 11:40:43.649 24808 25300 E registerBgr24: 1 
12-26 11:40:43.649 24808 25300 E FaceServer__: registerBgr24:  ErrorInfo.MOK
12-26 11:40:43.649 24808 25300 E SyncFacePresenter__addFaceLocal_register  fail: 吴彦祖  1
12-26 11:40:43.684 24808 25300 E registerBgr24: 2 
12-26 11:40:43.684 24808 25300 E FaceServer__: registerBgr24:  ErrorInfo.MOK
12-26 11:40:43.684 24808 25300 E SyncFacePresenter__addFaceLocal_register  fail: 郭富城  2
12-26 11:40:43.698 24808 25300 E registerBgr24: 3 
12-26 11:40:43.698 24808 25300 E FaceServer__: registerBgr24:  ErrorInfo.MOK
12-26 11:40:43.698 24808 25300 E SyncFacePresenter__addFaceLocal_register  fail: 谢霆锋  3
12-26 11:40:43.719 24808 25300 E registerBgr24: 4 
12-26 11:40:43.719 24808 25300 E FaceServer__: registerBgr24:  ErrorInfo.MOK
12-26 11:40:43.719 24808 25300 E SyncFacePresenter__addFaceLocal_register  fail: 摩卡  4
12-26 11:40:43.755 24808 25300 E registerBgr24: 5 
12-26 11:40:43.755 24808 25300 E FaceServer__: registerBgr24:  ErrorInfo.MOK
12-26 11:40:43.755 24808 25300 E SyncFacePresenter__addFaceLocal_register  fail: 李连杰  5
12-26 11:40:44.324 24808 25556 E innerRecognize: recognizeByFilter8
12-26 11:40:44.324 24808 25556 E recognize: 1106ms   /storage/emulated/0/shifang/ai_dish/image/20231226/4ca22868-a45e-4254-90a1-784109c60491.jpg  
12-26 11:40:44.445 24808 24808 E resultDishCount: 8 个菜品
12-26 11:40:46.054 24808 25577 E innerRecognize: recognizeByFilter8
12-26 11:40:46.054 24808 25577 E recognize: 963ms   /storage/emulated/0/shifang/ai_dish/image/20231226/0eaff5b0-7faa-45b7-837b-9ec43ec18baf.jpg  
12-26 11:40:46.151 24808 24808 E resultDishCount: 8 个菜品
12-26 11:40:47.766 24808 25588 E innerRecognize: recognizeByFilter8
12-26 11:40:47.766 24808 25588 E recognize: 970ms   /storage/emulated/0/shifang/ai_dish/image/20231226/df99cadf-9765-4a71-a89b-553f9a997d0e.jpg  
12-26 11:40:47.856 24808 24808 E resultDishCount: 8 个菜品
12-26 11:40:49.472 24808 25598 E innerRecognize: recognizeByFilter8
12-26 11:40:49.472 24808 25598 E recognize: 983ms   /storage/emulated/0/shifang/ai_dish/image/20231226/751be26b-e8d6-4138-9b03-2573c4beca35.jpg  
12-26 11:40:49.597 24808 24808 E resultDishCount: 8 个菜品
12-26 11:40:51.262 24808 25609 E innerRecognize: recognizeByFilter8
12-26 11:40:51.262 24808 25609 E recognize: 1027ms   /storage/emulated/0/shifang/ai_dish/image/20231226/cab70ad6-c753-4368-9623-0aad54c242d8.jpg  
12-26 11:40:51.375 24808 24808 E resultDishCount: 8 个菜品
12-26 11:40:52.950 24808 25620 E innerRecognize: recognizeByFilter8
12-26 11:40:52.950 24808 25620 E recognize: 933ms   /storage/emulated/0/shifang/ai_dish/image/20231226/648963f7-aa59-49a1-9375-fe55b0759459.jpg  
12-26 11:40:53.065 24808 24808 E resultDishCount: 8 个菜品
12-26 11:40:54.725 24808 25631 E innerRecognize: recognizeByFilter8
12-26 11:40:54.725 24808 25631 E recognize: 1010ms   /storage/emulated/0/shifang/ai_dish/image/20231226/d103b69d-cb15-4229-a422-46ef944328f8.jpg  
12-26 11:40:54.840 24808 24808 E resultDishCount: 8 个菜品
12-26 11:40:56.432 24808 25642 E innerRecognize: recognizeByFilter8
12-26 11:40:56.432 24808 25642 E recognize: 952ms   /storage/emulated/0/shifang/ai_dish/image/20231226/cbcd2757-b7e5-40a1-9e32-ac5944bef976.jpg  
12-26 11:40:56.563 24808 24808 E resultDishCount: 8 个菜品
12-26 11:40:58.171 24808 25653 E innerRecognize: recognizeByFilter8
12-26 11:40:58.171 24808 25653 E recognize: 961ms   /storage/emulated/0/shifang/ai_dish/image/20231226/91a3bf1e-199a-4614-9ce5-c11c7c7c174b.jpg  
12-26 11:40:58.289 24808 24808 E resultDishCount: 8 个菜品
12-26 11:40:59.913 24808 25664 E innerRecognize: recognizeByFilter8
12-26 11:40:59.913 24808 25664 E recognize: 994ms   /storage/emulated/0/shifang/ai_dish/image/20231226/b323b578-05e1-452c-be0e-a48b1be05ab8.jpg  
12-26 11:41:00.046 24808 24808 E resultDishCount: 8 个菜品
12-26 11:41:01.630 24808 25674 E innerRecognize: recognizeByFilter8
12-26 11:41:01.630 24808 25674 E recognize: 944ms   /storage/emulated/0/shifang/ai_dish/image/20231226/dad064b1-e1f2-4bb3-adc6-d12cecc88da7.jpg  
12-26 11:41:01.752 24808 24808 E resultDishCount: 8 个菜品
12-26 11:41:03.391 24808 25685 E innerRecognize: recognizeByFilter8
12-26 11:41:03.391 24808 25685 E recognize: 987ms   /storage/emulated/0/shifang/ai_dish/image/20231226/7b27357e-8137-483a-b135-eeac8dc3d6b7.jpg  
12-26 11:41:03.511 24808 24808 E resultDishCount: 8 个菜品
12-26 11:41:05.185 24808 25696 E innerRecognize: recognizeByFilter8
12-26 11:41:05.185 24808 25696 E recognize: 1015ms   /storage/emulated/0/shifang/ai_dish/image/20231226/0a39805f-24ff-47a5-98c8-0d252fc28569.jpg  
12-26 11:41:05.324 24808 24808 E resultDishCount: 8 个菜品
12-26 11:41:06.929 24808 25708 E innerRecognize: recognizeByFilter8
12-26 11:41:06.929 24808 25708 E recognize: 964ms   /storage/emulated/0/shifang/ai_dish/image/20231226/3793a7bd-bb1f-48a4-9913-14a05ab2a922.jpg  
12-26 11:41:07.030 24808 24808 E resultDishCount: 8 个菜品
12-26 11:41:08.623 24808 25720 E innerRecognize: recognizeByFilter8
12-26 11:41:08.623 24808 25720 E recognize: 939ms   /storage/emulated/0/shifang/ai_dish/image/20231226/a437a334-d12e-4c60-8053-57b31f5fb2b7.jpg  
12-26 11:41:08.736 24808 24808 E resultDishCount: 8 个菜品
12-26 11:41:10.346 24808 25359 E innerRecognize: recognizeByFilter8
12-26 11:41:10.346 24808 25359 E recognize: 950ms   /storage/emulated/0/shifang/ai_dish/image/20231226/685fd42d-e569-4e04-a903-bce8bb30a4bf.jpg  
12-26 11:41:10.495 24808 24808 E resultDishCount: 8 个菜品
12-26 11:41:12.096 24808 25555 E innerRecognize: recognizeByFilter8
12-26 11:41:12.096 24808 25555 E recognize: 955ms   /storage/emulated/0/shifang/ai_dish/image/20231226/315da7c4-3761-4035-af3d-e4893c1939d7.jpg  
12-26 11:41:12.218 24808 24808 E resultDishCount: 8 个菜品
12-26 11:41:13.912 24808 25556 E innerRecognize: recognizeByFilter8
12-26 11:41:13.912 24808 25556 E recognize: 1048ms   /storage/emulated/0/shifang/ai_dish/image/20231226/e571ecad-a9fc-47f0-966f-4d1848e493bc.jpg  
12-26 11:41:14.050 24808 24808 E resultDishCount: 8 个菜品
12-26 11:41:15.656 24808 25577 E innerRecognize: recognizeByFilter8
12-26 11:41:15.656 24808 25577 E recognize: 950ms   /storage/emulated/0/shifang/ai_dish/image/20231226/bb4b418a-334b-4611-b425-6493c1a37676.jpg  
12-26 11:41:15.773 24808 24808 E resultDishCount: 8 个菜品
12-26 11:41:17.363 24808 25588 E innerRecognize: recognizeByFilter8
12-26 11:41:17.363 24808 25588 E recognize: 935ms   /storage/emulated/0/shifang/ai_dish/image/20231226/670a57d8-743f-4e0d-89dc-bd2a44027c53.jpg  
12-26 11:41:17.479 24808 24808 E resultDishCount: 8 个菜品
12-26 11:41:19.136 24808 25598 E innerRecognize: recognizeByFilter8
12-26 11:41:19.136 24808 25598 E recognize: 1004ms   /storage/emulated/0/shifang/ai_dish/image/20231226/7753680f-1740-478f-843f-512d136acfc3.jpg  
12-26 11:41:19.256 24808 24808 E resultDishCount: 8 个菜品
